
#Circuit Summary:
#---------------
#number of inputs = 36
#number of outputs = 7
#number of gates = 288
#number of wires = 324
#atpg: cputime for reading in circuit sample_circuits\c432_binary.bench: 0.020000s 0.020000s
#atpg: cputime for levelling circuit sample_circuits\c432_binary.bench: 0.000000s 0.020000s
#atpg: cputime for rearranging gate inputs sample_circuits\c432_binary.bench: 0.000000s 0.020000s
#atpg: cputime for creating dummy nodes sample_circuits\c432_binary.bench: 0.000000s 0.020000s
#number of equivalent faults = 560
#atpg: cputime for generating fault list sample_circuits\c432_binary.bench: 0.002000s 0.022000s
T'110100111011001010111000001110011010'
T'011010110010001000000000100010001011'
T'010101100101001000011110010101111001'
T'000000000101000101100100110101011101'
T'001000101000101010001000100010111010'
T'011111000101011111011111010010110100'
T'010001000101000001111001000100000001'
T'010011100100011000100101000001000001'
T'101011100011111010110110111101110011'
T'010111111100010000010101011011011101'
T'010011001100010001010100110001000100'
T'011011011111110011111100100110001001'
T'010110101110010101000001100010101011'
T'101000101110001010110011111110100111'
T'010111110111010101010010100101111011'
T'101101101100110001010001000001000101'
T'000010001100110010111010100010011011'
T'010110111110111001101010111000110000'
T'010111110010111011000101001001011001'
T'011110111110011011100110101011100110'
T'010110111111111100111100010110101000'
T'010000101011101000100101011100111000'
T'000000100111101001001100011000110101'
T'010111101110111011011101110111011011'
T'100011011001111111101100111011001101'
T'000001111111011001000110110001010100'
T'010000110110101100110110011001000001'
T'010011100011011111110011011000110100'
T'010110111111101010111010001111101100'
T'100010000000101110001001001100000010'
T'100110110010000010001011001110101001'
T'001001110111101100111110101001001011'
T'001110001000000000101011101111001000'
T'001000100010111001101110010010110110'
T'101010001000101000111011010010011011'
T'111001110010001001011010011111100110'
T'001110101000001000000001001010100011'
T'101010011110000110110010000000000001'
T'001111110010100000101010101110100000'
T'101110100001100010000000000010101111'
T'000110111011100000011001000001100010'
T'101010010011001000111010111110001000'
T'101000100000100010100100000000110011'
T'100110110001101001000000000000010011'
T'001100100010111010101010000000100001'
T'001100001111100000001010101000100000'
T'100001010011101010001010101010110010'
T'001110000001110000111011101100011000'
T'001010110010000111010011101010000001'
T'100100010010001110110100001100110001'
T'101010111010000100110010001100111100'
T'110001101001001111010010010001110110'
T'011011111010001010100111001111110101'
T'011011101010111010111111111010111110'
T'011010110011101011110110111101000111'
T'011010111010101110101010111111100111'
T'011010100110111000101111110100100010'
T'011111101011101011101111110101101011'
T'011010111111011110111101111111110110'
T'011111101011111111111110001011111111'
T'011001111111001111001010111101100011'
T'011011111111111111110010111111101111'
T'011000100111110100110111001010111111'
T'011110111111110101101011101111111011'
T'011111111101111000101110011010100111'
T'011101010011011100100111001010111010'
T'011111000011111011101010111111101011'
T'110001110111011110100011111011111010'
T'110001111111111111101111111011101111'
T'010111111011110010011101111011100111'
T'010110001101100011100100100111101101'
T'010010001110010011011001110111011111'
T'011001001101101111011001111010101101'
T'110011001000101110011011111011010011'
T'111011111010111010101110111111101110'
T'101111111110111111101110111101101111'
T'111110101010111011100010111011101011'
T'000110111110111010101101100011101111'
T'111110100010010001101100001011100111'
T'010111100010110101110000110001111010'

#number of aborted faults = 40

#number of redundant faults = 18

#number of calling podem1 = 138

#total number of backtrace steps = 6778

#total number of backtracks = 40

#FAULT COVERAGE RESULTS :
#number of test vectors = 80
#total number of gate faults (uncollapsed) = 1080
#total number of detected faults = 1033
#total gate fault coverage = 95.65%
#number of equivalent gate faults (collapsed) = 560
#number of equivalent detected faults = 519
#equivalent gate fault coverage = 92.68%

#atpg: cputime for test pattern generation sample_circuits\c432_binary.bench: 0.008000s 0.030000s
