BC_RESULT best_accuracy=1.000000
VALIDATION {"aggregate": {"aborted": 4, "decisions": 29049, "detected": 496, "mean_backtrace_ratio": 1.0, "mean_backtrack_ratio": 1.0, "score": [-496, 4, 1.0, 1.0, 29049]}, "circuits": {"c1355": {"aborted": 0, "backtrace_steps": 25712, "backtracks": 107, "decisions": 4101, "detected": 50, "episodes": 50, "pi_visits": 2023, "redundant": 0}, "c1908": {"aborted": 0, "backtrace_steps": 8365, "backtracks": 3, "decisions": 1146, "detected": 50, "episodes": 50, "pi_visits": 769, "redundant": 0}, "c2670": {"aborted": 0, "backtrace_steps": 11398, "backtracks": 529, "decisions": 1411, "detected": 50, "episodes": 50, "pi_visits": 1780, "redundant": 0}, "c3540": {"aborted": 1, "backtrace_steps": 24236, "backtracks": 1036, "decisions": 2649, "detected": 49, "episodes": 50, "pi_visits": 2725, "redundant": 0}, "c432": {"aborted": 0, "backtrace_steps": 3996, "backtracks": 13, "decisions": 1254, "detected": 50, "episodes": 50, "pi_visits": 648, "redundant": 0}, "c499": {"aborted": 1, "backtrace_steps": 39581, "backtracks": 1032, "decisions": 6126, "detected": 49, "episodes": 50, "pi_visits": 3856, "redundant": 0}, "c5315": {"aborted": 0, "backtrace_steps": 7412, "backtracks": 103, "decisions": 1217, "detected": 50, "episodes": 50, "pi_visits": 911, "redundant": 0}, "c6288": {"aborted": 0, "backtrace_steps": 31981, "backtracks": 647, "decisions": 6566, "detected": 50, "episodes": 50, "pi_visits": 2527, "redundant": 0}, "c7552": {"aborted": 2, "backtrace_steps": 25434, "backtracks": 1111, "decisions": 3522, "detected": 48, "episodes": 50, "pi_visits": 3365, "redundant": 0}, "s38417_scan": {"aborted": 0, "backtrace_steps": 6914, "backtracks": 14, "decisions": 1057, "detected": 50, "episodes": 50, "pi_visits": 692, "redundant": 0}}, "label": "behavior_cloning"}
TRAIN_START stage=easy sweep=1/2 circuit=c432 difficulty=easy faults=40
TRAIN_RESULT {"circuit": "c432", "difficulty": "easy", "learning": {"combined_reward_sum": 3908.92772247494, "entropy_mean": 0.3153340954333544, "episodes": 40, "episodes_with_updates": 40, "extrinsic_reward_sum": 3881.707755105471, "intrinsic_reward_sum": 544.399347389358, "policy_loss_mean": -0.009539062820840627, "ratio_mean": 1.0039527475833894, "rnd_loss_mean": 0.03505387855693698, "scaled_intrinsic_reward_sum": 27.219967369467913, "steps": 822, "total_loss_mean": -0.008960225923510734, "value_loss_mean": 0.007464354870535317}, "stage": 0, "stage_name": "easy", "summary": {"aborted": 0, "backtrace_steps": 2660, "backtracks": 3, "decisions": 822, "detected": 40, "episodes": 40, "pi_visits": 450, "redundant": 0}, "sweep": 1}
TRAIN_START stage=easy sweep=1/2 circuit=c3540 difficulty=easy faults=40
TRAIN_RESULT {"circuit": "c3540", "difficulty": "easy", "learning": {"combined_reward_sum": 3863.2780275349787, "entropy_mean": 0.38637844398617743, "episodes": 40, "episodes_with_updates": 40, "extrinsic_reward_sum": 3828.0483453105535, "intrinsic_reward_sum": 704.5936444885316, "policy_loss_mean": -0.007669312891084701, "ratio_mean": 1.0024147480726242, "rnd_loss_mean": 0.031097633112221957, "scaled_intrinsic_reward_sum": 35.22968222442657, "steps": 671, "total_loss_mean": -0.006372738152276724, "value_loss_mean": 0.010320714562294598}, "stage": 0, "stage_name": "easy", "summary": {"aborted": 0, "backtrace_steps": 4214, "backtracks": 6, "decisions": 671, "detected": 40, "episodes": 40, "pi_visits": 504, "redundant": 0}, "sweep": 1}
TRAIN_START stage=easy sweep=1/2 circuit=s38417_scan difficulty=easy faults=40
TRAIN_RESULT {"circuit": "s38417_scan", "difficulty": "easy", "learning": {"combined_reward_sum": 1900.4821860549416, "entropy_mean": 0.249640249892285, "episodes": 40, "episodes_with_updates": 19, "extrinsic_reward_sum": 1898.75, "intrinsic_reward_sum": 34.64372109883126, "policy_loss_mean": -3.397418798780755e-05, "ratio_mean": 0.9965283682471827, "rnd_loss_mean": 0.029160352521821073, "scaled_intrinsic_reward_sum": 1.7321860549415626, "steps": 31, "total_loss_mean": -0.002451069824593632, "value_loss_mean": 0.00015861399206666023}, "stage": 0, "stage_name": "easy", "summary": {"aborted": 0, "backtrace_steps": 267, "backtracks": 0, "decisions": 31, "detected": 40, "episodes": 40, "pi_visits": 124, "redundant": 0}, "sweep": 1}
TRAIN_START stage=easy sweep=1/2 circuit=c1355 difficulty=easy faults=40
TRAIN_RESULT {"circuit": "c1355", "difficulty": "easy", "learning": {"combined_reward_sum": 3692.9200763864314, "entropy_mean": 0.436773219704628, "episodes": 40, "episodes_with_updates": 40, "extrinsic_reward_sum": 3324.415015370708, "intrinsic_reward_sum": 7370.101220314478, "policy_loss_mean": 0.07779600491194287, "ratio_mean": 1.0004928067326546, "rnd_loss_mean": 0.025486558116972445, "scaled_intrinsic_reward_sum": 368.505061015724, "steps": 4856, "total_loss_mean": 0.1665454090320054, "value_loss_mean": 0.18623430318439205}, "stage": 0, "stage_name": "easy", "summary": {"aborted": 2, "backtrace_steps": 26118, "backtracks": 1017, "decisions": 4856, "detected": 38, "episodes": 40, "pi_visits": 3125, "redundant": 0}, "sweep": 1}
TRAIN_START stage=easy sweep=1/2 circuit=c5315 difficulty=easy faults=40
TRAIN_RESULT {"circuit": "c5315", "difficulty": "easy", "learning": {"combined_reward_sum": 3170.071151127369, "entropy_mean": 0.46150332130491734, "episodes": 40, "episodes_with_updates": 32, "extrinsic_reward_sum": 3148.071003265331, "intrinsic_reward_sum": 440.0029572407555, "policy_loss_mean": -0.005391762671933975, "ratio_mean": 1.0029236488044262, "rnd_loss_mean": 0.022861308767460287, "scaled_intrinsic_reward_sum": 22.000147862037778, "steps": 253, "total_loss_mean": -0.008872322770912433, "value_loss_mean": 0.002268945462713834}, "stage": 0, "stage_name": "easy", "summary": {"aborted": 0, "backtrace_steps": 1323, "backtracks": 1, "decisions": 253, "detected": 40, "episodes": 40, "pi_visits": 263, "redundant": 0}, "sweep": 1}
TRAIN_START stage=easy sweep=1/2 circuit=c7552 difficulty=easy faults=40
TRAIN_RESULT {"circuit": "c7552", "difficulty": "easy", "learning": {"combined_reward_sum": 3717.8304987924453, "entropy_mean": 0.417964747861812, "episodes": 40, "episodes_with_updates": 38, "extrinsic_reward_sum": 3652.376370567961, "intrinsic_reward_sum": 1309.0825644896843, "policy_loss_mean": -0.005344120626288809, "ratio_mean": 0.9860056999482607, "rnd_loss_mean": 0.018942680013807195, "scaled_intrinsic_reward_sum": 65.45412822448421, "steps": 880, "total_loss_mean": -0.006821479133673404, "value_loss_mean": 0.005404578059249998}, "stage": 0, "stage_name": "easy", "summary": {"aborted": 0, "backtrace_steps": 5676, "backtracks": 2, "decisions": 880, "detected": 40, "episodes": 40, "pi_visits": 579, "redundant": 0}, "sweep": 1}
TRAIN_START stage=easy sweep=1/2 circuit=c499 difficulty=easy faults=40
TRAIN_RESULT {"circuit": "c499", "difficulty": "easy", "learning": {"combined_reward_sum": 3805.6263688570884, "entropy_mean": 0.5837350480258465, "episodes": 40, "episodes_with_updates": 40, "extrinsic_reward_sum": 3637.8723845489185, "intrinsic_reward_sum": 3355.0796861634058, "policy_loss_mean": 0.05331365933525376, "ratio_mean": 1.0001281589269637, "rnd_loss_mean": 0.015245744585990905, "scaled_intrinsic_reward_sum": 167.75398430817035, "steps": 2626, "total_loss_mean": 0.11698022052878514, "value_loss_mean": 0.13900780812946323}, "stage": 0, "stage_name": "easy", "summary": {"aborted": 1, "backtrace_steps": 20417, "backtracks": 527, "decisions": 2626, "detected": 39, "episodes": 40, "pi_visits": 2215, "redundant": 0}, "sweep": 1}
TRAIN_START stage=easy sweep=1/2 circuit=c1908 difficulty=easy faults=40
TRAIN_RESULT {"circuit": "c1908", "difficulty": "easy", "learning": {"combined_reward_sum": 3730.2273846119824, "entropy_mean": 0.48295721784234047, "episodes": 40, "episodes_with_updates": 40, "extrinsic_reward_sum": 3660.7097291070313, "intrinsic_reward_sum": 1390.353110099045, "policy_loss_mean": -0.009150567254982889, "ratio_mean": 1.0004616260528565, "rnd_loss_mean": 0.011739535722881556, "scaled_intrinsic_reward_sum": 69.51765550495224, "steps": 1388, "total_loss_mean": -0.0073640865783090705, "value_loss_mean": 0.013232102378788113}, "stage": 0, "stage_name": "easy", "summary": {"aborted": 0, "backtrace_steps": 10299, "backtracks": 224, "decisions": 1388, "detected": 40, "episodes": 40, "pi_visits": 1008, "redundant": 0}, "sweep": 1}
TRAIN_START stage=easy sweep=1/2 circuit=c6288 difficulty=easy faults=40
TRAIN_RESULT {"circuit": "c6288", "difficulty": "easy", "learning": {"combined_reward_sum": 3645.9496943343333, "entropy_mean": 0.5723930336534977, "episodes": 40, "episodes_with_updates": 40, "extrinsic_reward_sum": 3573.1475929828316, "intrinsic_reward_sum": 1456.0420270300222, "policy_loss_mean": 0.0031722151736175873, "ratio_mean": 1.0011181771755218, "rnd_loss_mean": 0.0075499496655538675, "scaled_intrinsic_reward_sum": 72.8021013515011, "steps": 2281, "total_loss_mean": 0.007789213280193508, "value_loss_mean": 0.020681854475333238}, "stage": 0, "stage_name": "easy", "summary": {"aborted": 0, "backtrace_steps": 9304, "backtracks": 15, "decisions": 2281, "detected": 40, "episodes": 40, "pi_visits": 932, "redundant": 0}, "sweep": 1}
TRAIN_START stage=easy sweep=1/2 circuit=c2670 difficulty=easy faults=40
TRAIN_RESULT {"circuit": "c2670", "difficulty": "easy", "learning": {"combined_reward_sum": 3491.043750048514, "entropy_mean": 0.5174872245107378, "episodes": 40, "episodes_with_updates": 35, "extrinsic_reward_sum": 3484.5784450642095, "intrinsic_reward_sum": 129.3060996860889, "policy_loss_mean": -0.003377288267282503, "ratio_mean": 0.9974688598087855, "rnd_loss_mean": 0.005510580672749451, "scaled_intrinsic_reward_sum": 6.465304984304443, "steps": 287, "total_loss_mean": -0.007830306754580565, "value_loss_mean": 0.0014437080770887535}, "stage": 0, "stage_name": "easy", "summary": {"aborted": 0, "backtrace_steps": 1508, "backtracks": 0, "decisions": 287, "detected": 40, "episodes": 40, "pi_visits": 287, "redundant": 0}, "sweep": 1}

#Circuit Summary:
#---------------
#number of inputs = 36
#number of outputs = 7
#number of gates = 288
#number of wires = 324
#number of equivalent faults = 560

#Circuit Summary:
#---------------
#number of inputs = 41
#number of outputs = 32
#number of gates = 662
#number of wires = 703
#number of equivalent faults = 1158

#Circuit Summary:
#---------------
#number of inputs = 41
#number of outputs = 32
#number of gates = 590
#number of wires = 631
#number of equivalent faults = 1574

#Circuit Summary:
#---------------
#number of inputs = 33
#number of outputs = 25
#number of gates = 1056
#number of wires = 1089
#number of equivalent faults = 1876

#Circuit Summary:
#---------------
#number of inputs = 157
#number of outputs = 64
#number of gates = 1400
#number of wires = 1557
#number of equivalent faults = 2595

#Circuit Summary:
#---------------
#number of inputs = 50
#number of outputs = 22
#number of gates = 1983
#number of wires = 2033
#number of equivalent faults = 3428

#Circuit Summary:
#---------------
#number of inputs = 178
#number of outputs = 123
#number of gates = 2973
#number of wires = 3151
#number of equivalent faults = 5350

#Circuit Summary:
#---------------
#number of inputs = 207
#number of outputs = 108
#number of gates = 4042
#number of wires = 4249
#number of equivalent faults = 7550

#Circuit Summary:
#---------------
#number of inputs = 32
#number of outputs = 32
#number of gates = 2416
#number of wires = 2448
#number of equivalent faults = 7744

#Circuit Summary:
#---------------
#number of inputs = 1664
#number of outputs = 1742
#number of gates = 23319
#number of wires = 24983
#number of equivalent faults = 31180

#Circuit Summary:
#---------------
#number of inputs = 36
#number of outputs = 7
#number of gates = 288
#number of wires = 324
#number of equivalent faults = 560

#Circuit Summary:
#---------------
#number of inputs = 50
#number of outputs = 22
#number of gates = 1983
#number of wires = 2033
#number of equivalent faults = 3428

#Circuit Summary:
#---------------
#number of inputs = 1664
#number of outputs = 1742
#number of gates = 23319
#number of wires = 24983
#number of equivalent faults = 31180

#Circuit Summary:
#---------------
#number of inputs = 41
#number of outputs = 32
#number of gates = 590
#number of wires = 631
#number of equivalent faults = 1574

#Circuit Summary:
#---------------
#number of inputs = 178
#number of outputs = 123
#number of gates = 2973
#number of wires = 3151
#number of equivalent faults = 5350

#Circuit Summary:
#---------------
#number of inputs = 207
#number of outputs = 108
#number of gates = 4042
#number of wires = 4249
#number of equivalent faults = 7550

#Circuit Summary:
#---------------
#number of inputs = 41
#number of outputs = 32
#number of gates = 662
#number of wires = 703
#number of equivalent faults = 1158

#Circuit Summary:
#---------------
#number of inputs = 33
#number of outputs = 25
#number of gates = 1056
#number of wires = 1089
#number of equivalent faults = 1876

#Circuit Summary:
#---------------
#number of inputs = 32
#number of outputs = 32
#number of gates = 2416
#number of wires = 2448
#number of equivalent faults = 7744

#Circuit Summary:
#---------------
#number of inputs = 157
#number of outputs = 64
#number of gates = 1400
#number of wires = 1557
#number of equivalent faults = 2595

#Circuit Summary:
#---------------
#number of inputs = 36
#number of outputs = 7
#number of gates = 288
#number of wires = 324
#number of equivalent faults = 560

#Circuit Summary:
#---------------
#number of inputs = 41
#number of outputs = 32
#number of gates = 662
#number of wires = 703
#number of equivalent faults = 1158

#Circuit Summary:
#---------------
#number of inputs = 41
#number of outputs = 32
#number of gates = 590
#number of wires = 631
#number of equivalent faults = 1574

#Circuit Summary:
#---------------
#number of inputs = 33
#number of outputs = 25
#number of gates = 1056
#number of wires = 1089
#number of equivalent faults = 1876

#Circuit Summary:
#---------------
#number of inputs = 157
#number of outputs = 64
#numVALIDATION selection=kept {"aggregate": {"aborted": 9, "decisions": 28928, "detected": 491, "mean_backtrace_ratio": 1.1306672575575654, "mean_backtrack_ratio": 1.154029440924353, "score": [-491, 9, 1.154029440924353, 1.1306672575575654, 28928]}, "circuits": {"c1355": {"aborted": 0, "backtrace_steps": 20751, "backtracks": 18, "decisions": 3830, "detected": 50, "episodes": 50, "pi_visits": 1830, "redundant": 0}, "c1908": {"aborted": 0, "backtrace_steps": 9157, "backtracks": 5, "decisions": 1210, "detected": 50, "episodes": 50, "pi_visits": 805, "redundant": 0}, "c2670": {"aborted": 2, "backtrace_steps": 20210, "backtracks": 1203, "decisions": 2142, "detected": 48, "episodes": 50, "pi_visits": 3164, "redundant": 0}, "c3540": {"aborted": 2, "backtrace_steps": 29977, "backtracks": 1121, "decisions": 3046, "detected": 48, "episodes": 50, "pi_visits": 2992, "redundant": 0}, "c432": {"aborted": 0, "backtrace_steps": 3997, "backtracks": 13, "decisions": 1253, "detected": 50, "episodes": 50, "pi_visits": 648, "redundant": 0}, "c499": {"aborted": 0, "backtrace_steps": 21823, "backtracks": 81, "decisions": 3318, "detected": 50, "episodes": 50, "pi_visits": 1967, "redundant": 0}, "c5315": {"aborted": 0, "backtrace_steps": 7218, "backtracks": 87, "decisions": 1179, "detected": 50, "episodes": 50, "pi_visits": 871, "redundant": 0}, "c6288": {"aborted": 3, "backtrace_steps": 58855, "backtracks": 1833, "decisions": 8356, "detected": 47, "episodes": 50, "pi_visits": 4883, "redundant": 0}, "c7552": {"aborted": 2, "backtrace_steps": 25750, "backtracks": 1135, "decisions": 3528, "detected": 48, "episodes": 50, "pi_visits": 3392, "redundant": 0}, "s38417_scan": {"aborted": 0, "backtrace_steps": 7030, "backtracks": 8, "decisions": 1066, "detected": 50, "episodes": 50, "pi_visits": 697, "redundant": 0}}, "label": "easy_sweep_1"}
TRAIN_START stage=easy sweep=2/2 circuit=c2670 difficulty=easy faults=40
TRAIN_RESULT {"circuit": "c2670", "difficulty": "easy", "learning": {"combined_reward_sum": 3457.233858236487, "entropy_mean": 0.4265963690621512, "episodes": 40, "episodes_with_updates": 35, "extrinsic_reward_sum": 3452.7812992795652, "intrinsic_reward_sum": 89.05117913842454, "policy_loss_mean": -0.0007183672760480217, "ratio_mean": 0.9869820152010237, "rnd_loss_mean": 0.0037545526998915843, "scaled_intrinsic_reward_sum": 4.452558956921226, "steps": 289, "total_loss_mean": -0.0038199724030814, "value_loss_mean": 0.002328717677690812}, "stage": 0, "stage_name": "easy", "summary": {"aborted": 0, "backtrace_steps": 1584, "backtracks": 0, "decisions": 289, "detected": 40, "episodes": 40, "pi_visits": 293, "redundant": 0}, "sweep": 2}
TRAIN_START stage=easy sweep=2/2 circuit=c5315 difficulty=easy faults=40
TRAIN_RESULT {"circuit": "c5315", "difficulty": "easy", "learning": {"combined_reward_sum": 3100.147322797631, "entropy_mean": 0.3546698456630111, "episodes": 40, "episodes_with_updates": 32, "extrinsic_reward_sum": 3096.947745886639, "intrinsic_reward_sum": 63.99153821985322, "policy_loss_mean": -0.006191800188389607, "ratio_mean": 1.0033229924738407, "rnd_loss_mean": 0.0028080090778530575, "scaled_intrinsic_reward_sum": 3.1995769109926617, "steps": 275, "total_loss_mean": -0.004862059406150365, "value_loss_mean": 0.009752873311491328}, "stage": 0, "stage_name": "easy", "summary": {"aborted": 0, "backtrace_steps": 1538, "backtracks": 3, "decisions": 275, "detected": 40, "episodes": 40, "pi_visits": 273, "redundant": 0}, "sweep": 2}
TRAIN_START stage=easy sweep=2/2 circuit=s38417_scan difficulty=easy faults=40
TRAIN_RESULT {"circuit": "s38417_scan", "difficulty": "easy", "learning": {"combined_reward_sum": 1881.1581887905816, "entropy_mean": 0.33173468748205587, "episodes": 40, "episodes_with_updates": 19, "extrinsic_reward_sum": 1880.8333333333333, "intrinsic_reward_sum": 6.4971091449598815, "policy_loss_mean": -1.7377456012917192e-05, "ratio_mean": 0.993280501742112, "rnd_loss_mean": 0.0025719015454677375, "scaled_intrinsic_reward_sum": 0.32485545724799403, "steps": 34, "total_loss_mean": -0.0030325696877154863, "value_loss_mean": 0.0006043079309466149}, "stage": 0, "stage_name": "easy", "summary": {"aborted": 0, "backtrace_steps": 292, "backtracks": 0, "decisions": 34, "detected": 40, "episodes": 40, "pi_visits": 126, "redundant": 0}, "sweep": 2}
TRAIN_START stage=easy sweep=2/2 circuit=c3540 difficulty=easy faults=40
TRAIN_RESULT {"circuit": "c3540", "difficulty": "easy", "learning": {"combined_reward_sum": 3885.336175750103, "entropy_mean": 0.3060604378581047, "episodes": 40, "episodes_with_updates": 40, "extrinsic_reward_sum": 3880.489963368665, "intrinsic_reward_sum": 96.9242476287332, "policy_loss_mean": 0.0033252640103455635, "ratio_mean": 1.003309728205204, "rnd_loss_mean": 0.0017289148789132013, "scaled_intrinsic_reward_sum": 4.8462123814366596, "steps": 687, "total_loss_mean": 0.0023630888856132513, "value_loss_mean": 0.004196855195186799}, "stage": 0, "stage_name": "easy", "summary": {"aborted": 0, "backtrace_steps": 4192, "backtracks": 2, "decisions": 687, "detected": 40, "episodes": 40, "pi_visits": 489, "redundant": 0}, "sweep": 2}
TRAIN_START stage=easy sweep=2/2 circuit=c499 difficulty=easy faults=40
TRAIN_RESULT {"circuit": "c499", "difficulty": "easy", "learning": {"combined_reward_sum": 3903.292439199915, "entropy_mean": 0.5747588545083999, "episodes": 40, "episodes_with_updates": 40, "extrinsic_reward_sum": 3889.7541424782976, "intrinsic_reward_sum": 270.7659344323423, "policy_loss_mean": -0.0006521544370116317, "ratio_mean": 1.0011005595326423, "rnd_loss_mean": 0.001550820772536099, "scaled_intrinsic_reward_sum": 13.538296721617115, "steps": 2185, "total_loss_mean": -0.002790612570242956, "value_loss_mean": 0.007218261993602937}, "stage": 0, "stage_name": "easy", "summary": {"aborted": 0, "backtrace_steps": 16018, "backtracks": 30, "decisions": 2185, "detected": 40, "episodes": 40, "pi_visits": 1248, "redundant": 0}, "sweep": 2}
TRAIN_START stage=easy sweep=2/2 circuit=c1908 difficulty=easy faults=40
TRAIN_RESULT {"circuit": "c1908", "difficulty": "easy", "learning": {"combined_reward_sum": 3513.0173425921585, "entropy_mean": 0.467733895406127, "episodes": 40, "episodes_with_updates": 40, "extrinsic_reward_sum": 3504.231976971292, "intrinsic_reward_sum": 175.70731241732477, "policy_loss_mean": 0.050340180770581354, "ratio_mean": 1.00170851200819, "rnd_loss_mean": 0.0012385437163175083, "scaled_intrinsic_reward_sum": 8.785365620866237, "steps": 1850, "total_loss_mean": 0.1165389815942035, "value_loss_mean": 0.14175231455078574}, "stage": 0, "stage_name": "easy", "summary": {"aborted": 1, "backtrace_steps": 14550, "backtracks": 502, "decisions": 1850, "detected": 39, "episodes": 40, "pi_visits": 1525, "redundant": 0}, "sweep": 2}
TRAIN_START stage=easy sweep=2/2 circuit=c432 difficulty=easy faults=40
TRAIN_RESULT {"circuit": "c432", "difficulty": "easy", "learning": {"combined_reward_sum": 2958.3505123264213, "entropy_mean": 0.41911417692899705, "episodes": 40, "episodes_with_updates": 40, "extrinsic_reward_sum": 2952.477315943071, "intrinsic_reward_sum": 117.46392766701689, "policy_loss_mean": 0.04543426458258182, "ratio_mean": 1.0058613047003746, "rnd_loss_mean": 0.0008717769218492321, "scaled_intrinsic_reward_sum": 5.873196383350842, "steps": 1725, "total_loss_mean": 0.1237454547197558, "value_loss_mean": 0.16500466219440568}, "stage": 0, "stage_name": "easy", "summary": {"aborted": 1, "backtrace_steps": 13413, "backtracks": 559, "decisions": 1725, "detected": 39, "episodes": 40, "pi_visits": 1719, "redundant": 0}, "sweep": 2}
TRAIN_START stage=easy sweep=2/2 circuit=c7552 difficulty=easy faults=40
TRAIN_RESULT {"circuit": "c7552", "difficulty": "easy", "learning": {"combined_reward_sum": 3555.7958118580036, "entropy_mean": 0.46836036718205404, "episodes": 40, "episodes_with_updates": 38, "extrinsic_reward_sum": 3552.2391844768827, "intrinsic_reward_sum": 71.13254762242846, "policy_loss_mean": -0.01119807166335369, "ratio_mean": 1.0063229563989138, "rnd_loss_mean": 0.00084882602248782, "scaled_intrinsic_reward_sum": 3.5566273811214235, "steps": 1094, "total_loss_mean": -0.009367893449962139, "value_loss_mean": 0.013027562663505944}, "stage": 0, "stage_name": "easy", "summary": {"aborted": 0, "backtrace_steps": 7703, "backtracks": 12, "decisions": 1094, "detected": 40, "episodes": 40, "pi_visits": 733, "redundant": 0}, "sweep": 2}
TRAIN_START stage=easy sweep=2/2 circuit=c6288 difficulty=easy faults=40
TRAIN_RESULT {"circuit": "c6288", "difficulty": "easy", "learning": {"combined_reward_sum": 3809.504749915921, "entropy_mean": 0.4233072198927402, "episodes": 40, "episodes_with_updates": 40, "extrinsic_reward_sum": 3804.5604705856917, "intrinsic_reward_sum": 98.88558660460961, "policy_loss_mean": -0.0023969178266270317, "ratio_mean": 1.00114908516407, "rnd_loss_mean": 0.000768795091426, "scaled_intrinsic_reward_sum": 4.944279330230482, "steps": 1637, "total_loss_mean": -0.002680947387125343, "value_loss_mean": 0.007898086062277798}, "stage": 0, "stage_name": "easy", "summary": {"aborted": 0, "backtrace_steps": 7285, "backtracks": 8, "decisions": 1637, "detected": 40, "episodes": 40, "pi_visits": 907, "redundant": 0}, "sweep": 2}
TRAIN_START stage=easy sweep=2/2 circuit=c1355 difficulty=easy faults=40
TRAIN_RESULT {"circuit": "c1355", "difficulty": "easy", "learning": {"combined_reward_sum": 3629.6299918951895, "entropy_mean": 0.6309032440185547, "episodes": 40, "episodes_with_updates": 40, "extrinsic_reward_sum": 3620.190493049968, "intrinsic_reward_sum": 188.78997690442773, "policy_loss_mean": 0.019734466873342172, "ratio_mean": 1.0011687934398652, "rnd_loss_mean": 0.0008617303887149319, "scaled_intrinsic_reward_sum": 9.439498845221383, "steps": 2811, "total_loss_mean": 0.02691872004652396, "value_loss_mean": 0.026986566448795202}, "stage": 0, "stage_name": "easy", "summary": {"aborted": 0, "backtrace_steps": 15288, "backtracks": 24, "decisions": 2811, "detected": 40, "episodes": 40, "pi_visits": 1196, "redundant": 0}, "sweep": 2}
ber of gates = 1400
#number of wires = 1557
#number of equivalent faults = 2595

#Circuit Summary:
#---------------
#number of inputs = 50
#number of outputs = 22
#number of gates = 1983
#number of wires = 2033
#number of equivalent faults = 3428

#Circuit Summary:
#---------------
#number of inputs = 178
#number of outputs = 123
#number of gates = 2973
#number of wires = 3151
#number of equivalent faults = 5350

#Circuit Summary:
#---------------
#number of inputs = 207
#number of outputs = 108
#number of gates = 4042
#number of wires = 4249
#number of equivalent faults = 7550

#Circuit Summary:
#---------------
#number of inputs = 32
#number of outputs = 32
#number of gates = 2416
#number of wires = 2448
#number of equivalent faults = 7744

#Circuit Summary:
#---------------
#number of inputs = 1664
#number of outputs = 1742
#number of gates = 23319
#number of wires = 24983
#number of equivalent faults = 31180

#Circuit Summary:
#---------------
#number of inputs = 157
#number of outputs = 64
#number of gates = 1400
#number of wires = 1557
#number of equivalent faults = 2595

#Circuit Summary:
#---------------
#number of inputs = 178
#number of outputs = 123
#number of gates = 2973
#number of wires = 3151
#number of equivalent faults = 5350

#Circuit Summary:
#---------------
#number of inputs = 1664
#number of outputs = 1742
#number of gates = 23319
#number of wires = 24983
#number of equivalent faults = 31180

#Circuit Summary:
#---------------
#number of inputs = 50
#number of outputs = 22
#number of gates = 1983
#number of wires = 2033
#number of equivalent faults = 3428

#Circuit Summary:
#---------------
#number of inputs = 41
#number of outputs = 32
#number of gates = 662
#number of wires = 703
#number of equivalent faults = 1158

#Circuit Summary:
#---------------
#number of inputs = 33
#number of outputs = 25
#number of gates = 1056
#number of wires = 1089
#number of equivalent faults = 1876

#Circuit Summary:
#---------------
#number of inputs = 36
#number of outputs = 7
#number of gates = 288
#number of wires = 324
#number of equivalent faults = 560

#Circuit Summary:
#---------------
#number of inputs = 207
#number of outputs = 108
#number of gates = 4042
#number of wires = 4249
#number of equivalent faults = 7550

#Circuit Summary:
#---------------
#number of inputs = 32
#number of outputs = 32
#number of gates = 2416
#number of wires = 2448
#number of equivalent faults = 7744

#Circuit Summary:
#---------------
#number of inputs = 41
#number of outputs = 32
#number of gates = 590
#number of wires = 631
#number of equivalent faults = 1574

#Circuit Summary:
#---------------
#number of inputs = 36
#number of outputs = 7
#number of gates = 288
#number of wires = 324
#number of equivalent faults = 560

#Circuit Summary:
#---------------
#number of inputs = 41
#number of outputs = 32
#number of gates = 662
#number of wires = 703
#number of equivalent faults = 1158

#Circuit Summary:
#---------------
#number of inputs = 41
#number of outputs = 32
#number of gates = 590
#number of wires = 631
#number of equivalent faults = 1574

#Circuit Summary:
#---------------
#number of inputs = 33
#number of outputs = 25
#number of gates = 1056
#number of wires = 1089
#number of equivalent faults = 1876

#Circuit Summary:
#---------------
#number of inputs = 157
#number of outputs = 64
#number of gates = 1400
#number of wires = 1557
#number of equivalent faults = 2595

#Circuit Summary:
#---------------
#number of inputs = 50
#number of outputs = 22
#number of gates = 1983
#number of wires = 2033
#number of equivalent faults = 3428

#Circuit Summary:
#---------------
#number of inputs = 178
#number of outputs = 123
#number of gates = 2973
#number of wires = 3151
#number of equivalent faults = 5350

#Circuit Summary:
#---------------
#number of inputs = 207
#number of outputs = 108
#number of gates = 4042
#number of wires = 4249
#number of equivalent faults = 7550

#Circuit Summary:
#---------------
#number of inputs = 32
#number of outputs = 32
#number of gates = 2416
#number of wires = 2448
#number of equivalent faults = 7VALIDATION selection=kept {"aggregate": {"aborted": 8, "decisions": 29379, "detected": 492, "mean_backtrace_ratio": 1.14670565647135, "mean_backtrack_ratio": 1.200647806012231, "score": [-492, 8, 1.200647806012231, 1.14670565647135, 29379]}, "circuits": {"c1355": {"aborted": 0, "backtrace_steps": 19758, "backtracks": 15, "decisions": 3876, "detected": 50, "episodes": 50, "pi_visits": 1829, "redundant": 0}, "c1908": {"aborted": 0, "backtrace_steps": 10324, "backtracks": 5, "decisions": 1306, "detected": 50, "episodes": 50, "pi_visits": 848, "redundant": 0}, "c2670": {"aborted": 1, "backtrace_steps": 21171, "backtracks": 1311, "decisions": 2401, "detected": 49, "episodes": 50, "pi_visits": 3387, "redundant": 0}, "c3540": {"aborted": 2, "backtrace_steps": 28332, "backtracks": 1026, "decisions": 2861, "detected": 48, "episodes": 50, "pi_visits": 2806, "redundant": 0}, "c432": {"aborted": 0, "backtrace_steps": 3931, "backtracks": 13, "decisions": 1242, "detected": 50, "episodes": 50, "pi_visits": 636, "redundant": 0}, "c499": {"aborted": 0, "backtrace_steps": 21016, "backtracks": 86, "decisions": 3320, "detected": 50, "episodes": 50, "pi_visits": 2007, "redundant": 0}, "c5315": {"aborted": 0, "backtrace_steps": 7588, "backtracks": 144, "decisions": 1193, "detected": 50, "episodes": 50, "pi_visits": 987, "redundant": 0}, "c6288": {"aborted": 3, "backtrace_steps": 59225, "backtracks": 1833, "decisions": 8512, "detected": 47, "episodes": 50, "pi_visits": 4879, "redundant": 0}, "c7552": {"aborted": 2, "backtrace_steps": 26378, "backtracks": 1177, "decisions": 3617, "detected": 48, "episodes": 50, "pi_visits": 3492, "redundant": 0}, "s38417_scan": {"aborted": 0, "backtrace_steps": 6987, "backtracks": 5, "decisions": 1051, "detected": 50, "episodes": 50, "pi_visits": 683, "redundant": 0}}, "label": "easy_sweep_2"}
TRAIN_START stage=medium sweep=1/2 circuit=c1355 difficulty=medium faults=40
