Resumed checkpoint with 2 completed circuit runs.
TRAIN_START sweep=2/2 circuit=c6288 faults=100
TRAIN_RESULT {"circuit": "c6288", "summary": {"aborted": 3, "backtracks": 812, "decisions": 13899, "detected": 97, "episodes": 100, "redundant": 0}, "sweep": 2}
TRAIN_START sweep=2/2 circuit=s38417_scan faults=100
TRAIN_RESULT {"circuit": "s38417_scan", "summary": {"aborted": 65, "backtracks": 6355, "decisions": 15680, "detected": 35, "episodes": 100, "redundant": 0}, "sweep": 2}
TRAINING_COMPLETE runs=4 updates=400

#Circuit Summary:
#---------------
#number of inputs = 32
#number of outputs = 32
#number of gates = 2416
#number of wires = 2448
#number of equivalent faults = 7744

#Circuit Summary:
#---------------
#number of inputs = 1664
#number of outputs = 1742
#number of gates = 22179
#number of wires = 23843
#number of equivalent faults = 31180
