
#Circuit Summary:
#---------------
#number of inputs = 178
#number of outputs = 123
#number of gates = 2973
#number of wires = 3151
#atpg: cputime for reading in circuit artifacts\paper_v8_smartatpg\inputs\c5315_binary.bench: 0.012000s 0.012000s
#atpg: cputime for levelling circuit artifacts\paper_v8_smartatpg\inputs\c5315_binary.bench: 0.010000s 0.022000s
#atpg: cputime for rearranging gate inputs artifacts\paper_v8_smartatpg\inputs\c5315_binary.bench: 0.000000s 0.022000s
#atpg: cputime for creating dummy nodes artifacts\paper_v8_smartatpg\inputs\c5315_binary.bench: 0.000000s 0.022000s
#number of equivalent faults = 5350
#atpg: cputime for generating fault list artifacts\paper_v8_smartatpg\inputs\c5315_binary.bench: 0.021000s 0.043000s
T'1010111110101111000111011101011101001000000010010011111100101001000011110111110010000010100010110010111011101100101001101001001001111110111111110111110100101101000010000111100100'
T'0010000000110110001001010000010000011010001110101010111011001011110001010101101101110101010100110011000100010001111111001111000010000101101110000011000101010111000010000101001111'
T'1100011111101011010001001011101110110111001000001000101000000010001101000000101110111101101001100100010000000000111100011101010010010111011011011101110011001010011001011011111011'
T'1000101011001000000010110000011110011000000000001110001100011010101011101101111011011010110001000100111100000011011010010000001111101010111111110000010101010011010010000101000011'
T'0011111001010000101111100101100001111100100000111100101011000101011110100001001110111101100001101111010000000000111010001010011100100010111010101111110010000000000011001011001010'
T'1001011010010011001111000101111110011000000110001111001001111010001000001010110011110101100010000111010000000000000000010111101010001011111111011111000011111000110010000000011011'
T'1110011111111000011010001001011010101101001111111100100110010000100110000000110111011110011100000000000101101101001110110110000010001011001111000001101100100001000101111010100110'
T'1100111010011100001011111111001100010111010001111110100001101001010011110011011001110111110001011010011011101001001111010010011101100111100000100011001110101000100111100100110100'
T'1101011101011000110010001000011010100010110000111100000011001001010110001011110111011111111010110011111000111001111100101001110100010111111100111010000011100101100010111110101101'
T'1001001110111111100001100101000110100101100001100010110000011010001110001011011100001110111100011111101110101111101110000110111011100010100010000111010000010010100110110110010101'
T'0111010001111100101011001000000110010111110111011001000101111011111011101110111100001000101000001011010010001011111110000001100101110011101011100011110001011110101001111111101000'
T'0101011000110000011000100100010110100000000011001011011111101010110100010110111001001110110001000011101111110100111011111001101000011010110110000111011001001111111111110110100010'
T'1001011100101001010010111111001110001011000010100011011110110110011001111011010000001110010001110110001010000110110111101100101100001011001100111100110000001110101000111110001001'
T'1101110110001110010000011010000000010010111101111000000001000111111110010010100111100101100101000100010111011100000011010001001111101010010001100110000010101100101100001110110100'
T'1011110000111010100111001110100010110000001010100010101011101001011100010000110010110001011001011000101110101111000011100011001101001000110110011110111111000100100110100100001011'
T'1000100101111110010000101111101000011100010010111111000101111010111101111100010001111101000011011000110111010011000110011101011100111100011001011111111000001001001111111101111110'
T'0000011100001100001111110010010101011001000111111010111110011101101011011101100110100101011000110100000011010011110100011101010111000010000110110000000010011000010010100111011111'
T'0000011011101101010111011011100000001011011001101010111110000101111110010000111111011111110010000001000100001010101100000110111101001000111110001111011000100000100000110011011110'
T'1000101000010100011111110000110010111111011010100111000010001111110100001100100000011011010011110010110110101011000110010111110111100100011100100001110011011100001100010001111001'
T'1110001001100010000101100110111001101011000111101101000110000000001100010010100011101110111111110100001111111100111111110100110011100111111010010010001111111000011100001010110110'
T'1101011010111010110010000111100110110001011111110000100101110110010010110100010100001110101010100000110000000011000000111110001101000010111010010110101101110110011110001110101111'
T'1100000110001111010000110111110110101011001110110100101001000111010101101111100111100110100010001110110001001011110011111101011000100100000000001011010000011001011111000000110101'
T'0100100111001010000010111011111110110011100010100110101111000100100110110010111011111111001001110111111000101001000011110111101101111010100000000111011010110110101001011001001110'
T'1010001111001111011100010010011111001010010011010011000101010100011011010110000111011011011001001100011111011110101111010110101111111001111111110001101011000000110010010100010010'
T'1101100001011110010011101110000101001010111100101011101011100011001001100000110011100100111111110111101111111100111111110100110011100010100001101110001111110010100100101101100000'
T'0100001001111000001110111101110101001111010000101110011100010001011111111010110111100011100000001110011101000110100111101110111010000101000000001000111011000010000001000100000010'
T'0101000011010100011111001001110101011110100011110110101110100011000000011111011001011011101000101000001100010110010111110000110110100010011101110001011011100100011101011010101110'
T'0011010011000001110011000010011011010011000101111001010110010010010110000111010000011110111001101111011100110111011011000111110001010100100000001010010100101011010001111110010100'
T'1011000000110110001100001011000011001101001100011110001110011111110010010100011000111001000010001100010110010011001000100000101000000101000000001100110101001101110111001100110101'
T'0000101101110101110100101011111100010100100011000000011010111001010100100111111010001101011001001101011101100011010010111010000010001100101111111011000001100000010111010110010011'
T'0101100111000111111100011001110100110101011110111001101110010010111001111111101100100000010111011000011000011011010011001110011101111000000000000110010001110100101110011010101110'
T'0011110101100101001011111111110110010001001111100100011111100111011001011111001000011110000010000110110101100000100111010101001010011000000000001011110100101110111101000010010100'
T'0101101110110011100011010001010010000101101010111001110110011101101011000000010011011101001010000000000101110011100111101100011000100010100111110001100100000010101001000011011111'
T'0101010100101110111110000111110101010001111101000000000101101001011110101111001000100111111000110111110111011011101010111111000101001100011000001011110101001001101101010100110111'
T'1110000100110101111111110101001110100110001110101110000110101000111010101001111110100010111110111111011010101011001100100111001101111101000000001001100000011111111010100111011010'
T'0010001101010101000000100111111100011101111001001011011011111001101000111010111101111001001001001101110000101000011111010010110010111101000101000110100000111111111111001010010110'
T'1100110010010110000101110111011101000000100110111101010100011100001011001000111110010011111011100000010111110111110101000110101111111000111001110000011011100111010010100011110010'
T'0101101010011110010001111110110011110101001000000100001001000110011000000101001111100001111101001101111010101101011110101100010001101001000000001111100010100010000010110011000110'
T'1010001111011010101000010100000100010111100010111000100000101111100101111000011011111011001010010110110001000011111111101100011000011101000000001010100010100111101101001010111011'
T'1101000100111010110111011110110000001111110101010011111000001101110001100010000011111101101000010110000100010001011010011011110000010000000000001011110000111101001000000101010110'
T'1110100110101001110001101101010110010100011001101101110001100011101001110111110101101101101011011111111000011110101000111000011111110000000010001011001100100011001010001011101110'
T'0100011110001010101101001001111011101011000010110100100011111111001010001011111110110111110001001010001011111010110001100010010001000101011101110101011101101001011010111000011010'
T'0001011001001110111001111101110001011100101010100111011101111111111111010010011000011111001011110010100000111111010001111111011111000100110010100101100001011111101101101100111111'
T'0110000001010011001001111101110011111010000101010101011110001101111011111111101110011001011010000111110001111100011111011101001001110101000101100000111011111011111000110000010111'
T'1111110000011100010010001110110001010111010011001101000111000111101011100010100000000001001101010101111101110001110101000001011001010100000101011011110000011000001000011111001111'
T'0101000001111001001010011111111000000111100011111011000100101111000000101011111110010100011010111000111100010100110011001001000110111010101010000000001001100110111101111111011000'
T'0111110111001010111100110001001001101111001010100001100100111100101110110010110010010011110001000000110011101001111000001110111100011001000110100001000000101001100000100100101110'
T'1010101110111110011011000111001100001001010111001000110011111100111111100100011010111110010111001110011101111011100011010011011100110011010001100001001100101001101110100010111111'
T'0110111100001101110101001111011010000010101100000010100100001110010110000010000001010100011011101110111100111100001001000100000010001101001001001100110110101100101101110110010011'
T'1101100110001000100010101011101101011010110001101111010001101110101000101011001100101010000010001000110000101101100111011100101110001100101011110001000000111000001110000110101110'
T'0101010110110010110010100000011011100101110101100110000010010100010110000001101000111111111100000000101100111110111100101100101110100011000011001111100000010000101110001101010010'
T'0100110000101111010010101101000001100101111001001100011110110000000110000110000010000000111111110111001111111100111111110100110011100011011100000010011001110111001011011000101110'
T'0011011100100011100011101110011101011000110000000001110110001000011011110001111100001000111111110110101111111100111111110100110011100111100000000100111010111001000101100010111110'
T'0000101100001110111100001101000010101000010101110110111010100000011001000011001111011010111111110111011111111100111111110100110011100001110010010000001111011101101011000001100110'
T'1100111110000101011111011001010011101110011000100000001010000101001000110011111000110000111111110110111111111100111111110100110011100001111110011001010111101010110110010100001010'
T'1011100010110000010100100010100111000101101110011011110010101110110100000000010001110000110000000111110000000000100010111010010101110110111111110100111110010000011001001100010011'
T'0000100011000110111111100101000000110010110110110010001110101010010100100111101101011110110010010101010101001010001010101001110101111001111100100010011000111111001010010010111111'
T'0010001000111101101100010110111010111100101010101111001101011111110001000010011001100001111000011000011000110111010000001010010010000100010100111100111110010110001100111011101110'
T'0101010111111101100010010101001011000101000111000100011101011011101011100101010110110011011011101000110111000101101100101101111001000010011011101101101101100001101000010101101110'
T'0010000101101001110101010101010000111100010001101001000000000101001110001111010001111000000100011111010010100011010010101101001101000001000010001110110110110100010011111101100101'
T'1111111000001010110011111000111000111110000101101001110010010010111011000111000101101011011000100101011001011111100101000011011010101000000000000111110010100100011111111101110000'
T'1111011100000001001000100001011101101001001101100100101111101001101011000100000101101011100000101110010110110100100101010001101111100011011000110011100111001011100000001011001111'
T'1001010111011010010101001111111110011001111011010101101010010011110100011100101110010011110000100101110001110110110010110010010010010010100111000001011110100101010010011110000000'
T'0000010000010100010010101011001001010101001001100111010110000001111100011110000010000110011001000101010000111101110010000011011011010111011111111011100100000010010100000010001100'
T'1111000001001000001010011000010011110010100001000001000000111011000001010110101100100011000101001011110111110110101101011000011110110000100110110111000100101111001101100001110100'
T'1011011010101000001100110011001110101100111001111010111100001101110001000110100011100101101111110000111111011110111111100011000010000110001001110110010010000100001111000011111000'
T'1100010111000110010000101101010110011011110011101110000010100111101111101010100111011101011010001011110110110111011011001010100110001010000100001000000000011110101010110010101111'
T'1010101011010010011011000111000001000000010001111111011100010111101010000010101001011000001000000001111111001111110001111111011101101100001101010001000100001111001100001000011111'
T'1000010100100001000100111011111101001001101011000010010011010101101001011100001110101101111100010111010110111100111011001111011101101011000000000010100000010010100101110111001001'
T'0011010000010001001001111010110001010000111001110100110100010100000011000011001011011111010001110100111100110110111010110111001000101001001000000001011100110011000011110101011001'
T'1010001100001001100111001101000011000101100011100000010011010101010010011100101011011111101111101101111100110000000000111001111001110001100000001100100010100001111101110010011000'
T'0011100111110010001000100001110111001000110111110011100101110100000100001010011101000101000100111001111011111111000101101000110011101101000000101001001101110111101011100010100111'
T'0001100110100100110110010001000011100101110110011110001000010100110011000111011100111100101110010101111000111000010101111011110110101000000010001010011110010111001001110101100111'
T'0000110110110111101111001101111111110001101011101111110011101101000111011000101011001000011101010111111011011110101110111100000101100101000100000111101011011100110111110101001000'
T'1111101101110100110101010101101011100011010111110010110110100110011001100000111101001110111101111110111010111001101111001111110000100101000000011010110111001000010001110011100000'
T'0010101000110111001110000111111001110000100111010100110001101101100010001100000000001111111100111000111110111000101000010010001010111001000000010110101001110111110011000010111111'
T'1110011001111101111111101110110101010100110101000001111110110101001001000010011111001010011001110101111110100101101011101100111111100110101011000100001011001111110110111110100010'
T'0011001101001111010011010100000000010100000101011101110001110000000100001111111011110100010000010100000100100000100100111001111110000101101011001001011110010101101100110100000110'
T'0100111010101101101001011010000011101011110010000010110110111011011101011100111001101010101001001011110110111010010100010110000000110000011111101000111111001100001110011010100110'
T'1010111100110001001001100101001111110000100001100010111100001101011111001111101010101100011010010000101001111110000101111000001100000010010000101010111000111110100010110011000110'
T'0010101101000010100001111100000101010111110001110011100011111101100001001100011000011100101110101010011011010011001011001111000011001100010001011101100011111011011010111010001111'
T'1111111000011011111011100101011111110000010001010010110011110011001000111111001101110011000010111110010100110101100100011101010111001110001111100000000101111100001000101100111011'
T'0010110111111100010011010001001000110110100110011001111001101011100000110010100000001001000110011101010011110111100100110000110101110111010010110000100110101110110011001101111111'
T'1100000111110101000101110010111111001011100011111111010111101111101111111001000101100000000011010101101111001111100011110111100101101000000101110011011110000001111001101010010110'
T'1011110000111101100011110010000111110010100011101001010110100110011101111101111001011100110101000110010010110001111001001111001000011010111010001111101100010001100001010011010010'
T'0101100101010010100010000010011111100010001011100011000101110110001100100110111111110100100111000100011000100000000000110100010000110000110000110000010110010110111111101111100110'
T'0111000010111100111100100101101001001110000110011110111111000000101111010011111001010110100000101101010101101101000011000110000111101101000011010000101010010000001010101101011110'
T'0000111011011100000010110010010111101100111110011001000000101000111001111001000000010100101010101101110100010000101110101110011100010000000000001001001000101101000111010101111100'
T'0100010111000100000010011011111110010011000100100000001100011101100000111011001010111001101000001101000000000111111111001011001010111101000000000011010011010000011100101001011110'
T'0010001111010011100111001111010101100110101100011111000101110100000110111001010100010001110111101001011010110100110100110100111101110010100111110100001000000110011011011111001110'
T'1110110000100011101011001110000001100000101011000010111010111110011011011010100111000011111101101001011101000101100101110000010110000000110110011111011011010111111110111011110010'
T'1111011001110111000101001110101111010100110001000110111000001110100001111101011011101101001110100100100010100001011100100100111001101000100001011111111010101001101000001001010011'
T'0010110100111010100100001001001110111111001111011001010101110100011001011010101001110000111011100101010100011100010100100000011010001101000010010110111101101011111110101011111011'
T'1101110111110111100101101010111100010101101100011010001011011110011010101001111010110001110001110101111111001011111000111011110111111001110000011110101011101011010111101000001100'
T'1001001100010000110010110111000100100001001111110000000011101000101111001011110110011101100100010110111001011000110100001000000001101101010111110111101011001010111000101001001010'
T'0001010001000111011011100100010001110100011111001000101110010010001100011111001110101010000001100011011110111010010110001101000101101110110011001111101110011110100101011010010011'
T'1110001111001010101101000000101001010111010110100101100100110101101001001010001111011111101110000110101100000001010000000100110000001100101011110111111111011100100000010100010010'
T'0111000000101000010000111011010010110010100011001010010100001010101111111010101011011001000101010010001101100000000100000001000000010011001001111011111111101000000010011001111011'
T'1110110000010100011111101100111101110101110101010011010000000001010101111011000001111100001101011111100000101111101011000000101010100010110111110000010011001000010110001100111011'
T'1000111001000101111000011111000100001100101001101101111001001000010001101010000000110110011000011101110000000000101111011010110011001100111111110000111101101011111110010011100010'
T'1001001010001011101001100111111100101000110000110001010000001001010101010110001001101111101100100110101101000110110110000001000101100010010010010111110110011011011011011010000011'
T'1000100110110011110000001110111010011000011010110101100010101001010100010011010110010100100001000100000100011111110110001101010101111100010011111111111101010001000000001111011011'
T'1011111111101110110110100111010010010001011010100010101011101111000001011101000111101000111011110010100001010100010100110001100110000000111010101101111100101110001101111101001010'
T'0001000101010100100000001110110010011000001001010001010010111110100011001010001011111110010010101010111001010010011000001001010101010100101011001111110010000101010010100011011100'
T'0010101010111000101010010101010001111111000000101011001111000000111000011000100011011100011110001000010011100010000111101100110110111000000010100000001101101100101011100010010010'
T'0010110000001101111111110101110010011111101101001110000011101010011100001110100010111011111010100000000101011101111101101010010100011001111101111110101101000111100101000100101010'
T'0010011011100100000010111111100100111110101001101110111100011101100001100111000100001010111100100110100111011110010010110000010000100010111101111101101101010000011100101110111000'
T'1011010011100101111001010011111100100100101101100100001010001000011111101011100011001110011000011111011101011111011011101010001101100011111111110001011101000001111110000011110011'
T'0101011000110010101000111010101011100111010000011010100000001100111110010000001010110000001110011100110010110101100100001100111011010011101100010000001010010010111001110100001100'
T'1000001010000011010110101110010001010011100011110000110110100011101000101011100111010000010001001000000111101111010000010111001000010100110001101111111100000110110011111100101100'
T'0110111111100010000111110011110101011100011111100101001001101110001010000011001011010110000000110100001011110111110100000000010100010110010100110110111100100000110101100111001010'
T'1001111100111010100101001001111000111101110111011010101110100101101111011110001101111101111001010101011001011101010110001101010101010100000011101110111010100101000101010111000010'
T'0100111100101111110110000000001100110101000011101111101110011110111010000011010110111010100101111110111011111101011100010101011110111001000000001000101101010100100100110100001101'
T'0110000001111010011101000000011111011010101111110100010011110010100001101111101101001111011110101100000011100100101010000001010011010000110101111111110001001101000001011111010001'
T'1110100101110001100111010111010111101101101001000111101010000110010011001100011011100011001100000111001100110000011110101000000000001001000110110111100111000000110011100111011011'
T'0010001001101000011011011010010101111000001000011000010010011001001101001011110110110101010011111011001011000011010100101100000001001010100001011111101101101100000010000010001011'
T'0001011100111001010110000001001101100010111010101110111111011100101100101010100110101011111011100000100000010000110100100001000111100110100101100111011011100010010101100101000011'
T'1000000100100111101100110001000000001001100001011110011101100110100111000110100001110111001011101001100001010100010110001000000000011100110110000111011110001000010001000110000010'
T'1111001000100101001000111101101100101011110000001001000101011101001001001001010100001011100001010100110101101011111100001100000111101110000010111111010001101010101011101001010010'
T'0011010001101111010101111011000011111100110011000010001100111100101100100100011010011000010101000010001000110000010100100101000001010101101111001111011001011111000011100010100011'
T'0100001011010100000011010000101001011010110101011001010110100011101001111100100000111001101101101101000101001001001100111101000000010010101010101011010100001001001011011011000011'
T'0110110101000101011101100011001010000010010000100110001011110011101010011001000011110001111110101101001111101110101010101100000101001101110111001111111001101110101000010101000111'
T'0010001010101011100100110000010011010101010011001010001011101101000010010011111010010111100011100100100111011011111100010010111010010000001110010101111110101110011010100001100011'
T'0001001010000001000110001100001100010000011101101110011110000001110110101111101001000110010011111100010010100001010110000000001100011011000011010101110110101111011011100100000011'
T'0010101110100011000111111101000010000110000101001100111111001111001011111000110011111000010100101100010001010110011100000001000110100011110000000101110110100111010101111101010010'
T'0010000100110101111001001100111000110101011001100001011100100011010111010101011000111100100100010001000111001000010100000000000101011111001011010101111010011000011010001001001011'
T'1110111110011100100100100010011110100110101000011100001110101011001001010101001101010011101101000110101100110001000010010001010100000111100011011111111011110110011010000001111001'
T'1011111101101000101110000001110010001100100011000100101101011100011000101100000110011110101000011101110000011001101011000001010101011001011100111111110010001001100110101111010100'
T'0010110010100100100110011101011101000100110011101001111101111010111010101110101010011110100111101011110110011101111100011001000100000111010010000111110001010010110011101101000010'
T'0011110000000111100100100101010011000110011110111100001011111101111100100000010101100110000000111010010101010101100011111110101101011011111111101011110011100110011010001011000000'
T'0011000100011000110111000111110101101111101111100000011001010001011000011111000000110001100000100100110111111110010110010000000000100101111101101101111100100101110110011100001010'
T'1011101001111010010100011011111011111011100101100111100101001110010111000010000111000100000100101000000011101011110110111100100101101011101111010110000100111101001011101110011111'
T'1111010000100000010100100110010000001111110011111000000001100001000110010010010000100000100100111100100110000010000101010110001110010010111111011101010001110110111001110111011011'
T'0101111100001001111100101100110110111011101111010011000001100001011011111001111100111110100101110011110111011100011010100000001010011001111101011010100111100101100001110101111010'
T'1111000100000100011011110000111101111110010111100110100110011101000010111000010010110111100000010100111010001011001010001100110111111010111111010110010100011101110011101100110010'
T'1111001110110010111001000110000101101000110101001010001011100000010001111111001000101001000101011101011010100010100001011010010110011110111111110101000101001000100010000111010010'
T'0111101110001110101011000000111100011011110010001110101000000000010011011110010000000000100100000100010001100001110101101100111111000111111101110111111011011111111110101010110011'
T'1100111001011100001101110011110000011110011000100111111100000001001111011111110000000001100101000110000000110010111010000010001000111110111101111000101011101011100101100001000011'
T'1010001110001111101110101001000010111100010101111100100010110110000111110110111001000101100001000110100000100111101000111100111010100111111101111000101110111110100010001000101011'
T'1001001111100000101110000111010000001000001101110010001001010101011110000010111110111111100000000010110000000111111101000000110010111011110111110001101111101100001101010000000011'
T'0101111010110110100110000001101110100011010111001000000010110101110001010111101000100010001100001101100000000100000001011110001001010111110111111111000010000010001110000101100010'
T'1100100011100001000111001110110001010100000110110000110001111101101000010111000011100111001001011110110000010010011011011110001001101001101111110010101111110011011100010011000011'
T'1010011100100111010101000001000111110000010000111010111011011100111010100011101000010000010100010101001011001011001001101110000000001110111111110000001001111000101110110111111100'
T'1110100110100111001100100000010010011010110010011010111100011010011001100101001111101001010101001001100000000000000101100010111000111110101111100101111011011111011100101010000011'
T'0101100010101010011010000110011010111100001101001101101111100000001110011110100010010010000101010111010110000011000100011100111010011111111111111100000100101101110011110100011100'
T'1010101100001001011101011001001010010000001001010001000100110010000100011101100111010011100100010101110010011010110000111110110011000110011111111101110111011010010101110100110011'
T'1010001111100010101100110000011001101101011111011110110111111111110000010001101101100111100000010100010000001110010101101000100010110010011111110101011101101011001000000100101011'
T'1011000010001010010111110100110100111110010101010001110001001001000010000100011001000000011100011010010000010110010010110100110100011010011111110011010011110001001010001001011011'
T'1000110110100101011010001010010010000110000111111101100100100011010000001111110101001000001100001100010010000101100111001010010111110011011111110110111110010000011011100011011010'
T'1000101101000010111011010010001010000100011001011001110011010010101000010010110011111010010000000011110000100100010000001100111001101110111111110000010100100010000000100101101100'
T'1110000001110101000010011101011010011001001110110110000110111010100001000111110000011111100101101011110000000000100001000010001011010101111111111000111011011110011010000110100010'
T'0111011111111001010111101001011011110011010110011110001001101010110011100001100001000001010101100101110001011100110110100000000010001111111000010111111011000010011010100101100010'
T'0001010111100101011011000101101011000100010100000001100100010110101101001100111110110101100000000111010000000001101010111100101101101110111111110011100100001100010000000011100010'
T'1111101101010100111010000110001011011100010100000101001001010001110111101110100101000011100000010101100010111001000001001000111000101011111111111101011010111101100111111001000010'
T'0001010111010000111011110111111000110001001111000010100111111001001010011101110110100100011101001001010010010101001111000110111110010111111111110101000110110000001110010101100010'
T'1011001101011111001111110111000010101001111011001111001101101010010001000000011101110101011000001101000000001100000101101000000111100111111111110101100100110011011000110011001011'
T'0010100100110010011010011100010010101111000110101101100110111100000010011100010101100001000111100010101011001111101010000000000000011101100111111111111111010110011001010010101011'
T'0100010001100111011001000000110100011010100000001001000011000110111101001011101110111000100111001011000100101111011101110000010100011001111100001011111110100101000001000010100010'
T'0010111001110010100101000001001100011011111110100111010101100000100111000111011111111100000000000010010000000011111110000001110111110010111111110010101001111100011110000001000010'
T'0101101111111000111011000000110101100011000011110011010001011101100011100100001110111100111111110010001111111100111111110100110011110101110111010101100111110011010100100110100000'
T'1101101101001011101100100110011111010111100111011101011111111110011010000001111110011010110100000100100010010101101101000100000011110110010110101001010010010001000001101010111111'
T'1110000001101011101001101010011100111111000111000111001010011101000000111100000110010100111111110110001111111110111111110100110011100001011011100100001111110000010010111110111000'
T'0110101100010010100110011000111101001101011111010110001101011010001111101111100000111110001000011100000000011101100101000110011000001011101001001100100111000110101011110001111110'
T'1101001011011010011111110001011010111110101010011001000001100110110110111100101010010111110000111000100011001010001101101101110011010111100100101111110101101010100111010001110111'
T'0000001001111000101010011100110101001100000100011110101011001111001000110011010101000110000000001000010110100001001010010010011110000001101100001111110010100010011110100001000111'
T'1011100100110110110011100111111011000011111001010011011000001000010100001110110101100110000111010001111111010101000101001110110111001011111111010100101111010000110011110111011111'
T'0000101000001000101001110011100000100111110000111011001010010100101100101000001100110011001000101100011100010111101011000110100011011111111011001110101011111010110101010100111101'
T'0011101110010110001100011011001011101011100101100001100010000000101001111010111110000001011001101110110001010101110011000010010101000010111011000011110010001000011101111100100100'
T'0111100100101010011000111100110011110000010011100100010111100011011111010011011011110101101001000100010110100000000101000001000001110010101100101111110011101001101100001101110110'
T'0010111001011001010100011100100101111010101111010011101010010001111111001111010110010001011110101001001001011111111011100001000001100000000111101011110100110101110001000010100100'
T'1110111110100010001010101001011111010111110011100111000011101111001100001111000010100110111111110010001111111100111011101010011101001001000000011011110111110111000001110110010000'
T'0010011010001110100100101001011000001110000010111011010100011010010111100101110100110010111111111010011111111100111111110100110011100011000111001110111011111010001100010111100000'
T'1101010010000000111101100001110001101000000011111010100010001101111000111110110000000001110001001011110101110111000111100000000000110111000011111011111010110010011100111110110111'
T'1111011010011101011101011100001011111100100111010101010001010011101110111101101111010010111111110110111111111100111111110100110011100101101110000101110111110001100110010010101001'

#number of aborted faults = 13

#number of redundant faults = 84

#number of calling podem1 = 271

#total number of backtrace steps = 119325

#total number of backtracks = 9870

#FAULT COVERAGE RESULTS :
#number of test vectors = 174
#total number of gate faults (uncollapsed) = 10630
#total number of detected faults = 10454
#total gate fault coverage = 98.34%
#number of equivalent gate faults (collapsed) = 5350
#number of equivalent detected faults = 5254
#equivalent gate fault coverage = 98.21%

#atpg: cputime for test pattern generation artifacts\paper_v8_smartatpg\inputs\c5315_binary.bench: 0.273000s 0.316000s
