
#Circuit Summary:
#---------------
#number of inputs = 157
#number of outputs = 64
#number of gates = 1400
#number of wires = 1557
#atpg: cputime for reading in circuit artifacts\paper_v8_smartatpg\inputs\c2670_binary.bench: 0.108000s 0.108000s
#atpg: cputime for levelling circuit artifacts\paper_v8_smartatpg\inputs\c2670_binary.bench: 0.001000s 0.109000s
#atpg: cputime for rearranging gate inputs artifacts\paper_v8_smartatpg\inputs\c2670_binary.bench: 0.000000s 0.109000s
#atpg: cputime for creating dummy nodes artifacts\paper_v8_smartatpg\inputs\c2670_binary.bench: 0.001000s 0.110000s
#number of equivalent faults = 2595
#atpg: cputime for generating fault list artifacts\paper_v8_smartatpg\inputs\c2670_binary.bench: 0.012000s 0.122000s
T'0011011111010111100011101110101111010010001000010010101111110011010010000111110111110101000001011000101101010111011110110001010011010010010011111011111111011'
T'1011010010111010000100001111001000100000001101100010010100000100000110100011101010101110110010111100010101011011011101011010100110011000100010001111111001111'
T'1000001000001101110000011000101101011100001100001010101111100011111110101101100010010111101110111011100101000010001101000000001000110100000010111011110110100'
T'1110110010111111110000011110001110101001001011001011101110011001010011001011011111110010101100111111111000000010110000011101110111111111011111111000000000000'
T'1111010010111111111000011010101011101101111011011010110001010011111101101001000000111110100111111111111100000101010100110100110111111111111111001000101000101'
T'1111101010111111110100000101111100101100001111100100000111100101011000101011110100001001110111111111111011000011011101001101110111111111111111001001010111001'
T'0000001001111110010000000000010110100001001011001010101101001001100111100010111111001100000011000101111001001111010000110000010010110010100000111001011000111'
T'1010000010000010111101001000101101111100010111111111111000110010000000011111001111111100001101101111111001001011010110101001110111111111011111111011111100100'
T'1100100000100011000000001101110111100111010111111100000000010110110100111011011000001000101100111111111111000001101110001000110111111111011111101000101111010'
T'0110110101100100111000001011111111001100011111111101110100011111101000011010010100111100110110101111111111011111000110101011110111111111011111111001110100100'
T'1111101001000111011001111000001000110011101010001001111001010100110011101011000110010001000011010100010110000111100000011100100101011000101111011101111111101'
T'0111110011111111011110000111001111100101010111111111101000101111111001110100000111001011000101111111111111011011001011101001111111111111111111111011000011001'
T'0101110011110111110100010110000110001011000001101000111000101101110000111011110001111110111010111111111111101110000110111001111111111111111111001001010001000'
T'0111111011011011110000010010100110110111010101110100111001010110010000001100101111101110110010101111111010111101111011101101110111111111111111111010000100010'
T'1001110010111101110110010010001011111110000001100101110011101011100011110001011110100011111111101111111100001010110000000101110111111111011111011000100010110'
T'1001110010011110110001010010110111111010101010001011011100100111011000100001110111111010011101111111111111001101000011010101110111111111111111101000011101100'
T'1001111111111111101111011101101000101001011100101010100101111110011100010110000101000110111101111111111011001100111101101000110111111111011111001011100100011'
T'1011000110100000110111111110110111101100110111111111000010110011001111001100000011101010001111101001110111011000111010100000110111111111011111111000000001001'
T'0111101111100000001011111110010001111111110111111101001010011110010110010100010001011101110000001101000100111110101010100000111111111111111111001100000101011'
T'0010110010001110111101111110010111100001011111111101001110011101001011000000101010001010101110100101100010000110010111000001110111111111111111100101100010111'
T'0101111010000111001110111110110011010010010111111111011001111011111100010010110100100001011100010010111100100001011111100100110111111111011111111000100101111'
T'1100010111101010111111110111101111100010010111111111111010000110110001101110100110001100111010111111111110011110001110001001111111111111111111111011100000100'
T'1001111111100111111111101111000000111000011111111110000111111001001010101100100011111101011111001110101110111011001110100001110111111111111111011000110100000'
T'0110100111101010001111111011110101011100010111111110000110110000000010011001001010011101111100000110111011010101110111001101110111111111011111000001011011001'
T'1010101111101000011111111100111110010001111111111111101111111001000000100010000101010110000011011110100100011111000111101001111111111111011111001000100000110'
T'0110111110100010100001010001100111100001111000011001011111101101010011100001000111110100001101000001001101101001111000110110100000011110000000101010110001100'
T'1011111011110010001110010000111000110111001110001000111110011111000100110001100001011100110111010110101101001111011010001100000000011000100101000111101111000'
T'1111101001001000111000011100001010011011011010110101110101100100001111001101100010111111100001001011101100100101101000011010000111111100100001100000011111000'
T'1101000000110101101110110011110001110101111000000110001111010000110111110110101011001110110100101001000111010101101111101001111001101010110101001111001111110'
T'1011000100101011010000011001011111000011011010100100011100101001000101110111111110110101110001011001101011111000100100111011001011101111111100100111011000101'
T'0010000111101111011011110001110110101101101010010110010010010100011110011110111000100100111110010100100110100110001001001010001101101011000011101101110101000'
T'1110110101111010111011111110100101101011001000110010101010001000110110000101111100100111101110010010100101101111001010111010111000110010011000001110011100101'
T'1100110000110111000110010100100101101100000010000100111100000111001111011101010011110100001011100111000100010111111111011011011110001110001100110110100111101'
T'1101110100001110001110110000100100000100001001001010100011010101001111100100011101010111110100011111011011011101000110000000111110110010110111011011011100101'
T'1111000011011010000000101101011001000111010110101010001101001100000111001100001000110001001101101001100010111100101011001001001011000011101000000111110111001'
T'1011101110011011101101100011111100010101010110001010010101101000110010100101100000010101001100001100001011000011001110100011000111110011010011100001111111001'
T'0010100011000111001001010001010111001000101000010100100001111001110101001101111011110001101010010010110111101011101001101011111100010100100011000000011010111'
T'0010101001001111110100011011010101011010110100101110100001000110101100000110000010111010011001010101100111000111111100011001110100110101011110110010011011100'
T'1001011100111111110110010000000101000010110100110011100111011110001100100011101001011100110101000000001110001111010110010100101111111111011001001001001111100'
T'1000111111100111011001011111010100000111100010010111000010011101010100101001100101111010010111001100110100010010100001011101110110100101111000111001000101001'
T'0000101101010111001110110011010110101100000001001101110011000111011100111101100011000100000001100100000001000000110101001000011011101010101001011111011111000'
T'0111110101010001111101000001000101011010011011110101111100100011001111110001110101110111011101011011111101001010011001010111010100100110110101010011011110000'
T'1001101011111111101010011101001100011101011100001101010001110101010011111101000101111111000001100110010011100110111111100110000001111111101011101110110100010'
T'0011010101010000001001111111000111011110010010110110111110011010001110101111011110010010010010000010100001111101001011001011111011010000011101111111111110010'
T'1001001100110010010110000101011011101110100000010011011110101010001110000110000010001100100011111100100111010000010110111101010001110111111100000100011011101'
T'1101001101000111100010110101010111100010001111110110011110101001000000100001001000110011000000101001111101000001001101010101100010110001111110101111000100011'
T'0101111110001010001000001101010001101010001111011010101000010100000100010101001000111110001011100010000010111110010111100001101111101101100101010100111111111'
T'0110001100001111101010001010001111011010101110111101000100111010110111011110110000001111111010010000001101001111100000110111000110001000001111111001100010101'
T'0010110100110111100000100010111100001111010010000001010100111010011010100111000111011010101100101000110011011001110001100011101001110111110101101111011010110'
T'1111000101111010100011100001110111100001111000101100110010001100101000101110100100011110001010101101010010011110111001011100000101101000100000001001111111100'
T'1010001101111111011011110100110001111101100010000101100010100010001101010111011000101101011100001101000010110010011110101100110111011100010000011001110010101'
T'0100111101110111111111111101010011100001001100001111001011110110000011111101000111111101111100010001110011001011000001011111110011011011100000001011110110000'
T'0011100111011111101111111110111001001111101110100111110100001010101010111100000011010111101111111110111001100101101010000100110111110011011111110111100011111'
T'0111010101001110110000111011111101111100011100000010111111100000111000100100000011011011000101011101001100110100011110000111101011111111110001010100000000001'
T'0011010110011011100011101010000001000001110010101010111100000110000010000111111000110101000001111001001010011111111000010001001000011110001111100111000100101'
T'1110000100101011111110010100011110001011101110001010010101001000111110101010100010011001101111101101111110110000111101011110011010110111101101011010001001001'
T'1011110101010100001100100111100101110110001010000110010010011110001000000111011000110001101100110010001101000001010011100000010000011100100101010101010111011'
T'1110011101100011100110000100110101110010010110011111100111111100011000011000110101111100101110011001110111101110011011011101010100110100000000011010110010100'
T'1101110101011111101101111000011101110101001111011101000001010110011000000000101001000011100101100001001000000101010010111011100111011111000000011011100010000'
T'0000001110100100100101101011011010110111011001011101100110001000011000011000101010111011010110101101000110111101000111011110100100010100100000101001100101010'
T'0000100011001000011101111110110101111001111111111100110010101111000011100000111000011010100101010111011001011001010010000001111111111111011111111010010111010'
T'1100110010000100101110111111000101100000011111111110100011111111110000000010110011111011011001001001100001100000001010000101111111111111111111001001101010001'
T'0011000011001111011011111110010101101000010111111111001011110010011000111101100000001100001100000100010001100010111010000000111111111111011111011010011100101'
T'1011111010011110111011010001101110010001110001111011100111010110001100000000011101100010000110111111111111000111110010001000111111111111011111101011100000000'
T'1001111111010111111001000010110001011111010000101100001110111100001101000010101000010101110110111111111110101000000111000100110111111111011111011010011110110'
T'1111110110011011111100010010000001111011010110001001100110110011111000010101111101100101001110111111111110011000100010000001110111111111111111001000101001000'
T'1100111111000011000101010011111001100101011111111110101101100101000010101011100010110000010100111111111000101001110010100111110111111111111111111000110111100'
T'1010111101101000000000100011110000111111001100001011101010101110100100111111001000010100001100011000101000010001100011100111111100110011011000000001100101101'
T'1011001000111010101001010010011110110101111011010010010010100101000101010100111101011110001111100101001100011111100101010010110010001000111101100011000101101'
T'1101011111001010101011110011011011111110001100000100110011000011100001100011000110110110000100100010100100100001000110100111100111110011110010110000011001110'
T'1010010110100111111101010001001010100101110111111100101000111000100011101011101111110111010111001010101101100110110111100100110111111111011110110111100010110'
T'1100101110101110010000010110111011010110111111111100001101000110010001000011110111101101001110101010101010000111100011000001111111111111011101100101000000000'
T'1010011110000111101000011110000001000111010111111101010001101001010110100111111011101000011110110110110100010011101110001001111111111111111011110111100000101'
T'0110011111100001110001011110000101101001111111111100100100101110110001110010111101110110101101100010001010011111110011001000110111111111010111110101101010100'
T'0111110011001001000111011110111000011110111111111110000000100100010000101111111110101101001001101100100101111101001011001100110111111111001111100100001011010'
T'1110000110101000110110010010010101000110111111111111100011011001101110011110111111001010000001011001110010101110110110001001110111111110111111000111111111100'
T'1100111110101010101101001001001110100011010111111110111010011110000100101101111111100011101101100101100100100100100110100001111111111101111111000100010111101'
T'0011110110011111011001011100000000000010000010100010010101011001001010101001011001110101100000101111111111100011100010001000110111101111011111111000110010001'
T'0101000011101101110010000001101111101111101101011101111111101110010000000101000000100010111100101111111001001000001001010101110111011111011111001010011110010'
T'1000100010001000000111001000001111110111010110101100100010001010010111101111101101011010110000111111111111011000010001110101110110111111111111111000010010110'
T'0110110010001110010110011010101111111011000001100110011001110101100111001111010111100001101100101111111001101000111000110101110101111111111111111011100001111'
T'1101111011101111100011000001001011111101011000100111011001001000000011110000111110001100010111101111111001100100001001110100111011111111011111111000110111100'
T'1110111010000010100111001111101111111110010100111011101011010010111101101101110110110001010011101111111001010000100001010000100111111111011111001001101010110'
T'0101011110100101011010001001100111111111100011100000100000001000111111101110001011110101000001101111111101001011000000110000010111111111011111001011110011111'
T'0011111010110110000110101101000011111001100001000011110000010100100001000100111011111101001001101011000010010011010100101010010111000011101011011111000101100'
T'1101110011101100111101110110101001010000001001101001011100010010011010000010001001001111010110001010000111001110100101001000101000000110000110010110111110100'
T'0111000111100010110111010101101110010001011111111101000101110011001100001110111011110110011010001100001001100111001110100000110111111111111111100100101100011'
T'1000000110001101010101000110011100101011011111111111111011111010111001100010101111100000011100111100111001110010001011000000111111111111111111110110010011000'
T'0011100111101100100011000010000111011100110111111100110111110011100101110110011111100001000010100111010001000011010111101100110111111111011111100111010001100'
T'1110111110001010110111001111011011110111111000101001000110011010010011011001000100001110010111101111111110011110001000010100111111111111011111011010011000111'
T'0111001111100010111100000111000111000010101111011111011011111110101001010011110010111001001011101111111011100001101100101001111111111111111111101011110011011'
T'1111111110000110101110011111101010111111111011010001110110001010110010000111001011110110111101101111111111011110000001011100110111111111111111101011110101101'
T'1100110111100100110001011110111001111111111010011010101010110101110001101011111001011011010011101111111011001100000101111001110111111111011111111010111011111'
T'0110101111001011011110001111110011111111000100111010110111001000010000111000000010101000110111101111111011100001111101010101111111111111011111001001001110101'
T'0011100011100110110001000011001011111110000000011111011010100010100001001000101011101011010100111111111110111110011000010100111111111111111111111011100110011'
T'1110111011111011101101010101010110101000001111110110010000001100100001001111100101001100111001110101001011111101110001100101010100101100000011101011011111010'
T'0000110111010011110100110101010001100001000000101000001010111011100011100000001000011111110111101011001000001010000001011000100000011000100000001010011100111'
T'1110000110111011001001011110010101101101101000100001001110101011011001011010001000111010111100100000101101101110110111100101110110011011100110100110101001001'
T'0111101110111010010100010110010000011000001110110111010001111110011000011100110101110101011110011001001001001100101010101111100000100001101100001010111100001'
T'1010111111001111101010101100011010010000100011000111110000101111000001100000011001000010101111000111110100011001000010100101101100011000010100000111111000001'
T'0101011111100011100111000111111101000010011011000011000111001011101010100110110100110010110011110001011001100010001011101011000111110111011100111010100011111'
T'1111000101101111101110010101111111100000110010000101010010110011110010010001111110011110011000010101111100101001101011100010000111010100100000111000111000111'
T'1100000100010111110010001011010011100000110110010110111111100010011010001001000110110100110011001101110011010110000001110010100000000100010000101000110011010'
T'0011110111101001001100000110101110111010011111111111000010011010111100110011011111110000011111101111111101000101110011001101111111111111111110101001011100011'
T'1111110110101110111101011111100100011000010111111100001101010110111100111110001111011110010110111111111000000101110011100101111111111111111101001000111100110'
T'1010010111001011110000011110110001111001010111111100111110010100011101001010110100110011101111111111111011110010111010101001110111111111111011001001100100101'
T'1000110110101011101011010100011000100011010111111101010011010001011001010100101000100000100111111111111110001000101111000001111111111111010111001010111011000'
T'1100100111001111111101000100111000001000110111111100000000011010001001100001100001101100101101111111111111111100110011101000110111111111001111101011110011110'
T'0100101110100010011100000110011110111111010111111100001011110100111110010101101000001010010110111111111101000110001110000101111111111110011111111001000011011'
T'0100100010000101010110010110000011101101111111111100000010110010010111101100111110011001000000111111111010001110011111000100110111111101011111001000101001111'
T'1011101010001011101011010011100010001001010111111110001011010001110101111100010001011100010000101111111010011011111111000100110111111011111111101000100100000'
T'0011000111100110000011010110010101110011010111111110100001111111110010110010101111100110100110111111111000001110010110001001111111110111011111001010001111010'
T'0111001111000111101010011001101111111111011000111110001011101000001101110010101000100011101111101111111101010110100101011100110111101111111111101011001010011'
T'1110100010000110011011001111100101110110010111111101000111010110011100000011000001010110000101111111111101011111001110101001111111011111011111101010011100001'
T'1111101110100010111010000101100100110000010111111101101100110110101111111101110111100111101100111111111110111000101010101100111110111111011111111011010100110'
T'0010001110101100000111001000011111010110111111111110110100111010010010001010000101010011010001101111111000101101010110001101110101111111011111001001001010100'
T'1011010011101010100100000100100111011111110111111101111011001010101110100011001011010101001110101111111001110111001011001001110011111111011111011011000001010'
T'0011010010001001110110010111111010101111111111111111011101101111001011010101111000101011011000111111111101000101101111100001100111111111111111011001001111010'
T'1100011110000111010111011110010111110001111111111101111011111100111000001111010101110101101111111111111010000011001010100001011111111111011111001010000110010'
T'1101110100100100001001111110010000100001000011101000101111001011110110011101100100010110111001011001001000100010110100110111110101100100100000011010001010010'
T'0100001101000100011101101110010000100001000111010001111100100010111001001000111000011111001110101010000001100011011101011110001100011000101101100111101100110'
T'0111001111101010101101001011110101100001001111001010101101000000101001010111010110100101100100110101011010010010100001111101010111101111000000001001101011000'
T'0000100101000110010101111111110111001000000110000101000100011100000010100001000011101101001011001001100011001010010110000010100010111110110000101010101011011'
T'0010001101010010001101100000010001100001010001001100100111111110100000001001100111111110110000010101000111111011001101110111010001110100101000011000110100000'
T'0000101101011110110000011111010001100001111111101111101011000001010101000000000100110000001011000101100111110001110001010010110101000010100100111010001000011'
T'0010100111011011110010010000110001100111010100000001101101001101110010111101101110011001100000111101011001111111001000111100010000100101000010101011101001100'
T'1111111100101000110000110001010101100001000001001010101010110001001101111101100100110101101000110101010010110001001000110010110001010110000001101011011010000'
T'1100010101101100111100000011110101100100110000110101101011000101010010101010010001001101011001010010000100010000010000111111101011110101111111000101001111110'
T'1010001100000001111011110111111101101011101101101001110100100100010110101000010001010101110111100000101110100011110100010111011110111011011010000101010100000'
T'1010100100001110101011001011110011011111010010000100001000001101010100100000001110110010011000001001010100010100101101101010000110010100000000011001111111001'
T'0010101010111001010010010011111101001010010010101100001000010101001010001101110000101010101110001010100101010100011100111111000000101011001111000000111000011'
T'0001000111011100011110001000011110001001101010010011011111000000010101101100110001001010100010010010001011000000110111101111110100011011011110010100111111011'
T'0100111100000111010100111000011110100001011101110000000000010111110110101001010001100110111101011010011110010100010001011001001101110101010100000100101111111'
T'0010011111101010011011101111010011100110000110011100010000101011001101001001100000010010110000100001000011011011010100010001110010110101110111000101011010011'
T'1001011111001010011111100100110010110110010100010010100010000111111010111000010011100111010011110110011101101110101010101011000100011111010010110110100001111'
T'1100000111110101010110001100110101000111010110010111001110100000110101000000000011110011111001000000101011000000111010101000101101100011111010000101100111010'
T'1001110111000110100100101110011010000110010100010001010000011010110101110001000000010100111000111100001101101000111011000010101100011111110011100110000010001'
T'0010000100111101111100111010011010001100011011000001101100111111001011000110110010011110001000011111001111010101110000111111100101100010010110110110001010000'
T'0110010111010110000000110100010101111011110100000110101100101001111001000000100010001100111001010011111001110101001011000100111100100011111110110110111011010'
T'1011101100101101111011110001110111110111100110010101010110010111010010111111100011000000011101010100101001010101110010000100111100011111010101110111101100000'
T'0000110101101010000111011111011110011110111010000011011010110111010100111010111010111000101010111101011101100010110100100100100010101000011010011010000001111'
T'0100111101000000011111011010110111111010001001111001011001000011011111011010011110111101011000000101110010011100110101000001100101110001001100011000000101111'
T'1010001111101001011100011001111010111010111101101101001000110001111010100001100100110011000110111001001100110000011100001100110000001111000000101001000110110'
T'1110000100100111001110111001010010110011010000110110110100101011110000010000110000100100110010011001100101111011011001011010010111101100101100001001100011010'
T'1010100100101110110110000010010000101100011000101110011100101011000000100110110001011101010111011101111011100101100100110101000110101011111000111010000010000'
T'0010000110011110011010010110110110100110001000101100101000110000001001001111011001100010000000010001110000101111001101011100110010011100011000011000001110111'
T'0010111101001100001010100001011001101001101100011100010000000100011000001111001000100101001000111101010110110010101101110000001100110000011010111010100100100'
T'1001010110000101110000101010011010100000101011110010110111000001011000110101011010111010010100001101000110111101010101111011000100011001111110010110011000010'
T'0011001111100101100100100011010001100001000010101000010001000110000000101110101011011110010010111110001110001010010100010010001001011101010000000110100001010'
T'0101101101101010110010101101000111000110011111001000001110011011011011010001011000100100110011110100101010101010010000011001001000111110110110000110110110101'

#number of aborted faults = 41

#number of redundant faults = 88

#number of calling podem1 = 279

#total number of backtrace steps = 323683

#total number of backtracks = 24190

#FAULT COVERAGE RESULTS :
#number of test vectors = 150
#total number of gate faults (uncollapsed) = 5188
#total number of detected faults = 5010
#total gate fault coverage = 96.57%
#number of equivalent gate faults (collapsed) = 2595
#number of equivalent detected faults = 2466
#equivalent gate fault coverage = 95.03%

#atpg: cputime for test pattern generation artifacts\paper_v8_smartatpg\inputs\c2670_binary.bench: 0.279000s 0.401000s
