
#Circuit Summary:
#---------------
#number of inputs = 207
#number of outputs = 108
#number of gates = 4042
#number of wires = 4249
#atpg: cputime for reading in circuit artifacts\paper_v8_smartatpg\inputs\c7552_binary.bench: 0.238000s 0.238000s
#atpg: cputime for levelling circuit artifacts\paper_v8_smartatpg\inputs\c7552_binary.bench: 0.012000s 0.250000s
#atpg: cputime for rearranging gate inputs artifacts\paper_v8_smartatpg\inputs\c7552_binary.bench: 0.000000s 0.250000s
#atpg: cputime for creating dummy nodes artifacts\paper_v8_smartatpg\inputs\c7552_binary.bench: 0.000000s 0.250000s
#number of equivalent faults = 7550
#atpg: cputime for generating fault list artifacts\paper_v8_smartatpg\inputs\c7552_binary.bench: 0.029000s 0.279000s
T'101011111010111100011101110101110100100000001001001111110010100100001111011111001000001101000101100101110111011001010011010010010011111011111111011111010010110100001000011110010001000000011011000100101000001'
T'000000110100011101010101110110010111100010101011011011101010101001100110001000100011111111001111000010000011011100000110001010101110000100001010011111000111111010110100010010111011101101110010000010001010000'
T'010010001101000000100111011110110100111000100001111000111010100100101100101110111001100101001100101101111111001010110010000000101100000111100110000000000011100011000110101010111011011110110110101100010100111'
T'111111011011001000000111110100111110000010101010011011001000010100010111110010100001011111111100101100001111100100000111100101011000101011110100001001110111101100001110011111110100111010001010111001000000101'
T'110111110011000000000001100101100101010110100100110011111000101111110011000000110001111001111100111101000100000101011001111010110001111010000000001011110101000101101111011111100001111100011001000000001111100'
T'111011111111000011010001001011010101101001111111100101011001000010011000000011011101111001111111000000000001011011010011101101100000100010110011110000011011001000010010011110111110100110110111010011100001011'
T'111111001001010111001100010110101000111111010000110100101001111001101100111011111000101100001101010000011010010101110001110010010100111101001001110110011110000010001100111010100010011110010010100110011101011'
T'001101000001110110010001000010101010001011000011011000000110010010101100010111101110111100001101010000011111100101100001111111111110001110011111001010011101000101111111001110100000111001000010111110001011111'
T'010100001011010010010111011110111000011001010001101000100101100100100110100011000101100000110100011100010110111000011101111000111111011101011111011100001101110111000101000100001110100000100101001101101110101'
T'010110100000100110011100101010100100000011001011101001101110100100110110100100010111101111011101110111100001000101000001011010010001011111110000001100101110011101011100011110001011110100011111111010000101011'
T'000000001100010001001100100000110100010001100000001011101001010000000001100101101111110101010100010110111001001110110001000011101111110100111011111001101000011010110101000011110110010011111111111011010001010'
T'010110100101010100100000100000110100100011100000101111101001110011100010110000101000110111101101100110011110110100000011100100011101100010100001101101111011001011000001011001110011110011000000111010100011111'
T'010010110111011000100100100000000010010001100000111001101001000001110000000010010111101111000000001000111111110010010100111100101100101000100010111011100000011010001000111110110100100011001100000101011001011'
T'000010110110010100001101111000000111001101010100011111110011111111010010110000001010100010101011101001011000100000000011010101100000010110010110001011101011110000111000110011010010001101100111101111110001001'
T'011011000000010000001011100010001011110010000101111110100011100010010111111000101111010111101111100010001111101100001111101111111000110111010011000110011101011100111100011001011111111000000011111011110000010'
T'011101000001010011111101111110000000111000011000001111111001001010101100100011111101011111111110111111110111011011101111110111111100110100101011000110100000011010011111111101101111111110000011111111110000011'
T'010010011100001000011011000000001001100010010100110001101111111100100110100001101110110101011101101110000000101101000011000110100011101111100001011111001000111111011111110010000001000100001010101100000110111'
T'100100010001111100100100101000110100010001100000011110011001110001000100000110011011110100010100001010001111111000011001011111101101010011100001000111110100001101000000011011101001111001011011010101100011001'
T'010110110111110000001001111100010111001101000111111111110110011111101101100111001101110011000100011110011110001000000011010010000000101100110111001101011000111101101010011000100000011000100101000111011110001'
T'110110010010010001110000111000010101101101101011000001011101011100010110110010000111100110110001011111110000100101000011100110010011001011010001010000111111100100001100000011111000110100000011010110111011001'
T'110100001110101111001001110000110111001101000111111110100001011011100110111111011010101100111011010010100100011100010010110110110000111001111001101010110101001111001111110101100010010101101000001100101111000'
T'011110010101100100111001000010100000101001000000101111000001110011001111011000101001101011110001001001101100101110011111111001001110110001010010000111101111011011110010111011101011011010100101100100101010001'
T'111111001111011100010010011111001010010011010011000101010100011011010110000001000001111101101110101000111011010111101011101111111010101000010001000001110101000001101011000001100100101000100110110000101111001'
T'001111110111000010100101011110010101110101110001100100110000011001110010111101000101000110000110111000110010100100101101100000010000111000010001000001100101000001111100000111011110111010100111101000010111001'
T'111101001000010101000101111110110101101111000111000110011011010011110111011101000011100010001100010000011111010100001001100010000000010000001001010000110101000111110010011101010111101000111101101011101000110'
T'001101001000010100111110110010011011101101011100101111100001101101000000010110111001000100100101010000011110100110101001101010000001101001100000111001100001001101101001100010111100101011001001001011000011101'
T'001101001000010101111011100110011101100110111011011000111110001010101010010100101011010100101000010000011011000101001001101010001000000110110001100001011000011001101001100011110001110011111110010010100011000'
T'111111001000010101001010001010011001000100000101000000111100110101001101110111100110101100001100000000011000100110111001101010000111010010101111110001010010001100000001101011100101010010011111101000110110101'
T'011101001001010110101101001010110100001000110101100000110000010111010110010101011001110100001110010001001011110111000001111010000011101001101010111101110011011100100101110011111111011001000000101000010110100'
T'110011100111011110001100100011101001011100110101010001111010110010100101111111111011001000100111110010001101111111001110110010111110010000111100010010111000010011101010100101001100101111010010111011110001001'
T'010001011011101100111000110100010100100001011010101110011101100111011010111000000010011011100110001110111000111101100011000100000001100100000010101001010001101110110101010010111011111000011111010101000111110'
T'101101001000010100000010110100010111101011110010001001111110001101011101101110101011111100001101010000011000101100110110110010001111010100100110110101010011011110000100110101111111110101001110100111000111010'
T'111111000011010100011101010100111111010001011111110000011001100100111001100101000001111111100110000001111111101011101101000100011010110100010001000001110001000001110000001001111111000111011110010010110110111'
T'111101011010001110101111011110010010010010000010100001111101001011001011110101000001101101000001111111111110010100100110011001001011101000011001000100000001000001110111011101110100000010011011110101010001110'
T'000101100100011111001001110100000101101111010100011101111111000000011011110111010010100011110001011010100111110010001111110110011110101001000000100001000100011001110000001010011111000011100101100010101111010'
T'111101001000110101111110001010001000001101100011010100011110110101010000100101000001100000100010111100010111000100000101111100101111101000010001000001101001000100011011111011011001010100111111111011000110000'
T'111111010100010100111101101010111011110100010011101011011101111011000000111111010101001111100000110111000110001000001111110110001010100101101001101111000001000111010111100001111010010000011110101010011101000'
T'110101100111000110110101011001010001100110110111000110001110100111011111010110110110101101111000011110101000111000011111110001011001100100011001010001011101101111001000111100010101011010011111110011110111001'
T'011111000011011010010001111111100101000101111111011010111010010001111101101011111111011000101000100011010101110110001011010111000011100011111011111111101111111111001001111100111111111110111111111111111111101'
T'001111001001110011011100010110100101010100111011101111111111111101001001100001111001011111111011111111111000001111111111010111110011111110111110001001100110010110000101111111011111111111100011111011110000010'
T'101101110011110011000000101001100100111110111001111101100001010101010111100011011110111111111011100110010110100001000111111000111110111010010011101100001110111110111110101110001011111010001111101010111110100'
T'110001001011111110000011100010010001110110001010111011001100110100011100011110101110001010000000000100110101001101110001110101000001011001010101011110000011000001000010101110101011111011111011101010111110111'
T'100010111111101110100000111101010010100111111110011110000111111111001101111111011000100101111000000101011111110010100011010111011100010100101010010001111101010101000100110011010111001111011111111111111111110'
T'110110001001010100100100100000110100010001100000101001101001100100000110110101111101111001010111110011000101001101000001101011110011010101010100011001010111110010111100110010111001001001111000100000011101001'
T'100000001001010100101100100000110100010001100000001001101001100100100110110111001000110100000101001100000111111001000010000101010011011010111101111100111101100011110001100001100101011100100011001111110011111'
T'110000001001010100100100100000110100010001100000001000101001100100110110110101111100110111001101110111101111111101000100101101010011101011001101000110111000101001110101100101111111011011110000110111010100111'
T'100110001000010100101100100000110100010001100000001000101001100100000110101101011000010010100101000111001110111101000100001001000011010001010110001101110111101111000101110001100000000001101001001001011010110'
T'010111000000110011011001011100110011000100010001001010111011010110101100011011110100011011101010001010110011001101010111000111110100010100001011010111100111001100101011110000111000001110000011111011110000001'
T'101111001000010000101010110110001011001010000001101111001011101011001100000100101000101101111010111111110001101100011111111111111111100000000101100111110110110010000101111100001111111110100011111111110000001'
T'000000001000011111000110101000100110000101111010001011010110100100100110100001100101111001001100011110110000000101000100010110000000001000000110001011100000010011001110010110110001011100011011100100011100011'
T'100110100111101010001100011000000111000001110110101110010000100111110110101111000111110000100101011100000000100101000110100010000001101100010111110000010110000111011110000110100001010100001010111011011101010'
T'000000110010000110001000011111110111000101101110111110011001011111010000001111011010110000011001101100111110000100010011111101100000101001110111001100010000000101000010100100011001111100011000101100111110011'
T'000100101101101100000101111101010111001100000111111110110111011111001101110101011100010110000010100100010100111000000001011101110000011011110010101110110100000000010010101100100111111001000101110101010111010'
T'010010111100100000100100100011110100010000001000100100101001110001010000100011000110111111100101000000110010110110110010001110101010010100100111101101011110110100100100010100101010001010101001110101111001111'
T'101100101001110001111110010101001011001000100000111101100101100010110111010111100101010101010111100110101111111000100001001100110000111000011000110001101111000000101010100100100100010101111001111100101100011'
T'001110110101100101001011000011111001100000100001010001000000100001010100010100011100010010001110101101110101110010010101101100110011011101000111110001011011001011011111001000101011011101101011011000011010001'
T'101100100011000010110100110101010101010100001000111000010001000110100100000000010100111000111101011000011110000001000111000101000110100101011010011010000111101101101110100010101110110010111111110000010101100'
T'111110110001111000111110000010001011010000000000111001000000010001011111010110001110001011010111011000100010100110111110010100001101101010100011111001010010001111111011110000111110111000000010010001000010111'
T'011111010010011011001001011111010010101100010000010111010111000010110001101101001001010100011011111010001101100110111001110010100000010110011100101011101101001010100110101110101010111010001111101010111110111'
T'111111001001100001100111101100101011010100100111010001110010111010011110000100101110001111111011111111111011001101100111100111111001001001010011100000101111010010100110111101011111111111100011111011110000001'
T'001101000001001000001010001001010101100100101010100100110011101011000000111111111111100011100000100001100110010001010100001111011100110011111011111111001111111111011011011110011111111110101111111111111111111'
T'011111000001100111111011100100000000101000000100010111100000100100000101001100001001111100001100010000011010100001000001100010011001000011101000001010110101100100010001010010111101111101101011010110000111101'
T'100001100110110111000110010110011011000011100101101101101010000011001100110011101011001110011110101111000011011000001101000111001011011111100001111110111101111111000110101110001011111010001111101101101110100'
T'010001011000100111011001001000100001111000011111000111000101110001100100001011010101100110111100111011100000101001110111110101010011101110101101001011110110110111011010101110101011111011111011101010111110100'
T'010101011000101000010001000000000110101011100101011101101010110100100110110001110000010000000100011111110111000101111010100000101010010110000010000000111100111110011110101110110110111010001111101010111110101'
T'011110001000010111000011010110010000111100110000101000000111100100100110000010100100001000100111011111101001001101011000010010011010101101001011100001110101101111100010110011011100111011001111011101101010010'
T'100000000100101000100100101001110100010001100100011100001001100100110100000100010010011110101100010100001110011101001101000101000000110000110010110111110100011100011100010110111101011011100100010101000101110'
T'011110001101000110101101110000011010101100010000011110000000011010011110100111001101000011000101100011100000010000000110101010100100111001010110111111011111010111001110000000100011100111100111001110010001010'
T'000110111001001100100100100000111110010001100000000111101001001111100100010001000011101110010001101111100111001011101000001000010100111010001000011010111110001011010000110011110111100100110111011110101110001'
T'010010000110011000001001110100110111001101011001011110001000011111111001011101100111100010000101001100110001110100000110011111000001011100001110001110000101011110111101101010010100111100101110010010110011100'
T'001100110110111100100110100001110100110011100000111001101001101111111110001101011101111110011101101000111011000101011001000011100101111011011110101110111100000101100101011110110110111001101110100100011111011'
T'010110001000110001010101011010011100011010111110010001101101000011000110011000001111010011101110111110110101110011011110011111100001001110101101110010000100001110000000101001100011101110011110010011111111001'
T'111111000011001011010100110001101101100010001100000001000111110110101000101000010010001011111001111111101101011010100011101111100110000101111111001100111110111111110111111110111011111110101010100110111011100'
T'001101111111101010100010010000100111110010100110011101011101001011111101110011010101100101111101111111000011101101111010100000110110100111101001101010000000001010000011111101101101111111011100011100011001100'
T'101101001111111010111101000100000101000001010000010011001110011111100001011101100100101111111100111110000101011011011001000001001110101011011001011010000011101011110011111100100010111110110110111011011111110'
T'101110001110011000001001111010100111001100010010111111111011011111111010010100010110000000110000011111101000111100000110001100000001110011010111010101111001100010010011001010011111100001000011000101111000011'
T'010010111101011111010101011110001101001000010111000111111111110000100111100000110000001010000101011110001111101000110010000010101101000010100001111100000101010111110010111001111000111111010000100110001100011'
T'100010011101101010011011011110011001011001000111111000111111100110001111100010111011001111101110111101000111111111000011011111011100101011111110000010001010010110011111001001100011111100111100110000101111100'
T'100100111110111110101100100011110101011100111000111111111000011111001101101011111001000101100111011001011011111110001001101000100100011011010011001100111100110101100000110010100111010010011111111011111111100'
T'001111001001011001101000111101111001001100001101011101111010011100001001101011110011001101111111111111111000001111101010001011100101111110010111000111111110101111011111111101111111011111001000110000000001101'
T'011100110111110011111001110000011110101101001000111110000000111011010101100000101110011011110000111100110101001000000110101111000011110110001111001000011111001010001111010010110110100110011101111101111001011'
T'101100110101100011001001110000101100101100100000111101000000111101111001110111010001100010001100010100110100010100000100101010010100010000010011111100010001011100011010010111101100011001001101111111101001001'
T'111100000011000100000001110010000110101101000000011001000000011110001101011000011011001011011111111100110011100000000010111100111100100101101001001110000110011110111111100000101011110100111110010101101000001'
T'010000111111111101101101000111000110001110110100011111011011011111101101110000001010101101011000001110110111000000101100100101111011001111100110010000001010001110011110110111011111000000011111111011111111101'
T'000000111111111101001111101111010001011101011100111111110001011111001111100100100010110100011101011111000100010111000100000010011011111110010011000100100000001100011101100111101111000000011111111011111111101'
T'011100110010101110001001110110010100001100001111111101111001011110110010101111100110100110100000111001010010110000000010001111010001110011100111101010110011010110001111100010111010000011011100101010001000111'
T'011110010101011011000001111101100101001100110010111100011111011100100000011001101101111100101110110000100011101000000110011100000001100000101011000010111010111110011011011010100111000011111101101001011101000'
T'101100010011000000100101111011001100001101101011111101111101111000101111001111011001110111000101001110101111010100000001100010000110111000001110100001111101011011101101001110100100100010100001010100110100010'
T'000100110101010011010001110010010100101110101101000000111010100000100001001001110111111001111011001010101110100000000110010110100101001110000111011100101010100011100000101000110100001001110110101111110101011'
T'111110101110110111010001111011010100101101111000111000101101101000011010001011011110010101010011110101100011100000000111010111110110010111110001110111101111110011100000111101010111010110111110100000110010010'
T'011000010000110000001001111101111000001100100100011100100111111111110000000011101000101111001011110110011101100100000000101101110001011000100010001011010101111110110010101100010100100100001010001000111011011'
T'100100001000111010000101111111001000011101011100110000010001101000011111001110101010000001100011011110111010001000000110110111010100110011100111101010101101001011110001111001010101101000000101001010111010110'
T'100100110010011010011011111001001001001100111101100001111011101000001101011000000010001000110010101111111101110000000100000101000010001110000001010000100001110110100101100101000110010100101000010101011111110'
T'101010011011001000101011110010001101101000000000010001001100100011111111010000000100110011111111011000001010001100001111101100111101110101110101010011010000000001010101111011000001111100011111110111110101100'
T'000100101010000000000001110010010010001101000000111110110001111111001111100011100100010111100001111100010000110000000101000110110100111100100100001000110101000000011011010011011100101111011011100110011000001'
T'111010100111111100000001111001110000001100001001011110101000111111011101001100111111100101000110000110001010000000000010001010101010101100010011011111011001001101011010001101010010110001001001001011001101101'
T'011010101000011000000001111001100011001100110011111111000000111111110111010011000011010110101100010101001010100000000100101010110010010100100001000100000100011111101011111111000100111111010100010000000111101'
T'111111011110111110111011011010011101001001000101101010000101010111011110001011111111010111010001111010001110111100101000010101000001101011111111111111000011111111001110011101101111111111001111111111111111111'
T'001010111110101101111101001000010001010101001000000010111011001110001100000100101000101001011111010001100101000101111111001001010101011100101001001001111110100101011000010000101010010100011111111011011100001'
T'011101101011110001010100101010100011111110000001010111001111000000111000011000100011011101111001011111000100001110001001101100110111110000000101011011011001010100010011111100110001010111000000110111111111010'
T'111111001001111111011010011100000111010100111000011101100010111011100000000000101111101101111101101010100011011110101101001111001010001001010010011011100100000010111111111111100100110111110101001101110111100'
T'011111101101000110011100010000101011001101001011001001101100001000010000110110110101000001111111110111111001011101110001011010011100101111001010011111100100100101101110111101100111111110001010001000011111101'
T'011111100011100111010011110110011101101110101001101101001000101110100001111110000011110101111110111011111011000110010101000111010101011100111010000011010100000001100111111111110111111110010000001010110000001'
T'111101011001000001011010110100000110011101010011101101001101001001011100101000011001000001111110111101111000001110101111101011100100010100111000111100001101101000111011111100101111111111010111001101110000010'
T'101101000001100000100100000010111011111001110100101001110001101100000110110011111100101101111010111111011101111111100111010000111110011110101011100011111100101001001110111111111111111110001010000001110000011'
T'001111011001010001100000001100100001011110111100000111010110010100111100100000101011001111111010111111101010011111100111111010100101001001111000111101110111011010101111111101101111111110101101111001110000011'
T'111101001001100011111011110010010101011001011101001011111110100000011101010100101001010101111101111111111000001100111111100101111110110000000001100110101000011101111110111111111111111110011110111001110000010'
T'001101011011011011101010011101011101011100010101011110011101100010110101011011111111010010101000011010110000001111010011101000000011111111110110101011111101000100111100111111010111111110000110111110110100111'
T'111101001001110011010110000000111001001110011011000011101011100010011010000010111110100010111111111111111010011011100111011111110011101011101011110110110100100011110110111110101111111110000011111111110000010'
T'011101001001010010011000110110100011001100000111001101011000001111000100100011011011100001011010111111111001111001110111111111110010001001101000011011011010010101111010111100101111111111000011111011110000000'
T'110001001001000010010011001000110100101111011011010100100111110110010110000110001101010101000011011101111101101000010111000111110100011000101110011100101011000000100111100001111111000000000011111011110000010'
T'111010010111011100001101111011110111001100010110011111010101011110011010101111101110000010000001000010011110011000000100110110100001110001000101100101000110000001001001111011001100010000000010011000010111100'
T'111010100110100110001101110001110111001100100001111111011100111101011101001100001010100001010011100110110001110000000010010000010000001100000111100100010010100100011110110110010101111000000100100010101110100'
T'100100010010101001000001111011110111001100000101011111001101011011101011110010110111000001011000110101011011101000000010110000110000100011011110101011110110000111111001100110000100011001111001011001001000110'
T'100110000010101010000001110100010111001101000110011110000010101111110101101111001001011111000111000101001010000100000011011010000000001010000101001011010110101011001010110100011101001111100100000111001101101'
T'101111001001100010001010010010001100111101001010101011010010000100100101101101100010110111101011111111110100011010111111011111110001100101000001001000010011000101111010111111111111111110100011111011110000010'
T'011001100000010011100011111100101101001111101110111110011011011101110010011011101010000101010001110010001010101101110111010111110110000010011010101010011001010001011101101000010010011111010001111111110000001'
T'111000011100100100000001111110100111001101011110111101011101011111000001110011110101110010101000011001000100101000000000010100010001000110000110001000001110110111001111000000111011010111110100100011001001111'
T'110001001001000010100001001000010110110000110101101011110101110010000010010101110100011000111111101000010000111000010111100111010111111001111001011111000110011111000010100101100010001010100011000111110000000'
T'110000011110000000000001111101010111001100111001011011111101011111100001000010011010111100100110011100011010101100000001110000100001110010001101011101010101100011110010010001000100011100100000000011111110010'
T'110110010011000010100001111001001111101101011111010011100100111001000100111101001101010000111000011101010110010000000101010100110101001110110100011010110011000100100111000111100011011011110110011010000001111'
T'001100111111011010001001111110000001101101100100001110010001111000100101101011100011000101100000110011110101000000000111011100000110011110011111100101110011001000100110011010111101010000101100101001001001100'
T'111010011101000100110001111110100111101001101111011101110101011111010101001111010011110101111011001110111101101000000001110100100000010100101100111011010000001111000000011110010010010101001100011001111011110'
T'000100111111011100001101110010000110001100000101111110110011011111110100101010101011000111111110110101101111111000000111110011100000110011010001011000000001100010001100011011100011111010110111110111110000001'
T'100100100010110000000001111111100001001100000110011110100100111111101111001011001000000000100111101111100101011100000011001110000101010111010011110100101000110111110111110111001011001111001010011100101110000'
T'100000111000100100000001111000000111001100001110111111011110111111101111010010110101110110110000100111101001011100000011110011110001111101000010000001010010011001000000111111001111100000000110000100011001001'
T'001000111001100000101100100100100001010101100111001010001101010110001111101110011101110111010111110000100111110010110011011011101110111101001100000110000101101111100111110011111011101111011111011010100011001'
T'010000000101001100100100100001110100010001100100101010001001011110101100001110101111011100010000010001101111000011110111111001011110011010011001110100001011100001001001101111110011110111001010001101101111110'
T'000110001010001110111001110110011001111001110110000001011100001100100110100110000101101000110101001010001011100001000000100001110011111100100010100101111010111101010000101101010110011100101000101001000100010'
T'000110101001001111011101110001110101101000110000011011110001111011110010001110101000000000010011011110010000000000001000101000100100111010110110111111000110111111011011111111101010101101110011100101110000110'
T'111000111100000100001101111001100110001100001001111111111110011111000001001111011111110000000001011110001010111000000100010010010100001111010001010111001110010110000100011010001110001111101110101001000010111'
T'100010010111110000001001110010110001001101100001111111110110111111110010001010011101001011101000111101110101001100000100010111011111101000100010001011100100111110000010111000011101000000100000110111001000100'
T'101010010111100000000001111011100011001101101111111111100000111111011011111101000001100101110100011011111010000100000101011000000010010101111010110110100110000001101110100011010111001000000010110101110001010'
T'111100100010001010000100110010110111001101000000011110010111111111001001010111111000010000100011100001011000110000110100011110000000100011100111011000101010000011011000011000111110110100001011100001110011100'
T'111100111110001001101101111001001101010010101111110001101110001000001100011010011100100111010101000001000111110000010000111010111011011100111010100011101000010000110110100110111001001101111111111110000000001'
T'101101000001001111000101110110111111100110100110100111001100100000010010010110000001101011001001101011110001101001100110010100111110111000010001000001100101000001101010100001100000010110001111000111101110010'
T'111111001001010101101111101110001010100001010110001010101001101000011001101011110000110100110101010000011001100110111001111010000000000111001111010001001001001111110101001100010001110111010011111100000100101'
T'101111001001010110011110100010110010101011000010010111010110010010100100000010010100010100001100010100011010010100100001100010001000111011001110100110101101111011011000011111110011000101101110111010100101011'
T'100100011011101000111110001010110011000001100110110100111110111101101111111111111110000010001101101100111000110001001100101011010010001011000010101110110011001000000100011111100111000011110110000100010100101'
T'111111110101011010011111001010101000111000100100100000100001000110010000001101010100100010010010110101101000110000110100111100100101000000101001011110001101101001010110001111100010100011001000011000011111111'
T'011111001001100011010000001111110101001000010010001100001100111001010101111101100101101111100100001101110001101101000101101000010111001100100100100010100001000110010110001111011100110110100101010000100101101'
T'011111111011010000111100100001000000110111001101100000001010010001000000010001111011011001100000011101010000100111010110100110010011010100101011000011011101010000100011001111111000001110111111001011001111001'
T'100000010001010010110101111111111000111011000111011110101110110100001111110100001110111111110010101111010010110111100110101100111100010011010101100111000011000010000011010101110010111000101110010110000111111'
T'101101001101110000100101010010110000001010111100101011101100010110101100010001010000000111111001010001011010110100110011111011010101110101101010111101011011011000111010111110100010001010000000011100011111011'
T'011101101001111010000110001011011100010100000101001001101000111011110111010010100001100011111101011110111010000010010011100010101110101101011101100111111001000000010110111111110100001110111011110111111000110'
T'000100011111000010100111111001001010011101110110100100011100010110001111100111100011111110010110101000110110000011100101011000101100110101111100111111011100001010100111011111100111000101100111100110110101001'
T'101101010001000011101110101100010100001000001011010000001111001101011001001110101101100011001100110010100100110010011010011100010010010100101110001101011011001101111000001111000100110111000101011000010001111'
T'101101010101101100111111100011101100111111111010110010100101001010101101000110110001100111011001000000110100011010100000001001000011000000101101111010010111011101110001001111001110001111011000100101111010101'
T'011111011001111100001110100101000010000101000001011100111001010010100000101000111111110001101111111010011101010110000010011100011101111111111011111111010011111111111111110000000111101111101111111111111111101'
T'110110000001101010011111001110111100000010000111000100011111011011111111111000111011000000110101100011000011110011010001011101100011100100001110111100000101101110101011100100111010100100110100000110110110100'
T'101111110111010011001111101011110011101110101111111111100110100000011111100110101101000001111100101110001001010111000000110110010110100010010001000001101010111111111010111100100110101110111010011010100111001'
T'110110100011110001110010100111010000001111000001100100101000000110111111100100001100000100101111101110000101011000100101001100110001111010011010111110101100011010110100011111010111001001111011111000001111101'
T'001101110001000010110010100011011000001011100100111000011010101111000111111011011101001011011010011111100010110101111101010100110010000000100110011011011011110010101001001111011111001110001110001000110010101'
T'011101111101101111001001001011010101001110100011101110000001001111000101000001010001111001101010011000001000111101010110011110010001100110101111111111010011111111011000000000101111001110001111111011111111110'
T'111101100001100010001100000110110000001010001001111011000010001111111001001101101100111001111111110111101100001111100101001101100000100001010000111011010110011001110011111111111000101110001010011111011100101'
T'010000101111101000011001111011101111100010100000100010010011100111001101100100111110000111011001010010100101100101000001100110011000010001100011101011000111000110111111011111100111010001010111110101101010101'
T'100010111111111110101110111001101100011000110110011111011101011111111111100101100001100010000000101001111010111110000001101011011000001110011000010101010000000111100100010000111111100011011111111011111111111'
T'110100001001000001111001001010010011001111001100111001000001000011101101110001011110001101111101001101101111010110100100010001011010000000001110010101100100011101001101100001100111100011110111010010111101010'
T'110000101011001110010010111011010101111010011111110101111110010001111111100111101011001000101111010100100100101111111110100100000000111100100110101110001000010100100111101111110100010001010101001011111010111'
T'110000111001111000011101111010011000011110010111001010111110110000101101001001000000000110111101011100000111011001000000100110100011101001001010010110000011100000101111011010110001101001011110010111010011001'
T'000010010001111001110111011001000110001011100111110000111110110101001111000000011111100001110001101000000011111010100010001101111000111110110000000001110001001011110110111011110011001011100001111101011001001'
T'110000111111011011111110111010100111010111000111010111111110000101111111111001001110101010100010100111011101111011011110100110111010111000010111010001100110010010101010111011110001101001010011010010110110001'
T'110111101000011011110010100101001010011100011111111010110010001010000001001000000011111001010001101110100100100011101010001000100111110100011111111111001111111111101011011001110101111111001111111111111111101'
T'101111011001100000100011110000011100001011001010010111000010011001000100100100111110000101111111111110111011011111100111010111001111000110001100011000001011110010001111111110101111111111111111010001110000001'
T'111111110001100000011011010010000111010100000100101111110010101011000010010110001110100011111001111110111100001100100011100011010000011010011110000010110100011000111011111110100011111110111110000101100011111'
T'101111110101111001001011110001101100000011010110101111110110110111111011100110101001011101111011111110110101110001100010001010000001110001101000000101001100000111100111111101110111111110001001011010010101110'
T'111111101011100001110010001011001010100111011011111000100111001101001111111010001101110011010000100110110111110110110001100010110010011110101111111111001111111111100011010101101111101110101111111011111111110'
T'111111011011110001010100000101111001000011110001111111010111101010110100111100101101010101100100001110110101001111100011001010111100101011110100000011000000100000011010000111010011101011100100111011110111011'
T'000011111011100000001100100111100001001101111110010001011001101110100011011000000101111100100000010011101001110111001111000101101110101101010000000001110000110010100111110000110111111110010111010000010101001'
T'011101110111000101101100101100111111110111110010111011001011001101000000001110011110100101111110111111011100010010110010010010001000001010001000011111111100011101000011111101101011111111110010000000110101001'
T'111111010011010111111101010011001010011001110111001111110101000100011111100001101110110101111011111111011010001111110100101111000101001101011111001000100101001011111111111110100111111110001001111010001101110'
T'111111001001111101100000001011000110111101100100101011001100000111111100011010001110111111110110010110010010000011011011101100110111110000001011111111110011111111001111000101011111101111001111111111111111100'
T'011101111011011011011010111010000101011001010011000111000111001010101100101100001111010011111110111111100101111100100001001011110110010001000010010101100101100000000110111100110111111110001011001101101101000'
T'011101111011011101001001011110111011110100100000101110011010100001110000011101101111000110001001111100110011000101001100000101101100111001101010111010100001011110100100010100001000000100110001101100100001111'
T'111101101101100010010101001010101001100110100100110110100000000111011000000010010111011110010000000001000110001000011001101000000001110101110011111101010100010111000111101100010100010001011010110110100010011'
T'110100111110101110111011100101110100111001110011111111010001111111001111111111010111100000111010010001000101010101100001011111010010011100100100100111111100001001101000000101011111000000011111111011111111101'
T'111101110011010001000000000011001000011011101000000101011010110101011011001110010111000100101001100011101110100101101111011101000001111100110011010101000101100100100011100100100110110010110011001001001110100'
T'111101001011100110111110010010101100010111010100001110101110100010111100001111111111111110110001111001100110110010010000110110011100010010100000000001011101101001000011111111101010001110000101000001100111000'
T'101101111001100000100100011111001101000111010110100011010111000100111100111111111011110010111110111100011101000001010010101101110110000000111001101101011000110011001111001111110100011010011011010011101011011'
T'001111001101100010110111000110011100001101000011001011100001010000011110000001000101001100111001101100111110100000001000101101011010100100001001010011001011010000010010011100111001001111101010000100001100111'
T'001111111011010110001010110101100111110111000000010110000011101010110010100101100101000000000001111001001010011000101000011100110100110010110110000111001111101101011110011100011011101101001001010000110101011'
T'011111010101001010000101010010000000011011100010000100110010001001110110001011111111101111100011000001111011010001101110000110111111100000111011111111100011111111000010011111111111111111001111111011111111111'
T'010110111111101101100001001111111010000000011110111111010001111111011111100101101000101111110101110100011010010011001101010000011111110011101011111100100000011011011001001111001111000000011111111011111111110'
T'000000111110111100011100101011100100011111110101011111100011011111011111110110111110000001010001011101110111001011000001010011100010101101101100111101100100001001010111001001011111000000011111111111111111101'
T'001101010111101100111011011011100010110101001010100100011000000001100011111110101011011111010001101110100101011100000101010111001101010100001101000100000111100001110111111101101000101001000100010010101111101'
T'011101001111000001101001011011101100101011101110011101111101010100100011010110001111111011011100010011101000100101001111111010010011011010111111101100111000110000100110101111110000011010111111001011010110100'
T'101111001001010000110100000001101100101101001111000101100111011000011000111000110111000001011100100100000100111011100010000001010101011100010011111010010011101011111011011100100001011010010001110100011000001'
T'011111110001110101010100000000111110000001111001101110100110101110110110111010011101110010100101000110111101011001110111011101101111101011100100111111100010100010000010011100000010110010010100010100010110110'
T'001111010001010011010100000101000001101010101111111010010110001111110011110000100001100111011010110100001011010110110100010011001010101101100000100001010000000011101100011111000101111101101100011010111101011'
T'110110111111111100010101100001011001100101101011111111001101011111111111101001111111110001111100010010000011000010100011100110000001100001110101111001010001100111110011010110111111000000011111111111111111111'
T'100010111110111101111000001011011111100010011001111111111011011111111101101100011111100101010010100110001100111111110010000010011010001000100111101100000001100111001000010001111111000000011111111111111111101'
T'001011010011110111100101101110101101111010101101110111000101111011101010110100011011010010011111110001111001001101101100100100101010010011011001001011000101111101010010110110101011111010001111101010111110111'
T'110100111110101110011111000101000111100000011010011111100111011111001101101011010011110101101100101111101111011100001010110110000011000010001111101100110100010100000010100001001111000000011111111111111111111'
T'000011001000010011001101100010000001111101001100011011011111010110000000100111100000100111001010001000001100101101100111111111011111001110101011011111000000001011010010011111000010000011100010111011110000010'
T'011111001000010001000110110110100101010101010100101110011101100101101100001001100001100111110110011101000001111100011111000110110010010011010011000101111000011011011000000110001000110100000010011111110000001'
T'010001001001100011001110011110001101110110000000101100111110111100101010011001101001001011001101000001010111101110101111101101110100000100111000001101011010100100110011100111110001100000100011001111110000010'
T'110111001001010010111010101110101011011000001011100010000010011010010101111110010101110010000001110000111011011110111011100111110101010111001010001111000001101110100111111101101101100000000010111111100000010'
T'001011001000100001000010010100101111011111000011010000111000001101100110100111011011100001101010111000010110100101000111110111111001000000100001110011100010010110011101111000000011011000000010111001110000001'
T'001101010001100101101100110100001101001111010000000111110110100100000101101100110011100101101000100000000011011110101011011000100011010011110011010010100010001001110010001110111110000000101111100100111111001'
T'101111110101000111110110111001001011011010000000100011111001110101010011111001101101010111101010010111100000101000011100001100001100100101011111011010010100000110101110011101111010011011100011100100001110111'
T'011111100101110110111111001001110100101100010101010000101111010001111001011000001011110101001000010000111010101001100111000110100110101011011000100101011100011000100111001100110001011111111111100111100010000'
T'011111111011101100101000110100110000110011101010101010110001110100100001111100111011110001101100011011011111111111110011000010010100111111010110000001001001011010011000011100111100101110101001000101111001100'
T'011111111101110010010111111101100001101011111101010010101001011110110110011111111111001101010111001100100100111111111010001100001110001001011111111111011011111111100001101111011111111111001111111111111111111'
T'001111000111111100101000100011010010010000101001010100010100011111000000101011111111111011101111110001010000101000000101001011101000100101011011111111011111111111001110011111001111111110101111111011111111101'
T'000111110001010001110010000000101110101110110101111010110101110101100001001110010101010100010011000010000010011111010111111111101001001111011000000000011100010001100000001100000010001100101001111011110000010'
T'110001001000000010100010101110010011101001100001111000011000001011101100010101100101001111001000100110000001001011100111001011111010100101000110011010111001101100101010001011001101010110100011110111110000010'
T'100001001001000011100010001000011111011011101110011010000011010110100000011101011010010100110000010110001010101111001110101100100101001100111010001101010011100101100010110000011110101101011000011100110000001'
T'101011011001100010000001111000100011101000110011100011000010010001011101101110100000011000011010011000111010001011101101101110111010111100111010111011010111110101001000011001111001001110111111010001010000011'
T'111101100011000000000110010110110000111100000111110000110010001101111000000101000001100011011000110000111101011100111000111110111100111001000101000001100001000001100000100100100011000000111101000001100111111'
T'101111111101010000011000001010000111101011001000010010000000000101010010010001000001110011010101100110100101011001000100010011100110001000000101000001110001000001100110000001000001111111111011001100100000001'
T'000110001111010110111011111110111011000001001010001110011001110000100001011101000001011110011101011010111111011101100000001001000100101111011000010000000011111010100010011101001111110100010010101111001011110'
T'010010111110111101100110011100101000011000001101111010000001111111010001000111011111100101100111100010101000101100100101010010101111001001000010100101111101001101100010100100100011111110000100111101111111111'
T'010110101111110110100101000100111100100010001001100011010011011010110011010111100100110001001100101000101110010110011011100110010101011111100001001011010011110001111111101111110011111110010010111111011011111'
T'100110001111001000010101000111111100111101010110011010001011001010110001010101010111011000111000101110100100100100001011001010011100000100001111111100110111000001110110111110010011111111001100100010101011101'
T'110100111010110100111110111100001100011010100000110010101110110010001001010010101101100011011010110111111100111111011111101000011010110001010010111011111101101011001101100101011111111010011110110000110011100'
T'110000101011001101010111100101010100101011000100011110111011111001000011010000101101010011001000000000010011110001100110110011000100011001010111011010001111101110010101011001110011111111000110110101111111100'
T'000100101010000111000100000101111000011001101111000011010001011010000001000101011101100011111111101001100111101000010000010001111100000111110000010000011101011001001100101110110011111110000000001101111011100'
T'101000010100011101101001010100001000101001100110011101001111110111010010110110001110101011100011100111100001010001111011011101100101011110110111010101100001000100001100010010101010010011000110111111111111010'
T'110110111000111000110000110111000001111011000001011111010011110111100110101010100110110101011101010011111001000010100111011101010000000101000011110001101101100010001011011111001110001011011110111011111011111'
T'000010010100001110010001111000101011010111000001001100101000011111000001011101100100010101001101111000000110001011101000100100100001111011100001111001100011111110110011000010110000110000000100101101111110111'
T'110110001100101010001010010100100111100010100000101001001101111011001001010010111110111010001000000111000100010011011111001010100100010011011111101100010011011010010000000010001010011010001110111101111010111'
T'011000001101111000000100001000100100010110011100010101100111011111011001100101001101000111010000111001101010011110011110100101010100100010001101110001010011111010010000010100000100110010001110111111111111011'
T'111100111000101000000100011001111000001100010011010110000101011111110101101111011001001100110010000001101101011100110011111100001101001011001100010001110011010001100111111010001011101101011110111111111011101'
T'010010001100110010001011010011100001001101100010000000101110111101001010000111000010110101101010001000000101101101100010111100000100001010011101111111100010011000010011010001110110100010100100111000011101101'
T'000010111001111110110101100010010010000011011111011101001010011111110010000111101101011110001000000010110101101101100001011100010000111111001010010100001001000101100100001000101110111001011111011010111001101'
T'111010011010110000101110011011000100100010100111000111011001111110111100110100111010101000100011101011011010001111101110001010101111100100000100100000001111100010011010100101011011000110011111100011110011111'
T'101110011001110101111110001001001100100000111101011110110011000111100000101010111110010001111110001010011001101000000011111110101001101100100100110100000111111100010100011010010001011100011111011111011000000'
T'111000101001111000101001001101100011010001111010011111111110101110000100011100000011001100110000010100000111100000100100011000111101011010100100110011001101110010010111101011001010100010011111100011000111010'
T'101100101001101001100001000001101011010101001001100110111101101111111100101000001111111101111101111000110000101100100010110000001110001000101001100111011010001110111111110111110000010001011111011111010010101'
T'100010101101101110101001010110110111011011111011110111101110111000100110111011011000101010000010110111000110001001001010010110001101001010100011001110000010101011001000000010001110011011111110111010010111001'
T'101110110011101111000111110000111000011010010101001111000000010111100110100110100010110101110001111110111101110110010001010000001100000011001000001000001010001101110101001010001000100001011111011010101010101'
T'110000110101110001111011010010110100100000000101011111001010000000000011100001111101000110011010110111111111011011011000110111000000101100111011110011000111111010101111000011100100100110111110111100101110100'
T'110000011111111110011001011101011110111100001011111100100111111011011101100010100101111000100111101101100111110101100000100010001101111010011100001101111100101011011101011111011111000010011100010101111111111'
T'000110000001100001101001110100010100101101000111111110101110011000011101101110110001110011011001111010110110001000000000011010100000000110100111010110011110111110110011101100101001100101010100100100111001110'
T'101111111011111010001011110000000011001110011000110001001001010001110110010010100100111011111001111110100010001100100000011000001111010101011101110001011000110001111110111101100100110110100011100010001110000'
T'001101111011110000001001010011100110111010111010010011011011011101111010100111010101000111111101111111011000110101001100011111100000001110010100111010100111111000000111111101110000101111111110111100001010110'
T'101111111011000111100101010110011111100111110000001100111111000110010010011111111101010010010101100011111011000101011100101111100101011000101001101000110010000010111001001111001111101110001001110111011011001'
T'101101010001110000110001100001000010001100101100110101100100101101110100111111101111010001111000111111111110010001000101111110111101000110001001111010011011101110000111111110101110111111001011100000101010101'
T'001101100001111110101100001010100110000001100111011101100010100000101010100100111011101001111100111111101101010100011111100010001010000010001001111001101011000110000111111101110001111111111000100110110000110'
T'101110110101110000100110000010111000101000100000100010000000100110001101000100101100001011011010000111101000110010111111001011101101010010000001100100010011000111110011111010100000100010000011111111000110000'
T'001111001001110100001010000001001111100011011010011010101010110101100101001101110100110011000010011000011101100010110011110001101111101011110100010010110110100000001010011100111001010001111101010100111110001'
T'010000010110111100001101110001110111001100100111111111110011111101010101011100110101110101111011100001011001101100000100111000100001011100110001011110100101101001111001110100010000101001100100101001000001110'
T'111000001100110000000101110101110111001101111001011111100001111011101101111011110110101010110100101001000001101000000001010001110001001100100000101011000000110001101000100000110101010001101101111110000111100'
T'110010111000011010000001111111110111001101000110011110111110111011111011001011011010111111000110110001100101110000000101111111110000011010100010111110110011110010100101010010000100010100000001001000100011110'
T'101000111000001110001001110010010111001101011001011110010101110111110001100111111010111000010101000111101110101000000111011101010001101110001110000001000101010111100101110010011101110110111001100000110100011'
T'100010100000010011110001111100000110011100100000011001111110100011111000100111101110010100101111001101011001010100000011011000001100100000110000101111000011000011110111111110001000011000100011010010100001001'
T'111100111100111011000101110100110110101100110010111000010100010010010001011111111101111110100010101000001010101100000101100100100100011100111101010010111001000110011010000100010000100000011010100011100010110'
T'011110101011010100000001110111000011001100100111011101100110111111101010010011100101000000001100111001011110111100000011100001111101100100101110100111100111101100000110110010101100011001100100100111000101110'
T'101000100000010100001001110100110011001100110100011101011110111111011001001001101000010101111011110001111000000000000010010010000100100010011000010111111001110010100001000101100000110100010101000001110000001'
T'011010110111000100001101111011000111001101011011011100100111111111111101010110100110011101000110101001110011101000000110101110110011100100011010110010110101100000011111011110010001111010110010001010111110111'
T'111000111011100100000001110100010111001100001000111101111101011111100101111101100010011011000110100101010001100000000100010101100001011110100000100111110010000011111100110110100010111000100110101010100111000'
T'111000101101110100100001110101010111001101011001111011001110111100101110100100111001111101110000101010000100111100000011110111010001110010010010000010101011001101001111010010011010010101011111100100010101101'
T'000000011100011001001001111100110111001101100010011011111011011111011000111110000100111100111111101110000101100100000001110011000001000111000101000111111101101011001010000001101101111011011100111111000001110'
T'000100010100000010000001111111010111001101010100111010111101111111111001001101001101111100101010100010110011110100000101110111110000011001101011010010110000111000101100001011111011111110000000111110111010111'
T'100000111001001010000001110111010111001101011001110111011011011111011001001100000111100111001111001110000110011000000011011110110001110111001001110100111100010111000101100011011010001111010011101001000100000'
T'111100001011101010000001111010010111001101111111101111111101011111100110010010011001000101010000001001100010100100000000011100000001010011101001011100101000001111001101011000111011011010011111100011111100110'
T'100110000010001110000001111111010111001000100011011110010010111111100010000100010011001001000001001001101010010100000001111010010000011111111111001110100100000101100011110101011011111101011101001010011011100'
T'101100100000011010111011110111101010011000001110111011011000011010111000110110100111000000101010011100011001010100000111101101001010001001001011110100101001100011000000100000010110000100100011101010011111101'
T'110000110110111111000001110100000000011000011100111100011001111011011010101111011011000011101000111110010000100100000011010000110010111001111001000111001000111111011011010001100001100110011101111101001110100'
T'000110111000010100001001110101010110001101000011011111000000011111100101100000001100001110101110000100000001010000000000010001100011100010100001100000101001111001110010110100010111001000011001011010000010100'
T'000100101010001000001101111100010110001101001111111111110001111111110101010010011100010101001000010001101010110100000111010101010000000110101010000001000101001110111101111000111101111101110010000100111001011'
T'011010111010001100000001111100100101001101100100111111100010111111011011111100110010011101010101101111001101111000000001011100010000010111111100101100110001111100110001101101110111011111100001110011001111000'
T'110000101011000000001101110110010101001101000010111110011010011111011000101010110100111110001111000110011000111000000100101011100011100010000011001111100010000100000000001011010011110111011101101000101011011'
T'001100101101011000001101111110110101001100110101111110101000111111111100001010110101011100001111111100010011011100000011110000010000001011010111010011011111011101110111001010000001011000010110010110111100100'
T'001100100111011100000001111100110011001101101101111110111001011111011010110110010011011111001101100001100001101100000010110011100001011000011011001001000001011101111100101011001011011100010110011111110001001'
T'100110101111110010001101101110010111001100100010011110101011111111011101111010100000100111010110011000101100010100000101110010010000000110101010010100110000001101011000110111000100111100010011010110101000111'
T'110110001101000100001101111100100111001101000110111110110011011111111101100001100000101100000100111001000100101100000100010001000000110001010010111001111001110000000001011111000111011010101100010010101110011'
T'110000100011110011101101111101011010101100000110111010111011111011001111101100111111101010101111010101010100111100000111011110110001110011011001110011101001111001110011001111000111011100011000000110011001001'
T'110000111110101111111101011000010011000111011101111111011001111111101111001000101010010110100111101111101011010001000001001101001110000000000001110101101110011011101111011101001000101110011111111011111010100'
T'110100111110111110101001001110100011010111010011011110001101011111100011010001011110101110001000000000000011100100011011010011100111101110011100011000111000011110011000101001010011111110011111111011111000101'
T'110110111111110110011111100101111000111111000000011110110011100111000011010001110101101010010000110100001110110000111011001011001001111001110000000011010010001001101011110010100011111110011111111110011111110'
T'111110111111111101110101110001101101001101001010011010010111011011111101000011001010101011101000101101100010010110110100111001010001101011101101111000010000101110110000011100101001001011011110111111111111100'
T'001100111110101100111111100011100111100010000011011011101100111101101001010001001100111100010011000010110101001100000100000010010010101111010001010111100001101001001000100010011100110101111110001111111111111'
T'000010111111111110011001001011111000010011110111011011101100111111110001010000101111100001000111111010001011011111001111011111011000010101101011101111010100000111100010011010100011111110011111101111111111110'
T'000110111110111101100011100101011001101011011000011010011101011110000011011111100101011100001111111010001000000010001010001011011011111001000011100011011111111110011110100010010011111110111111011011111111111'
T'100000100111101110011010011011000010111010101111111111001010111110110101011110100001000111100000100100110001111101011100011010111011101001000011001100111111000111000101000000001011111101011010110001111111101'
T'000110111111111110111011000001101001100100011011011111011101111111101010011001010001001110010001011001011111101111110011011000011100101100010010100000010011100100110110000000101100111011011111111111111111101'
T'100110111111111101011111111001010010010111111011011111100000011111011011100011001010101110100101010000100110110010011101101101001100001000100011101100010000001000001000000000101101100101111111111011111111110'
T'100110001111111000001101111011000111001101100011111110011110011111111011000110101101011100010100111100001101100000000000110001000001101100100100100101111000001111001010111111110001100111001100010101000101111'
T'000100100101111000001001110001110111001100001011011110101110111111101011110001011010000010011111100001101000010100000111110010000000011000010110001110000101000110010110100111100110000110011010000001100101010'
T'011111011001101110110011001001101111111010110111111010001000011100000000101111111111100010111111011111100110110010010011000101101100100011111100010101001010100001001101111100000111111110110000111001010011010'
T'000100000111111101011100000011011101100010111100111111111011111001101101111011111000101010110101100111110111110111100111110001000011001011100100001100111110111001011110110111001111000001010000000001111111111'
T'000100111111101111101001111011101101010111001000111111111010011111011101111001000111000010001001111010001001111111010100011010001011110000100000001000010101001010110100010101001111000000111111111111111111111'
T'001100101111000101100001110001000111001101000000111011000001111110011101110001010111111010011010011110111100110100000100110010100000111100100110001110001100110011100110010000111011011001110001001001101011001'
T'111110110011011001100001110000010111001101000000111010000001011010101101110000000011110111111011101010110111010000000110011111110000100110001101111000100110000010100110010100100000110100111111010011110001000'
T'100011001001110001010000010110110100001000000111110100010100001101001100100011110001110001110011101001101010111011010111000111111100101010101011011010100010001011110010011111100011101001100011001011110000010'
T'011100000001011100000001110001110111011000000000101111000001011111011111110000111101111110110011001011110011001000000000111001100001101000101001110100001001001000000111010110101101011100011000010100001111101'
T'111100100101101000000001110001110100001101000000111100000001111111011101110100000011001000011110000100010000101100000111001111001110110101001101001111001111010111010110111010101001010001011100001101111111011'
T'111111101001100000101100011010100100010001101111000101011111110111101010011010011110111000110000100010010101101101101111011101010010101000000001000000011000000100110010110010101101010001000011000010110000000'
T'001100111001100100000000000001110111001101000000011110000001111111111101101110010110101000101110010111001011101001110001111111000001010100010111100001110101010100100011110011111111100001110111101111011010100'
T'001100100101100100110100100001110000101100000000111101000000111010011111110111100001010110100100110011101110110100000000001001111101101001010011001111001010110101100111101011101101111111100001111010000011011'
T'110010111110000111000011010100111001000101011110000110101110000000000111100101100010001001011000101001101001010101101110010001000010011110111100000000100010001011100001000101000010110110111110111100000011001'
T'011101001000010111111001011000111101001110111101001010111000101011011011010000011101100100001001010000011101100111000001111010000010110000010000100100111110000111010001111010110010101010011001101001001011011'
T'011100111101100011000100000000000101000101000100100110001101011111011101111001110100101001100101001001000010101001101110010110110000010111001111100000101001011010100101111100101111111110011111111111111101010'
T'001100111011110010110111010000010000110000100100000110011011010111011101111001111101101010001000101000101001001010100100010000110001001101110101110110010000111011011111111100111111111111111111111001111001110'
T'111101011101011011000010110000000101010010100110101010001100111101101100010010111001011000100101010100101111001111000001100011001000001011101011111111101011111100111000111101001010001010101110111111111111110'
T'001000010111011101001011100001110000111101101011011101001110011111011001010101001110010000011000111010000111111010000011010111111001011100010111110100001011111111000001100011101110101000010011111111111111110'
T'110100101111011111111110101001111100110001001100111101000100011111100011000001100001101000011011011001101101010010101111110001100101011001110010100010101111101111010010101011010011111111001011111011111111110'
T'011111000001010010110001111010110011111110000101111011100000101111100001110000100000011011111010111111111000011000001111010111111001011101111010101111101001110000011011111101111111111110000011111111110000010'
T'011100110111001100000000000001100111100001000000101110000001100111101101111001000001001010001000001101000101111110100110110011110001100000101111011111100010011110011111101111101000011011100010010011001001000'
T'101111111001100001000001010110001100001111000001111011111110000100000101100110011111011101111011111111111101011101100111010111101000000010111111000111101110111100001111111110111111111110010100111111110000011'
T'101101110011010001000011000110010110110011111000010011010101110011111000100111001100000001111111111111111110110100001100000000011101100001010001010000010000001001000111111100111111111111111010101111100000000'
T'101100110111101111001010000001110000100100011110111000001110011010001111101110001000001010010001001011100001011001101001010110001010101111101110011011010101101100001100111100111111111110011111110111111111110'
T'101111110101001100010011000101111111100101001110101000111010010011110100001111111111011101011100100010001010100111100000010111101010100011111111111111010111111111111011111100111111111111111111111111111111111'
T'111111010001101010001011111100001011111100001000001010111111000111110110101011111111110011101000101100110010001111000001100110111011110011111011111111001011011101011100111100111111111111100010010101111111111'
T'011101111111110001001001001000101001010100101101001010110111101010101000001111111111001011000010110110111110000000101110011111000001100011111011111111011111111111001010111100111111111110001111111111111111110'
T'101100010101000010001001111001110100001101111110111100100001111111001111010100110001110100010100010011010111110000000011010110000111101000011100101101100001011000011010011101100010100000111110001011110101111'
T'101101000011010100011011010010001001111100010101111100010001100000110111111111111111000111001011111001010100011001000111101110101010110111111011111111100111111111110001111101011111111111101111111011111111101'
T'111101001000010100111100110110110001000101111110011111010000101000110111110101000001110100001101010000011111110101011001111010001101111000010101000001110101000001110101001000011100001110001011101101000111000'
T'011111001001010101000001100000100001001101011101111011101011000011010100010110111011111100001101010000011111110111110001101010000010111001010100011110010101000101111100101110001011111010001111101010111110110'
T'101101001110010000010100101010111010010010001111100011100111010010001100110101000001110111100111111111001111111110110000111010011011111000010101000001110101000001110100101110101011111010001111101010111110111'
T'100100001000010100100100100000110100010001100000101000101001100100000110110100001100011001000101001101110111110101000001101010010011010111000100110010111111001111011100100010111001010101101111000001010100111'

#number of aborted faults = 92

#number of redundant faults = 59

#number of calling podem1 = 463

#total number of backtrace steps = 774316

#total number of backtracks = 54351

#FAULT COVERAGE RESULTS :
#number of test vectors = 312
#total number of gate faults (uncollapsed) = 15104
#total number of detected faults = 14944
#total gate fault coverage = 98.94%
#number of equivalent gate faults (collapsed) = 7550
#number of equivalent detected faults = 7417
#equivalent gate fault coverage = 98.24%

#atpg: cputime for test pattern generation artifacts\paper_v8_smartatpg\inputs\c7552_binary.bench: 2.003000s 2.282000s
