
#Circuit Summary:
#---------------
#number of inputs = 50
#number of outputs = 22
#number of gates = 1983
#number of wires = 2033
#atpg: cputime for reading in circuit artifacts\paper_v8_smartatpg\inputs\c3540_binary.bench: 0.117000s 0.117000s
#atpg: cputime for levelling circuit artifacts\paper_v8_smartatpg\inputs\c3540_binary.bench: 0.002000s 0.119000s
#atpg: cputime for rearranging gate inputs artifacts\paper_v8_smartatpg\inputs\c3540_binary.bench: 0.000000s 0.119000s
#atpg: cputime for creating dummy nodes artifacts\paper_v8_smartatpg\inputs\c3540_binary.bench: 0.000000s 0.119000s
#number of equivalent faults = 3428
#atpg: cputime for generating fault list artifacts\paper_v8_smartatpg\inputs\c3540_binary.bench: 0.012000s 0.131000s
T'11000000001010101111101100101111110101011110111011'
T'01000000001010111010011100000000110111010100111111'
T'00111100101010010000111101111110110010100000101000'
T'10101010100101001011101111111001011110010100110100'
T'10010100101000111110111111111011110011101001011010'
T'11111000001010100001111001001011101000000001101100'
T'01010001110010100000101000001101101000111010101011'
T'00001001101100101010001101001010101101101110101010'
T'00001001100110010100000001100010001111111001111000'
T'00001001010000010000001101111000001100010101011100'
T'11101001000000010100111011111000001000001111111001'
T'11010011010100010010111011011101000101001110010000'
T'01001010000001001000101011000100000000100011010010'
T'00000100010011000101110111111000001100111100111010'
T'01000110000001001000011011110100000110101010010011'
T'11000101100101110111010000011001010011001011011111'
T'01110011101110010101100111001000111100000101100000'
T'11011111001100100110000101001011000000100111001011'
T'01110001111010101011101110111101111111011010111000'
T'01111010011111110110100100000011111101001111100000'
T'00100110101000101001101011001000001001101000101111'
T'00011001110010010000000101011011111001011000011111'
T'00001010010000011000011111001010110001010111101000'
T'00001010100111001000011111011000011011101001110100'
T'00011000101011001000000110001000010111111001000000'
T'00001001000011001100000111100101010110100100110011'
T'00001011100010100100011110100110000001100011110010'
T'00001010111110100100001101000010101100111101011000'
T'00001011111010000000000100000101111010100010110111'
T'00011001100001010010101111001011001000000001111100'
T'00011001111111010001000101011101000100101101010110'
T'00001011100111111010001101010011001000010011000000'
T'00001011011101110101001111001110000000000010110110'
T'00001011111100111011001111000001000101100111100000'
T'00001011111101100100000101100010111101001101101110'
T'00001011110101110000001100111111110011000101110100'
T'11000111101101000011100010010100111100110110011110'
T'11001110110000101101000011011101001001111010011010'
T'11001110011100011110000001010001100111010100010010'
T'11101110000110010101000000110011101011000110010010'
T'00001001111010001101001010000101100001111000000110'
T'00000001010010100101011101000100111100001110111111'
T'00001111000000101011001111011100000000000111001111'
T'10000010100101110010101001100001011010001011111101'
T'10011010010011101000001011110000100101100010111110'
T'10110101111111100101110111111010000110010100011010'
T'10000010100010010110001001101010000010000001011100'
T'00100011101111110100011100010110011100001110111100'
T'00111111111101111011101011111011100000110111011100'
T'00110111111110000100001110100000100100100110110111'
T'01000001010111101001111000101011001000000001100011'
T'00001001111111111011101111001000101111001111011101'
T'00011010111110111100001100001101000001000110100100'
T'00011001010111111111100101000111001011010001110101'
T'00011011001011011110001101111101100011001011111010'
T'00011000010111011000000101110001100100000001011010'
T'00011000000010011001011101111111011010000010010001'
T'00011001101110010011101111000100001111000000101111'
T'00011010011111001110111110100111010000100101011011'
T'00011000001011111011001100011111111111010001101000'
T'00011010101011010111001101101011001011001111100111'
T'00011000010111100001010100011011111011000001100110'
T'00011001111011101000000110110010010111000000110001'
T'00011001000011101101111100110010111000000010001100'
T'00011011001111001100000100111010100101010001001101'
T'11100010101100111011000111110010000011100000000011'
T'00001100100010111101111101100000000001000001111011'
T'00001011111111001001010100111100101100010100010001'
T'00011000111111110111000101001110100010001111101010'
T'10111100010011100110000101101011110000010110000111'
T'01001100101100111000010101001110011101001011000000'
T'11111010100101001010101111010010111001000100001100'
T'11111011001000101100101100010111101101111000011100'
T'10111100110001001101001101001100111110110011110111'
T'11011111101100000100101111010110000000110000100111'
T'00011001011110011001011001111001000010011111010001'
T'11111100011000100101111111100011010001111010111110'
T'00101011110010100010001111111101000001000001101111'
T'10011000011111011101001111000110010110110101110011'
T'10110011111110011001011111111000001010100111111101'
T'10111111111101100000011100001100001111111001001010'
T'10101110111111001000111111010111111001110101110111'
T'00111001111111011010010101100101101000000110100111'
T'10000001010010101000111011010101000011001110001011'
T'10000010100010000011011011000010000010000000101011'
T'10000010010101001010011011011111010000011011101110'
T'00101101011101110111001000000101101101000110100110'
T'00001011111111100010101001111100100011010111011111'
T'00001011001111000001010001001000010101000011000001'
T'00001010111111010010100001111110001111000001100010'
T'00001000100010011001110001111101000101000000000101'
T'00001000001111111100001001100101111110100001001010'
T'11011011101100100001010101111110000001110100000110'
T'11011100001100011011010101111001111101101101011011'
T'11011000110001011111011110010001110101000001110001'
T'11011101111111001100010100111111110101111000101011'
T'00101100011010000010111011001100100001000110011100'
T'00101101101000001111011011010001101011000000001000'
T'10000011010000100101001001110111011100011111010001'
T'10000001100010001000111011001100000001001100001001'
T'00001101101011011010110111101110100011000010000111'
T'00001111100101101100010111111111000001010010111110'
T'00000001010110110010010111110100001010100000111011'
T'01011100100110001100000011111000110100000011010110'
T'00011010111010100000001001111100011101011110000011'
T'00011001000111100100000001000111011111101101010110'
T'00011010101110110010000001010101010001111010101101'
T'00011011111110011101000001011010110110101100111100'
T'00011011111111110100101001000100110101101100000110'
T'01101010111111100001101011010011100001101001010000'
T'00011100101110111111101100011100010110011010111111'
T'00001100000000010010011101111001000000000111011111'
T'01101111111000100111011010001010010000010111010111'
T'01101010110100111100011011011010110011101101010011'
T'11011011001010010101000111100111111101111000101010'
T'01001111100000101001001101001100010101010001101101'
T'01100111000110001110111001111010100000100011100111'
T'01100001001101111010111010111111010100101101011010'
T'11000001111000100101000000010011011000010111101010'
T'01100001011010111011101001001010001010100011110011'
T'01100010110101010111011001111000101100000100110010'
T'01100001000111001100111010010001110011100001101111'
T'11000011011001010010010000101101100000010000100111'
T'11110000110000001110111011101111010100111101000010'
T'00001111111000001110001000110001000000000111111111'
T'00011001101011000000101000111000111000110011011010'
T'00001010101111011001000000111010000111000111011000'
T'00001011101010000000001000000000100101000011010100'
T'00001001011111111100100000111010101111001000111101'
T'00011010101110101110100000011000000011001110110010'
T'00011011011101101101011000100101111100000000110110'
T'00011010000001010110111000001000111010100010010101'
T'00001001100011010010000000011000001110011000010011'
T'00001011011101001100100000001011110010101100100100'
T'00001011111011000010011000101000001111011100110111'
T'00001001110111001101001000101101100011111000101010'
T'00001010111110100101000000101011010001100101001011'
T'00001001011101000011011000000110000101010000110011'
T'00011001001111000111100000011100111111001001001001'
T'00011001000111000111001000001010001010000100110010'
T'00001011110101000001010001100000011110011010100110'
T'00001011111110101111001001101010000101010111010111'
T'00011000111111001010111001111100010100101000110000'
T'00011000011101101110010001101001100111000101110100'
T'00011001101101010101101101110100101111000000110000'
T'00011010001101011000001111000001011110010001001100'
T'00011010101011100111000110111111001011000001011101'
T'00011000110101101111011111001101111001000010010111'
T'00011000111111110110010101000010100100010100001101'
T'00011000110011110011101111110001101010000100011101'
T'00011000101111001101010111000111101101101000001010'
T'00011001011111111111011101010001010111001010100100'
T'00011001111111100111011101010111111001001000001111'
T'00011000010011011100001101011101011010010000101001'
T'00011010001111011110100111011101111100010010010100'
T'00011001010111110111011100011110001101010001010010'
T'00011000101111010110101101111100111011010111011010'
T'00011011000000010011011111001100011110110000101001'
T'00011011101110001100010101000001110010100000000010'
T'00011010100111000011011111010101101001100001110111'
T'00011011010111000111110111010110001111110010000000'
T'00011000101111011010010110111101011110100100010011'
T'00001011111111000110011101111011011101010111111000'
T'00011001010011000000110111111101010010011011010101'
T'00001011101011011110100100010011010111111111010100'
T'00001011111101001100100101111010111000011010100011'
T'00001011010101000100101111111010001011111110000011'
T'00001010011001000000111111001101111111001100000011'
T'00001011111111101001101110011010001000110101010100'
T'00001010100010011011001110110001110111100100101101'
T'00001011011111000110001101100011101011110111100100'
T'00001011001001000100000100101000011111010010110010'
T'00001011111101101000010100000111111111111001010010'
T'00011000110011010000001100011011000010111011101110'
T'00001011011100000010011100111101010100001110000101'
T'00011010010110100011111101010011110100000001011011'
T'00011011010011101000111101111111110000000001101110'
T'00001011110111010010100101011110001011010100111100'
T'00001011000011111010000111100111101010010000001000'
T'00011000011111001000110101110100000101000111110000'
T'00001001110010101000000101101011110101100010001101'
T'00001001110111111100001101100010000011011000110101'
T'00110000011110110101010001001000001010000001001010'
T'00011011111000101110001100100000101110111001011111'
T'00000010000001000011011111111000001101111100101010'
T'11101001111010111110110101001100001111010101000110'
T'01111111111101100111101101100000000110011101111010'
T'01111001001110111010110111110111100001011000000111'
T'10011111001001101010011111110000010000011011100001'
T'00000010010000010000010011111110011000000010101111'
T'00001100101100101001100011111100000001010000101111'
T'11011111000001011110100110000001010001101001110100'
T'11101110000001010011100101110110101011001010001111'
T'01100011110001001101101011110000001100101001111011'
T'01101011111111011101111101101101101100110101100111'
T'01111011000010001111010110001110001100011111111000'
T'01111110011011001100101001011000110010010001011110'
T'01101101010111010001111001010101011011100010011010'
T'01101011111010111101110111011000010001001110100011'
T'01101001011011011111111001101000101011101111111011'
T'01101111111010011110101001110001100001000111011011'

#number of aborted faults = 62

#number of redundant faults = 377

#number of calling podem1 = 640

#total number of backtrace steps = 802188

#total number of backtracks = 42087

#FAULT COVERAGE RESULTS :
#number of test vectors = 201
#total number of gate faults (uncollapsed) = 7080
#total number of detected faults = 6201
#total gate fault coverage = 87.58%
#number of equivalent gate faults (collapsed) = 3428
#number of equivalent detected faults = 2990
#equivalent gate fault coverage = 87.22%

#atpg: cputime for test pattern generation artifacts\paper_v8_smartatpg\inputs\c3540_binary.bench: 0.891000s 1.022000s
