
#Circuit Summary:
#---------------
#number of inputs = 50
#number of outputs = 22
#number of gates = 1983
#number of wires = 2033
#atpg: cputime for reading in circuit artifacts\paper_v8_smartatpg\inputs\c3540_binary.bench: 0.135000s 0.135000s
#atpg: cputime for levelling circuit artifacts\paper_v8_smartatpg\inputs\c3540_binary.bench: 0.003000s 0.138000s
#atpg: cputime for rearranging gate inputs artifacts\paper_v8_smartatpg\inputs\c3540_binary.bench: 0.000000s 0.138000s
#atpg: cputime for creating dummy nodes artifacts\paper_v8_smartatpg\inputs\c3540_binary.bench: 0.000000s 0.138000s
#number of equivalent faults = 3428
#atpg: cputime for generating fault list artifacts\paper_v8_smartatpg\inputs\c3540_binary.bench: 0.012000s 0.150000s
T'11100111110001011111010011010000001110111111001011'
T'01101101110001111010110011100000001110111100101000'
T'00110001001100011111100000010100100001111011110100'
T'10101011110000010100010000011000000001000011101111'
T'10010110011110100110100000010010011111011111110101'
T'11111100011110100101100000100001010001111001001010'
T'01100000001111011011001001001010000000100000110100'
T'10001110101011011101101001011110001001011011010101'
T'01011010001010010100110000001100000000000001001010'
T'00001000101111111000000111110000100000110111000001'
T'00001001100010100100000111100001000010100111110001'
T'11101111110101110100011000101110111001101111000100'
T'01110000001000101000001000101000000110010000000100'
T'11110111101011110110101010111000000100010000111110'
T'01101000000011101010011000100100110010011101110000'
T'00001110001101001010011110000101010110011111110001'
T'01100100000101100100001000000101011000000111100001'
T'11001001000000000011100000000110001101010101110110'
T'01111110001011011010110000000101001111110110100010'
T'10000001110011111010010000111100000101010100110010'
T'01101101100001010001010000111100110100001011111100'
T'11011101101000011111000000100000111110010101101001'
T'11000101101011010000100000011101111011000011011110'
T'01110011110100001010110000100100000000000000001101'
T'01101111000000111001001000000000000000000110010011'
T'00011010010101000000000011101001001100111100010111'
T'00001011110011010000000000110001111001001111010001'
T'00001010000010100000001100111101011000111101000000'
T'00011010001011001000100000110100010110111110000111'
T'00001011100011001000001000000001111100111111110000'
T'00001011110100010100000101101010110100111111110010'
T'00001010110010000000001001110000000110111011110011'
T'00011011000000000010000000100101101101001110110110'
T'00011010000100000001000010111001111000001101100100'
T'00001011101010001010001110100110110111010011100001'
T'11000110111111100110010000001011101000111111010000'
T'00001011111101001010000111110011011001110111110001'
T'00001001111110100110001110010010011110100100111011'
T'00001011111010111100000010001100111010100010011110'
T'00000011100010100110011110000001011000011001000010'
T'00000000011010101010001110011000000000000111100100'
T'00000000000000001100100111000000000000000010111100'
T'01110100011110111011111011110000101100011111000011'
T'00001011011111011111001010011101000101011111100111'
T'00011001111110000011100000110110001011001110110110'
T'00011001110111111011110011111000011001000100011101'
T'00011000111011110000110000101011000001000010100101'
T'00011011000110110111000000111011110001000000111110'
T'00011011101011111011100000011011101110000000000101'
T'00011000110111100001110000110000010010100001101110'
T'00011011111011101011100011100111001010001010010100'
T'00011000011101010111110100110110010001000001111011'
T'00011011011110111011110001001000101100000000001011'
T'00011001001001010111111101000000110101000001011001'
T'00011011010111100011110000010111101000000001111111'
T'00010000000000101000010111100000000000000011001000'
T'00000000011110100010011010101010000000000101000000'
T'10000011001011101111110101010000000011000101101110'
T'01001001110111110001000011101111110100111011111001'
T'00011011101111100001100011101101100001101011001001'
T'00001011111111111111101101100010100101011001010101'
T'11100101111000110011100000001011000010100011011111'
T'11101101100010110011110000011010000001110010001110'
T'11111000101100000011010000101111011001011000011011'
T'01000110011100110011000000111010100011111010011101'
T'11111011000000111001000000000111000000001001011110'
T'11011111000110000010000000111111110010010100111100'
T'11011001011000100010111011100000010000000110100010'
T'10111110110100100011001100000001000001010110010110'
T'11010001101110110010110000110000101010011100110101'
T'11100101010110000001010000010001010101110100100110'
T'11111010000100001100100000110001011100101100011011'
T'01101101010110111000011011100010010110000110100001'
T'00011011111111100011010010101111011111010001001011'
T'00111010000000000000001010000000001010011100011001'
T'00100111101110001000011011101110001100100011101100'
T'01010011011111100010111101011110111111100010001111'
T'11010000110101000110111010011000000100001100111010'
T'11110011110000110010111111110000001000000100100111'
T'11111011101110000001110000110000100000001111110010'
T'10110101010000101100101000001100000001111101011111'
T'01111001101101101011101000111010000000000110011110'
T'11111100011101011000111001000001000000011010011111'
T'01100100000001110101011011001000010000011011000010'
T'01100000100101001001101000010100110100011101111111'
T'01100011000000000110111000101110000100101110110011'
T'01101100001101000010111001100111001010011111000011'
T'01100111110110100100011011111101100110011111100011'
T'01100000100000000100011010000010001000000101011010'
T'01100001101110101001001001111100011100110011000011'
T'00001000111111011000001100110111101000001010000101'
T'00001000011111111111110000110010111111000011010100'
T'00001011100111001010011111010000110100000000000110'
T'11010110011001111001010000101101010110001100101111'
T'00111011111001000111000000100001110011011100110000'
T'01101100010110111001111011000101000110001100010000'
T'01100010101101100110111010011011001100001111011001'
T'01100000100011011000001000001000111000010010101000'
T'00001111101011111000111011111010000000001001000111'
T'00000010000111110000101010111011010000110010110110'
T'00010000000000110101100111100000000000000000011111'
T'00000010011111011000101011111111000000000100101111'
T'00000011110011001001011010110001000100100001110111'
T'01011001000110011000000111110001101000000110101101'
T'01110010110010111000111010101111000010000011000011'
T'00011011110100000000000001110111110110110101100111'
T'00011011111011010010000100001000111010101101111110'
T'00001101111111001110100010111010100111100111110110'
T'11011011000100101011010000000001100101111100000110'
T'01110010100110100100111000100101101000000101111011'
T'01011111011000001110001010011010111100010010011011'
T'11000001101111011111111000111001001110110001010010'
T'11100000010111110111101000110111100011101101011011'
T'11000101010010110010111000010110100011110011110111'
T'01100000100100011111001010100100110001100011000010'
T'01110001011010000110111101001100000011011011011110'
T'00011101000000001110110111101000111110110101111101'
T'00001001111111111010000111010110000011001001010001'
T'00001010011011000000010001011110010011101110000101'
T'00001011010010101100001100101011101011100011001001'
T'00011010000011100111001000111001100001100000010111'
T'00001010001100100100001000100101101100000010000100'
T'00001011111000000010001110011110111010100111101000'
T'00001010110111001001001100001000101111111101011011'
T'00001011111000111000100010100110110100111101110111'
T'00001011101100001110010000111011000010000000100000'
T'00001010111011001010000010101010001111100100111010'
T'00001011011101111101000110110110101110010001100000'
T'00011000111111111011000010101101110110010010111100'
T'00011010111111100001101100010000000101001001011100'
T'00011010001111010110101000100011010011000100000001'
T'00011011001101000100110100101001100010100010011100'
T'00011011010110010000000011100100101100001110100000'
T'00001011111011101000000111011101100110111011011000'
T'00001011111111000101000101101010010100101011010001'
T'00001011111001010010100111000000110110001100001011'
T'00001011110100011001011011001100011110001110011111'
T'00001011111110001001010001110001110010001010001010'
T'00011011110111010001000001100101000000010111100111'
T'00011001010011101110111101001101011000000010010110'
T'00011011101011101001010101111110001011000000100100'
T'00011001100000001101011100001010100100010000011111'
T'00011010100011011010101000110101101001000001101101'
T'00011000001000110101100001001100000110010001101010'
T'00011011001011010110011100000111111100000011010011'
T'00011010100110101011110100110011011100010010000010'
T'00011011100111111111101100001000000101000010000101'
T'00011010100110011100111000111100011001001000000011'
T'00011010100101111001101000101000111101001000011001'
T'00011001001101111111111101011001000101001001111100'
T'00011010011011111111000010111011001011011011001100'
T'00011000111111111000100001101110000100001111010110'
T'00011010010101011001011100101001011101110000011000'
T'00011010010110001011011100011001110001010000101000'
T'00011010111011010000100011110101011100011011011100'
T'00011011101101011000000000100110111001110000000001'
T'00011011110111111001110011101100011000110000000101'
T'00011011101110100000010000110100100001101011101010'
T'01101101110001001011101111111000001010000111111010'
T'01101101110000001111101110000000010110000001011101'
T'01100101110000011110101111110000001110100010011111'
T'00001011111100011010011110011011101010111111000101'
T'00001011101011010110111011010010011011010101001101'
T'00001011110000100000010110101111111110101001110100'
T'00011011100011000000110001101110000110101000111010'
T'00001011110100111101101011000101111111000001100110'
T'00001001100111000000101101111111001100000011111111'
T'00001010101110100000110100010001101010101000000100'
T'00001011111111100001001111011110010010110110111110'
T'00001001110100010110001011011110111100100100100100'
T'00001010001010000100001111110100101100101111101101'
T'00011010000011000100100011111111110010100100110011'
T'00011010010010011000100001100010111011101110100000'
T'00011010100110100000100011110101010001110000101100'
T'00001011011100011111001000111010000010011011110101'
T'00011001101110011101110011111100000001100111011101'
T'00011000111110010001110010100101101010000011110101'
T'00001001011100111111011001111101010010000000100001'
T'00011001101101100011000011100000010100001111100001'
T'00011011001001100010101100110101100010000000001101'
T'00001001111011111110001010001000001101010001101010'
T'00001001010111111101101010100001010000001000101111'
T'00001001001111010111000100000101111100010111100001'
T'00001011011011111010001011001010100111111111011000'
T'00001010111110000111101011010001010011110110101011'
T'00001001011110100000000010011101011011101111011000'
T'10110001101110111010101011001100000011001100001011'
T'10001110001000001100011010000000000100010111111001'
T'10100001001000010100101011101000001001100011111010'
T'01100100110001000101111011000001010000000111011010'
T'00011010100000010101001111101000001100101001110100'
T'00011110110000101010111010110100000000000000111100'
T'00011011011100111000111000111100001000111011111101'
T'00000001101010101101011110111110000000000111101101'
T'11100001110001011111110100010110011001000110010010'
T'11100010111111101001000110111100001010010110100100'
T'11001111010101110101100110001011010010001111110110'
T'11000101010100010111110111101101111010010001111110'
T'01101110000010110001011000000101000000100011011001'
T'01100111101000110001011000101010101100100000110010'
T'01100010000010110010011000101010011100011111011100'
T'01100010000100111001011000001011001000111011101111'
T'01101111110101111101001000100110000000000011110010'
T'01100001000101110110001000000101011110110100011111'
T'11001100011111000100001111001100010110000010111111'
T'10001110000000011011001111100000001110110000001110'
T'01101111110000001100101011010000001110101110011111'
T'11001010001000010101010000001011101000011011111011'
T'01101111100000111111011001111000000110010011000100'
T'01110111111110110100000011001111000100011111000011'
T'01100011110111111011100011001010100000100110110000'

#number of aborted faults = 79

#number of redundant faults = 370

#number of calling podem1 = 660

#total number of backtrace steps = 957997

#total number of backtracks = 50008

#FAULT COVERAGE RESULTS :
#number of test vectors = 211
#total number of gate faults (uncollapsed) = 7080
#total number of detected faults = 6156
#total gate fault coverage = 86.95%
#number of equivalent gate faults (collapsed) = 3428
#number of equivalent detected faults = 2980
#equivalent gate fault coverage = 86.93%

#atpg: cputime for test pattern generation artifacts\paper_v8_smartatpg\inputs\c3540_binary.bench: 1.135000s 1.285000s
