
#Circuit Summary:
#---------------
#number of inputs = 207
#number of outputs = 108
#number of gates = 4042
#number of wires = 4249
#atpg: cputime for reading in circuit artifacts\paper_v8_smartatpg\inputs\c7552_binary.bench: 0.272000s 0.272000s
#atpg: cputime for levelling circuit artifacts\paper_v8_smartatpg\inputs\c7552_binary.bench: 0.012000s 0.284000s
#atpg: cputime for rearranging gate inputs artifacts\paper_v8_smartatpg\inputs\c7552_binary.bench: 0.000000s 0.284000s
#atpg: cputime for creating dummy nodes artifacts\paper_v8_smartatpg\inputs\c7552_binary.bench: 0.000000s 0.284000s
#number of equivalent faults = 7550
#atpg: cputime for generating fault list artifacts\paper_v8_smartatpg\inputs\c7552_binary.bench: 0.021000s 0.305000s
T'101011111010111100011101110101110100100000001001001111110010100100001111011111001000001101000101100101110111011001010011010010010011111011111111011111010010110100001000011110010001000000011011000100101000001'
T'000000110100011101010101110110010111100010101011011011101010101001100110001000100011111111001111000010000011011100000110001010101110000100001010011111000111111010110100010010111011101101110010000010001010000'
T'010010001101000000100111011110110100111000100001111000111010100100101100101110111001100101001100101101111111001010110010000000101100000111100110000000000011100011000110101010111011011110110110101100010100111'
T'111110011010001000000111110100111110000010101011011111011110011111011101010100100001010001011111001010000101111111111001011100001110111110010000011110010101100010101111010000100111011110110000110111010011100'
T'100100010100111001000000101111110010000000000011011111011111011111001101010110010101011010010011001111000101111111111100111000001110011000111100100111101000100000101011001111010110001111010000000001011110100'
T'101000010110011111000011111000110010000000011011111111011111011111001001111111111000011010001001011010101101001111111111111100101110011001000010011000000011011101111001110000000000010110110100111011011000000'
T'101101010110101110110011110001001101100100001000101111010011011011101001110000101111111001111111111111110001101001011111010111001000111111010000110100101001111001101100111011111000101101001010111010010011110'
T'100101100110111110110011110001001000110011101010000100111100101010011001110101100011001000100001101010001011000001111000000000000001100100101011000101111011101111111101011001111100011100110100000100001111111'
T'001011001101100110001011111111001110100000111001011000101111101101100101110111111100001100101000110100101100001110001001100000110100011100010110111000011101111000111111011101011111011100001101110101110011100'
T'101111111110011100100001110101000010010100110110111010101110100111001010110010000001100001111111111111110011111101110111011111000010001011110111101110111011110000100010100000101101001000101111111000000110010'
T'111110011110101101110101110001111100010111101000111111111111011110011101100001010110000000110001001000101101000000000110010110111111010101010001011011100100111011000100001110111111010011101111100110100001101'
T'011011100000111010110010011111111111101101000101001011100101010100101111110011100010110000101000110111101101100110011110110100000011100100011101100010100001101101111011001011000010110011001111001100000010101'
T'110100100011111000111011111110001011111110111111011101111110110110001110010000011100000000100101111011110000000010001111111100100101001111001011001010001000101110111000000011001000100111110101001000110011000'
T'001010011001011001010011111110001011111110111111011101111110100101111000010101001110011101001011000000101010001010101110100101100010000110010110001011001011000101110100111100000111000110011010010001101100111'
T'101110111000100101000011111111001011111110111111101001111110000010111000100101111001000010111110100011100010010111111000101111010111101111100010001111101000011011000101011101000110001100111010111001111000110'
T'010110111111000011110010001111001111101110111111001001111110111111011111100000011100001100001111110010010101011011001000111111010111110011101011101110110011010010101100001101000000011010011110100011101010111'
T'000000100001101111110011110110001111111110011111000000111110100110010010100111011111000001101110110101011101101110000000101101100110101011111000010111110010001111110101111110001000000100010000101010110000011'
T'011010101001000111111011110011001111111110011111110001111110111011000010001000001100110111101000101000010100011111110000110010111111011010100111000010001111101000011001000000011011010011110010110110101011000'
T'110000101110110111111011111101001111111111111111100100111110011100100000000111001101110011000100011110011110001010110001000010110011011100110101100011110110100011000000000011000010010100011101111000111110100'
T'010011000111001000111000010100110110110101101011101011001000011110011011000101111111000010010111011001001011010001010000111111100100001100000011111000110100000011010110111011001111000111010111100000110001001'
T'111010000011011111111110000110101000110010101100000001110110100000001010010001110101011011111001111001101010110111111010011111001111111110101100010010101101000001100101111000011010101001001110010100000101110'
T'111110110110011101110011111110000011111110111111010100111110110101111000100100110110010111011111111001001110110001010010000111101111011011110001110110101101101010010101001001001010001111001111011100010010011'
T'111000101001001111110111111111001111010100111111001100111110010101010001101101011000011101101110101000111011010111101011101111111010001101011000001100100101000100110101000010011110010011101110000101001010111'
T'100100101110101111111010000011011000110010100110100000000110000000111001011100110000110111000110010100100101101111111000000010001110010011110000011101111011101010011110100001011100111000100010111111110101101'
T'111000001110000111111010001110111000110011111111000000111111100000010000001111011101110100001110001110110000100011111000001000001110010010100001101010001111100100111001010111010100011110110101110100011000001'
T'001010111011001011111011110111001111111110011111011101101110101011100101111100001101101000000010110111001000111010110101010001101001100000111001100001001101101001100001011110001010110010010010110000111010000'
T'011010101110011011111011111111001111111110111111101100110010110111011011000111110001010101010010100101011010001100101001011000000110110001100001011000011001101001100011111000011100111111100100101000110001110'
T'010000101000010111110011111111001111111110111111100100111101010000011010000001111001101010011011101111001101010000101101110101110100101011111100010100100011000000011011011100010101001001111110100011011010100'
T'101111101011010010111010000100011010110000011000001011101011001010101100111111101010000011111110001100111010011010101111011100110111100011111011111111011011111111001011100111111110110010000001010000101101001'
T'101101111110101111100111011111000110010001110100101110011010101000111101011001010010111010011011111111110111111101100111010111110010011111001000111111001110110010111110011000001111000100101110000100111010100'
T'101101111110101110100110010111110100101110111100010010010001011011101100111000110100010010000111111111110001001001011111001111110101110011101100111011010110000000100110110011001100011101110011110110001100010'
T'001101111110101100011001000001010101001000011011101010101001011101111100001111101010100001111110011111100111111010000111000111110001011010010111101011110010001001111110001101011101101110101011111100010100110'
T'101111111111101111010100100111011010101001101111000010011010111111111010100111010011000001111111001111100110101111000111001111111010100011101010100111111010001011111110000011001100100111001101111111001100000'
T'011111111111101111111010111011101000100011010101010000001001111111000111011110010010110001111111100111100101111110011111001111110001110101111011110010010010010000010100001111101001011001011111011010000011111'
T'111111111111101111100101001001110011001001011000010111011101110100000010011011110101010001111110100011100011101000101111010111110100011111001001110100000101101111010100011101111111000000011011101110100101000'
T'111111111111101100010110101001111100100011111101100111101010010000001000010010001100110001111110111001100000011010011111011111111000011100101100010101111010110001000110101111110001010001000001101100011010100'
T'011110110101010000101000001000101111000101110001000001011111001011110000110111111011011001010100111111111011000110000111110101000101000111101110101011101111101000100111010110111011110110000001111110101010011'
T'111111000001101110001100010000011111101100010101001011010011011110000010001111111111001111000011110100100000010101001110100110101001110111101111111111001011111111001101101010110010100011001101101110001100011'
T'101111001110111110101101101101011011110000111101010001110000111111100010111011111111001100100011001010001011101001000111100010101011100011101111111111001011111111010011110111010110000101101001000111111110010'
T'100011011111110110111101001000111110110001100010100010001101010111011000101101011100001100001011001001110111001111101110001011100101010100111011101111111111110000101001001100001111001011100011011000001111101'
T'010001100111111011111000100110011001011000010111111001101101100111101100000010100110010011111011100111110100001010101010111100011011110111111111011100110010110000101000010001111100011111000000111010010011100'
T'110001000111011111011111000110000010111111100000111000010010001110110001010111010011001101000111000111101011100010100000000001001101010011010100000000100000000000111010100000101100101010100000000000010000001'
T'111001000000011000001000011111001101010000011110010001101001111111100000010111000000111110110001001011110000001010111111100101000110101110110100000000000100000000010010000011100000000001000000000000000000001'
T'100011001111010101010001001100110111101111101100001101110111001010111100110001001001101111001010100001100100111100101110110010110010010011110001000000111000110000100110001101100110010001100001000010000010110'
T'011000000110101001001010101010011101111100110110000101110011000000100101011100100011001111110011111110010001101011111001011100110110111101110011010110101100110100011011001010011011100101111111100100011101110'
T'111101000110111010100111101101000001010110000001010010000011100101100000100000010101000110111011101111001111000100000000001101001001001011010110010110111011001011101101000011010000000001100000000111110100011'
T'000100000001000001010101110110010110101100011011100011010001100000011101010001010110011001010100000100010100001011010111100111001100101011110000111000001110000110101001010101101100101100101110000000010000000'
T'001100110111100101110101100110000010010100010110000001110100011111111110000000010110011111011011001000011000011000000010000111100011010100010011000010111101001010110100111000011001011101001001100011110110000'
T'000011100001100000100000011000101110000001001100111000101101100010111000110111001000111000111011100111010110001100000000011101100010000110111100011111000010010101110001001001010000000001100000000100000000000'
T'001110111110101111110011111111001111111110111111111111111110011111101101111100100010111000101111110000010101100111111001111101111110110000110110000101011100001010111100110111001010000001100100001100111101101'
T'111100111111101111110011111111001111111110111111011111111110011111101101110110010000000111101101011000001111111011111011011100111110111100001101011111011110010100111100111001010001000000010100001010010001100'
T'111110111111101111111011111111001111111110111111011110111110011111011101111000101100111111001101010101101111110111111110111100101110100000101010111000110110000010110001000101000111000101101110011011110010101'
T'111100111111101111111011111111001111111110111111011111111110011111001101100100000010010111000011111110010110110111111101111101011110011011101100100111110101000011001000110001001000010001100011011111110010100'
T'000011111111101101011011011001100011101010100101000100111101101011110110100100100101001010001010101001110101110100111000110000000101001100011111100101010010110010001000111101101100010110111100000100001111110'
T'101110100101101011111010001111001000110010110101100001111110000000010000100110011000011100001100011000110111100011111000100100101110100001000101011110011111001011000110011101010010101011111110110001001010100'
T'101010000100100011111011111111001111111110111111100010110111001110101110111010111001010101101100110110111010001111100010110110010110111100100001011011101101011011000011100100001100100010000101101001110101010'
T'010010010000111111110011111110001111111110111101010000111100110100100000000010100111000111101000111100000010001110001010001101001010110100110100001111011011011010001010111011000101111111100000101011001111100'
T'011010000111110011110011111110001111111110111111101101110010001110010010010111011000111000101101011011000100010100111111100101000011011010101000111110010100100011111111010110000011110111000000010010001000010'
T'111011111111011100100110110011001011111010010101110001000001011010111000010110001101101001001010100011011111000011011000001000001011100111001010000001011001110010101110110100101010011111111100000100001111111'
T'001010001110101111110011111111001111111111101111010110111110101001000010011010001100101110100111100001001011100011110110110010110010010010010010100111000001011110100100100100011101000000000000100000101000100'
T'010010010110010011111011110110001111111110011111101010011110010110011101011000000111100011100000100001100110010001010100001111011100100000110110110101110111111110111000100000000101000000010001011110000010010'
T'000000101001100011110011110111001111111110011111001111101110001010001000001000000111010000010101101011001000100010100101111011111011010110101100001111011000010011011001110001000101100101011000011100101101101'
T'011101111111101100000110011001110011101011001110011110101111000011011000001101000111001011110110111111110110111111100111000111111111110111101111111000110000100001100010011101100100100000001111000011111000110'
T'001011110001100100001011010101100110111100111011100000010100111011111010101001110111010110100101111011011011101101100010100110001010000100010000000001101010110010101111010000010000000001100000000100000000010'
T'101111111110101111010010011011100011100000100000001000111111101110001011110101000001010111110111111111110001011100000111010111110000001111001111100111110101101100001101011010000111100110000100001111000010100'
T'101100001001010011101111110100100110101100001001100110101011010010111000011101011011111000101100110111001110110011110111011010100101000000100101001011100100100110100010010001000100111101011000101000011100111'
T'101001110100010100000011000011001011101111101000111000011100101101110101101110010001010100010111001100110000110101100110100011000010011001110011010000110001011000111001000011010000000001100000000010010100000'
T'010011101010100100100111001010110111111101111101011100011000000000011100111100111001110010001010000111110010011000001011001111100100010001000011101110010001101111100111000011110000000001100000000101001100000'
T'101111010000010000101001110100011000011010111110001010101000110011101111001001101110111101011100010100100011001101001001101100100010000111001011101100111100010000101001000011110000000000100101000100000000010'
T'011001100111011100111100101110000111100011100001010110110111101101010010100111100101110010010110011100001101101101111011110011001111111110001101011101111110011101101001000011010000000000111101000100000000011'
T'101101001010110010000111001011111011011110101110111100000010110011011110101101110011011101001000111110110111010011010101010110101110001101011111001011011010011001100111000011010000000001110011000100000000000'
T'001011110100111011101111101110101110011011110011111100000100111010110111001000010000111000000010101000110111001110000111111001110000100111010100110001101101100010001101000011010100010001100000000100000000000'
T'000001001111101101010001010000100100010101110101101010010111011111001100001011111110011001111101111111101110110101010100110101000001111110110100010010000100111110010101000011010100010011100000000100000000011'
T'001111000111111101001011111101111001101010110010110011101101111110100000110110100111101001101010000000001010000001010000111101110001110000000100001111111011110100010000010100000101000001001110010110001111110'
T'011111111100010101110110010010111100101011011011010000010011101010110110011011111111011010000011101011110010000010110110111011011101100011111111111111011111101011000111001101010101001001011110110111010010100'
T'010110000000011001110011111110001001111110111111001101111110111010001111110011000011100110101110101011110011000100100110010100110111100001000011000101111000011010111101001111010101010110001010100100001000111'
T'111000001011110001110011111110000011111110111111011000111110000101000010101111000111110100011001000001010110100001010000111110000010101011111000111001110001111110100000100110000110001110010101101010100110110'
T'100110001011001101011011111111001011111110111111000110111110011000100010111011001111101110111101000111111111000011011111011100101011111110000010001010010110011110010001000111011100111100110000100111110010100'
T'110100110010001101001011111110001011111110111111101011111110100111000111110000000010111110010001011001110110010110111111100010011010001001000110110100110011001111001100101100000011001010000000100010001100110'
T'101100011111011110010011000000110101110111010000001110000000001001100101111001100110111111100000111110101000101110010111111001011100011111111010111101111011111110010001100000000011010110110111100111110001110'
T'101011110011011010000001011100110111100001110100110100100101101011110000111101100011110010000111110011001000111010010101101001100111011111011110010111001101010001100100000010110011000000110101101110101110100'
T'001011000101001100010100110100010110010101000101000100000010011111100010001011100011000101110110001100100100110111111110100100111000001000100000000001101000100110000110000000011110000000110010110111111111000'
T'110001111001001011110011110010010110100100011100001100011110111111000000101111010011111001010101010000010010100101101101000110001100011101101000011011010010000001010101000010101100000001100000111011011100000'
T'001001110011001001111011001100111001100100000010100010110011110010000000101001111101110100010111101010001100111000100010010010001011010001110101111100010001011100010000000000101000000000110111111100100111000'
T'010010000000001111110010000111001100110011100000000001110110000000101011100110010100001111111110010110010101111111111001101001101101000001110010100101100010001111010011100111001111010101100110101100011111000'
T'101110001000001111110110001100101110110010100010000000111011100000101010101101001101100110110010100111110100000011111110011011010011110010111011000010001110101100111000000110000010101100001011101011111001101'
T'101110101011001110000111111011010010111010001000110010010001100000001101100110110101111111101110111100111101100111011100010100111010111101010011000100011011100000111010000111110101101110110100111010010010000'
T'101001000101101001101000100001011010101001110000010010001010010110100111010100100001001001110111111001111101100101010111010001100101101010100111000011101110010101010001000011000000000011010001101000010011100'
T'110011011111110101011111111011101101111001011010101110010001010110110001101000101101111001010101001111101011000111000111010111111100101111100011101111011111100111000001000011101010000100111010110111110100000'
T'011001010011001100010000110010110111000100100000100110111100000000111010001011110010111101100111011001100010110111001011000100010001011010101111110110010101100010100100000010000100001001000100011101101110010'
T'000011000111101000111110010000101110010010001100011110100111010101000000110001101111011101000101101101111011001100111001111010101011010010111100011110010101011010000001000001001010010000111010110100101100100'
T'011110010111010010010100010111101111110111000000011010000001100000001000100011001010111111110111001000001010001000111000000101000010000111011010010110010100011001010010100001010101111111010101011011001000100'
T'101001010001110110000000001001001001100100111111110100000000100110010111111101100000101000111101101100000111101110101110101010011010000000001010101111011000001111100011000011110000100001011111010110000010010'
T'010011000001000010011000000101110001100111011000111000100010111100001011011000100001100101001100110110001100100100001000110101000000011011010011011100101111011011100110000001100100000000000111101100111111010'
T'001001011101001001001010001001111010011001111111001010000110000110001001000000010010101010101100001000001101111101100100110101101000110101001011000100100100101100110110000010111000000000110100001100010011000'
T'110001111101000001110111010011100001101011010110001010010010101000100110101100101001000010001000000100000011111101011111111000100111111010100010000000111101111011111111000010110000000001011011010011101001000'
T'010001010111010100010101011101111000001011101000111101100011101111001010000101010100001010100000011101010110010111001101111101001000010001010101001000000011101100100110100100001000000001010001010010111110100'
T'001110100101100010111111100100101010101110010100100101011111101001010011000010000101010010100011011100001010101011100010101001010101000111111100000010101100111100000011110010000111111110001000110111000111100'
T'001000001110001001101100000011011111000000000010100110110110011010100010010010001011000000110111111111010111001011111011111101101001110000011101010011100001110100010111011100000000000101111101101010110100011'
T'011110010110100111100110000100010010000011001001101011100100000000101111111001001111101010011011101111000111011011111000110011100010000101011001101001011001001011000010000100001101101101010000011101010111011'
T'100010011010011100001010001111001010010010111111000010010010110010110010000101000100001111110101110001100111010011111111101100111011011101010011011000100010111010000111111000001111010101011000110011010100011'
T'101010010111001111111010001000000101110010101000000010001100100000111100100000010101100000011100110001011010110111111000011001110010100111011000110100100101110010100001100100000101000001101011101011100100010'
T'100110100011110000110100001010001110100010001010110110011101000000100010010000001111011111001110100101001100011011111110000011011001111110010110001101111111000100001111100111101010111000111111001010101001101'
T'110000101000001100001010001101011000110011100000100100011010000000101111011110000011010110010100111100100000101011111110001110011110100111110011101010010100100111100011110111011101101010111010011011011110111'
T'100010101111101110011010000101011000110011010110100000101110100100010111111010000001110101010010100101010111000011111010001111001111011111101100000000011001101010000111011111011100111101110100010011010110111'
T'010100011101011100110110000111000001110010101011100010111011000010010110101010010010101000011010110000001111010011111111010000000011111011010101111110100010011110010100001101111101101001111011111010110000001'
T'110010001110011001111110000000110001110010111000100000110100000001001011111010001111010010111000110011101011101011111111101101100100100011110101000011001001100110001101110001100110000011100111001100000111100'
T'010010000011011011111110001000011100110010010011100001001110100000110010001001101000011011011010010101111000001011111000101000011100010011001001101001011110110110101010011111011001011000011000110101010100001'
T'011100110110000011111010000000101000110010001100100000101110000000111001010110000001001101100010111010101110111111111110111100101111100101010100110101011111011100000100000010000100111100110100101101011100010'
T'001110011001101000110000010010100100111101111000100110000000010000000000001001100001011110011101100110100111000111010000111011100101110100110000101010000101001110011011000111000100000001000110000011110010000'
T'101101101001000111101101100101011110000001001000101011101001001001001010100001100000001011100001010100110101101011110010110111000001011000110110101101110100101000011010001101110000010011010101111011000011011'
T'110001110011100001000110011110010110010010001101001101000101010000100010001100000100101110101101111001001011111000111000101001010000101101010000001010000101001011010110000011010110000000010101101000111010011'
T'111011001001000111001101101101101000101001001000110010111010010101010101001000010010010110110110001011101101010001010111011000110010100000100100001001100010111100111010000110011000000001000011110001111110100'
T'110011001111110111011111001101101110111001001101110100100000101010001110010001010101011100100110000011001101010101001100101000101110110100001001001111101001011110001110100001001000000001110110111101011101000'
T'001101011101011110101110010101000011001000100101000001010001100011000011000100000011101101110011110000001110110101111101001000110010001101111111000100101000010010001011100101100001101110110101111010111001000'
T'000100010101110101110010000110011000110010111111100001010000100001000011000010100110011111100111100101111100011011111011101100001111010010110001000101011001001100001111000000011010011100101111101010000100001'
T'001100101111001010110110001001111000110011000110100001010110000011110000101110010001101011101010101100011110010011111100001000101110011100100000000011111110010110110100110000101000100100111110111110011100100'
T'100100001001111011010010001101011000110011000011100001000011100110101011001001010101001101010011101101000110101111111001100001001111001110001111000110110111101100110100000011110011011111101101000101110000001'
T'110010000110010001110010000100100101110000101110000101100010101100000110011110101000011101110000011001111001111111111100101110010100100010011001101011110101000010110010100100100110011101011101000100110011101'
T'001110110111101011110110000101110001010010101001100111010011110101011110110011101111011010001110100100000010100111111011001110110010000001111000000011110010010010101001100011001111011110000101111110111110010'
T'000000101011001111110110001010011010110011010101100010001111100000111011010110111111101111001110011001101000101111111000000001100010001100011011100011111010110111110111110000001100101000101100001111100000011'
T'000100010011011111111010000101110000110010010000100010000010000000111101111100101011101100111000010101110100111111111010001010001111101111101111101110010110011110010100111001011100001000011100010010010000000'
T'111010011110110111101110001010011000110011011010100101110110100000100001001111010010111011100111111111010000100011111000100100101110110010000001111110011111000000001100001000110010010010000100000101100100100'
T'100000101010110011100110000001101010100010011111001111001110110110111010111110000100111110010110011011011101110111111111010011000001100001011011111001111100111110111011110101000110101000000101001101101010011'
T'110100110000111010111100000111000100110010001000110101111000010111101111110010111100110100110011101000010111000011111100101101111100111101110010100011011011111100011001010001110111001110110011001111001110110'
T'010110100100011011110010000101111001110010100011100000101001000000100010111000000100011111110010001010010111101011111111100101001010010110101011001110010100010100100010001000011101001001111011100011101010110'
T'000000111100011011111110001100101011110010111010100000000000000000001001101111001000000000001010001001001110101111111011011111100100110111111011011111111101010101101110011100101110000110111001111000001111001'
T'100010001111110100000010000100111101110011111110000000000010110111000101011101000001001000111101000101011100111011110001011000010001101000111000111110111010100100001011110001010111110010001011011000011111101'
T'101110001000101001110100000101110100010111101110101001110001011101111010001000100010111001001111100000101110000111111110100000010000011011100100010010101010111100000101111101111110000010110111111010000011001'
T'011101110111001101101111101001001010101000000010110111101011011010011000000110111010001101011100100000001011010011100000010000001001111010001000100100101100000000010111100100101011111100011100000000001111110'
T'001101111111101100011100001011100011001000111000010001110011101100010101000001101100001101110111111111110000111111011111001111110000101110000111001110011110110010011011011110010011010100101011111101101110001'
T'001011000111010011100100111011010100000100010111100000010000111010111011011100111010100011101000001001000011011010011011100100110111000000001100000001001111000101110110000011110001000001110011010011010011010'
T'001011001001000010010011010111001001101011101000110100011001100101001111101001010101000011000000010110100001111000111101110010111101101111101110010101000010101100010101000001000010000001101000011001101011010'
T'100001011011001101101111100001000111001111001000100100010011111101010011000100011101110100111101100000010100101101110011110100011100101010110000100101110101100100101001000000000100000000010010100010001001010'
T'001001000101001110110011101001011010110111101101100000111111100110001011011101110101001010111011001100001101000111110001010110011000001100110110101111101111011011111111000011101000000000000100011011011001010'
T'100010100010011001110110000101111000110010100100100000101100000000010101110110011001000000100101110110000100010111111001001110011111010011010011111001010101000111000100100100001000010001100101000001101010010'
T'001000100101101011011010001000111000110011000011100000100111100010010010100010010111100011011010010101101000101011111010001000001110110000111111101100100100011010000001111110101001000010010001110001100111001'
T'010101011111111100101101111101010000110001110001101101000101100100001011101101001000101000010001100101100111000110100000101101000010010110011111010100001111001000010000001101110011011000000111010000011111101'
T'000101110110001100100101101101010100000001110101000001001110101101001100100111011011000011011101010000100011110100000000111000001110010110011110010000100001001011010111111100011101101111000110000100001111110'
T'100000110100001111101010001111111000110011110010100001011110100000001011011110011010110011110001001101010110011111111000001001001110010000010101011001011100010111001011000011111110000110110000101010101001011'
T'000001010111011111100100101101110001011001011000100001010000000110010001011010110100110011111011010101110101101101011000110101101101100011100100001000100000000111000111110110101010011101000011000100101111101'
T'101111110001010000010100100101000111011110111010010100001100011011011101001010011110000100100111000101011101011010111011001111110010100011111011111111001011111111000101011101000011101111011111100011000100111'
T'101101001010011111100100101001110111011010010011100010110001001111000111111111111111010010110101000110110000011100101011000101100110010110111011111111011111111111011100111111011100001010100111101100111100110'
T'111101111111101101001000100001000111011101011000101000010000010110100000111100110101100011001111111111110001101110110111000111111100110011001010010011001001101001110001001010111100011010110110011011110000001'
T'001111111111101110001010110001010001111000101010110011111110001110110011111111101011001010111011111111110001011001010111010111111101000100011001110110010000001101000110101000000010010000110001101111010010111'
T'011011011101001001110010110001001011110101001101100111111000011101001010000100001101000001011100111001010010100000100110001101111111010011101010110000010011100011101111001011111000000011001111111100000011100'
T'111111110001001010100111110001111000000100001001011011111111000111011000000100110101100011000011110011010001011101100011100100001110011100001000001011011101010110010011001001010010010011010000011011011010010'
T'011111101101100110011111010111100111011101011111111111001101000000111111001100010101101000001001000100101011100000011011001011010001000100000001000001101010111111111000001000011010100011101001101010011100110'
T'111111100011110001110010100111010000001111000001100100101000000110111001000011000001001010000111011011100001010110001001010011001100011110100110101111101011000110101101100000011111011011110000011111000011000'
T'001101001011100101000110110000010111001001110001101010011110001111110110100101101101001110000111001000101101011111010101001100100000110011011011011110010101001011111000100001110001000010110010100101111011010'
T'111111001001100101101010100111010001110111000000100110110001010001110011010100110000010000000111000110101011001111001000110011010101000110000000001000010110100001000100100001100000100011011000000101000100110'
T'111101100001100011111110010011011011001110011111101101000111110010100110110000100010000101000011101101011001100111001111100010001010001100001110111001010100101111010000001011001111010101101111100010100000100'
T'001111010011110011100000100111110000111011001010010101010110010100000110011000010110000100011000111010110001110001101111111010101111010100000110101010100111101011101110001001011000100101000110110010111010110'
T'101101101100001100010000000101001111010111110000001101011011000001110011000000100000010101010000000111100100010000111011111001001000111100100110101001100111100110011110000010010000010111100100010111100011001'
T'111111101001101101111010110100100010001011010000000001110010101100100011100100010000001101100001101110110001011100101100101010011100100101111011010111101001110101001000111111100000000110111101011001000101011'
T'101111010011001001011111111101001000000001111001001100101110001000010100100111011111010000000100001010101010010111110101111100111001110000111011110011000011110000101001100010000101000100100100000000011011110'
T'011101111001000111011001000000100110100011101001001010001011000001110000010111011010100010000101000100101111001011101001100100010100011100111011101010001100010111100000100011010100100100000000111111000011100'
T'001011010001000011111010100010001101111000111110110001000000111000100101111010111101110011001011100001111101011001001110011111011011111110110100111010111010111000010111001011100100001000111010101010001010010'
T'111101111011111011011110100110111010111000010111010001110011001001010100111000011110001101001010011010010110110001110111010000110111010000001010010100101001110001111111001010101100101000001010000001000111000'
T'101111000110111010010010001110101000100010011111010001100111010110110011110000011000101101011100010001111000011100001011001010010110000100110011000100100100111110000101110110110001101011110001011100111100001'
T'101101011001011000001011110010001111001111111010001110111000100000011011010010000111010100000000000101001011111001010101100001001011000111010001001110000110010001110001100010100000101001010011110000010110100'
T'001011000111101100001111100001011000111111011101011101010010111100011011000000110110110101111101101101111110111001101010010111001010111000110001000101000000111000110100001000001010010000011000001111001101100'
T'001000010110100101011101111011011100001110010001011001010100111011010010010110001000001110011010011111101100110100001001101101111101101100011000101100100111101010011100011010100000100001100101011101101111000'
T'010011010000010111100100001111000111111101011110101011010011101010110000100000111001011010100111110001100101011110010101111010011000010000110100000111011100001101110110110000110000100001101110000000110011100'
T'110110100001100110111111001010001011001101111111010001111111010111101010000001001110100111011100111100010110111010110101000001110011101001111100001100101100000001000101011011000101101100101100111111110111110'
T'000110011101100101100110101000000001110011111111101001111110110110000101010110010010010001000001010001000011111111100011101000010101111001000000011010100111101001010111111101010011001010011001110111001111100'
T'100110000101001111110000111001110110100110111111100011111111111010010100111100010100110101111100100010010100101111111100000100111101000110111011100100111110110000000101100011011110110010010101100110000011110'
T'110110000101111111110110011010110010010000111111011011111110111011000010110111110000000110000111100010101101000101110101101101101011101000010101100101001100011000111001010101100101100001111010011001011111000'
T'100000010010111101100100010001010010101100101100000000100010001011000010010011011000010000101110101110100100101111011101111010010000010111001101010000111000001110110111100011000001000000100111110011001100001'
T'010001110000010110110011101010101110101000010111101001000100100000010001101001101001100100001111110101101000100101010010101010011001101001001110111000000001110110000000100101110001100000111100100000000010000'
T'110001010000110011010000000011101001111110101010001011100011110101000010001101101000011011010001001111100101110111001011010011100111001110100010100111111010111100000111010010000001100001000101010101100001110'
T'111011101001100111001001001001111111000010011010000100001101100101000100000000001100100001101110100000010010101101011010101101100111001011100010010011000111011101001011000001111001000000111010000011111001100'
T'011001101011000101100100100011000001101100101100110010001001110100110001011001101111100100101011100010000111010100001111011101000101111000011111111111111100011110011001000010110001000000010010000110110011100'
T'001000010100000000001011101101100100001111101010001110000101000001100000010110001000001110010000010010001111100110100011101011010001010111000100111100111111111011110011101111000010000000111010000010100101001'
T'101011101100000001110011011010110001100110011101110100011010011011010000110101011001011001001101000101101110001100111000011010000110010110000100100000111100000010001010011000110010000000110011111010000001101'
T'000011011010110101001000010010100110010110100000100000110010011111010000101000100000001100111001111010101100010101101011001111101110000000101100000111010101100101001011001010000010000000000000011110010011101'
T'001011000101000011100110100100011000011100111110110101111001101110110010000100101001000011010101101101010001010000101010010000000011011100010010010110010001001110110000101111101010100000011000001111011010000'
T'110011110000110111111000010000000101110010111100110000100111111010000000001001111000010100011011001011010001011111101011101000110100100110011011010000011111110011101011111100100010100000000011011011001110000'
T'010001000101001110010101100100011111110101010001100110101101111100000010100010111011101110010110000010010100111000101011011011001111011001000010010101110101000001011101000010011010000001011011011100010110100'
T'100011010100100110000000011000111111101010110111100011011101001010110010001000101000010111001101010100001101000100000111100001110111101010001010001000100010010101111101010001110100100000000011010010110111110'
T'110001101011110111001110111101010100100011010110001110111101100010011101000100101001111111010011001100001101011111110110011100011000010010111100000110101111110010110101000010100100000000101001000100001101000'
T'000000011011001011010011110001101001110110000110001110001101110000010000000100100000000100111011100010000001010101011100010011111010010011101011111010000001011010010001110100011000000001000001011110001101001'
T'010010000001001111100000011110011011110011010111011011101110100111011100101001010001101111010110011101110111011011110100100111111100010100010000010000010110010010100010000110001011011100010100001001101010000'
T'001111010000001101010101111111010101100011111100111101010011001110110101101010001011010110110100010011001010011001001010000111011000000100010111011010001010111001111111000110000101011000000110011001011010111'
T'101101110100111010011111111100011111000100100000110001010100011100110000001110000111010111100101000110011111001110110111100110111100100000001010111111000100110011111011000110011001100001111110010101001010011'
T'100001110010111111100100000100110100010001001111011001000001100111001000110100010110100111101111001011011101011011110101011011101100010111101110101011010001101101001001000111111100000000011110010011011011000'
T'101101100101101001001101100100101100010111110101001111111001001111100010000111100000011010100100111000001011010011110101101100101111101111011100001010110110000011000010000111111011001101000101000000100001100'
T'001101100111100110110001000001111101001100011011011110101011000000010011110000010011100100011000100000110010101100111111100111010101101111100000000101101001001111100001000100011101001111001010001101101110010'
T'011101101011010100101110011101100101101100001001100000110011111011001110100000111100011000001000100100110100110001011110000110110110000001100010001101000101010001101100100111001111001101110110000000101100110'
T'111111011111001010100110011010010010110011010000010100111101101011011010000010011100000110000010110101001001100111001111100011000001111011011101101110101011110101101100000100010111000100000100110100101011110'
T'111101010100111001000000111000011101101110111100010101101110010100011110000011101110100111111101101101100000011000101010010000100101001000101111011111000011010000111000001010001101100101010011101101110000111'
T'011101101110000010110101010001101001000000100001110011110001001011001110111110000000110110000001000010001001011011001101000011010011111000001000000011110110100100000101001010101100110001110010000100000000011'
T'101111111011010110110001000110100111100110100101000101001001110000101111000000001011111001001111110011011101000011111011011100100101110100011010000000100011110011101010001110011111001111011010101101001011110'
T'001101001011000011100001100001100100101011111011010011010000011010110011101000110111000111001000011101110111001011011011111100100111101000000101100010101010001011110100001101111001011110000010111101010010000'
T'010001001110101010011001110001101001101010100010010101111000110001001110110001011111111111110011110001000001111101101100101000110100110000110011101010101011100011101001001100001110000001100111011110001101100'
T'011001110110111111111110011000010010100111011000000101010010110100110001111001011110101001000101111001100011111101100100101111111011000011010111111010100110100101111011001001100110000000011010101110011001000'
T'101101111111111101000110000111001010110100001011011000100011111100101000100011010010010000010101001010100101000111110000001001110111011111100010100001010000001010010111011000000100111001110000100000111010100'
T'111111001001000010111010111011010111101011010111010110000010011100101010101000100110000100000000010011110101111001001111011000000000011100010001100000001100000010001100001010101011000000101000101011101001110'
T'011101011001001111000011000001011101100010101100101001111100100010011000000100001110000110101001010001100110101110011011001010100010111000000110101011011101000000110011010110001000100110111110110111011100110'
T'011101000011101011010000001110101101001010011000001010100010101011100110110010010100110010000110100011010100111001011000101100000111101011010110000111011010101111010000010000111100100011101000110011100011000'
T'001001010000101110110111010000001100001101001100011101100001110110111011101011110101110101110110101111101010010000110011110010011101111110100111101000110000000001100101100010110000000000111100000111110000110'
T'000110000111011110000010001111011000110000111101110101111111100111001011111011110011000000010010010001100000011110100000110011111110111110101000001100000101000011110101100100001001000000000010101001001010010'
T'101111010111001101001010110010001000100111001100110001110000001000001111111111011001100100001000000100011001101010111011111111110110000010010100011100110011100001000011100010100000101111001110101101011111100'
T'111111011000000001001000100101111011000010000000011110101010001001110100111111010001001010111100110010111101101100110011101010000110000000010110110100000011111010001110000010111111001001100111100010101000101'
T'111101010010010100101011110010010000101001011111010010101100010100100100000110011111101111011110101001010001011110010001000100110001110100000011011010111101111001001100000010010011001001000101110010110011011'
T'111101011001101010111111000010010110100111100011111110101111110010010111111010111101100110010001010100011111100111101010110011010001001100010010101101010101011101100011100110001011101110010010010000101100100'
T'101101111000001000011111111001101110000011101101111100110011001000101010111111111111001001001111101111000110001101010000011001011101110110111111111111001011111111001001010010101101100011011010110111111100111'
T'111111111110101111111101000011101011000101001011101111110110101100110110010101111111101011011110111111110010001010001111010111110101100010101111001001010010101100010001101110111001001100001011010100110010000'
T'000000010000111011000110011010100110001000110010101110110100011111011100010101011001111000110110100001010100001100010000010111000011001101111000000001101000101101000000101011101110001111111110100110010001011'
T'101000000001001000010001111100000011111000001000001110101100100110010000011101100000000011011110010100100011011010010101000010001010011001100100000011111010010110110001110101010001000001100011100111100001000'
T'010010000011111001101110110010010111101101110101011000010001000011000000010010101010010011000111010110110100110000110110000011110110000010101000111100110101010100110110101011100001000001010011111001000001001'
T'010000111010111001010000000100100001111000110110110001000101101111100000011100010110110000101000011001000111100010101101011100000101001010000100011000001011101100100010101001100001000001111000000110001010001'
T'110101000010010001000011110111000011110011000111100101101100100100001011000011000000010010110111110110101010001010010101001111000101000001100011010000111100000000001001010010111110111010000000000000001010010'
T'000110010000010000010011011110100101010010001001100101111110100100010011011010010000000010001010011010001101111101100011110000001000010001000100010000011001110000110011100110011001010011010110010100001000010'
T'100000111000010010101001111000111101001010101001010001000110100011000101001111101001000001010000010011001000111101111110000000010001100111000001100001001100000101011010110111101100100110011001011000001000000'
T'001100110001010011001100111110100001101001011001101000100011100000110100011001111110100010111011011010100101100110010001011010011100001001101100010000000010111011100101000011100001011010110101011000001000001'
T'000000010111010101100010111100000100001010011101101111111000100011000010011010001110110100010100000001110110100001001111101101011000100100100000110011111011100101001111001000011110110101111000100000010000010'
T'110100110111010100001011100010000111111001010010100000010010010010110010000100010111011100101011100111111010101000010111001101100010010001010011100001101100111111111001101001110101010001000111010100010010110'
T'100010111001010011000101010110111001000001001000001000111110000001001101010010101101100011000011110011111101110011010111111000100100110010000011110010110110011000100000101010111110010001111110011000010000010'
T'100110001001010000000001111110101010011011001001000011010000010011111110001010001101001000101110011101100000111000011100010100100110110001101000111010100111111111010110001000111000000110011001111000010000000'
T'001010000010110110000010010001100011110101101010000100110011010011011100100101111010110010101000100001100011101010110001010011000010000011010110101000010010011000111101101111100101000001111111101100100011101'
T'111000011000000001011001000100110000001110001000101010011001100010110100011101111111101111100000100011110100101110001101011101010010101101101110110000111110111101101110111100110111011011000101011100100000000'
T'000100110001110000011000100100010100101100011010000101010001110000111000001010101100100000001000111001101101001011101101110110111100011111000011100000001101001010100110000000101001101001101000111000100000011'
T'010110100000110011110111101110011001000101000000100100000011010001000001000001010001101110101001010001000100001010101010111100010110001111011010010000110100100000000101011100101000000001110000111101000000011'
T'101001000110011010110111111111011011011000110111000000001011001000110111100110001111110101011110000111001001001101001011101011000111110011000100000000011100000000001111011110000101111010000000001100010000011'
T'110110000010000010100101111000100111101101100111110001011000001001000100011011110100111000011011111001010110111010100000111000101100110000010000110100001010001111101000000100111011000111000000011001101100111'
T'110100000001010001100010000010101010000000011010000001110101100001001111011111011001101100010011001010101001001001110011101011110111101000101111000000001100000111001100011000001001010001000000100100010000011'
T'011000001100101001001110100111010001000110010000001100000011110101101011101110001011000110001111100100100110100011100010001110000000111011100000010010100111000001101110101110100100101101100010011101111010100'
T'111010000010110001110111011000110101001100011111100000000111001011001110101001111110000001101100001111111011110000101011010111101000111100101010110011111100111110000001101111110001100100000010100111110101001'
T'001010001000110000011111011000010101110010111110000001011101000000011010001100100000101110010011111000100111011101101100100010001100001100011000010000100011000001011001101010010010110111000010000100010000000'
T'111110000001110001111010000000111110010001000101100001111011100000101000110001001111010011011101110000111001111001011100000101010101000100001111101011000010101001100000011001110111010001000010000000010000010'
T'000010001000100010100100111010110100100011010101000000011111100000000100010100000100010011110011010110001100001101100111100010011011000011010111010110000100110000101110001010001000100100100100000100010000000'
T'000000000100110110000101101101000011110100011001011001111001011000101101010010000001100100010011000111110011110100000010001000001111111100011000000100100110100001010000001001111100011011000110000010011011001'
T'010110000000110001100101001100111010011001100001000000110000100000110110001011001111000110111101001000100101101101000000010101110010100011111010101001111100010000100001011011111100011010001000000000010000011'
T'111110000001111010101011100110101110101111011100001001100110111001110001010111001100010111101001011010011110011101000100001010011001001010010000011101110000110000011000101011111100101100010000001110110111101'
T'111011100010101011010010100100000110100010000111100101001000001010110000001100011010001000001101010100011011011111100001111001100111100001100000000000011100000000111000110001111101111011010000000000000000011'
T'011010000001100010111111000110011000110010111001000001111111100000001101010001011111011001111001010010101001000010001010000000100100010001111010100111000001110000001001011001000101011110010000000000010000001'
T'100110000111110101110000101010001111011101010111011000101110111000000111000000100010101011110010111001001110111011011100110000011010001110001100000010011110011000000001100010000000011111010010000101001111110'
T'001111001111101110010100101111001101011001010101101100000011001000001100001011110000110000000011011101111111100010000110001000110100101000010011111011110011101100010100100011011001100001010000101000010010000'
T'101111111111111011111101000101010000010101011101100100010010001110011110101001011100100010000100001110100001000100001000000110101000111000101100111110101101010001110001100001001110110000011011010100100111000'
T'101111000001000110011100101111011110111000011110110010001011101001111001111011000001101100000010000110110001100110010010011100010111010100100000010110010011001101000101100011101011000000100100110100001010110'
T'110011111001011110000000010010010000010001001100001010111110011100101000010001011000001101000101010000100111000000101101110111000111101100101101100100111111110101011010000001100100000001101000110101001110010'
T'110011011011011101111001000110101100101101011000000110111011110010000111101011001000101011111011111100010111011100100010000001000111111010100101111101100010011011000110000010010000000001010001100010000101100'
T'101110101000001010110110001111011000110010100000100001111110000001110110100010111000100110101010100111000111001011111110101101001110001010101100111001110100101110100100111001111101110000101010000100111101110'
T'111010111001001011010110000000011000110011010101100001001101000001011110100100110100101010111111001000101011010011111000001110001111100101100111000100111101101011000111110000100111100111111101110000101100100'
T'110010100100011100010110000001111111010001010110011010000001100110111101101110011111100000111000010010100000000111111111010101001011110111110010011010011011111001010101000101100111101101101111100110011010110'
T'100100110000111000101110000000101111110000111111101000000011110101110101111000011100100100001110101100111011011011111011001001100000111100111001111001110000110011001101110111110111001001110100111100010111000'
T'101100001101101000111110000100111010110000100010000000111100010101110100010100111111111111101010011001001001100111111000101010000001001100010100100001100001010011101001011100101000001111001101011000111011011'
T'010010111110001111111110001100110011110010011000000001000110000000111100100011000100101100010000100010011001001011111000010010011101010010100111010010011111111111001110100100000101100011110101011011111101011'
T'101000101001101111111010000101100100110011000000100001010111000000011110101001000111011011011000010101110001101111111010011100001110010101001110001100101011111011010010100010010010111101001010011000110000001'
T'000000010110000111110010001000110000110011101010000001111110100000110001101101111110000010000000000011100110001111111001111011011111010101111011011000011101000111110010000100101101000011001011100111100100011'
T'100100001111110110101110000100011000110011100001100001001100100111011111010011101000001111100001011001010110000111111101000000001111001011000000011000011101011100001000000010100000010001101100010100001100000'
T'101000111100111001101010001101011000110010010111100000010000100011001011010000010100000101010100010111100010011111111111101000111111101010100100111000101010010000100011010101101111001010100001101010100000010'
T'001010001110111111100110001110011000110010111101100001111011100001001000010011100101101101111010001100110011100111111001100001011110110111111001100100111010101011011110011011110001011000100101111111001011001'
T'100010111100110001101110000111011101100011111100000011100110010111100011000101011000011011001100001010011010001111111000101010110100111110001111000110011000111010010101110110001000001100111110001000010000000'
T'000100110100111101110100001101101000110010101101101001101011010011011111010110101101010001111100001010110101011111111000011111111000100110111011100000100010110101110100110111110111011101110010100000010110000'
T'101100010110111100100000001101001110110011001100111011011011101010011010110110010011011111001101100001100001101111110010100111010110000110110010010000010111011111001010110010110111000101100111111100010011001'
T'110110111100111111111010000010011000110010100010100000111011100000011110101000001001110101100110001011000101101111111001010100001011101010100101001100000011010110001101110001001111000100110101101010001111111'
T'001100000111011111110010000110111001110010000110000000001011000000000010011100100010010111000000100011000101001011111111001111000111100000000010111110011101101010110001001010111001110010001110011101110110100'
T'110100101110110011111010001100111000110011111110100000101011100000101010101010011111110111101100011100110110011111111001111010010111110011100110011110011101110001100000011001100100110001100111111101011000100'
T'110000111011101111111010001100111000110011101111000001000101000000100101101001111011111010110100010000010011010011111111010000001100000011101011011100110111011110111010000010111000100011101101110101001001111'
T'000110010111010011000010001010101100011101111010111000100000000000001110010001101101001110011110111001110001100010111111000011110011000101001010000001111111100111111001011100011111100000001101100111000011000'
T'111111010110101001000011010000111011000011101100101100100111100111000000001111111111010100100010011010111100101001100110111111101110010110101011111111011111111111010001011010011010010100001011100111111010001'
T'101101111111101110101011101001010110110001001011101101001110010100011010111011011110000100000100000000001110110000001000110000000100010010110111000011000001111111000110001111110000000000011100000000001111110'
T'001101001111101111011001101101100110001001100111100010011000010110101001100000100000010010001001000000000111100100010000101111100001101001001000100010011001101010001100001111110000000000011001000100001111100'
T'111010000000100011110111011010100111111010000101111110000100000111110010001000101101111100111101111101100001010110101110111101010000011110000100000011010100110110001101011000110001000001001001100011111000001'
T'011010100000000001110101100010111111001010111000000111111110100000010000000010001010001011011011111001000011100011011111111110011110100010010101011000100100100110100110100001011110101011111101011000000000010'
T'101111000110101011110100001000111100000100100110001101110101110000110101110011101001000011001100111111000111000101001011111010110101100010010100000000110110100000110000010100111001000110100001011000000000011'
T'110010110001010000110010100010001110010001011001000111111101100010110010000110110000111001011000100101000000100111001001101101011001101110110111010111111110000100100101111110110001000000100001011000000000000'
T'110011001100011001010101110100101010000100110110010001110110110100011000010000100000011101100010000001000001000101101001010010110011111101110100000000101100000000000100111011000001000000100001111000000000011'
T'011000101111000101001111000011101100000010001001101101010010010010110010010000001000111001001111111000110011100110001010100010111100101001011101000110001000100110101111001000010000000000110100000100111111000'
T'000010101000000000101111100100000011000010110001100111000010100000110010101001110011000011001101000000110010101001101100101110110011001001101111111010110111111010010000000011111000010000101100010000000000011'
T'111011001000010011111001101100010010011000101101100001000011000001010100101010000100110100011000011100101001101000100001101011100000010111010100000000000100000000011110000011011111111011100000000000000000011'
T'011000011000010011110001010100110101100111110111100110111100100111100000000100001000100101110010000110011111011100101111011011001010000000011001001110100111101101101010111111000000000001000111110000000000011'
T'000011000000110000100011100000100010011110100010000101111110100010000010010010001000011110000100000001000010101001010110100010010001100010110100000000000100000000011001101111110000000001100000000000000000011'
T'010010000101101111001110001111011000110011111111100000111111100001100000011110111100110110010010100111100100110011111011100001101110110011100100100001101101100111000100100110101100111111001011001100001101000'
T'101000010000000010001110001111101111110011111111100110111111100011010000010110111010011001111110100110001101111011111001001100000101001001010000000110100111111010011101000100001000111101010000010111101000011'
T'000000011111010001110110000000111000110011010011100000010001100111000111000111001110100110101011011010000111100111111010100010101111101101010001000101111001001111110001110100111001001000000011100011010010111'
T'011000111000001111011110001111110110100101111111001101111111110100110000001000011001101101000101001110100001001011110010000001101011001101011100011000010100001111101101010010010100011110010110101010000001101'
T'010001001111011111100001000101000101111100111100111100110101001101001111001111010111010101110100010010000100010011100000001000010111111101111111101110001011000110110010000000100000000000001110000100001111100'
T'111101001110101111111110111101101001101000111101110001100001000100101011011011010111010100101010000000010000000110000010010011001011001010110101000100001100001000001110010010000111100111100111001011001111101'
T'010000010110100101111010011110111010111011111111100110111110100111110000001010100010111100001110101010100100011100011011111111000011101111011110110101000001001010010001101011011000010110101010011101111000011'
T'010111111110101101001100111011110101010000000010011111011010010100110011110010101101011001110101101101111111100000111000101000000000011011110011100011100001101010011100100010101111000001001100000100001111111'
T'000000001111001011111110000001001011110010010110000000101001100000010010101011011100100010000100111101111000000011111010001000101011100001000101000010110110100000011010100111110010110011110100111011110100101'
T'011100001010110111111010001101011000110010000111000001100110100000101110001100101100000100001001001111100001110111111000111110101111100101010100110011010010010110110101001100010000000000101000101000100100011'
T'011101111111101110101100111011001010011001010010010000101010011011100101101100000101110011110010111111110111111000001111001111110010110101001011001111100100000111011011101000010000110000100100000110110100101'
T'100010111100110010100010001010001010010010101001000111000011000100110000011101011101100100001110110111111110011001011110011101011011000010110000000010101001010011010101000011000000000000110011110011011001101'
T'101001100110001001100010010101010010111100111100000101100011001000000010000111001000010110011100011110100010001010101111100010001101010010111000001100001100000000110110000011100000000001100000000010011101111'
T'001010001101101011110110001111111000110010111111100000111111000000000000001100011101000011111101000001101011111111111001001110001110101111101000010111111110000011000111011010100000010111010110111111110101000'
T'111010001100001011110110001111111000001010111111100001111110100000000010010000110100001101101100110110101001010100111111000011001111010110011100101000101011111011110100010101001101100100001101101100011110111'
T'100010111110100001011110001111011000110010111111000110111111100111000000001110000100000011010010000100000101010011111101110111101010111110100111000001101011001100101100110011000001110001010110010011001000001'
T'100100100000100000001101000100111111101101001111100011000001000000111101011111000100111100111110111101000011011100010010011001001000101111100100000101011001100001111000001111011111110000100000000000000000001'
T'011000110000010011110111001110010110110001001000000001010111100011000000010111011000101111000011110100101011110011001001000011000110101101100000000000111110000010010101000011010000000001100111111100000000011'
T'000010001001100001100000001110110110100001100000000010001110100000100000000101000101000001000000100100011001111101010111110000100111011001010000001100001001000111101001110010000001000001011100000000000000000'
T'100000001010001011110010001111001101110011111111100010111110000000010000011001101001010110001010101111101110011011111110101011011000011001100111101010111010001100010001100010011111111001010011101010011101001'
T'100010111011000010111010001110111001000101111111000101111110100111100000000001011110101000010101111011111111111011111100010101000101111110000101111110000100000101111111000111110110100110011101000101100110010'
T'000011001001110000000110011010110111000001011011100001101110000111100000000100101000110101111111000100100100100010100101010010110100101110110100000000101000000000101010001000000000000001000000000000000000010'
T'101011000000000001011011011110100000001011100111100101000001000000010010010001010000110011010110010101000010100111010111111010100001100111100100000000010000000000110001000011110000000000100000000000000000011'
T'001000100010001101011111000111010110001111010000111001101101100001010010000001101001110110001010000011111000101111010111110000001010100011011010010001001111100010101111000011100000000000100011000001101111011'
T'100000111000000010111110010100100011001000111101100111010101000101010000001110001011100110000111100110111100010001011111100111110100001010001101111001011111010101001000000011010000000001100001110100000000001'
T'101100011101000111010000011000010000100110101110111100110101100001101010000101110111111110000101100101000011110011001010011000000101001010101110100100100011111000110011111101101001000101001011110011111111001'
T'111111111110101111000011101101101111010001000000001100001001000100011011111111111111010001111111111111110111111100011111001111111001110011111111111111011111111111010011000001110000011001011110011110110100010'
T'111100010101011111110011111111001111111110111111111111111110011111010001111111000001011010011111000111111111110111111110011111111110010110010100111101010110010110010101001101001111111000101111110011001111110'
T'111110111110101111111011111111001111111110111111111110111110011111010001111111010111110000001101010001101111110111101011011110000010111001010111110100010110010100011100000011000100111101101000010110110101110'
T'001110111111101111111011111111001111111110111111111110111110011111101101110100010100111010001011000100110111111111111100111101011110111100001101010110010110100011010101011100010011101110000110111000000100100'

#number of aborted faults = 88

#number of redundant faults = 59

#number of calling podem1 = 452

#total number of backtrace steps = 597382

#total number of backtracks = 46437

#FAULT COVERAGE RESULTS :
#number of test vectors = 305
#total number of gate faults (uncollapsed) = 15104
#total number of detected faults = 14938
#total gate fault coverage = 98.90%
#number of equivalent gate faults (collapsed) = 7550
#number of equivalent detected faults = 7407
#equivalent gate fault coverage = 98.11%

#atpg: cputime for test pattern generation artifacts\paper_v8_smartatpg\inputs\c7552_binary.bench: 1.663000s 1.968000s
