
#Circuit Summary:
#---------------
#number of inputs = 178
#number of outputs = 123
#number of gates = 2973
#number of wires = 3151
#atpg: cputime for reading in circuit artifacts\paper_v8_smartatpg\inputs\c5315_binary.bench: 0.209000s 0.209000s
#atpg: cputime for levelling circuit artifacts\paper_v8_smartatpg\inputs\c5315_binary.bench: 0.009000s 0.218000s
#atpg: cputime for rearranging gate inputs artifacts\paper_v8_smartatpg\inputs\c5315_binary.bench: 0.000000s 0.218000s
#atpg: cputime for creating dummy nodes artifacts\paper_v8_smartatpg\inputs\c5315_binary.bench: 0.001000s 0.219000s
#number of equivalent faults = 5350
#atpg: cputime for generating fault list artifacts\paper_v8_smartatpg\inputs\c5315_binary.bench: 0.021000s 0.240000s
T'1010111110101111000111011101011101001000000010010011111100101001000011110111110010000010100010110010111011101100101001101001001001111110111111110111110100101101000010000111100100'
T'0010000000110110001001010000010000011010001110101010111011001011110001010101101101110101010100110011000100010001111111001111000010000101101110000011000101010111000010000101001111'
T'1100011111101011010001001011101110110111001000001000101000000010001101000000101110111101101001111000100010111111000111010101010010110001000101101110011001010011001011011111110010'
T'1001011001000000010110000011110011000000000001110001100011010101011101101111011011010110001010011111110111101100100000011111101001111100000000010101010011010010000101000101111011'
T'0001010000101111100101100001111100100000111100101011000101011110100001001110111101100001101110110011101110101010101110010001000101111101000010100000000000110010110010101011010010'
T'1000110011110001011111100110000001100011110010011110100010000010101100111101011000111101000001010001011111111010100010110111111000011101000001000110010000000011111001111111100010'
T'0111010001001011010101101001111111100100110010000100110000000110111011110011100000000000101101101001110110110000010001011001111000001101100100001000101111010011011011101000111100'
T'0001011111111001100010111010001111110100001101001010011110011011001110111110001011010011011101001001111010010011101100111100000100011001110101000100111100101010011001110100111000'
T'1100010001000011010100010110000111100000011001001010110001011110111011111111010110011111000111001111100101001110100010111111100111010000011100101100010111110110110010111010111111'
T'1000001100101000110100101100001100010110000011010001110001011011100001110111100011111101110101111101110000110111011100010100010000111010000010010100110110111010101110100110010010'
T'1011000100000011001011111011101100100010111101111011101110111100001000101000001011010010001011111110000001100101110011101011100011110001011110100011111111010000101011000000000110'
T'0010010000111011010000000001100101101111110101010100010110111001010111011000100001110111111010011101111100110100001101011011000011101100100111111111110110100010101010111001010101'
T'0010111111010011100010110000101100011011110110110011001111011010000001110010001110110001010000110110111101100101100001011001100111100110000001110101000111110100111101110110001110'
T'0100000111000000000100101111011110000000010001111111100100101001111001011001010001000101110111000000110100010011111010100100011001100000101011001011000011101100101111000010101010'
T'0111001110100101100000001010100010101011101001011000100001100101100010110010110001011101011110000111000110011010010001101100111101111110001001011010010000101110001001011110000100'
T'0010111110111000111000100100111111000101111010111101111100010001111110100001101100011011101001100011001110101110011110001100101111111100000100100111111101111110001000111000011000'
T'0111111001110010101011001000101111101011111001110101110111011001110100101011000110100000011010011110100011101010111000010000110110000000010011001001010011101111100000011011101101'
T'0101110110111110000000101101100110010101111100001011111001000111111011111110010000001000100001010101100000110111101001000111110001111011000100010000011001101111011000101000010100'
T'0111111100001100101111110110101001110000010001111101000011010001000110110100111100101101101010110001100101111101111001000111001000011100110111001100010001111010011110001001100001'
T'0000101100110111001101011000111101101000110000000001100001001001000111011110001111101001001000111000011100001010110110110101101011101011001000011110011011000101111111000100100101'
T'1101100100101101000101000011111110010000110000001111100011010001000011010110111011001111000111010111100000110001111010000110111110110101011001110110100101001000001110101011011111'
T'0011110011010101101010011110011111101011000100101011010000011001101110100001101010100100111001010000010111011111110110011100010100110101111000100100110110010001110111111110010011'
T'1011000101001000011110111101101111000111011010110110101001011001100101010001011100111101110001001001111100101001001101001100010101010001101101011000011101101001101010001110110101'
T'1110101110111111101000110101100000110010010100010011011000010111110010011101110000010100101011110010101110101110001100100110000011001110010111001100001101110000011001010010010110'
T'1100000010000100111100000111011110111010100111101000010111001110001000101111111101011010100110000100000111011010001100110001000000101011100110110100111111110111011101000011100011'
T'1011000010000000100000010010100001101010001111100100111010101111010001111011010111010000111101010000001010100111110110010110111011010101100100101001011111000011011010000000101111'
T'0111001000111010110101010001101001100000111001100001001101101001100010111100101011001001000010001110010000011110100000111101110011011100000000001100110111011011000111001110001010'
T'1010100101001010110100011001010010110000001101100011000010110000110011010011000111100010101100011111000111111110010010100011000111001000000000001010001010110010001000001010000110'
T'0111100110101001101110111100110101000010110111010111010010101111110001010010001100000001101011100110110100100111111010001101101010101110000000001011010010111010000101111001101011'
T'0000011000001011101011001010101100111000111111100011001110100110101011110111001101110010010111001111111111110110010000001010000101101010011011011100111001110111100011001000111110'
T'1001011100110101010001111010110010100101111111111011001000100111110010001111110011101100000110000011110111001011001100110001000000101000001111000100101111111000010011101010100101'
T'0011001011110100101110111100010010100010110111011001110001101000101001000010110101011100111111011110010111111011010110000000100110111000000000001100011101110011110110100001100010'
T'0000001100100000010101001000011011101010101001011101111100001111101010100011111010000000010101110010000110111001011110101111001000100111000100101111000110101110110111010101111111'
T'1000101001101011110101001001101101010100110111100001001101011111111101010011101001100010101100110111001111100000110101000111010101001101000000001110100010111111100000110011001110'
T'0111001101111111001100000011111111010111011010001000110101010100000010011111110001110111100100101111110110111110011010001110101111011101111011010010010010010000010100001111101110'
T'0101100101111101101000001111111111110010100100110011001001011000010111011101110100000011010011100010110101101101010001110000101100100001000000001111001001110100000101101111010111'
T'0001110111111100000001101110111010010100011110001011010100111100100011111101100111101010010000001100010100100011001100000010100111110000010000000111001011000101011111111010110001'
T'0001101011111100010100010000011011000110101000111101101010100001010000010001011110001011110101011100011010011011111001011110000110111101000000000110110010101001111110110110110001'
T'1000011111010100010100111101101010111011110100010011101011011101111011000000111111010100110101111010001111001000011011100011000100000111000100101111011000101010010110100110111111'
T'0000010001011110000111101001000000101010011101001101010011100011011010101100101000110011011011100101110001110100111011111010110110110100001000001101111000011110101001111011100001'
T'1111110001011001100100011001010001011101001000111100010101011010010011110111010110000101111100100000110000100111111110010100010111111100000000001101111010010001111101100011000111'
T'0100010001101010111011000101101011100001100001011001001110111001111101110001011100101010001001011111001110011110111111111111101001001100000000000001111001011110110000011111101110'
T'0011111110111110001001100110010110000101111110110110110011110110000001010011001001111101110011111101111000010101010101111000110111101111110111001111110111001100101101000010001111'
T'1110001111101110100100111011000011101111101111100011000001011111110000011100010010001110110100010101011111101100110011010001111000111110000101001110001010000000000100110101001011'
T'0111000111010100000101100101010101111000001100000100001111100110101000001111001001010011111111101110011010101011110001111101100010010101000000001100000010101111111000110010001101'
T'0111011100010100101010010001111101010101000100110011011110111110110000111110111001010111110001111100011110101100110111100101010000110001000000000011110010111011001010110001001001'
T'1110001000000111010011000110110011001000110100000101001100000100100101010101011101111100110110001111010110000100101011100100011001111101000000010011111110010001101011111111100101'
T'1100110110111101110011010110101100110100011011001010011011100101111110110111100001101110101001111000011101000001101100111000000101100100001110010000000110000010000001110101000110'
T'1110111011110011110000100000000001101001001001011010110010110111011001011101100110001000100010101011101101011010111010011011111001000110111010100000000010101100110010101000001010'
T'0010100001011010111100111001100101011110000111000001110000110101001010101101100101100101000000110111001011101011001011111010010001100101000101101000000000011010010111111111100010'
T'0000010110011111011001100100001100001100000001000011110001101010001001100001011110100101011010000011001011110010100101000010111111101100000001100001100001100000100000011000101110'
T'0000010011001110010110110001011100011011100100011100011101110011101011000110000000001110110001000011011110001111011010101011010111010111000000000110101001110100100001011000101011'
T'1110000010110000111011110000110100001010100001010111011011101010000001100100001100111100100110000011110011001011001100110001000000101101010010000001111001111101011000001100110110'
T'0111110000101011111011001010011101110011000100000001010000101001000110011111000110001010100100000011110111001011001100110001000000101101010101101011011010110101000010101011100010'
T'1100000101001000101001110001011011100110111100101011101101000000000100011100001111110010000100000011010111001110001100110001000000101101101110100100111111011001000011001001100010'
T'1000010001100011011111110010100000011001011011011001000111010101001010010011110110101110100100000111010010011010001100110001000000101101010100101000101011101010011101011110011111'
T'0010100110001111110010101001011001001010001111011011000101101111010111100101010101111001101011111110001000010011001011111010010111110000110001100100000011011111100000001010010010'
T'1000010001010111100101111001011000110011101010010101011111110110001001010100101100010100011100010100111101011011101011110001001010110110011011010000110100011111000101101100101111'
T'0111100100001011011101110101101100001010100011001000100001011010011101010101010100001111000100011010010000000001010011100011110100011110000001000111000101000110100101011011000101'
T'0100001111011011011010001001110110010111111110000010101100111110001110001111100001011010011010010101010101110110001110001011010110110000000000011000101001111111001011101000110110'
T'1010100011111001010010001111111011100001111011100000001001000100001011101101001001101100100101111110111001010110001000001011010111000001100000000110001101101001001011110100011011'
T'1110001101100110111001110010100000010110011100101011101101001010100111111111001100111101101010110110011001001110101001100101111011001111000010010000000111000111011011110010110010'
T'0100100100101001110000010111101001010010011110000000000001000001101100010010101011001001010101001011001110101100000011110001110000010000110011001000101010000110111011100100000001'
T'1011011010111011111111011100100000001010000001000101111000001001100000101001110000100111100101000100000100000011101000001010110101100100010001010010111101111100111010110101100000'
T'0011110110000100110110111000100101100110110000111001011011010101100000110011001100111010110011100111101011111000011011000011011101100001110100101101001111100001111111101111011011'
T'1111000110000100001100010011101100100100000001111000011111000111000101011100011001000010110101011001101111001110111000001010011101111101010100111011101011010011001111011011011101'
T'1011000101001100010100001000100000000011010101100101011101010101110100100110110001110000010000010010001101111101110001011111100101010000000110101000001011000001110000000111100011'
T'1111001111101011011000011010110100001111001100001000011110000101100101000010001001110111111010010011010110000100100110101011010010111000011101011011111000101101001101110011101100'
T'1111011101101010010100000010010100101110010010011010000010001001001111010110001010000111001110100111001010001010101010100011010001011001011011110000001010001110001110010110111110'
T'1011011100100010101000101110011001100001101011001101000110000100110011100110100001100010110001110100010001001101011010100100111101010101101111110000010111110101110011110100000000'
T'0011100111100111001110010001010000111110010011000001110011111001000100010000111011100100011011111000010111001011011001001000011101000101001110100001000010000110101111100010110111'
T'0001100111011110010011011101111010111000101001000110011010010011011001000100001110010111011001111100010100001010011100110000111011011100111100100000001110000111000111010000101011'
T'1101111011010100101001111001011100100101100111000011011011011110111100110111111111000110101110111111011001110110101001111011010101101011001000010001001100101111011010110110101110'
T'1111000001011001101111010110111001101110100100011111011011101001101010101011010111000110101111100010100110110100110110101110011110000001111010010010001101110111110110101110011110'
T'1111001111110000100111010110111001000010000111000000010101000110111001110000111111001110000100111001010100110001111011110110001001011000000000010000001111011010100011101000010010'
T'0010101110101101010011101111100110000101111111001100111110111111110111011010101010011010100000111011011101101000011010110000001100011111001010010001000011100111010010111111011111'
T'0011010101100101100111011011111010000011011010011110100110101000000000101000001010111010101100010111001111100000000100001111111011110100100000000010000010100000101000001001001111'
T'1001111110000101110110010010111100101011011011010000010011101010110110010110100000111010001110111100101011100000010110110111011011101001100000001100111001101010101001001011110111'
T'1011101001010001011000000011000001111110100011111100110000111001101011101010111100110001110001110001111100001101001111110000100001100001000000000111100001101011111001111101010111'
T'0110001101001000010001111110000101111000001100000010100001010111100011111010001100100000101010101100010101000011111000001010101111100001000100001100111000111111010001101010011000'
T'1100011100101110101010011011010011001011001111000110011000100010111011001111101110111101010101111111111111111100001101111101110010101101000000001111000001000101001010110011110010'
T'0100011111100111100101000010111110010100011010110010001110101011100111000111110000000010111110010001011001110110010111011101011100010011010001000000100011011010011001100111110010'
T'0110101100110001100101000000001100100011001101000111101111001001110000110101110111010011100001001101011110011001101111111000001111101010001011100101111110010111000011111111010111'
T'1101111011111110010001100000000011010101101111001111100011110111110010110100000010111001101111000011110011101101001011010111111100000001111101100011101001000010111110010100011011'
T'0100101011010011001110111110111100101110011010100011001001011001011001011011101011101000110001000110001010011010001011001001101000101000100000100111001111000101000101110001100010'
T'1001110110001100100110111111110100100111000001000100000000001101100010011000001100001101100101110111110011110011001110000101111100111100010000101101001001110000001100111101111011'
T'1000000101111010011101100101011010000010100101101101000110001101001110110100001101100100100000010101011010110000011101110101010000001011001001010000111011001101111001100100000010'
T'1010001110011110010000000101001111101110100010111010111001110001000100100100010110100011101010111110010010001011100010000001001101111101000100001001001100010010000000110001110111'
T'1000001110110010101110011001010000111111111001011001010111110011010011010000011100101001001010000101010000010111010011100111001111010100000000001100110101100011111001001011101000'
T'0011011100101010001000111011110101010110100110110011011001010011111010000001100110110111110010111101011100000100011101011001110000001100010000000000101011000010111010111110011110'
T'1101101010011100001111110110100101110100010110010011000000011011001101101011111111011100101110110101101101010011001110111000101001110100000000001111010100110001000110111000001111'
T'1010000111110101101110110100111010010010001010000101010011010001000010110101010011100000010010101001001101001110101001000010010011101111110011111011001010101110100011001011010111'
T'0100111000011101110010101010001110000010100011010000100111011010111111010101111111101110110111100101101010111100001101110000011110011000110100011010100110111100110101010011110011'
T'0110001110001110101111111001011111000111011110111111001110000011110101011101011011111010000011001001001100010000110011101111011110100010010000100000000111111000000001110100010011'
T'1110010111101100111011001000101101110010110001000100010110101011111101100101011000101001110100110000100110000001000111011011110010001010010011110111010001110110010001011100100011'
T'0001100011111001110101010000001100011011110111010001011011011101100110011100111101010101111100110010110111000000111100101011011010000000011011111010010101110010110100101100100011'
T'1010110100100101000111101111110111000011010110000000100010001100101011111111011100100000101000100101011100000010101000101000111111011010010110010000000100011001010010101000010101'
T'0111111101010101101100100010101001000110110000000001000100110010011111111010000000100111010110111111111011110000001010001111111011001101011011111011101011101101010011010000000010'
T'0101010111101100000111110001111111011111010110000010101010000000001001100000010110001100111110001110010001011110001010111111111101001000011001011000000011011011111001001000010010'
T'0110101000000011011010011011100101111011011100110011000001111011001111111001001110001001001010001101001101001100111101011110010101001100001100010000000100000010010101110101011000'
T'1001101111101100100110101101000110101001011000100100100101100110110101101101000011000100110110011111011000000111010110100110000111010110101100010000000101001010100011100110101100'
T'1010010000100010000010001111110101111111100010011111101010001000000011110111101111111110111011011010011101001001000101110101011011001000101010110110101011110000001011101000111011'
T'0100011101111001010000101010000010101000000111010101100101110011011111010010000100010101010010000000111011001001100001010100111010010100010100100001001111101000110010100010111111'
T'1001001010101011100101001001001111110100101011000010000101010010100011011100001010101011100010101001010101000111101111110100001010001010110011111000010000001110010011000100011010'
T'1110001111000100001110001001101100110111110000000101011011011001010100010010010001011000000110111111111010111001000111111101011110011010011100001000000111010100111100001110100010'
T'1011101110000000000010111110110101010100011011110101101001111001010001001010010011011100100000010111111100100111101101110101001011010111011110000110011110110000101001110001000010'
T'1010110011010010110010010110000100001000011011011010100000111001011101110001011010011100101111001010011111100100100101110101011011010010000101000110000100001111101010111000110010'
T'1110100111101100111011011101010011011000100010111010000111111000001111010101011000110010101000111101010101011100111101001000101001101000000011000000001111100100000011001101100000'
T'0111001100010110101101000011001110101001110110001101001001011100101000011001000001010000011010110101110010001010000111111010011110110000110110100000010011101000101011100111010000'
T'0100010010000001111011111001110100101001100011011000001101100111111001011000110111111100010000111110011110101011011010101111111010100101001001101000001110001010010001100101101010'
T'1100000001101000010111101111000001101011001010011110010000010101100111001010011111001110101001010010011110001111001111111011111000110101011101000110001011011110101110001101111011'
T'0111100101010101100101110100101111110100000011101010100101001010101110000010011110010111111011000000000110011010100101010101111110011111011100110110101101110100010011010110111010'
T'1010011101011101011100010101011110111011000101101010100100101010000110101100000011110100111010000000111110110101000111111111110110000100111100100000101000011011111011010011110111'
T'1010110000001110010011100110110000110101110001001101000001011111010001111010010111000110011101011101011110110110011010111010001111110101000011001000011001100110010110111000110010'
T'1100000111001100110000011110001001000110110111000000100111001110111001000100110100001101101101001010111100000100001011111010000110001001100100111000000100101111011101101010100011'
T'1111011001011000011000110101010100001011101101100000100000100011000101110011100101011000000100110110001011101010011111101111101111101110010110010110010101010011001010111110111010'
T'0000100000010000100111100110100101101011100010001011001010001100000010010011110110011000100000000100110000101111001011111110101100011010011100010110001010000111001110010111010010'
T'1100001010100001010011100110110001110001000000010001100000111100100010010100100011110110110010101111000000100100000110111011111100100100100100100010001010000101110000101010011010'
T'1101011110010110111000001011000110101011011101001010000110100011011110101011110110000111111001100110000100011001011111100011011111001001000110101000110110000101011000010001000011'
T'1000000010111010110111100100101111100011100010100101000010110101000000101000010100101101011010101100101011010001011110110010111111110010000011101000010110110110111010001010010010'
T'1001100111101001010101010100100001001001011011011000101101101010001010111011000110010100000100100001001100010111010010111111011100100110010000111000001100011111101011010011111011'
T'1011111001101101110111001001101110101000010101000111001000101010101110010011000001001101010101001100101000101110111001101010011100010011111010010100000111100011100100100111011010'
T'1111010111010000001110011110101110010101000011001000100101000000100011000110000110001001010001111101101111111001111000000111101101011111000101001010010001100010011111100010010011'
T'0000100100010110110000110101101011110101110010000010010101110100011000111111101000010001011011010001011010111100111111001111100101111110000001000011001111100000101001011000100010'
T'1010110010011000011110000000110100111001011111010100001000010011010111100100110011100011100111011011001111101000101110010001110101110110000101001010110001110100100100010001000011'
T'1100100000000011111110010110110100110000101000100100111110111110011100100100100010011110011101011010100001110000111010101101010010101010011100001010011101101000110101100110001001'
T'0011100011110001101101111011001101000000111100110111111011010001011100000011100100011001110100001100011010111011010111000111000101100010010101110110011110101100001110111000001011'
T'0011110011111100101110011001000100110011010111101010000101100101001001001100111010111011010100100011001111110010011111011111010111010100001101111110101010011111010011110101111010'
T'1100111011110110100011101001000000101001011001110110100000011110000000111100100100101011010110100001101011111110111100001011111110111111000101110010000001011011001101101001010011'
T'0101011000111111110110101101111111011110011100110011010001011000000001100010001100011011111101010111111011101110111110111111000000110001001000000100010110000111110000001100010010'
T'0110111100101100100000000010011110111110010101110110011100001010111010011110100101000111011110111101111111001111001011001111100101001111000011110010111000011000011100010010010010'
T'0000011101011110110111101001011010111011011000010011110100101110111001111111110100001001010101011010011010111100100000011111110011111000010000000000001100001000110010010010000100'
T'0001011001001001000010101011001110010001101010001111101110011101110111010111110000100111111110010101101001110011011101110111110100110000001101110011000010111011111001111100111011'
T'1011101111010100011010100000010100110110101001111010110000111010111101110001000001000111011110111000011101111011111100101111100110100111000101110011101000011011100001001011011011'
T'1100111101110010100011011011111100011001010001110111001110110011001111001110110010111001110100011100001100111101000110101001101000101101000011110000001000111111110010001010010011'
T'1110101111010100001011010101100111001010001010010001000100001110100100111101110001110101110110110000001101110100011011110011000111010100001011110000000001000110111100100000000010'
T'0010100010010011101011011011111100011011111101101111111110101010110111001110010111000011110110111001111100101000111100110001100111111110000011110000001001110101111111000000000011'
T'0111100010101110100000100100011110100010101110011100101100001000110100011100011111011101110111010100001110111111000101011111100100010101100000000110000111110110111001000101001110'
T'1001011101000111101110101001110001011101111010001000100010111001001111100000101110000111110110010000010010100001101110010001100101010110001101111111000001011111101111110000010011'
T'1011111101000001100101110100011011111010000110101000000010101111010110110100110000001101111110011000110011101111001000000011011010111010000101110101011110101001000100100101100010'
T'0000001011110010010101111110000100001000111000010110001100100011100001000111001110110001110110011000000111000110000110001111110110100000010011111011100001111001110011110110010010'
T'1101101111001001101010010101111110110111000100110001101001110010011101010100000100011111110100010010000011111101011101101111001110101010001011110111010000100000110110100110111010'
T'0110011011100000000110000000100111100010111011011111110011010011010011100110010000001001001101011100101011110010111100011011001100110001000011001111101001010101000011000000101011'
T'0001111000111101110010111101101111101110010101000010101100010101010011010000110011010111100001101001101101111100001010101011111100011110100010011000010010011111110101001100010010'
T'0111011101001111110000010010110111001111010001110010101011000010010111010110010010100100000010010100010001001100011010101011010101111011001110101000110110101101111101101100001011'
T'1111100110001011011101110101001010111010011011010001111100010101100110000011001101101011111111110111101111101111111111110001001000110111000101000110011100010100010011001010110011'
T'0010001011000010101110110011001000000100101110110000100010100101111101001101001111100101010100011100010010010000010010101011010100110010000001100000001010010001001001011010110100'
T'0110000110100111100100101000100101111000110110100101011010001010010010000110000111111100101100011101000110001011010000001111110101001000000000000010010001100011001110010101011111'
T'1100101101111100100001101110001101101000101101000010111011010010001010000100011001011000000011000111100001100101001100010000000000101011101001010100001011110101100111110101000011'
T'1100100001000000110111100110110000001010010001000000010010110110011000000111010100001001110101101001100100111011100101001010001110001110101000010000000001111100000111111001011001'
T'1110010000100001001011010111111100011101101111001101000011010000111011111111001010111101000011000110010001100101001100110000000000101011101111001101011011110111100010011010101100'
T'1011000011000010000010101011001011100010111001011000011111110000110110000100101010010111010100010010101111111100101011011001010110101100000001110010001010000000110010001011010110'
T'1001100111110110101011110101101010111101011011011000111001000010001000000001110001111101101010100111010000110001001111101111100100010100000101001010011001010001110111101110100101'
T'0000110001101101110110000010010011100010101110101101011101100111111001000000010101110100001110111101111110001100011000001001111100000010100111110001001001001010011101110110100100'
T'1111000101100010011110001111111001011010100011011000001110010101100010110011010111110011111011111011101000101101010011110111001111001100001010001101010010001000000011101110101100'
T'0110100001000001011010000011110011010110010011011011000110011001100101001001100100110101011110100001001110011011110001101011101100110101100001111100000010011100010101100001000111'
T'1000101010110011111110001110110011111111101011001100101001010101101000100011001110110010000001101000110101000000100011001011000001011000110111101000001001011101101011100010011011'
T'0010110001001011110100100110110011111000011101001010000100001010000010111001110010100101000001001100011011111110110001101101101110110110000010010000001100011101111111110010011111'
T'1110000001110111110000001010100111110001111000000100001001011011111110001110110000001101011000110000111100110100000000100101111110111000111001000000000011101111000001011011101010'
T'1100100110101001001100100000110110110100101110110100110011111010111100111011101011111111110011010000001111110011011001101100111010100010010001001000001010111000000110110010110100'
T'0010010001000001101010111111111000000110101110100110101001110011111100011100011100101001111010011000000010111111000001100101101000000111011001100111001000011000001001011111011100'
T'0010101100010010100110011000111101001101011111010110001101011010001111101111100000111110000100000010110010001010001000011011101001011011000110110000010111111100100111000110101011'
T'1100011111101101001001101101001111110001011010111110101010011001000001100110110110111100101010010111110000111000110000001101101011101001011110110000000111100100100101101010100111'
T'0100011101110000001001111000101000111001101010011000001000111101010110011110010001100110000110000011010010001111001100110001000000101001000000010000101111110100001000100011000001'

#number of aborted faults = 14

#number of redundant faults = 84

#number of calling podem1 = 262

#total number of backtrace steps = 135350

#total number of backtracks = 10305

#FAULT COVERAGE RESULTS :
#number of test vectors = 164
#total number of gate faults (uncollapsed) = 10630
#total number of detected faults = 10451
#total gate fault coverage = 98.32%
#number of equivalent gate faults (collapsed) = 5350
#number of equivalent detected faults = 5252
#equivalent gate fault coverage = 98.17%

#atpg: cputime for test pattern generation artifacts\paper_v8_smartatpg\inputs\c5315_binary.bench: 0.290000s 0.530000s
