
#Circuit Summary:
#---------------
#number of inputs = 41
#number of outputs = 32
#number of gates = 590
#number of wires = 631
#atpg: cputime for reading in circuit artifacts\paper_v8_smartatpg\inputs\c1355_binary.bench: 0.048000s 0.048000s
#atpg: cputime for levelling circuit artifacts\paper_v8_smartatpg\inputs\c1355_binary.bench: 0.001000s 0.049000s
#atpg: cputime for rearranging gate inputs artifacts\paper_v8_smartatpg\inputs\c1355_binary.bench: 0.000000s 0.049000s
#atpg: cputime for creating dummy nodes artifacts\paper_v8_smartatpg\inputs\c1355_binary.bench: 0.000000s 0.049000s
#number of equivalent faults = 1574
#atpg: cputime for generating fault list artifacts\paper_v8_smartatpg\inputs\c1355_binary.bench: 0.005000s 0.054000s
T'11011101010111010101110101011101011110101'
T'01011101010111010101110101101111011010001'
T'01111111000011110101010111011101110000001'
T'00110101010111010101111100001111011000001'
T'01110111100011110101110111011101110110001'
T'10111011000011110101010111011101100010011'
T'00111111010011111101010101011101010000111'
T'11011101000011110101010111011101111010011'
T'01011111001011110101010111011101111000111'
T'11000101010111010101111100001111100100001'
T'11101110000011110101010111011101110110011'
T'01101111000111110101010111011101110100111'
T'11110111000011110101010111011101110000001'
T'01010011110101010110111100001111011000001'
T'10111011000011110101010111011101100010101'
T'01111011010011111101010101011101010000001'
T'11011101000011110101010111011101111010101'
T'01111101001011110101010111011101111000001'
T'01011100110101010110111100001111100100001'
T'11101110000011110101010111011101110110101'
T'01111110000111110101010111011101110100001'
T'01111111000011110101010111011101110011001'
T'11111111000001110101110111011101110110001'
T'11111111000011110101010111011101100001101'
T'01010101101111010101111100001111001110001'
T'01111111000010111101010101011101010010101'
T'11111111000011110101010111011101111001101'
T'01111111000011010101010111011101111010101'
T'11111111000011110101010111011101110101101'
T'01010101111011010101111100001111010110001'
T'01111111000011100101010111011101110110101'
T'01111111100001110101010111011101110011001'
T'01010101110100110110111100001111101110001'
T'11111111010010110101010111011101100001101'
T'11111111001011010101010111011101111001101'
T'01010101110111000110111100001111011110001'
T'11111111000111100101010111011101110101101'
T'01010101110111010111111100001111000011001'
T'01011111000011110011010101011101000001101'
T'01010101110111011011101100001111100110001'
T'11010101010111010011111101001111001101001'
T'01010101110111011101110100001111100111101'
T'01010101110111010101111100101111001111101'
T'01011111000011111100010101011101000010011'
T'01010101110111011110111000001111100111011'
T'01010101110111011111011100001111000011001'
T'01101111000011110101001111010101000001101'
T'01010101110111011011101100001111101010001'
T'11010101010111010111101101001111000001001'
T'01010101110111011101110100001111101011101'
T'01010101110111010111110100101111000011101'
T'01101111000011110101110011010101000010011'
T'01010101110111011110111000001111101011011'
T'01010101110111010111111000011111000011011'
T'01011101110111011111111100000111100011011'
T'01010101110111011111111100001111011010001'
T'01011111000011110101010110111101100000111'
T'11010101010111010111111100001011101001001'
T'01010101110111011111111100001111011011101'
T'01010101110111011111111100001111011011011'
T'01011111000011110101010111101101100001011'
T'01010101110111010111111100001110101011011'
T'01010101110111010111111110000111110011001'
T'01101111000011110101010111010011100010111'
T'01010101110111011111111101001011011010001'
T'01010101110111011111111100101101011011101'
T'01101111000011110101010111011100100001111'
T'01010101110111011111111100011110011011011'
T'01111111000011111101110111011101111111110'
T'00111111000011111101110110011101111101110'
T'11011101100111010011111100001111010111100'
T'01011101110111010111111110001111000111011'
T'01010101110111010101111100001111010111101'
T'01011111000011110101010111011101111001011'
T'11111111000011110101110111011101110111011'
T'11010101001011010101010111101101110000101'
T'11010101001011010101010111101101110011101'
T'01011101010111011111111100011101101100101'
T'01011101010111011111111100011101101100011'
T'01010101111011011101010100101101111011001'
T'11111111000111010101110101011101001010111'
T'11111111000111010101110101011101000110111'
T'11010101001011010110010111101101110000101'
T'11010101001011010110010111101101110011101'
T'01010101110111011100111100001111100111001'
T'01010101110111011001111100001111100111001'
T'01011101010111010011111100011101101100101'
T'01011101010111010011111100011101101100011'
T'11001111000011110101010111011101110010011'
T'01100101111011011101010100101101001011001'
T'01100101111011011101010100101101111011001'
T'10011111000011110101010111011101110010011'
T'00111111000111010101110101011101001010111'
T'00111111000111010101110101011101000110111'
T'01010101110111011111111100001111010111011'
T'01010101110111011111111100001111010111101'
T'01010101110111011110111100011111101011011'
T'01010101110111011101111100101111101011101'
T'01010101110111011011111101001111101010001'
T'01010101110111010111111110000111111111001'
T'01010101110111011111111100001111100111011'
T'01010101110111011111111100001111100111101'
T'01010101110111011111111100001111100110001'
T'01010101110111010111111100001111001111001'
T'01010101110111011111111100001111101011011'
T'01010101110111011111111100001111101011101'
T'01010101110111011111111100001111101010001'
T'01010101110111011111111110001111110011001'
T'11111111000011110101010111011101110101011'
T'11111111000011110101010111011101111001011'
T'11101111000111110101010111011101110110101'
T'11011111001011110101010111011101111010101'
T'10111111010011110101010111011101100010101'
T'01111111100001110101010111011101110011111'
T'11111111000011110101010111011101110110011'
T'11111111000011110101010111011101111010011'
T'11111111000011110101010111011101100010011'
T'01111111000011110101010111011101110000111'
T'11111111000011110101010111011101110110101'
T'11111111000011110101010111011101111010101'
T'11111111000011110101010111011101100010101'
T'11111111100011110101010111011101110011001'

#number of aborted faults = 8

#number of redundant faults = 0

#number of calling podem1 = 130

#total number of backtrace steps = 121172

#total number of backtracks = 4104

#FAULT COVERAGE RESULTS :
#number of test vectors = 122
#total number of gate faults (uncollapsed) = 2710
#total number of detected faults = 2702
#total gate fault coverage = 99.70%
#number of equivalent gate faults (collapsed) = 1574
#number of equivalent detected faults = 1566
#equivalent gate fault coverage = 99.49%

#atpg: cputime for test pattern generation artifacts\paper_v8_smartatpg\inputs\c1355_binary.bench: 0.077000s 0.131000s
