
#Circuit Summary:
#---------------
#number of inputs = 178
#number of outputs = 123
#number of gates = 2973
#number of wires = 3151
#atpg: cputime for reading in circuit artifacts\paper_v8_smartatpg\inputs\c5315_binary.bench: 0.203000s 0.203000s
#atpg: cputime for levelling circuit artifacts\paper_v8_smartatpg\inputs\c5315_binary.bench: 0.011000s 0.214000s
#atpg: cputime for rearranging gate inputs artifacts\paper_v8_smartatpg\inputs\c5315_binary.bench: 0.001000s 0.215000s
#atpg: cputime for creating dummy nodes artifacts\paper_v8_smartatpg\inputs\c5315_binary.bench: 0.000000s 0.215000s
#number of equivalent faults = 5350
#atpg: cputime for generating fault list artifacts\paper_v8_smartatpg\inputs\c5315_binary.bench: 0.022000s 0.237000s
T'1010111110101111000111011101011101001000000010010011111100101001000011110111110010000010100010110010111011101100101001101001001001111110111111110111110100101101000010000111100100'
T'0010000000110110001001010000010000011010001110101010111011001011110001010101101101110101010100110011000100010001111111001111000010000101101110000011000101010111000010000101001111'
T'1100011111101011010001001011101110110111001000001000101000000010001101000000101110111101101001100100010000000000111100011101010010010111011011011101110011001010011001011011111011'
T'1000101011001000000010110000011110011000000000001110001100011010101011101101111011011010110001000100111100000011011010010000001111101010111111110000010101010011010010000101000011'
T'0011111001010000101111100101100001111100100000111100101011000101011110100001001110111101100001100011100000000010011101000101011100100010111000101111110010000000000011001011001010'
T'1001011010010011001111000101111110011000000110001111001001111010001000001010110011110101100010000111010000000000000000010111101010001011111111011111000011111000110010000000011011'
T'1110011111111000011010001001011010101101001111111100100110010000100110000000110111011110011100000000000101101101001110110110000010001011001111000001101100100001000101111010100110'
T'1100111010011100001011111111001100010111010001111110100001101001010011110011011001110111110001011010011011101001001111010010011101100111100000100011001110101000100111100100110100'
T'1101011101011000110010001000011010100010110000111100000011001001010110001011110111011111111010110011111000111001111100101001110100010111111100111010000011100101100010111110101101'
T'1001001110111111100001100101000110100101100001100010110000011010001110001011011100001110111100011111101110101111101110000110111011100010100010000111010000010010100110110110010101'
T'0111010001111100101011001000000110010111110111011001000101111011111011101110111100001000101000001011010010001011111110000001100101110011101011100011110001011110101001111111101000'
T'0101011000110000011000100100010110100000000011001011011111101010110100010110111001001110110001000011101111110100111011111001101000011010110110000111011001001111111111110110100010'
T'1001011100101001010010111111001110001011000010100011011110110110011001111011010000001110010001110110001010000110110111101100101100001011001100111100110000001110101000111110001001'
T'1101110110001110010000011010000000010010111101111000000001000111111110010010100111100101100101000100010111011100000011010001001111101010010001100110000010101100101100001110110100'
T'1011110000111010100111001110100010110000001010100010101011101001011100010000110010110001011001011000101110101111000011100011001101001000110110011110111111000100100110100100001011'
T'1000100101111110010000101111101000011100010010111111000101111010111101111100010001111101000011011000110111010011000110011101011100111100011001011111111000001001001111111101111110'
T'0000011100001100001111110010010101011001000111111010111110011101101011011101100110100101011000110100000011010011110100011101010111000010000110110000000010011000010010100111011111'
T'0000011011101101010111011011100000001011011001101010111110000101111110010000111111011111110010000001000100001010101100000110111101001000111110001111011000100000100000110011011110'
T'1000101000010100011111110000110010111111011010100111000010001111110100001100100000011011010011110010110110101011000110010111110111100100011100100001110011011100001100010001111001'
T'1110001001100010000101100110111001101011000111101101000110000000001100010010100011101111111111111100001111110000111111000100111011110111111010010010001111111000011100001010110110'
T'1101011010111010110010000111100110110001011111110000100101110110010010110100010100001110101110100011010001100000011111000110100000011001000000000110111011001111000111110101111000'
T'0011000111101000011011111011010101100111011010010100100011101010110111110011110011010101100010001100110101011001111110101100010010101100000000001000001100101111000011001010101001'
T'0011100101000001011101111111011001110001010011010111100010010011011001011101111111100100111011000111110100100001111011110110111100011110100000001101011011010100101100100101010110'
T'0111100111101110001001001111100101001001101001100010101010001101101011000011101101110101000000010110110011001111101011101110111101000101010101110101100000110001001010001001101011'
T'0000101111001001110111000010100101011110010101110101110001100100110000011001110010111001111111111111001111110000111111000100111011110000110111000110010111110010010110110000001000'
T'0100111100000111011110111010100111101000010111001110001000101111111101011011110001110001100000101101111001000011110111011101000011100001000000001101100001000000010001000001001010'
T'0001101010001111100100111010101111010001111011010111010001100000001111101100101101110110011101101011001010111011111000011011010000000110011101111101110010001110101101010100011110'
T'1001100000111001100001001101101001100010111100101011001001001011000011101000001111011100110111011100111011101101100011111000101010101000100000001010010101101000110011111010010110'
T'0000011011000110000101100001100110100110001111000111001111111001001010001100011100100101000000100110110110000100010000010100000011110001000000001010100110111011110011001010100001'
T'0110111010111010010101111110001010010001100000001101011100101010010011111101000110110101000100010101011001100001011101000010000110101100000101110000110000010011101011001010101011'
T'0011100011111110001100111010011010101111011100110111001001011100111111110110010000001010010101011000111100011001100111001110111100011000000000001000111010010111001101010100011111'
T'1010110010100101111111111011001000100111110010001111110011101100101111100100001111000100100010101100010001100011101010100101001100101101000000001010010111011110001001001010001011'
T'0111011001110001101000101001000010110101011100111011001110110101100000001001101110011000011111110011001101101011110110001100010000000111100111110010000001010100100001101110101110'
T'1010010111011111000011111010101000111110100000000010110100101111010111100100010011111100011010111101111101110101011111100010100110101101011000001010100100110110101010011011110110'
T'0010011010111111111010100111010011000111010111000011010100011101010100111111010001011111111100010100111110101110010011100110111111100101000000000000001111111101011100110101000100'
T'0110101010100000010011111110001110111100100101101101111100110100011101011110111100100100001100011000011010000101000011111010010110010101000000001110110100000111111111111001010110'
T'1001100110010010110000101110111011101000000100110111101010100011100001011001000111110010011101000101110101101111010100011101111111000010001100100011011101110100101000111100010111'
T'1010100111100100011111101100111101010010000001000010010001100110000001010011111000011100011101101000011011101101111010110001000110101101000000001110001010001000001101100011010111'
T'0001111011010101000010100000100010111100010111000100000101111100101111000011011111011011000010011101010001010111111101100011000011111001000000000100010100111101101011000111011110'
T'1000100111010110111011110110000001111110101010011111000001101110001100010000011111101101000010011101000000010011010011011110000010001001000000001110000111101001000000101010011111'
T'0100110101001110001101101010110010100011001101101110001100011101001110111110101101101101011011110101110011110101000111000011111110001001000010001001100100011001010001011101001110'
T'0011110001010101101001001111011101011000010110100100011111111001010001011111110110111101000001001001111010110001100010100010000110101011010101111100010110101111000011000010110010'
T'0111011100111110111000101110010101010011101110111111111111101001001100001111001011110111000001111010101000111111101111100010011001100101100000101111110110110110011110110000001110'
T'1001100100111110111001111101000010101010101111000110111101111111110111001100101101000010000100111011001111000001111101110100100111011000110010010011101111101111100011000001011111'
T'1111000001110001001000111011000101011101001100110100011100011110101110001010000000000100110101001111110111000111010100000101100101010101111001000110000010000111110011010100000111'
T'1110010010100111111110000001111000111110110001001011110000001010111111100101000110101110101111010101011110101101010010001111101010101000000000000100110011011110111110100110000111'
T'1101110010101111001100010010011011110010101000011001001111001011101100101100100100111100010000001111111010011000110110011001000110100010001100110101001100000100100101010101011111'
T'0111110011011000111001100001001010111001000110011111100111111100100011010111110010111001101101111000111100110101110001101100110100001101100101000000001101110010111111110110111100'
T'0011011101010011110110100000101011000000101001000011100101100000100000010101000110111011101111001010111100010000101000100001110011001001001011010000000110010110111011001011101111'
T'0011000100010001010100111011010110101100011011110100011011101010001010110011001010100000100010100001011010111100111101011000010101111000011100000000011100001101010010101011011010'
T'0101100101000000110111001011101011001100000100101000101100000011010001111111111000000001011001111110011101100100000110001011000000000010000111100000000011010100010011001000010111'
T'1010010101101000001100101111001001100011110110000000110000110000010000001100010111000000100110011100101101100010101011010100010100011100100011101000110011101110011110101100011010'
T'0000000011101100010000110111100011111000010010101110000000010011101001000101100010111111111111111010001111110000111111000100111011110011011000011101111001110001101000010101000010'
T'1011101101110101000000110010000110011110110111010011001001000000111101101011000001100111111111111011101111110000111111000100111011110011111100001010111110111011001010011101110011'
T'0001000000010100001010010001100111110001100010110011111001100101011010110110010100001011111111111011011111110000111111000100111011110111000101100000101011010100010100111000101101'
T'1100110111100101011101101000000000100011100001111110010001011101010101110100100111110011111111111010001111110000111111000100111011110111001001100010100011100100011000110111111100'
T'1010000001100101101101100100011101010100101001001111011010111101101001001001010010100010000101000101010000000000111010111101011111001011111011110011000111110100101010010110010010'
T'0100011110110110001011011101011110010110101011110011010111111100010000100110011000011100000000000000110000000000011000110111100000010110111111010100100001001010101111001111011010'
T'0101110001100111010100101001011111110110001001010100101100010100011100010001110101101110101110010101011011001101101110100011111000101101100101101111001000010110111011010110110100'
T'0011010001100100010000101101001110101010101010000111100010001101001000000000101001110001111101000011111000000100001110001010001101001010110100011010000111101101101101000101101111'
T'1011001011111111000001010110011111000111000111110000101101001110010010010111011000111000100110101110111000100010100111111100101000011001000000101010101000111110010101101100011111'
T'1101110000111101110000000100100010000101110110100100110110010010111110100101011000100000101101011110010001011000110110100100101010001100100000001111100011011001101111101011100101'
T'0000001011001110010101110110100101010011111111100110011110110101101101010010011101100011001011101001111000010010111000111011011001011001001001001001010011100001101011110100101000'
T'0100111100000000000010000010100010010101011001001010101001011001111010111000000111100011100000100001100110010001010100001111011100100000110110110101110111111111101110010000000001'
T'0100000010001011110000010010000010100110000100111100101000100001010000001110100000101011010110010001000101000101111011111011010111010110000011110110000010011011110110111000100111'
T'0110011011000011100101101101010100000110011001100111010110011101011110101111000011011000001101000011100101101111110000111111101111011111110000110000010000110001110010111101100111'
T'0010000000111100001111100011000101110001100100001011010101100111011110011101110000010100111001111110110101001110111010110100101111011011011101100011000101001101100100101000100110'
T'1000000000110101011001010111010101011010010011011000111000001001000001000111111110111000101111010100000101010010110000010000000111100111110011111010110110000011101011010000111001'
T'0011000010000111100001010010000100010011101111110100100110101101000100110011010101101001011100001110101101111100010110011011100111011001111011101101010010100010000100101001011001'
T'0010010011010000010001001001111010110001010000111001110100110101001010000001100001100101101111101000011100010110010110111010110110100100001010100010111001100111100000111010110110'
T'1101000110000100110011100110100001100010110001110000001001101011010100100111001010110111111011111010111001010000000000111001111100111001110001000101000001111111001000111100000111'
T'1100111110010001000100001110111001000110111110011100101110100001010000101001110100010000110101101110001011010001100111011111001001101110111100101101000101001110001100101110100111'
T'0011011001000100001110010111011001111000100001010011001100011101111001111001011100001110001011000101011011110111101101010010100111100101110010000101100111000110110110011101111110'
T'1111001101111111110001101011101111110011101101000111011000101011001000011100101111011011011100011011101010101000000101100110011110101110001100111110011011100100100011111011011011'
T'0100110101010101101011100011010111110010110110100110011001100000111101001110111011111011000100010110011000111111001111110000010011101011001101111011100100000100001110000000101010'
T'1000110111001110000111111001110000100111010100110001101101100010001100000000001111101101010001010100010100100010100111011011010100011101111100110010000000101111111001110110011111'
T'0111111110111011010101010011010100000111111011010001001000010011111001010011001110011100110101110010111101111110111001101010110010110001001000001101101111101000001101101001111110'
T'1001101010000000001010000010101110111000111000000010000111111101111010001000001010000010100000110101010111001111110000101110110010010101000010001100101011011011010001110001001110'
T'1010110110010110100000111010111100100000101101101110110111010111001110011010101010010010111101110110111101001010001011000000011000001101000010001110100011111100110000111001101110'
T'1110101011110011000100100110010100111111000010000110001010111000011010111110011111010101011000110100100001000111111000010111100000011000000101000010100111100011111010001011001100'
T'0000101011010000101000011111000001010101111100010110011100011111101000010011000110001110010110011011111011000101001101101001100101100101000000001100011001100010001011101100111101'
T'1011101111010001111111110000110111101011100101011111110000010001010010110011110010010001111110011011100110000101111100010100110101100100011101010011100111000111110000000010110111'
T'1110010001111011001110110010101011111110001001101000100100011011011001100110011110011010110000011001010000000100100011001101000111101111001001100001101011101110100011100001001101'
T'0111100110011011111110000011111010100010111001011111100101110001111111110101111010111011111110010001100000000011010101101111001011110001111011110010101010000001010110101011011111'
T'1000011110011010100101101011110000111101100011110010000111110011010001110100101011010001100111011111011110010111001101010000110010010110001101011001110101110101000110001010001111'
T'0001010011010001011001010100101000100000100111111000100010111001011000101110011000110101001101111111101001001110000010001000000000011010001001100001100001101100001011011111111100'
T'1100111000010111100111100100101101001100111000011001111011111101000001011110100011111001010110100000101001011011010001100011000111011010000110110100100000010001010110101100000101'
T'1011011100000010110010010111101100111110011001000000101000111001111100100000001010011111011101000101110101111001110001000100100010001011010000111010101111000011000100111110001110'
T'0000010011011111110010011000100100000001100011101100000111011001101011100110010100001111111110010110011010111110011010011010000011100101000101100010000111101010011100101110011111'
T'1010101100110101100011111000101110100000110111001010100010001111011110101010110100110110011011001001100111110100000011000110110111110010111001100000100011101010110011111000000111'
T'1000001010110000101110101111100110110110101001110000111111011010010111010001011001001100000001101100110110101111101010100001110001101111001111011101001001110111000010100111010011'
T'1110101001100010001101110000011101000011111010110111011010011101001001000101000010101001101000100100001011010101000001110100000000100101010010110000000100111010100100001001001111'
T'1011111100111101100101010111010001100101101010100111000011101110010101010001110000010100000010110011011010000010011101101011111101010101000000011111110111011011110010110101011111'
T'1000101011011000110100010110111100101010100111101011000111000111010111111100101111100011101100111011011110010111110011100000111101010101000000101010110111110100000110010010011110'
T'0010000110010110111000100100001001111110000000011101000101111001011110110011101100100010110111001011000100010001011111000101000100011111101100101100011011000101000100100001010010'
T'0100011101101110010001000111010001111100100010111001001000110001111100111010101000000110001101111011101000101101100010101000111100001100111001111101111010101011011001011110001011'
T'1100101010110100000010100101011101011010010110010011010110100100101000111101111110111000011010110100010000100010000110011010111110111110111001000000000001010001000110110000001010'
T'0001000011101101001011001010001100101001010000101010111111101010101101100100010101001000010100010100000000000100001000100110001001111111110101111101000000011001100111111110110010'
T'0001010001111110110011110111010111010101001101000000000101010111101100000111110001111110000000000101110000000011010110000010101010000000111101110001001100001001011000110011111010'
T'0011100100010111100001111100010000110010100110110111100100100001000110101000000011011010011011100101111011011100101000001001000000100111101100111111111111100100111100010010010100'
T'0101110100110011111110010100011000011000101000000100101010101011000100110111110110010011010110100011010100101100011100001100000100001011001101101111101011011010000011000100110011'
T'1001111000000111011101001100001101011010110001010100101010001001101011001010010000100010000010001111110101111111110000001000000101011110101000101111110000001111011110111111111011'
T'1011011010011101001001000101101010001010101110111100000101110100011110100011101111001010000101010000010010101000000010111101010110001011100110110000001110100100001001101010101001'
T'0000000111011001001100000100101000101001011111010001100101000101111111001001010101011100011010011001001000001011111010010100110000100010110010111010100101000011011100001010101010'
T'1110001010100101010100011111110000001010110011110000001110000110001000110111000111100010000000010110001101010011011001101110110000000100111101111011011011001101010001001001000011'
T'0110000001101111111110101110010011111101101001110000011101010011100001110100010111011100000000000111010111110110101101010001101110101011010011110000000010100010010101101001101110'
T'0100000010111111100100111110101001101110111100011101100001100111000100001010110011010010110010010111011000010000100000110110110101100000111001010000001101110001011011100111001011'
T'1100101001111110010010010110110010000101000100001111110101110001100111010011110110011101101110101100011101100010000101110010010000111111000001110000001010101011000111001010101000'
T'1110101010111001110100000110101000000011001111100100000010101100000011100110001011010110100001100111010100111011000000101000011000010010111001011100110000110010010001010000011010'
T'1011010111001000101001110001111000011011010001110100010101110011101000001000100100000011110111110011101001010011000000101000011100100001101100111100101111001011000011011111110010'
T'0100001111100111101010111000111111001010010011011100010100000110010110101100000001101000010111101111000001101011000011011000001101011001000001011010100110011100110100111110011011'
T'0101001010010011110001111011101110110101011101001011011110111100011011111011110010101010110010111010010111111010000001010001010110010101001010011010110101011100010010011110010011'
T'1111101100000000011001101010000111011111011100111101110100000110101101110101001110101110101110001010101111011101100000001000010110010101001001011100110100001101001100000011110011'
T'0011101000000011111011010101111110100010011110010100001101111101101001111011110101100000011100100111001101100001100010001001010000001001101000001100111011111010000111101001011011'
T'0001100111010111010111110110110100100011110101000011001001100110001101110001100110000011100110011000001111000100110101011001000101001110000001000010111110011101110010001001101010'
T'0001101101101001010111100000100001100001001001100100110100101111011011010101001111101100101100001011010001101010111011000001011101110110000010000000000010001100010111110011100101'
T'0110000001001101100010111010101110111111011100101100101010100110101011111011100000100000011001010101011011111110011010010110101110001000000000000101100101000110000000111001001111'
T'0110011000100000000100110000101111001110110011010011100011010000111011100101110100110000101010000101001110011011000000101001000010110000000100011100011000001111010100010010100011'
T'0001111011011001010111100000010010001010111010010010010010101000010111000010101001101011010111100101101110000010101000000000010000010101011011101111101001010000111010001101111010'
T'1011110110000111111001100110000100011001111001011001001000110100110000101010000100010001100000001011101011011110001001011000000001011110001110001011101010010100010101101010000010'
T'0101000010100101101011010101100101011010001110100111110010000011100110110110110100010100100100110011110100101010100010001000001100000010010010111101110110110001011101101010001010'
T'1011101100011001010000010010000100110001011110011101010011001000011110001111110101101001111101110111110011011011100010100001000000010011011101011111010000101010010111001000101010'
T'1011100100110000010011010101010011001010001011101101000010010011111010010111100011100100100111011011110101110100000001010001000111100111101011101011010101010000111001000100101010'
T'0000010001100011000011000100000111011011100111100000011101101011111010010001100100111111000100101000010010001011001011010000000000011010110101111011011010111001010000100101011011'
T'0100011000111111101000010000110000101001100111111001111001011111000110011111000010100101100010001010110010011000001010101000000000000000110100111101011001011111001010000100001010'
T'0110101111001001100111000110101011001100001011100100011010111010101011000111100100100010001000111001000000000111101010100000000100011011010011001101110010100010011001111101111100'
T'1110010010010001001111010011010100001110000111010101100100101010100110101001110110100011010110011000100100111000010111110010000010101101111011001001101101000000111110011011111011'
T'0110100010111000000111001000110010001100010010110101110001100010110000011001111010100001110111000001100111100111101011010000011001111001100100011001100011001101011111010100001010'
T'1100101001001001100111010111010001001100111010011111011110101110101011101010100111101001111010111101100111011110101001110000000010111101001000001001110101001011010111011010000010'
T'0111100000001111001001001010100110001100111101111000010111111011111001000000101011001101101001010101010110001111101011110000010100010110111111101001111111001110011100110100010011'
T'1000000001100010001100011011100011111010110111110111110000001100101000101100001111100000011000100100110111100101000000000001000001000000000010010111111110111110010101110110011100'
T'0010101110100111101001010001101111101111101110010110011110010100111001011100001000011100010010010000000111010111101100110001010101001001011010110111111011011000010011110100101011'
T'1011100111111111010000100000010100100110010000001111110011111000000001100001000110010010000000101000010000010110010010010000010101011001110101101000110101000111110111001110111011'
T'1010111110000100111110010110011011011101110111101001100000110000101101111100111110011110000000011011101010101001010001101010000000101010110110101101101010010111010110000111010011'
T'1110111000100000100011011110000111101111110010111100110100110011101000010111000010010110000111011110011010100011100101000110011011111110110010010011001010000111011100111011001011'
T'0011110011101100101110010001100001011010001101010010100010111000000100011111110010001010000001101111101000101011010100001010101010110011110110011100101000100100100010001000011011'
T'0100100111101110001110101011000000111100011011110010001110101000000000010011011110010000000000000000010000011000100100111010011011011111111101111000110111111101101111111110101010'
T'1101110011100101110000110111001111000001111001100010011111110000000100111101111111000000000000000101110010000101010111010000001001000111111101111101000101011110011100101100001000'
T'1101000111000111110111010100100001011110001010111110010001011011000011111011011100100010000000001100111010010111010001111010110101001110001011110111011110100010001000101110010011'
T'1110000010111000011101000000100000110111001000100101010101111000001011111011111100000101010001010111100000001100000110010110101000110111110111111110100001101101000000010101111010'
T'1101101001100000011011101000110101110010000000101101011100010101111010001000100100101100000000000000100000001111100100101010111110000110110101110001000111000001011000110010001011'
T'1000010001110011101100010101000001101100001100011111011010000101110000111001110011110110000000000001000000000011011011110010011010100110101111111011111101101111000100110001101001'
T'1100100111010101000001000111110000010000111010111011011100111010100011101000010000110110010000000110110000110010011011100000000011000000101111110100111100011011101101111111001101'
T'0011010011100110010000001001001101011001001101011110001101001100110010100111110100101010010000000011000000000100010110001110100011110111101111111001011110111011111011100101010000'
T'1010110001010101001101000011001101011110000110100110110111110000000111001111010001001001000001010111100000110010011000100010110111010001101101111111100000101010110111001111010010'
T'0111001010101100001001011101011001001010010000001001010001000100110010000100011101100110000000000101000000000011010110111101101100001111101101111111001100011011011101110101001010'
T'1011101001101101000111110001010110011000001100110110101111101111011011111111111000001000010100010101100000000111100011000100011001010111101101110100100010110000010101110110011010'
T'0100000010010111011000010001010010111110100110100111110010101010001110001001001000010000010000000011000011000000110101001000010010010110011111110110100011001001101001111001001010'
T'0010010111100011011010010101101000101001001000011000011111110110010010001101000000111111000100010001000000011001000110001100011100101010011111111111100101101111110010000110111000'
T'1101101000101101000010111011010010001010000100011001011001110011010010101000010010110011010101000101000000001111100100001000000011011110011111110110110000001101001000100000001001'
T'0110110011000000111010100001001110101101001100100111011011000011011101010000100011111000000001010111100000100111001111001000001000010011011101110110101111111100011101101111001011'
T'0100001101000011101111111100101011110100101101111001101011001111000100110101011001110000010100000001000000000110101011001010110001011110011101110101100001110111100001101100001010'
T'0101010010110000001010111100101011011000101101011000100010100000001100100010110101101001100111110110101011101011001001110000000111011010110110111011110001110010010010001000000010'
T'0111000111110110101010011101000011000101101110001010000010100100101000111011110111010010100001100011011011101000000011010000011000011100010101111011110101101011110110011111100011'
T'0000000101011101000011101111011111100011000100111100001010011111100100101001110111011010000000000001000000000011100010110001001111000111111111111111100101101101000110110000011100'
T'1010110001011001101011111001111110111000010101001111011001111001101101010010001000000011010001010101010011000001010000100000010110100010111101110111100110101110010011011011000011'
T'1001100110010100100110010011010011100010010101111000110101101100110111100000010011100010010001010000010000000111110001010100110011111111111111110001110110011111111110101100110010'
T'1001010101101000100011001110110010000001101000110101000000010010000110001101111010010111000101010011100000001100111001011000010010111110111101111010011011000111110000111010010011'
T'0000100001010000010111001110010100101000001001100011011111110100111010101100000100111000111011111111100100111111101001010000000001011011111000001011111010100111101000111100000010'
T'1000010010110111111100011101100000011010110001100001111001101000101110110001110010000110000000000101110000000010000010110111010101100110111111110110101001001110100000110110110011'
T'0010111011010011001111110101111001110111010111111111100110100000011111100110101101000001001000100101011100000011001111000101101101101000100100011000010000011010101111111110000001'
T'1010111010011010100111001111110001110001110010100111010000001111000001100101010000001101110010000110000010010111101000110001010000000101011000100011110101001100111000111101001011'
T'0101111101011000110100110100011111011111000001111100001100000001011001010001101100000101110010011100011010101111000101101101111101101101001011011000001010011111100010110101111101'
T'0101001100100000110011011011011110010101001011111000011100010001100101001011110110111100111111111011001111111010111111000100111011110101010110101010011111110100011101110000001001'
T'1110001010001110011011010011000001000111101010110011110010001100110101010001100000000010000101101000010001000110000101001101000011010000001010001000111001111010000100011111110010'
T'0110110110011100111111101100001111100101001101100000100001010000111011010110011001110011111000100010100111110111100001000011011100010111101000010111111001111011101111100010100000'
T'1000101001110011100010010011111000011101100101001010010110010100000110011001100001000110001110101100011100011011101111101000011011001111101011011001110101010011110101110111001011'
T'0000110001101100101110101110010110000110001000000010100111101011111000000110101101100000011111000001100101011101010100000000111100100011111110110000111011111001001000111100100101'
T'0010011001111001100111100000100111001000101111000110111110100110110111101011010010001000011001010010000001010100011100101010100100011110111001001001101100001101110110001011100101'
T'1001010100111001001001111010101111010011101010010001111111001111010110010001011110101001001001011111111101001000000101000000000001111100100110101111111110001000010100100111011111'
T'0100010001010101001001111101011111001110011100001110111100110000111100001010011000010100010010000000001101111010111010010000000000100111011001000111110000100110100011101001001010'
T'0010110000011100000101110110101000110100101111001011101001100100010100011100111011101010001001100100010100001011100000110100100100000000011111001111110000111000110100000001111101'
T'0100010001101111000101111011000000000111000100101111010111011100110010111000011111010110010011100111110110111111000010000001000001101001110101110011110101110000101111110010011101'
T'0101010001010011101101011110110111101001101110101110000101110100011001100100101010011101110001101001010011010010110011001001000000111101110100001011111101111001010010100101001110'
T'0001111111101011001000101000000100011100101000110111010010010001110101000100010011111010001010010100111100100011011001111010011010111000011011110100011110000111000010110010100101'
T'1000001001100100010010010011111000010111011011111000101110011110001100011000110000010111010010000100011100001010011111110100001111110000011010111000000110110100100001110101000001'
T'0010111110010101011000010010110001110100010011100001100100011100011010000011010011110001111111111010101111111110111111000100111011110111010001100011101111110000111110000101100011'
T'1111011101011100100100111100011011000000110101101011111011011011111101110011010100101110010101110001100010001010000101000101111110100110100000011000000100110000011110011011000100'
T'1011010010101110111101011100001110010001011001010100111011011111000100111001101001111111111111111011101111110000111111000100111011110011101000010011011011111111101101100011000101'

#number of aborted faults = 13

#number of redundant faults = 84

#number of calling podem1 = 276

#total number of backtrace steps = 139170

#total number of backtracks = 9904

#FAULT COVERAGE RESULTS :
#number of test vectors = 179
#total number of gate faults (uncollapsed) = 10630
#total number of detected faults = 10454
#total gate fault coverage = 98.34%
#number of equivalent gate faults (collapsed) = 5350
#number of equivalent detected faults = 5254
#equivalent gate fault coverage = 98.21%

#atpg: cputime for test pattern generation artifacts\paper_v8_smartatpg\inputs\c5315_binary.bench: 0.290000s 0.527000s
