
#Circuit Summary:
#---------------
#number of inputs = 41
#number of outputs = 32
#number of gates = 590
#number of wires = 631
#atpg: cputime for reading in circuit artifacts\paper_v8_smartatpg\inputs\c1355_binary.bench: 0.044000s 0.044000s
#atpg: cputime for levelling circuit artifacts\paper_v8_smartatpg\inputs\c1355_binary.bench: 0.001000s 0.045000s
#atpg: cputime for rearranging gate inputs artifacts\paper_v8_smartatpg\inputs\c1355_binary.bench: 0.000000s 0.045000s
#atpg: cputime for creating dummy nodes artifacts\paper_v8_smartatpg\inputs\c1355_binary.bench: 0.000000s 0.045000s
#number of equivalent faults = 1574
#atpg: cputime for generating fault list artifacts\paper_v8_smartatpg\inputs\c1355_binary.bench: 0.004000s 0.049000s
T'10000000000000010000000000011001011110101'
T'00000000000000010000000000101011011010001'
T'00001000000000000000000000000000000000111'
T'01000000000000010000000000001000010111001'
T'00000000000000000000000000000001010001001'
T'00000000000000000000000000000000010010101'
T'10000000000000010000000000001000010111001'
T'00000100000000000000000100000000100011011'
T'01100000000000010000001100001010110110011'
T'00000010000000000000000000000000000000111'
T'00010000000000010000000000001000000011001'
T'00000000000000000000000000000001010010111'
T'00100000000000010000000000001000001111001'
T'00000001000000000000000000000000000011001'
T'10000000000000000000000000000000000000111'
T'00000100000000000000000000001000000010001'
T'00000000000000000000000000000000010010011'
T'01000000000000000000000100000000100011101'
T'00100000000000000000000000000000000000111'
T'00010000000000000000000000000000000011111'
T'00001000100000000000000000010111001001011'
T'10000000000000000000000000000000000011001'
T'00000000010000010000000000000100000101001'
T'00000000000010000000000000000001010000011'
T'00000000000000000000000000000000010001101'
T'00000000000001000000000100000000100000011'
T'00000010011000000000000000000100000001101'
T'00100000000000000000000000000000000011001'
T'00000000000100010000000000000100010001001'
T'00000000000000100000000000000001010000011'
T'00000000000000000000000000000001010001111'
T'00000000001000010000000000000100010001001'
T'10000000000000000000000000000000000011111'
T'00000000000001000000000000000100000001001'
T'00000000100000000000000000000001010000101'
T'00000000000000000000000000000000010001011'
T'00000000000010000000000000000100110001001'
T'00000000010000000000000100000000100000101'
T'00100000000000000000000000000000000011111'
T'00000000001000000000000000000001010000101'
T'00000000000000100000000000000100010101001'
T'00000000000100000000000000000000000000111'
T'00000000000110001000000000000001101101111'
T'00000000000000000000100000000000001100001'
T'00000000000010000100000000000001110001011'
T'00000000000000000000000000000000101001001'
T'00000000000010001000000000000001110001011'
T'00000001000000000000010000000000110110001'
T'00000010000010010110000000000001100100011'
T'00000000000000000000001000000000001100001'
T'00000000000010000001000000000001110000001'
T'00000000000000010000000000000000101101001'
T'00000000000010000010000000000001110000111'
T'00000000000000001000000000000000001100001'
T'00000000000010000000010000000000100000001'
T'00000000000000000000000000000000100101001'
T'00000001000000000100000000000000111010001'
T'00000000000000000010000000000000001100001'
T'00000000000010000000000100000000100001011'
T'00000000000000000001000000000000111100001'
T'00000000000001000000100010000000011101101'
T'00000000000000001000000000000000110000001'
T'00000000000001000000000001000001010000011'
T'00000000000000000000000000000000011001001'
T'00000000000001000000000010000001010011011'
T'00000000000000000010000000000000110000001'
T'00000000000001000000000000010001010001001'
T'00000000000000010000000000000010000101001'
T'00000000000000010000000000000000011101001'
T'00000000000001000000000000100001010001001'
T'00000000000000001000000000000000111100001'
T'00000000000000010000000010000000001001001'
T'00000000000000000000000000000000010101001'
T'00000001000000000000000001000000001010001'
T'00000000000000000010000000000000111100001'
T'00000000000000010000000000100000001001001'
T'00000000000001000000000000000010010001011'
T'00000000000000000000000000010000001100001'
T'00000000000000000000000000000001110000000'
T'00000000100001000000000000000001111111000'
T'00000000000000010000000010000100100000110'
T'00000000000001000000000000000011010001001'
T'00000000000001000000000000001100010010001'
T'00000000000000000000000000010001011000001'
T'00000000000001000000000000110001010001011'
T'00000001000000000000000001000100011110001'
T'00000000000000010000000010001000011101001'
T'00000000000001000000000011000001010010011'
T'00000000000010000000001100000000100001001'
T'00000000000010000000110000000000100010001'
T'00000000000000000001000100000000011000001'
T'00000000000000010010001000000000011101001'
T'00000000000010000011000000000001110000101'
T'00000001000000000100010000000000011110001'
T'00000000000000011000100000000000011101001'
T'00000000000010001100000000000001110000011'
T'00000000000000110000000000000100010001001'
T'00000000000011000000000000000100100001001'
T'00000000000100010000000000000000000001101'
T'00000000001000100000000000000001010001111'
T'00000000001100010000000000000100010101001'
T'00000000010001000000000100000000100001111'
T'00000000100010000000000000000001010001111'
T'00000000110000010000000000000100100101001'
T'00000011000000000000000000001000010010001'
T'00001100000000000000000000001000100010001'
T'00010001000000000000000000000000000001101'
T'00100010000000000000000000000001010001111'
T'00110000000000010000000000001000001011001'
T'01000100000000000000000100000000100001111'
T'10001000000000000000000000000001010001111'
T'11000000000000010000000000001000000111001'
T'00000000000001000000000000000101010000011'
T'00000000000000010000001000000010100001001'
T'00000001000000000000010000000100100010001'
T'00000000000000010000100000001000100001001'
T'00000000000001000000000001010001010000001'
T'00000000000010000000010100000000100000011'
T'00000000000010000101000000000001110001001'
T'00000000000001010000000000000100000101001'
T'00000010000000100000000000000001010010001'
T'00000100000001000000000100000000100010001'
T'00001000000010000000000000000001010010001'
T'00000000010100010000000000000100000001001'
T'00000101000000000000000000001000000110001'
T'01010000000000010000000000001000010011001'
T'00000000000000000001000000010001100001001'
T'00010000000100010000000000000000010010001'
T'00000000000000000000000000000010010010101'
T'00000000000000000000000000000001010000111'
T'00000000000000000000000000000001010000001'
T'00000000000000100000000000000000101001001'
T'00000000000000010000000000000000001101001'
T'00000000000100010000000000000010010001101'
T'00000000000100000000000000000000100000001'
T'00000000000100000000000000000000100011001'
T'00000001000000010000000000000001010000111'
T'00000001000000010000000000000000100100001'
T'00000000000000100000000000010001101001001'
T'00000000000000100000000000010001011001001'
T'00000000000000000000000000010000000010001'
T'00000000000000000000000100000001000010011'
T'00000000000000010000000100000001001101001'
T'00000000000000010000000100000001000001001'
T'00000000000000000000000001000100011001001'
T'00000000000000001000000010001000110000001'
T'00000000000000010000000100010000100001001'
T'00000000000000000000000000100000000000000'
T'00000000000000000000010001000000100101001'
T'00000000000000000000000010000000000000001'
T'00000000000000000000001000000000000000000'
T'00000000000000000100010000000000101001001'
T'00000000000000000000100000000000000000000'
T'00000000000000000001000000000000000000000'
T'00000000000000000010000000000000000000001'
T'00000000000000000100000000000000000000000'
T'00000000000000001000000000000000000000001'
T'00000000010001000000000000000000010001101'
T'10000000100010000000000000000000000011001'
T'00000001000100000000000000000001010010001'
T'00000000001000000000000000000000000000001'
T'00000100010000000000000000000000010010011'
T'00000000100000000000000000000000000000000'
T'00010001000000000000000000000001010010111'
T'00000010000000000000000000000000000000000'
T'01000100000000000000000000000000010010101'
T'00001000000000000000000000000000000000001'
T'00010000000000000000000000000000000000000'
T'00100000000000000000000000000000000000001'
T'01000000000000000000000000000000000000001'
T'10000000000000000000000000000000000000001'

#number of aborted faults = 8

#number of redundant faults = 0

#number of calling podem1 = 179

#total number of backtrace steps = 229939

#total number of backtracks = 9497

#FAULT COVERAGE RESULTS :
#number of test vectors = 171
#total number of gate faults (uncollapsed) = 2710
#total number of detected faults = 2702
#total gate fault coverage = 99.70%
#number of equivalent gate faults (collapsed) = 1574
#number of equivalent detected faults = 1566
#equivalent gate fault coverage = 99.49%

#atpg: cputime for test pattern generation artifacts\paper_v8_smartatpg\inputs\c1355_binary.bench: 0.092000s 0.141000s
