
#Circuit Summary:
#---------------
#number of inputs = 50
#number of outputs = 22
#number of gates = 1983
#number of wires = 2033
#atpg: cputime for reading in circuit artifacts\paper_v8_smartatpg\inputs\c3540_binary.bench: 0.127000s 0.127000s
#atpg: cputime for levelling circuit artifacts\paper_v8_smartatpg\inputs\c3540_binary.bench: 0.003000s 0.130000s
#atpg: cputime for rearranging gate inputs artifacts\paper_v8_smartatpg\inputs\c3540_binary.bench: 0.000000s 0.130000s
#atpg: cputime for creating dummy nodes artifacts\paper_v8_smartatpg\inputs\c3540_binary.bench: 0.000000s 0.130000s
#number of equivalent faults = 3428
#atpg: cputime for generating fault list artifacts\paper_v8_smartatpg\inputs\c3540_binary.bench: 0.012000s 0.142000s
T'11000010000010101111101011000000101010111000110101'
T'01000010000011101011101011000000101000100000000100'
T'00111001111011110010100000010000111101111100101000'
T'10100111110100001011000000101110000000000111011100'
T'10011010011111010010010000001111101111111101110110'
T'11111100010010110100000000100001111100100010001000'
T'10001101100010001001011011000000001001000000011100'
T'00001001100011101000001011011101100101111000101010'
T'00001001110110110100000101101010011001100010001000'
T'11001111100110111001111011100000001001000000011100'
T'00011110001000001100011011001000010100111000010000'
T'00000110000010010100111111000000000010000001110111'
T'11010010110101100010011011011101000101010110111100'
T'00011011000000100011011000000100000100001101000000'
T'00000110100001101110111011000101000100010010010101'
T'11000001010000111100010000111010100100101100101110'
T'01111110000011001010010000100101101111111001010011'
T'01110001111000000010110000000001111100110000001000'
T'11010011001100011000110000010101011101101111010101'
T'11101010101000101001110000111011010010000001111110'
T'01110011111110000001010000010100110100100001011000'
T'00011011011111000000001010010000001010111100101100'
T'00011010011111010000001000010000000110110010101100'
T'00001010101011100000010100001001110111101100001101'
T'00011011101001000000001111000010001010011100100000'
T'00011010101111000100001110000001000000000000110010'
T'00001011100101000000001011101001001100111100010111'
T'00001011111001100000000000001100011110010011110100'
T'00011010100000000010001101010001100110110101100011'
T'00011011101000000001001000000001011110010100010110'
T'00001011111111100000000111111000110010000000011111'
T'11000001111111110000100000101000100101101010110100'
T'00001011111111111111000010001100100001001100000001'
T'11001011111011110011110000000000000000010110110100'
T'00010011100101101100000110000000010110001111000000'
T'00010000000000101100100101000000000000000010001110'
T'11111010111111100110110111010001110000101111111100'
T'11100011011111101110100011111100100001101001010011'
T'00011010111111100110110000011001011110001000101101'
T'00011000111111110111011001010000111100000100100111'
T'00011001100111110000010000001100100110000000010100'
T'00011001001111001010100100010011101000000000001100'
T'00011001111111100100011000000100101010000000101100'
T'00011000111111111000001011010010000100000010110001'
T'00011001111011011101111111011010110100000000011111'
T'00011000011111001111100100001001001100000011000101'
T'00011011111100011101000001011100101100000000001000'
T'00000010111000111011011101100100101010101011111001'
T'00010000000000100001100111100000000000000010001011'
T'00000001001100101100001000111001000100011000000001'
T'10110011111111011100010110111000011110111100011111'
T'01010111010001111110111000011011101110001010001000'
T'00011001111111111010001001010000101000001101101110'
T'11110101110100100111000000101011001000000110011011'
T'01011101110000110010001011110111101110111011110000'
T'01010001010100000010110100100010111111100000011001'
T'11101110010001101011100000001111000101111010001111'
T'11001110011011010000110000101011000000011000100010'
T'10101000111010000000001100101101111110101010100010'
T'11011100100010011101100010000111011111101001110111'
T'11111100101001101000010000101011101100001110111001'
T'11010011101111111111010000101000101001011100100101'
T'11101001011011111100110000100010110000101000110011'
T'11111100011011011001110000001111101101000000111100'
T'00110001110011000101000011011011110010110010110000'
T'00101001100010011001111101101100000000000000111101'
T'00100110001111110100110000101110110001110010000001'
T'01011010000000100101111011110000010100100011111111'
T'10110000100010101001111010010110001000000101000010'
T'10000101000111011100001000100001101000100111110101'
T'01100111111110000110011000001010110011011000011101'
T'10101011011111111100001010100111100111010010110000'
T'00110110111111010001010101110110010110001000011001'
T'00001001101110001010100011011000101110101111000011'
T'01010001100010110100100011011001111011111100010010'
T'00110100100010000101110001001011110010000101111101'
T'10000011100010001001011011111110000001000000100111'
T'10111010110011110111111000010000010001111110101000'
T'01111101100100001101111001100111000000000110011110'
T'00001010000001111001111011001000000000010100100111'
T'00000001010001111111001001000100010000000100110111'
T'00001111111000111111001000000111000000000100001111'
T'00100000111000111100101001010101100010100010000111'
T'01100011111100010111111001011101011000000110111011'
T'00001110011011001010111000001101000100000011010010'
T'00001011111111101000111101010111000010000000110110'
T'00001000000001010011001001010011101111000000010000'
T'00001001100111011010101110110111000000000000000101'
T'11010100111001101010110000111000010111110010001111'
T'11011110111100111100100000000001000100100101011011'
T'11010000010010001101110000101001000111111000110110'
T'11011100010000100000110000001101111010000101000001'
T'01100010001100111111101001001100010000000010111101'
T'00101011011000010011101001000101000010101110100000'
T'00001101111000100000011010011010000000000100111101'
T'00000000101110101101010100111000000010001001011111'
T'00000011011101100100011100110010000000010110011101'
T'00010001000100110001000100110001110010111000100101'
T'01010001000110010110011011100110101100011110110100'
T'00011011101010000000001000000000110000100101000111'
T'00011011111110111100001100011101001000001100011100'
T'01100011100001101011010000101101011010111010110001'
T'00001100001111100110111000001011110100111000010001'
T'01100111011100100100101011101000000000010010100001'
T'00000010100000111111001101101000000000000000011101'
T'01110000000001111110001011101000000000000000111010'
T'11001110011101100111101011000111101011110000011000'
T'00000011110011000011011011011011000101100110010110'
T'01000011010101001010011100011101000101011011111100'
T'00101011111000001101011001011010000011000111100011'
T'00011111000110101100011000010001011011000001100101'
T'00000010101000111000011011100000000000000101011100'
T'00001001111100111001000100000001011101111111011001'
T'00011011100010000000101100000011010110110001001001'
T'00001010110110010000001101011111111001001110110001'
T'00001011010100100000000101110111101101111000111011'
T'00001011101010110110000100100101100100101010001111'
T'00001011110100111101001100001001001111100101001001'
T'00001011111011010011000001010101000110110101100001'
T'00001011011111101101110100100011101101001111010111'
T'00011001101111111111101100000001101010001000001100'
T'00011010110111010100011000011000110000000010111100'
T'00011010011101101110000100001001000100000001111001'
T'00011001011110010111000100010010000110000000000001'
T'00011010011101010111001100000001100010100000011000'
T'00011011001010010010110100010000001000010000000000'
T'00011011001111001000001000000000111010111011101010'
T'00001010111101000100000000101110011100010001011111'
T'00001011110101100010001100110001110001100110110100'
T'00001011111101110001001100101000011100011101100001'
T'00001011010000001000100000000100101000011010100011'
T'00001011111110010010011100010101111010001111011010'
T'00001010111111101000101000000000111110110010110111'
T'00011001111110101011101000010001111100000001101101'
T'00011000110111000010111000011100001000100011101011'
T'00011001011111010001101100000110000000010001110011'
T'00011000001010110110100100010001000110000100110010'
T'00011010110011001001011000000011100010000010000001'
T'00011011101110011011101100000110111000000001001101'
T'00011011000111010000101101000000101010010100101001'
T'00001010101101001000000101100101001011000000110110'
T'00001010101100001010000101100001100110100110001111'
T'00001011010011100101001101111100100101000110001110'
T'00001011101100101000100101010110010001000001010000'
T'00001011110101111001011001101001101110111100110101'
T'00001001111010001011001101101011101001010111111000'
T'00001011011110100100011001000000110101011001010100'
T'00011011101111011111101101000000110110100101010110'
T'00011010111111101001011101010100000010010000110101'
T'00011010011011001100001001010110010100001011001010'
T'00011010110010111000111101011100010110000010001110'
T'00011010011001101011110101011001101010100001010010'
T'00011001011100011111111001011001000100000000100010'
T'00011010000100110100110011011001110100000001001111'
T'00011000011001010001110101001011101000000010011010'
T'00011010100111011110101100000101000010000100111111'
T'00011011110111001000100100011110010000010000001111'
T'00011011001111011001011100011001000000100000011110'
T'00011000111111100101111001000100001110100010101001'
T'00011000111111100110010100011001010010100111011110'
T'00001001011111100101000101101110110011110001101000'
T'01001010111111010000101110101011110100100011101101'
T'01000011111111011010110100000011101000001101111000'
T'01001100101100111011100111111001010110001001101000'
T'01001100001000000001100111000000101000011010101001'
T'00011010000110000000111110010001010100010111011111'
T'00001011111000011110101010010100011111010000000001'
T'00001011110110100100100111110101111001000100111111'
T'00001010001101000001001111011011101010111111000101'
T'00001011001101010010001111010100100110110101010011'
T'00001010111100001000000100011010111111111010100111'
T'00011010100110001000001001010011010110100001101010'
T'00011010011101100000001101000001111110010001011111'
T'00011011111110100000111001011000010010001100110111'
T'00001011111101111001100001001111111101001110110100'
T'00011000111101100011010100001000100000000010011111'
T'00011011110011001110111110001000010110000011011111'
T'00001001001111110100011101011110111100010010010010'
T'00001010111110000101000001111110100101100101111101'
T'00001001111111010000001110111111111001010010011001'
T'01110010111100100101101001001000000110110111011110'
T'01111000111000000100111001111100010000010101001011'
T'01111100110100010110011001001100100000111001001111'
T'00011001100000010110111110110000100010110111111110'
T'00001100010000001101111011111000000000000100101110'
T'00011000111101000101101101100100011100010001111111'
T'00011010101001111011011001100000000010000010010001'
T'11001001010000000010100101111100001110010110000101'
T'11000101101011101011001001010001101011111100010100'
T'11000100110000011011000100110101000010111011011010'
T'11001000001001010000010100001011110001011100010000'
T'01000010110100111110010100110101010000011011111001'
T'00011010111000101010010011111111101100011000011111'
T'00000010101100000101000000111110110101011101110110'
T'00011011000010011101010010111101111011000000111111'
T'11000111010100111110101101000010101110000110001100'
T'11000001000011111011000100101010010110100110111100'
T'11000010101000101111000100000101110100010000001101'
T'10000110000000001110101011100000001010110011101100'
T'01101111110000011010101011100000000100110001101011'
T'00001111100001011011101000100001010000000001110101'
T'01000010100011111011111101000000101000100110110001'

#number of aborted faults = 65

#number of redundant faults = 374

#number of calling podem1 = 641

#total number of backtrace steps = 877192

#total number of backtracks = 42640

#FAULT COVERAGE RESULTS :
#number of test vectors = 202
#total number of gate faults (uncollapsed) = 7080
#total number of detected faults = 6194
#total gate fault coverage = 87.49%
#number of equivalent gate faults (collapsed) = 3428
#number of equivalent detected faults = 2989
#equivalent gate fault coverage = 87.19%

#atpg: cputime for test pattern generation artifacts\paper_v8_smartatpg\inputs\c3540_binary.bench: 0.890000s 1.032000s
