
#Circuit Summary:
#---------------
#number of inputs = 178
#number of outputs = 123
#number of gates = 2973
#number of wires = 3151
#atpg: cputime for reading in circuit artifacts\paper_v8_smartatpg\inputs\c5315_binary.bench: 0.187000s 0.187000s
#atpg: cputime for levelling circuit artifacts\paper_v8_smartatpg\inputs\c5315_binary.bench: 0.011000s 0.198000s
#atpg: cputime for rearranging gate inputs artifacts\paper_v8_smartatpg\inputs\c5315_binary.bench: 0.000000s 0.198000s
#atpg: cputime for creating dummy nodes artifacts\paper_v8_smartatpg\inputs\c5315_binary.bench: 0.000000s 0.198000s
#number of equivalent faults = 5350
#atpg: cputime for generating fault list artifacts\paper_v8_smartatpg\inputs\c5315_binary.bench: 0.020000s 0.218000s
T'1010111110101111000111011101011101001000000010010011111100101001000011110111110010000010100010110010111011101100101001101001001001111110111111110111110100101101000010000111100100'
T'0010000000110110001001010000010000011010001110101010111011001011110001010101101101110101010100110011000100010001111111001111000010000101101110000011000101010111000010000101001111'
T'1100011111101011010001001011101110110111001000001000101000000010001101000000101110111101101001111000100010111111000111010101010010110001000101101110011001010011001011011111110010'
T'1001011001000000010110000011110011000000000001110001100011010101011101101111011011010110001010011111110111101100100000011111101001111100000000010101010011010010000101000101111011'
T'0001010000101111100101100001111100100000111100101011000101011110100001001110111101100001101110100011101110101010101110010001000101111101000000100000000000110010110010101011010010'
T'1000110011110001011111100110000001100011110010011110100010000010101100111101011000111101000001010001011111111010100010110111111000011101000001000110010000000011111001111111100010'
T'0111010001001011010101101001111111100100110010000100110000000110111011110011100000000000101101101001110110110000010001011001111000001101100100001000101111010011011011101000111100'
T'0001011111111001100010111010001111110100001101001010011110011011001110111110001011010011011101001001111010010011101100111100000100011001110101000100111100101010011001110100111000'
T'1100010001000011010100010110000111100000011001001010110001011110111011111111010110011111000111001111100101001110100010111111100111010000011100101100010111110110110010111010111111'
T'1000001100101000110100101100001100010110000011010001110001011011100001110111100011111101110101111101110000110111011100010100010000111010000010010100110110111010101110100110010010'
T'1011000100000011001011111011101100100010111101111011101110111100001000101000001011010010001011111110000001100101110011101011100011110001011110100011111111010000101011000000000110'
T'0010010000111011010000000001100101101111110101010100010110111001010111011000100001110111111010011101111100110100001101011011000011101100100111111111110110100010101010111001010101'
T'0010111111010011100010110000101100011011110110110011001111011010000001110010001110110001010000110110111101100101100001011001100111100110000001110101000111110100111101110110001110'
T'0100000111000000000100101111011110000000010001111111100100101001111001011001010001000101110111000000110100010011111010100100011001100000101011001011000011101100101111000010101010'
T'0111001110100101100000001010100010101011101001011000100001100101100010110010110001011101011110000111000110011010010001101100111101111110001001011010010000101110001001011110000100'
T'0010111110111000111000100100111111000101111010111101111100010001111110100001101100011011101001100011001110101110011110001100101111111100000100100111111101111110001000111000011000'
T'0111111001110010101011001000101111101011111001110101110111011001110100101011000110100000011010011110100011101010111000010000110110000000010011001001010011101111100000011011101101'
T'0101110110111110000000101101100110010101111100001011111001000111111011111110010000001000100001010101100000110111101001000111110001111011000100010000011001101111011000101000010100'
T'0111111100001100101111110110101001110000010001111101000011010001000110110100111100101101101010110001100101111101111001000111001000011100110111001100010001111010011110001001100001'
T'0000101100110111001101011000111101101000110000000001100001001010001110111100011111010010010001110000111000010101101101101011010111010110010000111100110110001011111110000101001010'
T'1101100100101101000101000011111110010000110000001111100011010001000011010110111011001111000111010111100000110001111010000110111110110101011001110110100101001000001110101011011111'
T'0011110011010101101010011110011111101011000100101011010000011001101110100001101010100100111001010000010111011111110110011100010100110101111000100100110110010001110111111110010011'
T'1011000101001000011110111101101111000111011010110110101001011001100101010001011100111101110001001001111100101001001101001100010101010001101101011000011101101001101010001110110101'
T'1110101110111111101000110101100000110010010100010011011000010111110010011101101000010100101011110010101110101110001100100110000011001110010111001100001101110100011001010010010110'
T'1100000010000100111100000111011110111010100111101000010111001111000100010111110111010110111100011100011001101101001111011101110100001110001110110000100000001000000001001010000110'
T'1010001111100100111010101111010001111011010111010001100000001111101100101101110110101111000110001101110010000011001100001101000000101101110100000001011011111110010001110101101010'
T'1000110100110000011100110000100110110100110001011110010101100100100101100001110100000110101001101010001001010011101100110111011011000101100101001110001010101010010100101011010110'
T'0110010100101100000011011000110000101100001100110100110001111000111001111111001001010000111101010111001011101010100010101100100010000001111111110100000011110011010100001101110111'
T'1001101010000101101110101110100101011111100010100100011000000011010111001010100100111110110111010011001111100101010110101101001011101010111111110010001101011000001101001000101110'
T'1011001010101100111000111111100011001110100110101011110111001101110010010111001111111100101001001101001000000010100001011010011001110011111111111101111000110010001110100101110110'
T'1101010100011110101100101001011111111110110010001001111100100011111100111011001011111001100100000111110010000110001100001101000000101010011100001001110111110101001010011001011110'
T'1001011101111000100101000101101110110011100011010001010010000101101010111001110110011100111101110110000010101001001101110011000111011110011111110111101100011000100000000001100100'
T'0000101010010000110111010101010010111011111000011111010101000111110100000000010110100100101011100010000101011100100010011111100011010111000101001011011101010111111000101001101110'
T'1111010100100110110101010011011110000100110101111111110101001110100110001110101110000110001001100000001101011010101001111110100010111111000101001100000110011001001110011011111111'
T'1001100000011111111010111011010001000110101010100000010011111110001110111100100101101100101011101101000101001100011101011110111100100110111111110100100000101000011111010010110110'
T'1011111011010000011111111111100101001001100110010010110000101110111011101000000100110110111101110101001010111110000101100100011111001010101111111110100000101101111010001000111011'
T'1111100000001101110111010010100011110001011010100111100100011111101100111101010010000000100001000010000011101001100110000001010011111010001101000011100101100010101111010110001110'
T'0011010111111000101000100000110110001101010001111011010101000010100000100010111100010110110101011000001011001111110010111100001101111110110111111101100101010011111110100101100011'
T'0000111110101000101001111011010101110111101000100111010110111011110110000001111110101010010111111110001010101110111000110001000001111111110111110110001010100101101001001011110000'
T'0100010111100001111010010000001010100111010011010100111000110110101011001010001100110110001011100000000101101001110100111011111010110111000101000110101101111000011110101000111110'
T'0001111111000101100110010001100101000101110100100011110001010101101001001111011101011000010111011101001011001001111111100101000101111111111111111011011110100100011111101011000110'
T'0010100010001101010111011000101101011100001100001011001001110111001111101110001011100100110110011001011110111110111111111111101001001110111011110001111001011110110000000011111101'
T'0001111111011111000100110011001011000010111111011011011001111011000000101001100100111110001110100000010101110101000010101010101111000101001001010111101111111110111001100101101110'
T'0001000111110001111101110100100111011000011101111101111100011000001011111110000011100010010111010011011011111000101011101001100110100011111011111100011110101110001010000000000001'
T'0011010100110111000111010100000101100101010101111000001100000100001111100110101000001110100101100001000001100011111111000000111100011101001001011011000100101111000000101011111111'
T'1001010001101011101110001010010101001000111110101010100010011001101111011111011000011110110111101001001110111111001100010010011011110011111101110101000011001001111000100011101100'
T'1011001001001111000100000011101001100011011001100100011010000010100110000010010010101010011101111101011111111001101100011100110000100110111101111011100100011001111110000111111100'
T'1000110101111100101110011011011110111001101011010110011010001101100101001101110010111110100011110011001101001000110111010100111101101010100101000001010110000001010010000111001110'
T'1100000100000010101000110111011101111001111000100000000001101001001001011010110010110110110111100010011111101110011000100010001010101111111111110110101101011000110111101101000110'
T'1110101000101011001100101010000010001010000101101011110011100110010101111000011100000111100001000010010001100100101010110110010110010100001100000000011011100101110101100110000110'
T'1001010001011000000110100011111111110000000010110011111011011001000011000011000000010000011011111000011110111010001001100001011110100110111111111011010000011001011111001010011000'
T'1111011000000011000011000001000000110001011100000010011001110010110110001011100011011100100011100011101110011101011110000011100000000011101100010001000110111100011111000010010011'
T'0111000000001001110100100010110001011111000001011000011101111000011010000101010000101011101101110101000000110010000010011110001111110110111010011100011001001000010011110110101011'
T'0000011001101100111110000101011111011001010011101110011000100000001010000101001000110011111000110100010110011111001011111001011101110101101100101110111000010101011100000010110000'
T'0101001000101001110001011011100110111100101011101101000000000100011100001111110010001011101010101110100100111110001001000100110110101001100010100000010001000110000110111111100011'
T'0100000011001011011011001000111010101001010010011110110101111011010010010010100101000101010100111010111100111110101100010010111001001111110010100001001001011001000010001111011010'
T'1100010110111010111100010101010111100110101111111000100001001100110000111000011000110001101111000000101001001000100110001110100111111001111100100110001000110011101010010101011011'
T'1111011000100101010010110001010001110001000111010110111010111001010101101100110110111011000100101111100010010011001100001101000000101101110010110111100101110000101101110110101101'
T'1000011010001100100010000101101001110101010101010000111100010001101001000000000101001111000100101111010010000111001100001101000000101111000000100011100010111010001101001010110100'
T'1101000011110110110110100010011101100101111111100000101011001111100011100011111000010111001100001111000110000110001100001101000000101011011101100011100011011011010110110001000101'
T'0011111110010100001101101010100011111100101001000111111101110001011110111000000010010001000010111101001010010011111110100000010001111001001011110000001010010111001100010000010111'
T'0101110000101100011011010010010101000110111110001101100110111001111001010000001011001110010101110110001010010101101001010111111011110011001111010000011010101111001010010011101110'
T'0011001011101001111000010010111000111011101100101100100100100100101001110000010111101001010010011110000000000001000001100101101010010010101011000000001001010101001011001110111001'
T'1000000011110001110001001000011001100100010101000011110111001000001101101101011101111111101110010000000101000000100010111100000100100000101001100001001111001010001000001000100001'
T'1010100000101011010111001000100010100101111011111011010110101100001111011000010011011011100010010110011011000001110010110110010101000000110011001100111010110011100111101011011010'
T'0100110110000011010001111001011011111100001111110111101111111000110000100001100010011101100100100000001111001000111110001101001011100001100010000101101010110011011110011101011010'
T'0000101001110111110101010011101110101101001011110110110111011011000101001100010100001000001000000000001000010101010110010101110101010111111111110100100110110001110000010100000001'
T'0001111111011100010111101010000010101001011000001000000011110011111001111101011011000011010110100100011110011000001110101001101011000010100100001111111000100111011111110010010011'
T'0101100001001001101010110100101110000111010110111110001011001101110011101100111101110110011101110010011010101000100101001011100100100111111111010100000100010010011110101011000101'
T'0000111001110100110100010100000011000011001011011111010001110001110010110111010110111000110101011010011010101101110011001100001101011010101111111101000110000100110011101001101000'
T'0110001010111100011100000010011010101010010011100101011011111101111110101110011000000000011100111100111001110010001010000111110010011000001110011111001000100010001011101110010001'
T'1011111001110010111010000010000101001110100010000110101111100011011010001100111101111001010100010110000010001011011101111010011100010100000000000100011001101100101001101100100011'
T'0000111001011101100111100010000101001100110001110111001111001011110000111000111001001010111101111011010100101001111001011100010001001100111000011011001101111011111100110111111011'
T'1000011010111011111100011101101000111011000101011001000011100101111101101111010111011110000010110011011110101110111001101111101001100001111101101110100110101011101011010111000011'
T'1010111110010110110100110011001100000111101001110111011111011011011100110111100111111000010011101011011100001000010000111010000100000101000100011011001001110001101111110011100010'
T'0100111010100110001101101100010001100000000001111101101010001011000010010001010111010110101001110101111010011000010111111100111110001100011011101000001111111011111011010101010010'
T'1101010000011111101101000100100001001111100101001100111001110101010111111011100110101011001011001110110110101101000001101110001100011110100001101010000000000110101000001010111010'
T'1110001110000000100001111111011110100010000010100000101000001001001110011111100001011101100100101010101100101011100111101110110100000100111010101100111001011010000011101011110110'
T'1000001011011011101101110101110011100110101010100100101111011011101001010001011000000011000001111111001000111111001011110000001111100110101110101111111011110011000100110001100101'
T'0011111100001000011000101111000011010111110011111010101011000110100100001000111111000010111100000011001000000101101000000101001111110001111101000111110010000010101101000010100110'
T'0111110000010101011111000111001110001111110100001001100011000111001011101010100110110100110010110000101111000110100111101001010100101110110011111010111011110100011111111100001111'
T'0111110111001010111111100000100010100101100111100100100011111100111100110000101111100101001101011001010100011101001100011110001011100011111000000000101111100100010110011101100111'
T'0110111111100010011010001001000110110100110011001111001101011000001100101000000010010000101001001010011100001011110111100100110000110100100101001110111010011100001001101011110110'
T'1100110111111100000111110101000101110010111111001011100011111111010111101111011111110010000100111100000000101000011010101101111001111110000011010011110111100101101000000101110110'
T'1101111000011110011010100101101011110000111101100011110010000111110010100011101001010110001001001010010001111101111101111001011100110110000101001000110010010110001101011011101110'
T'1110100011000100011000101001101000101100101010010100010000010011111100010001011100011000011101111101011010101110010011011111111010010011101111111100000100010000000000100110100010'
T'0110000110000110110010110111111111001100111000010111100111100100101101001001110000110010101011001011010111111000000101111010011111001011001101000110100000101001011011010001100110'
T'1100011101101000011011010010000001010101101011000001110110111000000101100100101111011000111111111001011010111000000101000111001111001010011111110000010100111110111010100001011101'
T'0111001110001000100100100010110100011101011111000100010111000100000010011011111110010010100001001000011100001000001100011101100000111011000101001001010111001100101000011111111111'
T'0010110010101111100110100110100000111001010010110001000111101001110011100111101010110011110011001010010000110111100010111010000011011100001100000101010001000111011110101010110111'
T'0011011001101100101001111101000000110011011011111001011101100001000111010110011100000010100100010101000100011100001011101011111001101110000011011101010011100001111110110100101111'
T'1010001011001001100000001101100110110101111111101110111100111101100111011100010100111011011111111010101011001011000100011011100000111010001011111110101101110110100111010010010110'
T'0101000100111010100110100010000101101010100111000001001010100101110100111010100100001001001110111111001111011001010101110100011001011010101001110000111011100101010010001110000010'
T'1000110010110001001110110101111111010101111111101110110111100101110101011110001010110110001101000101101111001010101001111010110001110001110101111111001011111000110101111011111100'
T'1110000011111101010111010110011111101000001100100100110001000011010101101110001001000010011111100000000111010001011110010111101100111011001000101101110010110001000010001011010101'
T'1111101100111101011000101001001000001010001000111011011100100010001110100011111001000101110010010001100011111001110101010000001100011011110111010001011011011101100011001110011110'
T'1101010110100101111000111100101010110100000010100101011101011011001011001001101011010010010100001111011111111110111000011001001001100000000000010000001000110010101011111111011011'
T'0101000001010001000111000000101000010000111011010010110010100011100101001010000101010111111101010101101100011000101010010011011100110000000000010001000110010010111111110100000010'
T'0100110011111111011000001010001111110110011110111010111010101001101000000000101010111100101001000000000101011110001111111011111010110010100101000010101010000000001001100000010111'
T'1000110011111000111001000101111000011111000100001100101001101101111001001000010001101010010101010001011011011010011011100101111011011110110111110110011000001111011001001111111001'
T'0011100010010010100010111010011001111111001010001100001100010100000010010101010101100010010110110111011110111100100110101101000110101010111011111011000100100100101101000110110101'
T'1011010000110001001101100111100000011101110100110000110101101011000101010010101000100110001001101000010100110001000010001000001000111101001100001010111111110001001111110101000111'
T'0000000111101111011111111101110110110100111010010010001011010100010101011101111000001011101000111101000111011110011100110000000101010000010101000010000011101010110010111001101011'
T'1110100100001000101010100100000001110110010011000001001010001010010111110100011001010001011111110010010101010111010110001000101100101001111110100000000101011000011000010101001010'
T'1000110111000010101010111000101010010101010001111111000000101011001111000000111000011000011010001110111101010111110001000010110001001110000000001100110111110000000010101101101011'
T'0010101000100100100010110000001101111111110101110010011111101101001110000011101010011100000001010101000111011011011100000000000010111101000000000110101010101001101111010110100011'
T'1110010100010010100110011011100100000010111111100100111110101001101110111100011101100001100111000100001010110011101100101110111101010010110000100000000001000011011011010100000011'
T'1100101110111000101101001110010111100101001111110010010010110110010000101000100001111110101110001100111010011110111100000111110111101110101001100000001100010001001110100001111011'
T'1000001111010101011000110010101000111010101011100111010000011010100000001100111110010000001010110000001110011000111011110011011011010000110011101101001010011101100001101001001010'
T'1110010100001100100000101000001101011010111001000101001110001111000011011010001110100010101110011101000001000100111010100010011011110111110011100101001001010011000011011000001011'
T'0110011111100101100011011111110001000011111001111010101110001111110010100100110111000101000001100101101011000000100111101110010100101111011110000000000011010110010100111100100000'
T'1010110011100101001111100111010100101001001111000111101110111011010101110100101101111011110001101111101111001010110011001101101011001110100101111000001110100000001110101010010011'
T'0010101011100000100111100101111110110000000001100110101000011101111101110011110111010000001111001101101111110110100111010110101011100011000000010101011110110101100010110101010010'
T'1001010100001101011000000111101001110100000001111101101010111111010001001111001010000110111110110011000011110111111001000110000100001110010011100111011100001101011100010011010110'
T'0001011111010001111010010111000110011101011101011110110110100100011110101000011001001100110001101111010001100110000010101111010111100110000011111111110001001000110110100110000001'
T'0011100111011100100010011010000110110110100101011110000010000110000100100110010011010010111101101110010101001111011011111001001111000011000110101111011010100001011100100101100000'
T'1000001000110001011100111001010110000001001101100010111010101110111111011100101100101010100110101011111011100000110100000000001100100010011110010000101010010110100111000100010011'
T'1001010001100000010010011110110011000100000000100110000101111001110110011010011100011010000111011100101110100110000010111011011100000101001110010001001011000111000100000001000110'
T'0000111100100010010100100011110110110010101111000000100100010101110100100100100101010000101110000101010011010110100011101101001011101101110000011100100110001101011011011101001010'
T'1000011010001101111010101111011000011111100110011000010001100111100101100100100011010011000010101000010001000110000001000100011011011010110111101100010100101111110001110001010010'
T'1010000101101010000001010000101001011010110101011001010110100011101001111100100000111001101101101101000101001001000011100100011111010100101010101100001010010000110010010110110011'
T'1000101101101010001010111011000110010100000100100001001100010111100111010100110010000111100011111101011010011111011110100001011111010011011011100000011110010011001110101000010011'
T'0100011100100010101010111001001100000100110101010100110010100010111011010000100100111110100101111000111001001001111100101000011111010101110100000000000011100111100101110010101010'
T'0001100100010010100000010001100011000011000100000111011011100111100000011101101011111010010001100010010111111000111000111010010101100100010110110111110000110101101011100101011100'
T'1000001001010111010001100011111110100001000011000010100110011111100111100101111100011001111100001010010110001000100011001101101001000110000111100100000000001101010111001011111010'
T'1000010000100110101111100100110011100011010101100110000101110010001101011101010101100011110010010001000100011100100001000000101000011111110010111000000110100110000101000100100011'
T'1111011111001110010010010001001111010011010100001110000111010101100100101010100110101001110110100011010110011000100001100100110111000011110001100100001101111011010110100000011110'
T'0110111111011010001011100000011100100011001000110001001011010111000110001011000001100111101010000111011100000110001011101100100111011110010111001100001100100010011100110101111010'
T'1010000101100101001001001100111010111010001001100111010011111011110101110101011101010100111101001111010111101100101011001001111110011010001110100100000100000010110010110011101101'
T'0000001111000000011110010010010101001100011001111011110000101111110111110010000001010110011011010010101010101100001011101001110111001101011011111101001110111100111100110011010010'
T'0101100000000110001000110001101110001111101011011111011111000000110010100010110000111110000001100010010011011110001001101000101100100000000100111100101101111100110101110110011011'
T'0000101011101001111010010100011011111011111011100101100111100101001110010111000010000111000100100100000001110101101011001001101111111010010110101100011110110110010010011110100011'
T'0111011100111111111010000100000010100100110010000001111110011111000000001100001000110010010010000100000101100100100001100000101011001010110011101100000100011010110001111101110010'
T'1110111011101011111000010011111001011001101101110111011110100110000011000010110111110011111001111101110111101010000010110101101110000000101001100000001101010011110101100001110101'
T'1110111000100000100011011110000111101111110010111100110100110011101000010111000010010110110111111001111011100101000110110110111100011001010100000111011100111011001100111100111011'
T'0010111001000110000101101000110101001010001011100000010001111111001000101001011110101111000110111000010111110110101100111000101000101010000100001000100010000011101001001111011011'
T'0001110101011000000111100011011110010001110101000000000010011011110010000000000010100010001110101111010111110111011111100010101111110111000000000111111111010101011011100111001011'
T'1000011011100111100000111100110001001111111000000010011110111111100000000010111100010101010110010000001101011100011110100010010111001101000100100010110000101001101000111000111011'
T'1011101010010000101111000101011111001000101101100001111101101110010001010011101001011101000010010111011111011001001110001010110111101000011100100100010001011110010011111000001010'
T'1110000111010000001000001101110010001001010101011110000010111110111111000001011011111101000010000011001101111110100011011110101000011011001100100100000001011011110101101101001011'
T'0000001101110100011010111001000000010110101110001010111101000100010010010110000000001011010110000100101101111111110000100000100011100010000100101011000110011000111000010001110010'
T'1110110001010100000110110000110001111101101000010111000011100111001111011001001101101111000001000011010111000110101111110110011100010011000000001000110100111100100111010101000010'
T'0110001111100000100001110101110110111001110101000111010000100001101101001101110010011011101010000000011101000100001001111000010111011001000001011111100110100110100111001100100010'
T'0001001001101011001001101011110001101001100110010100111110100101010100001100000010110001010111001001111100111110010111101100111110111000000100101010100001011011000101010100110011'
T'0000110011010111100001101001101101111100000001110011110100010010010011111101010011000100000111011011101100011111111000001000101101110011001100101110100011101010101011000010010011'
T'1101011001001010010000001001010001000100110010000100011101100111010011010110111101101100000011011111110100111100010110111010110101001011000100100111010011011101000111110001010011'
T'1001100000110011011010111110111101101111111111100000100011011011001110001100010011001010010100010001000110011010000101011100110011001000001000000000100101110011000010001010010011'
T'1111010011010011111001010101000111000100100100001000010001100100000011010100100010010010010100010011010100011110000110100110110010010110000000000010010111100001101101001010110011'
T'0100101001001000011000011111110110010010001101000000111111010100100001001000110001100111001010111011111100011101101111100100000110111000000000110110100010110100001011101101001010'
T'0010100001000110010110011100110100101010000100101100111110101000011110010000100000011011010010011101100001010101010010001000000001001001010100101011001100001001110101000010011011'
T'0101101001100100111011011000011011101010000100011111000001111110010110011110010000100001000011001110101011111111100011101100111100110110000100100001101000011110111111110010101011'
T'1101001011011110011010110011110001001101010110011100001100001000001010101100101110001011010000010011000001111111111000011010100001001011001000000100101100000001010111100101011010'
T'1100010110101100010001010000000110010001011010110100110011111011010101110101101010111101000101000110110001011111001000010000100000000111000000001000111110110010101001110100001011'
T'0001011011100010100000101001001010001110111101110100101000011000110110111010000010010011010010001101011111011001101011101100011111100100000100100000001010111101000011101111011011'
T'1111000110001001111000010100111111001001010011101110110100100111000101100010011110001111111001101110101101010011011000001110001010110000000001011001101011111001111110111000010011'
T'0100111101100111100110110101001000100000001110111010110001010000100000101101000001111001101011001001101101100011000011011010111100010100100110011100010011010011110001001010111011'
T'0001101011011001101111000000100111000101011000010001111000101010110011111110001110110010101110111111011011111001100101001011010110100001000100100001100111011100100000011010001011'
T'0110100000001001000011000110111101001011101110111000100111001011000100101111010100110110011111110000111110111001010000100001101000001001000001100111001010010100000100110001101011'
T'1111101001110101011000001001110001110111111111001001111111100000011101111100000101010010101010100001111110101000010000100101110111111110001000000011101100000001101011000110000011'
T'1110011010001011101100011100100001110111100000101101110101011001001101010010011010000010100110110110101011101111011010011001111110101101010100101001110111011011111111110011010010'
T'0000111111001101011010000010010001001010111000000110110010110100010010001000001101010111111111000000110101110100101100100101101011011001111110000100001110001110001010011101000010'
T'0011110000011001010100000011011100100001100000100101111101110000101011000100101001100111010101111110101011111010111110101101001101011001000000000001111101111100000111110000110000'
T'0001011001010001101100000010111001001110001101010111100011111101101001011011010011111100010110101111101010100110001101010100101101000110110110110100001100101010010111110000111000'
T'1000110010100101111011011110010010010110101010011101000111011100000010011110001010001111000011100110101001110000001100000101000100111001010001111010101111110011110010001100110101'
T'0100011000000000100010101101000010001000110000011011000000101000100111101000010001111111001001101101100111001111011110110110010100111110010100110101100110000010000101000011101101'
T'0110011001110011111000100010100111110111001010100101111010000110011110111011111000101001100011000010010001100001001100001100000000101001010100111001110011110001001111100001110110'
T'0010100101001011001010000011001100110000100011000111010110001110001101111111010101111101110010110101011011101011110101110111100101100001000000001000110110010111010111001011000011'
T'0001000000010100111110101111100000011010110110000011100110000101010100000001111001000100001110111110010010001111000111010101100100010011001111000100001100111100000100111001000101'
T'1110001101111101001110110111101011010010001000101101000000000111001010110010001110100110110000110111011000101110001101101000000100010100111001001001101011110101011110100111010100'
T'1000111111100111101011100100010111101010010010010111111111010010000000011110010011010111000100001010010011101111100111010100010000001010101001010100101111010111110011100111000011'
T'1101111001100001111000010100110000101000100100000000011011110101110000011101100100000010101101000100011011011100100101001010100000111000011000000001011101101010001101001011110010'
T'1011010011001000101000111001110111010100011000101111000001101010010000000111111000011100101101001100000101001011110101000100001101111000000000000111110110000000001110001001011110'
T'1011101110011001011110000111110101100100111001111101101111111011010011101011101011100001011111100100111010101010001011100110011110101110111101101001111111010011011101011100001011'
T'1010001100110010010110100111011100011010010100110100101101100011101110100001101111001010010100101001110001111111110011000111010110000101000000100001110011100101000110111010010010'
T'0101110101000100010011111010001100111010110110011110101101011100010001111000011100001011101011000100101011010100100110010000100100100101011010001110000101110110111110001011100111'
T'1000110001100011000010101111001000111100111111101000111111000100000011011010010000111010100000100101111100101010101000000000011010010110001110100010110010011100001100100011100011'
T'0100000110100111100010010110100011000111011000011111000010110001111110111010111001001011110001101100000011010110011001010111110110101101111110110001111001101010010111001010111000'
T'1110001000101000000111000110100000010100110000011110011011000100101101001010111011110101110100000001110001110100101100101010001110110101011010001110001001110011010011111101100110'
T'1000010011011011111011011000110001011001001111010100111000110101011001010111011011110001100110001010000011000111001100001001000000101111001000011110001111111111101011110101011010'
T'0111010101100100001110110101001111100011001010111100101011110100110000100001101000011101000011000111101001100001001100001100000000101001011011101101100011110111101110000000110010'
T'0111100001001101111111001000101100110111010001101011110010000001001110100111011100111100010110111010110101000001011110101111110010001111100001100100000101100000001000101011011000'
T'1011011001011001111111101111100101110100101100110100000000111001111010010110110001001011100100100011000110000011001100001101000000101001000101000100001111111111111000111010000101'

#number of aborted faults = 14

#number of redundant faults = 84

#number of calling podem1 = 280

#total number of backtrace steps = 133929

#total number of backtracks = 9186

#FAULT COVERAGE RESULTS :
#number of test vectors = 182
#total number of gate faults (uncollapsed) = 10630
#total number of detected faults = 10453
#total gate fault coverage = 98.33%
#number of equivalent gate faults (collapsed) = 5350
#number of equivalent detected faults = 5253
#equivalent gate fault coverage = 98.19%

#atpg: cputime for test pattern generation artifacts\paper_v8_smartatpg\inputs\c5315_binary.bench: 0.282000s 0.500000s
