
#Circuit Summary:
#---------------
#number of inputs = 207
#number of outputs = 108
#number of gates = 4042
#number of wires = 4249
#atpg: cputime for reading in circuit artifacts\paper_v7_gae_20260831\inputs\c7552_binary.bench: 0.220000s 0.220000s
#atpg: cputime for levelling circuit artifacts\paper_v7_gae_20260831\inputs\c7552_binary.bench: 0.011000s 0.231000s
#atpg: cputime for rearranging gate inputs artifacts\paper_v7_gae_20260831\inputs\c7552_binary.bench: 0.000000s 0.231000s
#atpg: cputime for creating dummy nodes artifacts\paper_v7_gae_20260831\inputs\c7552_binary.bench: 0.000000s 0.231000s
#number of equivalent faults = 7550
#atpg: cputime for generating fault list artifacts\paper_v7_gae_20260831\inputs\c7552_binary.bench: 0.019000s 0.250000s
T'101011111010111100011101110101110100100000001001001111110010100100001111011111001000001101000101100101110111011001010011010010010011111011111111011111010010110100001000011110010001000000011011000100101000001'
T'000000110100011101010101110110010111100010101011011011101010101001100110001000100011111111001111000010000011011100000110001010101110000100001010011111000111111010110100010010111011101101110010000010001010000'
T'010010001101000000100111011110110100111000100001111000111010100100101100101110111001100101001100101101111111001010110010000000101100000111100110000000000011100011000110101010111011011110110110101100010100111'
T'111111011011001000000111110100111110000010101010011011001000010100010111110010100001011111111100101100001111100100000111100101011000101011110100001001110111101100001101011111010011101000101011100100000010110'
T'110111100101000000000011001011001010101101001001100111110001011111100110000001100011110011111001111010001000001010110011110101100011110100000000010111101010001011011111011100001111100011001000000001111100110'
T'111011111001001101000100101101010110100111111110010011100100001001100000001101110111100111111100000000000101101101001110110110000010001011001111000001101100100001000101011111101001101101110100111000010111110'
T'110101001000010111000101110100001111110100001101001010011110011011001110111110001011010011011110100100011011110010010001101111111101100111100000100011001110101000100111100101010011001110101010111110001100100'
T'010001000000110101101010001010100001111000000110010010101100010111101110111111110101100111110010111000011111110001010001101010011101000101111111001110100000111001011000101111101101100101101010111111100001100'
T'100100001010010001101001011000001100010110000011001001000111100100000110101011011100001110111100011111101110101111101110000110111011100010100010000111010000010010100110110111010101110100111001010110010000001'
T'100010100000100111111011101100010001011110111101101001011101100100110110110000100010100000101101001000101111111000000110010111001110101110001111000101111010001111111101000010101100000001100010010001011010000'
T'000001000000100111001011011110110101010100010110111001001110110001000011101111110100111011111010110100011000110010110001111010010000111011001001111111111101101000101001011100101010100101111110011100010110000'
T'101001011001110010110110011000111101101000000111001000111011000101000011011011110110010110000101100110011110011100000111011101010001111101001110111011000111001000001110000000010010111101111000000001110010010'
T'001110111110010001001100100000110100010001100000100111101001100101100101000100010111011100000011010001001111101010010001100110000010101100101100001110110010111100001001010011110011101001011000000101010001010'
T'101110010010110000000100100001110100010001100000000011101001001011000101100101100010111010111100001110001100110100100011011001111011111100010010110100100001011100010001011110101000010111110100011100010010111'
T'111000010111101011110101011111000100100101111101011000110110011011011101001100011001110101110011110001100101111100110110000010010011111110111111000000111000011000011111100100101010110010001111110101111100111'
T'010110101110110010001100100001100111010001100000001110101001010111101100011010000001101001111010001110101011100001000011011100000000000100110010010100111011111000001100111011101010111011011100000001011011001'
T'101010011111000000001001111111100111001100010001011111111101111111111110010000001000100001010101100000110111101000000010010111110000001111011000100010000011001101111010001010000101000111111100001100101111110'
T'110101000001000011100001000110110101000011010000100110110100111100101101101010110001100101111101111001000111001100001111110111110110111001100010001111001111000100110001000010110011011100100011111111110000001'
T'011111000001000001111011010000110000000000110001000101100011101111000111110100100100011101111010111111110111001001010111110111111101101011010111010110010000111100110110111100101111111111100011111111110000010'
T'110100000100101110001100100101101000101000011111101001001000100100010110110000001111100011010000001101011011101101000001101100010011110101111000001100011110100001101111101101010110011101101001010010001110101'
T'011010111100111100100100100000110100010001100000110101100110011010100111100111111010110001001010110100000110010111100001101010100100111001010000010111011111110110011100001010101101011110001001001101100101110'
T'110110111100100111011000101001000011110111101101100001100011011100100110111010110110101001011001001010100011110001000111100111000011010010011111001010010011010011000101010100011011010110000111011011101010001'
T'110010101011110101001101111011100111001101111010111110011010011011110110100000110010010100010011011000010111100100010001111011100000000101001010111100101011101011100011001001100000110011100101110011000011011'
T'100001100101001001011011000000100001001111000001110111101110101001011110100001011100111000100010111111110101101111000111000110011011010011110111011101000011100011101100001000000010000001001010000110101000111'
T'110000100111010101111010001111011010111010001100001000000111100100111010001100101101110110101110010111110000110101000101000000000011101101110010001110101101010100011010011000001110011000010011011010011000101'
T'111111001010110010010010110000111010000011110111001101110110011011101101100001010001101111100010101010100101001010110100011001010010111000010101000001100001000001100001101100011000010110000110011010011000111'
T'100011100111111100100101000110001110010010100010101100100010000010100000011110011010100011011101111100110101000101011011101101110100101011111100010100100011000000011010111001010100100111111010001101101010101'
T'101111001000010111010010111010000010001101011000001100000101110101100101010110011100011010001101010000011111100001100001111010001010011010101111011100110111001001011100111111110110010000001010000101101001100'
T'111111001000010101110111100010100100011101001011100110101010001111010110010100101111111100001101000000011110110001000001110010000111110010001111110011101100101111100100001111000100101110000100111010101001010'
T'011001011110100101110111100010010100010110111011001110001101000101001000011011010101110011101100111011010110000000010011011100110001110111001111011000111000100000010110010000001010100100001101110101010100101'
T'110011001001010111100001111100101010001111101000000000101101001011110101111001000100111111000111010110011101101111010110110010001111110001010011010111101010010011011010101001101111000010011010111111111110101'
T'000111000011010001001100011100101110000110101000111101010100111111010001011111110000011001100110011100011011011111111111000101111100000011111111010111011010001000110101010100000010011111100011011011110000000'
T'111111011110010010110110111110011010001110101111011110010010010010000010100001000001100111110100101100101111101101000001111111111110100100010101000001100101000001100100110011001001011000010111011101110100000'
T'011101011011111010101000111000010110010001111100100110101000001011011110101111111111000111011111110000000110111011101001010001111000110111111111111111010111111111001111111100101111111110011111111111111111100'
T'111111011001111010100100000010000100100011001100000010100111110000111001011000101011110101100010001101011111100010100010000011011000110101000111101101010111101111000010100000100010111100011110000101110001010'
T'000101111110010111100001101111101101100101010011111111110110001100001111101010001010011110110101011101111010001001110101101110111101100000011111101010100111110000011010101111101011111010001111101010111110110'
T'001101001000001111110110001010100101101001101111000001100010111100001111010010000001010100111010011010100111000110110101011001010001100110110111000110001110100111011111010110101011111010001111101010111110101'
T'010101001001010110110101101110100001111010100011100001011111110001011001111100100001110110010111000100011101110101001001101010000011111000100101000001110101000001111010101110001011111010001111101010111110111'
T'010001001001010100111101110100110000101101001000111011111100101000101111111111011001100111101010100010011111110111101001110010000011010010100101000001110101000001110010101110001011111010001111101010111110100'
T'110011001000010110111011000100110101110000110000101011001001110111001111111011100001110101110011101010011111110101001001111010001011100111110101000001110101000001111110101110101011111010001111101010111110111'
T'010001001001010100110000111100010111101100000111111001100011111110111110001101001001111001100111011000011110110101011001111010001110111011010101000001110101000001100110101110101011111010001111101010111110110'
T'110001000000100001010011001000111110111001111101000001010101010111100011011110111111111011100110010110100001001011111111000111111111101110100100111011000011101111101111100011000001011111100011111111110000000'
T'001101111000010010001110110001010111010011001101000111100001111010111000101000000000010011111101010011011100011101010000010110010101010111100000110000010000111110011001011101000000111100100101001111111100001'
T'001110100011111000101100100001110100010001100000000100101001101111000000101011111110010100011010111011100010100101010010001111101010101000100110011011110111110110000101111001011001010111100110001001001101111'
T'001110010101000110010001110001111001101100000000111110000001111001011011100100100111100010000001110100110001101100000001100100011010000010100110000010010010101010101110111110011001100011100110000100101011100'
T'010000110011111100100100100000110100010001100000111111101001100100010101011111001011100110110111101110011010110101100110100011011001010011011100101111110110111100001100111010110010111011010000010101100000010'
T'101100100001111001011000001000000101010001101100101110110101100111100010000000000110100100001110010110101100101101110110010111011001100010001000101010111011010110101100011011110100011011101010001010110011000'
T'101110010001001000101000011011010111100111001000100101010000111100001110000011100001101010010101010101101100101100101000000110111001011101011001100000100101000101100000011010001111111111000000001011001111100'
T'111101110011000011000011000000010000111100011010100011001010000101111010010101101000001101111010111100100110001111011000000011000011000001000000110001011100000010011010011111010010110110001011100011011100101'
T'001111110001111011100111010110001100000000011101100011000001101111000111110000100101011101111000000010011101001000101100010111110000010110000111011110000110100001010100011100101010111011011101010000001100101'
T'001101110011111011011101001100100100000011110110101100000011001101100111111011111111000101011111011001010011101110011000100000001010100011111111111111010011111111100011011110001111111111101111111111111111111'
T'100011100010110011111001100101011010110110010100001011010111100010110000010100100010100111000101101110011011110010101110110100000000010001110000111111001000101110101011010110001011111010001111101010111110111'
T'100101001001010000111110010000011001001100010100001000011100011011111110010100000011001011011011100101110011101101010111010111111001001111011010111101101001001001010010010010001111000001000011111111110000000'
T'101001111010111100111110010100110001111111001010100101110010001000111101101100010110111010111100101010101111001101011111110001000010011001100001110000110001100011011110101110010110111010001111101010111110100'
T'000011001000010110010010000100001010111100111110011011000110011101010010101011111110110001001011010010011011001010100110101010001100010001110101101110101110010101011011001101101110100011111000101101111001011'
T'011110001001010110010000101100111011010110110000101001010001100100101110101000100001011010011101010101010100001111000100011010010000000001010011100011110100011110000001000111000101000110100101011010011010000'
T'110110011011011010001000100111010011100101111111101110000010100111100110111001111100011100011111000010110100111001000010011001010101110110001110001011010110110001000101001111111001010000110110101010001111100'
T'100100010001111111011100001111011100000001001000101000000101101100110110101101001001101100100101111101001010110001001010000001010011101011100001011000110110100100101010001101111100011011001101110011100101000'
T'000100110011100100100100100001111110010001100000011101101001101001010100111111111001100111101101010110101001001110100011001011101001111000010010111000111011011001011000100100110010010100111000001011110100101'
T'001000111100000000000001110000110111001100000010011111000100111111010101100100101010100101100111010110000001111000000001111000000001000011001100100010101000011110111001000001101101101011101111111101110010000'
T'001101101001000010001011110000010010000010100110000100011110010100010000011011111111000001110100000101011010110010001000101001011110111111111111111111101111111111010110111111101111111111101111111011111111101'
T'001110101100001000100100100001000010010001100000101101101001110001001011001101100001110010110110101010000011001100110011101011001110011110101111000011011000001101000101100101110111111000001111110111101111111'
T'000010100001000000110001001110110010010000000111101000000111100110110110100011000101110001100100001011010101100101000101101100110011110111000001010011101111101010100111011101011010010111101101101110110110001'
T'010000001001010110001010000100001000000000110101000001100101011100010110111010101011010010011011000111000001000000010001111111011100010111101010000010110100101100000100000001111001111100111110101101100001101'
T'011011000011110011000010000111100001010010000100010011110111111010010011010110000100100110101011010010111000011101011011111000101100110111001110110011110111011010100100101110101011111010001111101010101110100'
T'001100010011010010111001000001001101000001100000000100000001001111011001011000101000011100111010011010000101000000110000110010110111110100011100011100101101110101101110010001010100010111001100110000110101100'
T'011110010001110000100110010011001101000011010000000101000001000111001000000100110101010100100111001010011011111101111101011100110000000000111001111001110011100100010100001111100100110000011100111110010001000'
T'011100000111101110010001100011111001110010101000110100000000001000010010001110100010000110101111100010011010001100111011110010011011101111010111000101001000110011010010011011001000100001110010111011001111000'
T'011100000101100110011000010011101110011110000000010111000000000111001101011100001010111101111001101010010100111100001011100100101100111000011011011011110111100110111111111000110101110111111001110110100011100'
T'110000101011001000000001110111000111001100101111111110110111111111010111011110000010110011011110101101110011011100000010001000110001110110111010011010101010110101110001101011111001011011010011001100110000011'
T'110010001111011101111101101110111001101111000111111111111110000100110101011011100100001000011100000001010100011011100111000011111100111000010011101010011000110110110001000110000000000111110110101000101000010'
T'000100001011011101011010101110111011111001000111100001101110111111101101111001111101111111101110110101010100110101000001111110110100010010000100111110010100110011100111010010111111011110011010101100101100110'
T'100110011111101000001101101111001111010011000111010100111110000000101111100000101011101110001110000000100001111111011110100010000010100000101000001001001110011111100001011101100100101111001010110110110100000'
T'010000111011010110110010111110100000111010000111111100011111000001011111101101110110111010111001110011010101010010010111101101110100101000101100000001100000111111010001111110011000011110011010111010101111000'
T'110000010011001100101001111111110000100001000011100010111111111000011111101011111001111101010101100011010010000100011111100001011110000011000000101000010101111000111110100011001000001101011010000101000011110'
T'100000001011010111110001110110011100011111000111101000111110100110001111110001110010111010101001101101001100101100111100011001100010001011101100111110111011110100011111111100001101111110111001010111111100000'
T'011101001010010110011110010010001111110011110011000010111110010100110101101011101111100011101010111001110001111100000000101111100100010110011111111111101111111111001011011111111111111100001111111011111111110'
T'011111010001100100011011010011001100111100110101100001011001010000000100100011001101000111111110111111111001001100001101011101110100111000010011010111100110011011111110111100001111011111010100010111001011110'
T'110000101111000111111101111001010111101101000111011111111111011111111111110010001100000000011010101101111001111100000000111101111001011010000001011100110111100001111001101010010111101011110000111101100011110'
T'001110000011111100101001110000011101101100001000011101000000111101000111110011101111101111001011100110101000110000000100101100011010110111010111010001100010001100010100110100010110010101001010001000001001110'
T'111110000101001011100001110001100010101101010000111101000001011001101100110011011111111010010011100000100010000000000000001101000100110000110000110110010110111111111001100111000010111100111100100101101001000'
T'111110000011100111101101110001111000101100100000011010000001111110101001111111001010110100000101001011011010001100000000110001110110100001101101001000000101010110101100000111011011100000010110010010111101100'
T'011110111001110010000001110010101000101101000000111100000001111110011101000000010100111110111010001011101011100100000110001000100100100010110100011101011111000100010111000100000010011011111110010011000100100'
T'000001001001000001110110000010110110010101110011001010000111111110100101100101011111001101001101000001110010101010110111001111000011110100111001110011110101011001101011000111110001011101000110111011110000001'
T'101111000001010001000100011100111101010101101001101100110110010100011111010000001100110110111110010111011000011000111111010110110011100000011000001010110000101110101111100110110110101001110111011011110000000'
T'111111000001010010100101110100001011001001100000100110110011011001011111111011101111001111011001110111000101001111010111111100110101001100010001101110000011101000011111010110111011010011100010101111110000000'
T'100101001000100000010101001100100010000101101010100111000001000101010010110100111010100100001001001110111111000111101111100100101011101000110010110101010011100001110111001010101000111000001010011001110000011'
T'010001001001110110101111110101011111111011101101111000101101010111100010101101100011010001011011110010101010011110101100011100011101011111110010111110001111110011101111011111100111000001110101011110101011100'
T'101101011001110001000001100100010011000100001100101100111000100100001001111110000000011101000101111001011110111001110111110111100100010110111001011000100010001011010101111110110010101100010101111111110000000'
T'100101000000000010100010001110011011100100010001111001000111110010001011100100100011000111110011101010100000011100011111011001110111010001011011011101100110011100111101010101101001011110000010110111110000011'
T'001011010001100010000001010010010111010110100101100010011010110100100101000111101111110111000011010110000000100010001110100100101111111101110010000010100010001110000001010000100001110110100101111010110000001'
T'010000110010100100000101110000100010001101010111111111110101011111101101100100010101001000110110000000001000100100000100100111110101110100000001001100111111110110000010100011111101100111101111010111010101001'
T'101000000000010100000101110111100100001101000001111111110001111111111110111110101100000101010100000000010011000000000001011000111000111110001110010001011110000111110001000011001010011011011111001001000010001'
T'101010000000011000001101110100100011001101011100111110111101111111011100110011000001111011001111111001001110001000000010001010000011011101001100111111100101000110000110001010000001001010110101011000100110111'
T'111101110001010000110101101000001101010010101000100101010010110011011010011011010000110001111110111111010110111001111111000000111011101001100001101011010110001010100101111101001111111110100110101101110000000'
T'011100100101000100010001110000001000101101000000111111000001011101111111011110001001111110101000010000000111101100000110111111111011101101101001110100100100010110101000101010111110111100000101110100011110100'
T'000110101111100100000101111100010111001100000111011111111100111111011101100001010100000011101010110010111001101100000111011001000000010001010101001000000011101100100110100001001010001010010111110100011001010'
T'001101101111111100100101010101110010100100100111111010001010110000100001010100010100011011100001010101011100010101001010101000111111010011110000101011001111000000111000101001011000100110110111000111100010001'
T'011101000000010000001101100110011111000000010101110110110010101000010010010001011000000110111111111010111001001111111111011111010100111000001110101001110000111010001011101110000000000010100011111111110000011'
T'101101000001010001010001101110101011010001111001101000100101000100110111001000000101111111001001111101010011011110110011110111110011101100001100111000100001010110011010010110010010110000100010111011110000000'
T'010001000000110001101101010000001110000101110111100010110100101100101111001010011111100100100101101100100001010000100111001111111111101011100011001110100111101100111011011101010011011000100010111011110000000'
T'100110101001001100001101111101110111001100000101011111111110011111011111111010101011000110010101000111010101011100000001111010000000011010100000001100111110010000001010110000001110011000101101011010000110010'
T'110101100001110001100011010010001011100101000011001000001010000011010110101110010001010011100011110000110110101001110111100111110101011100111010000010001001000000111101111100111010010100110001111011110000011'
T'011001010000010010110011111100010011000110111111100001000011111001111010101110001111110010100100110111000101001000110111010111100110101100000001101000010111101111000001101011001010011110010011111011110000000'
T'001011000000110000111001010010111100111010100101100100111100011110111011101101010111010010110111101111000110111111011111110101011010101100101110100101111110100000011101010100101001010101100011000011110000000'
T'100111000001100001000111111010100000000011001101101000001110111110111001111011101000001101011011101010011101011110101111110011110010101011110111011000101101010100100101010000110101100000000011111111110000011'
T'101001111000100000000001111100110101001111110100010001111001010000110111110110100111101111010110000001110010011110011110011000011010111000100110100000101111101000111101001011100011001110101110101101110000011'
T'011011101000010000011101010100000110010011001100001101110001100110000011100110011000001111000100100011011011101000000101100111001110111001000100110100001101101101001010111100000100001100001001001101110000000'
T'100111010000100011110110110100101001111001011001011000011000110101010100001011101101100000100000100011000101111001110111001010110000001001101100010111010101110111111011100101100101010100110101011101111000011'
T'011101000000100000000100001000111100110010010110101110001000101100101000110000001001001111011001100010000000011001001111000010111100111011001101001110001101000011101110010111010011000010101000010101110100000'
T'111000110011000100001101110001000011001100000001111110001100011111001111001000100101001000111101101100101011110000000000011001000000101011101001001001001010100001011100001010100110101101011111001011011100000'
T'101101001001011001011011101000101000011010001101111010101111011000011111100110011000010001100111100101100100100011010011000010101000010001000110000000101110101101111001001011111000111000101001010000100000011'
T'010100000001010000000001111010000111001101011010111111101010111111100101011010001110100111110010000011100110110100000101110100010000100100100110011110100101010101010010000100100101101101100010110110101000101'
T'011111101101001100101000001001000010011000101110100111101010011001000011110001111110101101111110111111110111110111011111001101101110111001001101110101000010101000111001111100000111111111010101011100100110001'
T'001000110101010100100100100000110100010001100100110010001001100010111011010000100100111110100101111000111001001001110110111101011101000000111001111010111001010100001100010001100101010000010001100011000011000'
T'100000011101101110011101111000000111101000110101111111010010011011001001111110001001010000100100010110110000110100001011010111101011100100000100101011101000110001111111010000100001100001010011001111111001111'
T'001010111100011001111101110000101001100100110001011001010110011100110000111100000001101001110010111110101000010000010001001101011110010011001110001101010110011000010111001000110101110101010110001111001100100'
T'010000100011100100000001110000000110001100011111111111100101111111011010011000010100010010011111011111001110010000000100110001000101111010011010100001110000111010101100100101010100110101001111011010001101011'
T'001100001001001100001001110011110001001100011011011111111011011111011010000001111001101111110110100010111000000100000110010001101101000110001001011010111000110001011000001100111101010000111101110000011001111'
T'001110111001011100000001111100100011001100001001111111001101011111111101010000101100101001001001100111010111010000000010011100110011010011111011110101110101011101010100111101001111010111110110011101111011010'
T'001110010010000001010001011011001110101101010000011011110000011001111001001001010100110001100111101111000010111101110101111100100000010101100110110100101010101011000111111110110101101111111011110011100111001'
T'101000010110000000011000110010001100101100110111011001111101011110111110111110000001100101000101100001111100000000110110001001001101111001011001000000000100111101111100101011101100111000010101110100111110100'
T'100100001100111110111110111001011001111001010011101000010111100100000110100100001110001001001000000011101011110100100101101101000011101101011101101100001001111010010111011100111111111010000100000010100100110'
T'011101000001111110011111000000001100001000110010010010000100000101100100100010000001110000101010110011100100011010100011111011100111101000010101000001110101000001101110101111100001001111100101100110110111011'
T'101111111010011000001100001011011111001111100111110111011110101000110101000001000001100010100110110101001111010110000111010111101110001001010001000001110001000001100001000110111100001111011111100101111001101'
T'001111100111010000101110000100101101111100111101110010100011011011111100010101000001100101000111011100111011001100111100111011001011111001100001000001100101000001100011000010110100011010100101000101110000001'
T'001101111111100100010100101111010111101010000101101010110011100101000101000101000001100010001000011101001001111011100011101010110000001010000001000001110101000001111000110111100100011101010000000000100110111'
T'101101100000000000101000100100111010110110111111000110111111011011111111100101000001101010110111001110010111000011011100111100000111111100010001000001100101000001110001001111111000000010011110111111100000000'
T'011101001001010111100010101110010000010010001111010001010111001110010110000100011010001100110101010000011100010111101001111010000101001000010111100010101111100100010110110000111110110111001000101001110100101'
T'111101001001010100011110111010010011100010111011110100010001000101110010011111000001011101000001010000011000010110100001100010000010000011011100100010010101010111100000101111101111110000010110111111010000011'
T'001111001000010111101000110110111010000110101000000010101111010110110100110000001101110100001101011000011000110010111001100010001000000010110101110001010111101000100010010010110000000001011110010010101111110'
T'001101001001010100001000111000001011000110010001110000100011100111011000101010000011011100001100010100011000110000111001111010000110100001011100001110011100111101100100110110111100100110101001010111111011011'
T'101101001000010110011000110100011100100111010101000001000111110000010000111010111011011100001101100000011001110010100001101010001101000010000110110100110111001001101110000000011000000010011110001011101101111'
T'111111001101100110100111001100100000010010011010110011001101011110001101001101001100101001111101001010101000011000000101100011110001111111100111001011110110111110111001111001010100001010101100010101010011011'
T'001101011001110101111000011010011011011111000000011101011110100010010010011101111110101001100010001110111010011111100000100101101110101111101101000111001010101100001001111001011101001111100100101001000000101'
T'011101100011000100110010000100011101100111010011010111001111011011000011111110011000101101111111010111010100101011101001101101000111110001010110011000001100110110101111111110111101101011111111111000001000110'
T'011111011001111000110001001100101011010010001011000011001011101100110010000001001011101101111000011100010100101111101001101001111100101010100011100010010010000100001000111111001000000110110101001000100100100'
T'111101101101100011000011010011110010010100010010111101000110110100101011010001010010010001111011011100001111111011001001000110100000011111101010010000100100011000110011111110010101001111111100101101111100100'
T'001101110111100011011010001011010000101110110100100011010000100011001011001110110011010010101000010010110011111010100001111001000010100011100011011100110110000001010010111001001000000110010010110110011000001'
T'011111101011000010011101011010011001001110110110000111011101010000100011111010110000111111001011001111001000010000100101101011111110100111101101101111001101000011010000111001111011101111111100101011110100101'
T'111101111100110101100111100010011010101100111000011000010000010101011001011110111111100010111001011000011111110000110110000100101010010110001011111111001011111111101111001010111111101100101111111111111111100'
T'011101110101100010001010000000110010001011010110100110011111011010101110100110110011101010111101011011011000111001000010001000000001110001111111111111101111111111010101001110101001100100001111111011111111111'
T'001101101101111000101000001010010010100011101111011101010010100001100011011011101000001001111100101111000101011101011010111011001111110010000000101011101000011101111011111111110001100110010011110000101001110'
T'111111001001101001110111011010010011100010110001001111010001111111001011010100011011000001111111101100101011000101100110101111100111111011100001010100111101100111100110111111010100101110001000000011101110100'
T'111101001011000010000010110100000111100110101100100111011011000110011001100111010100100110010011010011100010010101111000110101101100111011101111000000100111000101011000111001010001101111100010101011001111111'
T'101101011101100111111111010110011001010010101011010001000110011101100100001011011111011010001101010000000100100001100011011110100101110111011111111111100011111111100111001011001111101100101111111011111111101'
T'011111110101100110110011111000011101001010000010000101100000101110011100101001010000010011111100110101101111111010011101010110000010011100011101111111110010011111111000111100011101101111110000010101001111100'
T'000111111000000100001001011011111110001110110000001101011000110000111100111010001111101110110001110010000111011110000010110111010101100100110100100100110100000110110110100101110011101110110100110011111011101'
T'110100011101111010111111111011001101000000111111111100111111101011011000001001000100101011100000011011001011010001001000100000110101011111111100000011010111010011010100111001111110100111000111001010011101000'
T'000000111101000011001010101000000110111001010111000110111110000100101111111011100001010110001001010011001100011110100110101111101011000110101101000111110111110000011111000011000000101011001010001101100000100'
T'110100010011110001101010111011000111111011100111010010111111101101001111111110001011010111110101010011001000001100110110110111100101010010111110000111000100011001010010111101101111110010010010110101010011100'
T'100000111011110000001001111011000101000111000111001101111110100110001101101000111101010110011110010001100110101010001100000000010000101101000010001000110000011011000000101000100111111010000100011111110010010'
T'101110111111101111001110011111110110000111110010111110011011011111000101101000010100001110110101100110011100111110001000101001111101110010101001011110100001100111101110111110001111110011011111111011111111110'
T'001100010001010001110011100000100111110000111011001010010100101100100111100000110011001100001000110001110101100011100011011111110101011111010110101010100111101011101110010110001001110001100011011001011101110'
T'111111001011100001100010000000010100111101010111100001001101011011000000111001100001010101111100111110100000111100100010000111011111001001000111100100101010011001111001111110011101111111000001001110010001010'
T'111110000111011111010011010010111101011010100000010001000000001011010101000000001110010101100100011100100110110000110111011000101110010110010101001110010010111101010111101001110101100100011111110011110101100'
T'011100001011111010100100100010101111111110000000100100000000000001110111100100110101110001000010100100011101111101000100010101010010111110101111100111001110000111011110011000011111000010100110000101000100100'
T'001100111110101100011011110101111000001110110010011110000100111111101110100011101001001010010110000011100000101110110101000110100101111001011101001100100010100011100111011101011111110010011111111011111111101'
T'101100010111100000011010100100000001111110000111000110100000001111101110101000100011011110001111101100000000011100010010111101011101110011001011100001111101011001001110011111010011110001011111110110100111110'
T'101110110101110000010111111001001110101010100010100111011101111011011110111010011011101011100001011101000110011001001010100111011100011010010100110100101101100011101110100001100111110001111001010010100101110'
T'011111100011111111101011001000010100000010000111001011000110111010010010000111010100010001111100111111011111101000110011101011011001111010110101110001000111100001110000111110110011111110101001011000010011000'
T'101100010011001001111100000011011101101111000000100010000001110011111100100110001100011000001011110010000111100111111101000111111000100000011011010010000111010100000100101111100111010101100001001011000111010'
T'001100100111000001100100011100011010000011010011110000010110100011001001111101100001111100001011000111111011101011100100101111000110110000001101011010111110110110111111011100110111110000101001011100101011111'
T'001100111111111100010001010001000111000110100000011111010011011111001001101111001101100010010110100101011101111010111000011100100010110010101001110110111110001001110011010011110111001001011111111111111111101'
T'101100110101000100110110110011110110110001000000100010000001100100111011110101001110001101010110010101101011011110001010100000101111001000011110001111111010111101010110100111010111011001000011101101010011110'
T'101101011001101011110010101111010011000010000110100000111011100001101110110110000111101110000000110010011110000100110111111001000101100101111011101000110101111001000000101100111010011101110011110001011011100'
T'101111101011000001110011101001111100001100101100000000100010101101100010110110010110011111111011111001011101001011001101000000001110101101111101001011011000100101100100011110010001000001010001000011111111100'
T'000111110101000101011110010000000110101001111010010101111111101010011001011001100111111011100111110101000100011111100001101110110100110110001111111111111111111111101001000110011111000001101111111111111111101'
T'000100100111010100001101111101110111001100000110011111111110011111011101101010010111111110000010011110100011011100000011110010010001111011000000010110001101111011001001010111001100000111111100010111111110110'
T'001111011001100100000110110111011001101111100000000110000011110001010110100010111010110110110110101110100001010110010100110001100011100101010110010110000111101001100101111111001000010010111101100100010000100'
T'011101101101010110000000010001000101100110110110010001010111010111010010010111101110111100111100100000101110011010100001110000011101101111000110001001111100110011000101011100110000010110110011101010101110100'
T'101101001011111010010001001000000100110001101100100000111111010110100010010101001010101001100110100100110111000000001110110000000100101110111011110010000000001000110001001100011001101000000001110100111111010'
T'011101100011011100011110101000100010110101101101000100011111001011101110010110100111001110011101000110011111101011110000011101001000110010110101010101100001011111010010011101110010010010011111110000100110100'
T'001101100011101100101000100000000001100100001101110100000001010110101101010110011001110010111000100100110001110111010010110111101110110010110001111100110011010101000101011001100100100110110000011011001011001'
T'111101010011001110100110001011001101111100100101011001010111010100001111011111111111101000101111000011111111111111100011110011001101110010111111111111001011111111000110011001111111111110001111111111111111111'
T'100000100101100000000001111100010111001100000111011110111011011111111111101101001000011111010100011100001010000000000110011110000001001110010000010010001111100110100011101101101000101011100010011110011111110'
T'111101111101011101111000111010000010100101011011101101000000011100110110101100011001100111011101110100011010011011010011101011011001001101000101101110001100111000011010001100110010110000101000001111000000100'
T'001111010011100011011001111101000000010001011010110101100010000100101001100101101000001001011000110010011111010100001000011001110011110101011000101011010110011111011100011100000101100001110101011001010010110'
T'001111010001000000001111001001010011000101000011100110010010001100001110011110101101011110011011101101001001010000110101011011010100101011101000010101001000000001101110011001001000010111100100010011101100001'
T'100111111100011000001111011010001101110000110111111001001000000010111001011111001111100001001111110100000000111101010001101100101101000101111111111111111011111111101110010110001111000001101111111011111111110'
T'010101011001110101000001111111001110101111110010000001110110110011100001001000100111011100101011001000111111101010100011001110110111110000011011111111101011111111001011010010101111000001101111111111111111101'
T'111111001011100000101001110001010110110110011110110011000001001010111010100000101110110011110110110110111000101101010010101001001100000000110001111111010101101111000110011111101001010111000001010101110011010'
T'010101100001110100010000011110000111011110101000101001100010001001010111111010100111011100000110100101101110110010101110111001110111110101011011111111010011111111011010100010111111000000001111111011111111111'
T'111111000001010010001001110100001001010011111110110010011011010110111110110011100011000010010111100000110101111111001111011111010101101001010010001000011010000000110110010110100111100010100010111011110000001'
T'110111000000000001100011100010101110000010010010100001001110111000010000001010101011100010011111010010011101011111101111000110110001011010010001110100011000001011110001101010101000000001100010011111110000011'
T'000001000000110011001101111000110101110110110111101001110111001001001010001101111010110011101110111011011110101010011111111101111000101000100000100000101100100101000101000101101100010100000010001111110000000'
T'110101000001000000010100000110010101011111110101101100011111100011110010011001110110101101000010110101101101001010011011001111110100110010010100001110110000010111011010001010111001111111000010111011100000001'
T'010111000000000000110011001010101011100110101110110011111111100001111100010010000011000010100011100110000001100000111111010111111111001010001100111110011101101111001101111000001010111111000010111001110000001'
T'001111100111111011011001100011111100101010010100011001011001111111100100000100110100010001101100111101100000001100111001000110100010101001111011110010110111010110111101001110110111011000101111011101010110100'
T'001111101101100100111111100011110010011011011001001000101010010011011001001011000101111101010011111110010011111000100001111000000110100111010011100000101101001111010110101110010111110111101110000101011011000'
T'001101110001010001111101100110100010100000010000110000010011100110110001000001111101001100011011011111010110000000100111100000100111100111010100010000011001010110011111011111001110101011011111000000001011010'
T'001111001111110000100000111010011110010100011011011100010101010101010010111111111111001110110010110110000100110000110011111011001110110011011011111111001111111111110001011001101111111110001111111011111111101'
T'100101101001010000110001011110000011011011000000110000100011010001010100011011001110011110011011101100000001011100111111110111101111001010100110011010010010110011010000010101111011010110110001111111110000000'
T'000101000000110010000011010110010100100110011100111011100011000001111011011101101110101011110101101100000101111000100111000011111001101001010111111001010111001000000111000011101101110111100011110011110000000'
T'101011011001000010100011110000001101110100111111100110110110000001100010101001000010010101011110111110000110101000111110000001101100110100111011011100001101010111000010110101010001101001000000100000110000001'
T'111101011100010010110011101111000000011011000000100001000100101101100110100001000001100110100111101000000011110110100100000101101100111001000101000001100001000001111100100001000000000110111101010110110001000'
T'111101100111100110100101000100010011100001011110000000101111100100111111000101000001110111010000111110110111001001011011010000000100001000000101000001110101000001110011101010100111110011011010101101001011110'
T'000011010000111000011000011001001010111110110100101000001101011001110100110111000111001000011101110111001011011011111100100111010010110001011011100111101000010111101000111100101100000101111010111000011000001'
T'000011000011101010100110011100011010011010101000100101011100011000100111011000101111111111110011110001000001111101101100101000110100110000111011100111011100101010101110001110100100001111100111011101111000011'
T'100011101100011011011111111111110011000010010100111011000000100100101101001100011110010111010100100010111100110001111110110010010111111101101000101011110101111110101001101001011110110110011001101001111111011'
T'100111001001001111111110100011000011100101011010000101101100100011111100101000100011010010010000101001010100101000111110000001001110111011111111101011100010010000101000000101001011101000001001111100111000000'
T'111001001000001110101011100100000010111010111011010111101011010111010110000100111001010101010001001100001000001001111010111100100111101100001011101011000000111000100011000000011000000100011001011101111000001'
T'011001000010100010101110100111010011000011110000110000010111011000101011001010011110010001001100000010001110000110101001010001100110101110011101101101100101010001011001101010110111010000001100111001111110010'
T'001001011111011011101110011010000011010110100000011101011010010100110000010110001010101110011011001001010011001110100011010100111001011000101111101101100000011110101101011000011101101010111101011000111000000'
T'001111100100011101000110011100011000010010001011101101110100000011000011010011000111010000111011011101110101111001110101110110101111101010011011101101000110001111001001110111111010011110100011011001111000000'
T'000001110010110110000111100000111110000110010001101111000001000110110001100001111010111001110001111101111001100000001001001000110000001111011000101110001100111111101111101010000011000001010000111101111110101'
T'100101000100100000000001010100100101001101010110011010010101100100010001001110011001100011000000100000111111111101100110010000000100011001101111101110010110101111111111011000001001010001110011011001111000011'
T'100001100001111010000010111100111010110101111110111011000000010010001001011111011000010000000011111010100010011101001111101000100101011110011111111111001001111111011011001100110101010000110000111011111111101'
T'101101100000011111010001110111111001011001111000101010001011001001010100101101111001001000010100101111101001101100010100100100000100111111011111111111110110111110101001010001010111001000100010111011111111101'
T'100010111101100110110101111011110010011000100110010100001011100110011001101110011001010101111110000100101101001111000111111110111111001001011111101111101100110010001010100011111100111101011111101011001101000'
T'101100111010110110101010101110110001110001011101001100010010000111101100101001110000010000111111110011011100000111011011111001100110010001010101110100100111110111100011000110101000001100011111011101110111000'
T'010011010010101101100011011010110111111100111111011111101000011010110001010010111011111101101011001101100101011111111010010000100011001011000101011110010011111011101001010110001000110111001111011111001001100'
T'000100011110110100110010000000000100111100011001101111001100010111001100101011101101000111110111001010101100111100011011010000101010000110001000001011100001100110111100001101000101101000011111011000101011100'
T'110001111111111010011001111010000100000100011111000001111100000100000111010110010011001011101100000000011011110010100100011011010010101000010001010011001111111101001001111101001011011000101111011110101011100'
T'001110110001111100001010001111011011101100101011110111011101010110100001000100001100010010101010010011000111010110110100110000110110000011110110000010101001111001101010101001101101010111011111101010011111001'
T'000010110010101110111010100000001010000111100011011110110001000111101101111100111000101101100001010000110010001111000101011010111000001010010100001110000010111011001000101010011011110000011111011001100010101'
T'101000110010101001000011110111000011110011000111111111011001100110001011000011000000010010110111110110101010001010010101001111000101000001100110111100100101001011111011101000100000011100011101000010001001110'
T'110110100101101001000101110100011011101101000111111101101110011100111101111010010000000010001010011010001101111100000011000111100000010000100010010001011001110001100111001100110010110011010001110100001110010'
T'101111010011111001111010010101010010001000110111000101100011111010010000010100000100110011111000111111011111100000000100011001110000011000100110000010101101011011110110111101001100110010100000011011010111000'
T'111101011111110000110100101100110001000111001101000111000111111010001011101101101010010111111001111100100010110100111000010011011000100000101110111001010000111000010110111110110101000110100000010110110110000'
T'101111111001000100001010011101111111100010011000010011010100011101101000101000000011101101111100111100100111110110101100010010010000011011111011100101001111001000011110111111010111101110001000000010110101100'
T'111101110001010111000100001111110010100101000010010001101100100001000101110111111100101011100111111010101000010111001101100010010001101011100111000110110011111111100110111001100111001111010100010001110101101'
T'111101100011111011100010101011111001000001001000000011111000100110101001010011110011110110001100001111001111110111001101011111100010010011001111111111000011111111011110101101101001101100101111111111111111100'
T'011101000011010101111100100001111110001010011001101001000001111111010100110110010010011011111000111111001111111000101000110100100010111001110110000011100001110001010010111101101100111110011010001111010011110'
T'111111110101110001000111000000011001100110000010100001011110000010010001100011110101101011111001111111100110011001101110010010111101011001010100010000110001110101011000111110100101111111000010000011010110100'
T'101110001001110001111011010011110010100000100000111111000001101111101111111000110000101100100010110000001110001000101001100111011010001110111111110111110000010001111010010111000111010111010100101011011011100'
T'111100111110111010110111011110011011101101100010101000001011011100011111100010010010100101100011010010101000110011100000101010110010000000100011100110110100101110110111011011110111110000001111100001110001101'
T'101111001011010011000000010100110100110100010110101111000011111101111011101100100010100001111001100000011001000001000001010001101110101001010001000100001010101010111100001110110001111011010010110100100000000'
T'011101101111001010000000011100001111101000110011010110011111111101101101100010101110000001011001110111100110001111110101011110000111100111110010011010010111010110001111011001100110010111110011110111100001011'
T'111011000000010000111011010000010100101111000100111110110110011101101011000001000100011011110100111000011011111100101111011110110111010100000111000101100110000010000110100001010011111010000011111011110000000'
T'010011000001100011000001110010101100111101011011100010000011010010000000011010011101011001111011111011001101101001001111100101111010101001001001110011101011110111101000101111000000001100100011111111110000010'
T'011001000000110000000001001010000111011001001010101001110100111001000100011001000000110000011110101010111011101001011111000101111000111110010010011010001110001000111000000011101110000001000010011111110000001'
T'001111001001010011010111010010001011011001110111101010011101010010001110111011000110101001100011111100000001110010100010111010100111111000000110110000111111101111000010101101011110100011110010101011010000000'
T'111111100001110011000000110110111100011000100100111110101001000101011000111110110001010111001011111001011101001101000011110010000010111001001111100010011101110110110010001000110000110001100001000010110000000'
T'011001101001000011010100100100110111010001111111011110100000010111100100010001011111101111010001100010011110101011011011101110000111001111001011100000101010101000100001111101011000010101001100000001110000011'
T'001111000000110010100010100000010010101001001110111100100100011010101000111111000100010100000100010011110011011011000111110111100000110110011110001001101100001101011101011000010011000101100011111111110000000'
T'010101100001000001001001100000000010010110000101101100100001111010001100101111110010111011010100100000011001001010011111000111101111100111101000000100010000011111111000110000001001001101000011111011110000010'
T'100001001000010000111110001100110010011011010101101001100101001101110100110011000010011000011101100010110011111000110111111111101001001000100101101101000000010101110010100011111010101001100011111111110000011'
T'000100100001011000001101111111010111001100011010011101111111011111011101010101110011010111010111101110000101100100000101111001100000010101110011000101111010010110100111100111010001000010100110010010100100000'
T'111011000001100000001100110000101011111100101100100011101101111011110110101010110100101001000001101000100001111100110111010010010010101100000011000110100010000011010101000110110111111000000011101111110000010'
T'011001000001110010000011000110111100011000111110111011011001011011010111111000110110001100101110010111111110011101010111001011011111101100111100101001010100100001000101000000010010001000100011011111110000010'
T'101001000001110000000001110000100101100100010101111010001100111111010111000010101000111101110101011101101011101111000111111011110000001000101010111100101110010011101110110111001100000110100010111011110000000'
T'111001000000110000000010011110001100000001100010100000000111111010011111000100111101110010100101111001101011001101010110110111111100000110010000011000010111100001100001111011111111000100000010111011110000011'
T'000101000000010010100100100000100111110111100111100110001010011011001100101000010100001001000101111111110111111101000101010111111010000010101011101100100100100011100111101010010111001000100010111111110000000'
T'110101000001000001000001000000011010100011100010101001111101011010100011100010100111011001101101010010011100101000000101000110011100101111011110111000011110110010010111010011110011110110000011011000110000010'
T'101101000000010010011001001000111000101001101010101000000101100100110011010001011110101100100100110100001010111110110111110111110011110000000010010010000010001001100001011111100111001010000010111011111000001'
T'000101110000000001101000101010000001110000000101101110111000111101100101101100100111111110101011010011001110100011010101001110011101011010111011110010001101011001011010110000001111101111001000111101001000011'
T'001001010001010011110111111000111011100010001000000100011111101010010111110110001001101100011010010101000110001000010110110101111010000010011111001000001111110011011010001011100010011010101010011100011000001'
T'110011011000110010100000010100101100111000111010010111010010011100111110111000010101000010011110111011101111001001000111100000101010110011010011110100100110100101010111111001000101011010000001110000111000011'
T'001011001001000011100010011110010100101100011111000010011110011111110111000010110010011001100100011100010100011111111111011111110010110010100000011011011110110111001111110000011100001001001011111111110000000'
T'000000000111101000001001111001010110001101111011111111100100111111101001101111100101010100010110011110110110111100000100111001100001011010010110000111000101100001011111011111110000000111111011101011110000111'
T'001001000001000000111010110010110001101100110010101100000111100111001111001110000110011001101110111110111001001111010111011111110110001011100010110001101101000111101001110100100010000011100111111111110000000'
T'010111001001010000010100111110111101111010100110010010011001000101010000001001100010100100001100001010011101001101110111010111110100000111100110101100011101101101001111110001111110011010000111111111110000010'
T'000100001100111100000001111000110101001101000100111110110001011111000100010011001001000001001001101010010100111000000100110011110001111111001110100100000101100011110101011011111101011101001010011011100101101'
T'000000000110101100001001110111110011001100101001011110011101111111011011000010101110001101101001110000001010100100000110010110010000101111101101001010001001001011110100101001100011000000110000001011000010010'
T'001111000001110001010011111010011100011011011111110000010000000000011100110001100111011011010110111111111111011101100111001111111101000111110010000100101101000011001011100111011111111110000011111111110000001'
T'001111110001010000011111101010011010001100001100110011101111101001110100000111110000101100101011111111111000011101000111000010010110000000110000111010111000010000000101000000011111111110001101100001110000011'
T'010001011000001010011110011100101101000101110010000110010110100000101000001101010100010111100010011111111000111101010100100111000101010010001011111111100001111111010101101111000101010000111111001111111111110'
T'101111000001010001010011101111011110001111011111011100010000100111001011011010111101000110011001110010011000101011011111100110010011110111111011111111101011111111110111111110011011101110001111111011111111110'
T'011111000101010111111100101100110001111100110001101100111011101111110000111000111001111000110001010110000110110011000010100110100011100011111111111111010111111111011010111101111100001111111111111111111111110'
T'000010100111000100001101110010000111001101010111111111101111111111000100000110011111000100001000000000010110100100000111011110110001011010001010110110011010110101101111101011010110110100011111000010101101010'
T'010110000011111100001101110100010111001101001111011111111110111111110000010001011010111010011011111011101110111000000010110000000001011000010110010110111100100001101001110111001100111101101101110010011010110'
T'011111001001110111110011011000011000011011010100111010110000110110010010001011111111010111011111001010110010110111000101100111111100010011001111111111110111111001111100010001101111111110010101110101111111111'
T'101111111011010000010011101011001100010110001011011001001000011010101001011011111111011000000110101100011011100010011110001001101011010100011111111111111111111111100110000111101111111111111111111111111111111'
T'001101000001110000110000011000000010110000010011110011000100101110000000100011000101001011111111111111110011111001110111000000010001011111001110110101011000100101011100111111101111111110100011011011110000000'
T'111111001001000001110111011010001101010111011001011001111111101010010111101010101010011111111111111111111011111011000111111000010110110011100111010011110011100110011110111101111111111110100011111111110000000'
T'001101000000000000101001100100011000110011111110110110001001100011101110111011001110111101000101010010110100111110111111110111011101000100000100110100111000000000000111010110111001101110100011101111110000001'
T'111101001001100000001011100010000111001101110101001001111100001101011101001100001101010111111010111111110101110100101011000111111000000000000011100100011011010011100111111110111111111111000011111011111000000'
T'001110100011110000000001110001100101001100000000111101000001011111001111101001010000001111111100111111001011100000000111101100000000110110011100001100011101011010100100001101000011101100001110110010110010010'
T'111001111000000000000110100100001001101001111001010011001101111111011101011100010110100110100101000010111001111110100111011001010101011101000101101100010010110110100111001010001101011101101111000010110000000'
T'001011110001100000001110010000100101101110000110000011111110001100111100010000011011011001101101001100010011001111000110100110000101101010011000001000000100100101011110100010101111000011010010010001010000000'
T'011101001001110000110101000110000111100011001001011111000010011110111011011001111110100001111110111111111111101000100111000111111111110100010110111110011110111110110000111110101111111111100011111011110111010'
T'110110111110010100000111100010011010100110110001101011100011100100110011010110110000001110101100011111110010101110000111111101000100000001000101000101101101111100100001110001101111111111111100011110100010011'
T'011101001001010101100010010100011010011010000101110101011111110010101110110101011110100100001000010000011010000111100001100010000100100110001111101011100011010111011101001000011001100111111000111000101001011'
T'111111010111010110001001111011101100000101001100100010101100111011101010011111111111001010001001110010001011001011111101111110011011100011110101110010110011111111010010111110001111111110001111111010011100100'
T'101101110111010110011011101101110101111111100010010010011111101101000000011111111111011100011001010101110100101010000100110110010011110111111001110100110011111111001000111110001111111111111111111101100010110'
T'000001010000010001011010010100101100111111011111011000001001110110001101011101011100010100111100001101100000010001001101100100100100101111001011111111001111111100100111111100010100111001100010111011111111110'
T'100011011110010100101110100011000100010011010111100010110100000100111111001001101000010111110010000011000010110001110000101000110010101001111011111111011011110100011001101000000011001010100011111111111111111'
T'011111000001000010111011001100010001101111111010111011111110100100001110000000010110001011111111111111111110111111100111110111111100100100110001011011000001100010101001111101011111111110000011111011110000000'
T'101101000101101000011000011100010100110010001000100111010111000000101110110001011110011111111111111111111011100110001101111111111000101010110101100111110111110111100111111111001111111110100011111000011101010'
T'011111100001100000001100111110011100101111011011001011000000001100100111010011110110110101111110111111111110011000111111110111110001011001000111000010001001111010001001111111111111111111101010111011110000000'
T'011111010011001001111000010000000010000101010010101101100010010001100010111000101100101111111111111111111001010000101011111101001101001111011110011011001001010011110010111101101111111110011100011001100000010'
T'111101010011000011011011001110001001001101011001111110001011001100001101001111111111010010000000011110111111011101010110111010011001111111111111111111101001011000110111111110001111111111001100001011111111110'
T'011101001001100001001010000000011010011111101001111001010001000111101010000010111101000011111010111111110000111111010111001111110010000110100110010001111000111000111001111111011111111110000011111111110000010'
T'011101101101110100001111001010101010110110101000100010011110010011111100011111111111101001110010010000000111000110100101110110111000101111111111111111101111111111111101111110011111111111011111111011111111110'
T'101111111001110010000110011011010001010011101000010010001000000110101100111011111111101110001100001010000111110111010010101000111100110111111111111111010101000000110010111100011111111111110000100001111111110'
T'001101010111111001111001110110101001101001111001111010011101010111010010011011111111100010111000011011111110111111110111000101100011101111111011111111010011111111010001111110111111111111101111111011111111100'
T'010101011001110011001111010100010100100111101110001100001000100101011011011010111010100101010000000010000000111000000111100111110100101100101011010100010000110000100000111001001000011110011110111111110000010'
T'011111100101101001000101110010111001011101011100111111001010100010111100001111101111110101010100100011100111111110000111011110111101101010000010001010010011010111100001011010101111100001001110111100001011101'
T'101001100110011101110110100000000100111110110100101001100111100010101101011001110101101101111111100001111010000011011110011100011100001101011011101111011100010001010111100000101110000000111100111011111000011'
T'001101100011001011000101001101001010101101110010001000001001111011110000001011111111010001000101110000100010100001011011010000001101101011111011111111111111111111100101111101101111111110101111111111111111111'
T'100100001000010111101111010010010111000101011000101001011001100100100110111100000111011100110111011100011111110101000010101100000011011000010101001111110100011101010011111010111001010101001100110100100101101'
T'100100100011100100100100100000110100010001100000001001101001100100001110010100000001011000101001010010001111111101000010101101010011110011101100101001110101010010011000001010110011011100101101100000101110011'
T'110100001000010100100100100000110100010001100000001000101001100100101110011100101101011001011001111110010111110101010000111101101110110000100100110000110101000001110101010010111001111101101010001000101000101'
T'000101001000010110101001000100000110001001101110101011101100100001110110111111111001111100110011101110011111110110011001111010000101110110000101000001110101000001110100101110101011111010001111101010111110110'

#number of aborted faults = 112

#number of redundant faults = 59

#number of calling podem1 = 466

#total number of backtrace steps = 830181

#total number of backtracks = 61840

#FAULT COVERAGE RESULTS :
#number of test vectors = 295
#total number of gate faults (uncollapsed) = 15104
#total number of detected faults = 14936
#total gate fault coverage = 98.89%
#number of equivalent gate faults (collapsed) = 7550
#number of equivalent detected faults = 7405
#equivalent gate fault coverage = 98.08%

#atpg: cputime for test pattern generation artifacts\paper_v7_gae_20260831\inputs\c7552_binary.bench: 2.308000s 2.558000s
