
#Circuit Summary:
#---------------
#number of inputs = 157
#number of outputs = 64
#number of gates = 1400
#number of wires = 1557
#atpg: cputime for reading in circuit artifacts\paper_v7_gae_20260831\inputs\c2670_binary.bench: 0.098000s 0.098000s
#atpg: cputime for levelling circuit artifacts\paper_v7_gae_20260831\inputs\c2670_binary.bench: 0.001000s 0.099000s
#atpg: cputime for rearranging gate inputs artifacts\paper_v7_gae_20260831\inputs\c2670_binary.bench: 0.000000s 0.099000s
#atpg: cputime for creating dummy nodes artifacts\paper_v7_gae_20260831\inputs\c2670_binary.bench: 0.000000s 0.099000s
#number of equivalent faults = 2595
#atpg: cputime for generating fault list artifacts\paper_v7_gae_20260831\inputs\c2670_binary.bench: 0.008000s 0.107000s
T'0011011111010111100011101110101110100100000001001001111110010100100001111011111001000001010001011001011101110110010110000110100100100111110111111101011111010'
T'0010110100100100001111001000100000001101100010010100000100000110100011101010101110110010111100010101011011011101010101001110011000100010001111111001111000010'
T'1000001101110000011000101010111000010000101001111100011111101011010001001011101110110111001000001000101000000010001110010000000101110111101101001101000100001'
T'1110000010110000000001100001101010010010110010111011100110010100110010110111111100101011001000000010110000011110011000000000010000000000000000011100011000110'
T'1010000110110000000001100001101101111011011010110001010011111101101001000000111110100111110000010101010011010010000101000100001010000000100000111001010000101'
T'1110001010110000000001100000110000111110010000011110010101100010101111010000100111011110110000110111010011101000101011100100000000001000000000000101111110010'
T'0000000100011001011001010101110010100001001000000110010100011000100000111111001100000011000111100101001111010001000000110101100011110100100000101000111101000'
T'0000000010110000000001100000111101010001011011111000011111000110010000000011111001111111100001101000100101101010110100111101001000000000100000100100110010000'
T'1000001100010000000001100000000011011101111001110000000000010110110100111011011000001000101100111100000110110010000100010101001000000000100000010011011011101'
T'0010001100010000000001100000010111111110011000101110100011111101000011010010100111100110110011101111100010110100110111010011000000000000000000111101001001110'
T'1110011110000001000110011101010001001111001010100110011101011000110010001000011010100010110000111100000011001001010110001101111011101111111101011001111100011'
T'1000001111100000000001100001001010011101000000000001011111110011101000001110010110001011111011011001011101111111000011100001000000010000100000000110100101100'
T'0010001010010000000000100001011000001101000111000101101110000111011110001111110111010111110111000011011101110001010001000001001000000000100000010000010010100'
T'1100001110110000000001000001101010111010011100101011001000000110010111110111011001000101111011011000100101110111011110000100000000000000001000101010000010110'
T'1001000010111111100000011001001101001110101011000100101110001011011010001111110110100001001011100000011001100001001010001011011100000111000000011010010110111'
T'1110101010100010110111001001110011000100001110111111010011101111110011010001011010110110000111011001001111111111110110010001010010111001010101001011111110011'
T'1000101110000101000110111101111011100000100110011110110100000011100100011101100010100001101101111001110010110000101100011100110110011000000000001011101010001'
T'1111010011101110110001110010000011100000000010010111110111100000000100011111111001001101001111010101100101000100010111101110000001101000100111110100100100011'
T'0011000001010110010110000111011001011110001010101001011001110100101100000010101000101101011101010101100010000110010110100101100101100010111010111100000111000'
T'1100110100100011011001111011111100010010110100100000101111101000100101111001000010111110100011100010010111111000101101100010111101111100010001111101000011011'
T'0001101110100110001100111010111100111100011001011111111000001000100111111101111111000000111000011000011111110010010101001100100011111101011111001111010111011'
T'1011001101001010110001101000000110100111101000111010101110000100001100110000000010011001001010011101111100000110111011110101011101101110000000101101100110101'
T'0111110000101111100100011111010111111100100000010001000010101011000001101101011010011010010001111100011110110001000100000110011011110100010100000110100011111'
T'1100001100101111110110101001110100010001111101000011010000001101110100111100010110110101011000110010111111011110010001011001000011100110111001100011000111100'
T'1111000100110001000010110011001110011010110001111011010001100000000011000100101000111101101011011110001111101001001000111000011100001010110110110001011010111'
T'0101100100001111001101100010111111100001001101110110101001011010001010000111111100100100110000000111110001101000000110110110111011001111000111010101110000011'
T'0001111010000110111110110101001100111011010010100100011101010110111110011110011010101101010011110011111110000010001011000100101011010000011001011111100001101'
T'0101001001110010100000101110111111101100111000101001101011110001001001101100101110111111110010011101100010100100001111011110110111100011101011110101101101010'
T'0101100100101010001111001111011100010010011111001010010011010011000101010100011011010110000111011011101010001110110101111010111011111110101110001101011000001'
T'1001001011000100110110000101111001001110111000010100101011110010101110101110001100100110000011001110010111001100001101110001001001010010010110110001110001000'
T'0100001001111000001110111101011010100111101000010111001110001000101111111110011010111011011111000111000110011011010011110111011101000011100011100111000010000'
T'0001000000100101000011010100001111100100111010101111010001111011010111010001100000001111101100110110111001011010011010111001011111000011011010001100001011011'
T'1001000111010110101010001101000110000011100110000100110110100110001011110010101100101010010110000110100100111010000011110111001101110110011011101011011000111'
T'1100010101010100101001010110010001100101001011000000110110001100001011000011001101010110001111000111001111000010001111001001010001100011100100101110001010110'
T'0100010000010100000011110011001010011011101111001101010000101101110101110110010101111110001010010001100000011010010001101011100101010010011111101110001101101'
T'0101011101011010010111010000110001100010101010000100001100000001011001010110010101011001110001111101110001100111010011100101010111011100000001111001110010010'
T'1110011111111101100100000010110001100101011010000110011100001110111001000110010001110100101110011001101010001111010101010101000101111111111010011010010001001'
T'1111001100011111100111011001010111110001000010000100111100001000101110000010011101010100101001100101011110100101110111101000100010100010001000111001110110011'
T'1000110110001010010000101101011011100111001110000100111011010110000000100110111001100011101110011101101100011000100010000011000100000010010000101010010000110'
T'1110101101010010111011111000010111110100100110000100001111100100000000000101101001011110101111001001001001111110001110100111010101110101100000011011111000101'
T'0011010111110101001001101101010100100101111000010010011000101111111001101010011101001100011101011110000110101000111011001010011101011111010001011011111100000'
T'1100110001001110011011111110011100000001111011100111001011101101000010001101010101000000100111111101111000111011110011000101111001101111101011001011010001110'
T'1011110111100100100100100000101000001111101001011001011111101101000001111111111110010100100110011001001011000010111001111011101000000100110111101010100011100'
T'0010110101000111110010011101011001100000001011011110101000111101111111000000011011101110100101000101111000101101010001111100100001111110100000101001111010100'
T'1000000100001001000110011000000101001111101000111001101100010101111010110001000110101111111000110100010000011011000110110100011110110101010000101000000100010'
T'1110001010010000001000011001000100000101111100101111000011011111011011001010100111111111011000011000000100001111101010001001000000000000000000111011011010101'
T'1100011111000010000001100001001110101101101000010001111011000000111111010101001111100000110111000110001000001111110111000001000010010000100000010010110100110'
T'1110001010010000000001100000010001011110000111101001000000101010011101001101010011100011011010101100101000110011011011100011001000000000000000001110100111011'
T'1110101101101101011011110000011110101000111000011111110001011001100100011001010001011100001000110100100011110001010101101001001111011101011000010001101001000'
T'1111111100101000101111111011001111010010001111101100011000101000100011010101110110101001101001101101011100001100001011001001110111001111101110000010111001010'
T'1010011101110111111111111101000100110000111100101111011000001111110100011111110111110001101001100100110011001011000010111111011011011001111011000000001010011'
T'0010011111011100111110100001001010101011110001101111011111111101110011001011011010011010000100011111000111110111101001001110110000111011111011110110001100000'
T'1011111110000011100010010001011011000101011101001100110100011100011110101101000000110001010000000000100110101010110111000111010100000101100101010101011110000'
T'0110000010000111110011010100000011110010010100111111110000001111000111110110001001010100000011110000100101011111110010100011010111011100010100100010100100011'
T'1110101010100010011001101111011111011000011111011100101011110011000100100110101110010101000011001001111001011110110010110010010011110001000000110110100110001'
T'1010001010110000000001100001001000110100000101001100000100100101010101011101111100110110001110011000010010101110010001100101001000000000100001110011111110010'
T'0010001011010000000001100001111100101110011011011110111001101011010110011010001101100101001101110010111111011011110000110101001000000000000010101001111011010'
T'0000000110110000000001100000110000001010010000111001011000001000000101010001101110111011110011110001000000000011010010010001000000000000100100101011001011011'
T'1010001010110000000001100000111011001100010001000101010111011010110101100011011110100011011101010001010110011001010100000100000000000000010000101000010110101'
T'1110000011110000000001100001001100101011110000111000001110000110101001010101101100101100101000000110111001011101011001100000000000000001100000001010001011000'
T'0000001110110000000001100000001111111111000000001011001111101101100100001100001100000001000011110001101010001001100001011101000000000010100000001010110100000'
T'1100000110110000000001100001110010011000111101100000001100001100000100000011000101110000001001100111001011011000101110001100001000000100100000100100011100011'
T'1010001110010000000001100001110101100011000000000111011000100001101111000111110000100101011100000000100111010010001011000100001000100000100000111000001011000'
T'0110001011110000000001100001100001101000010101000010101110110111010100000011001000011001111011011101001100100100000011110101000001000000100000011000001100110'
T'1100000111110000000001100001100001010111110110010100111011100110001000000010100001010010001100111110001100010110011111001100000100000000100000010110101101100'
T'1010000010010000000001100001010101110001011000001010010001010011100010110111001101111001010111011010000000001000111000011101101000000000100000001000101110101'
T'0100001111010000001010010000111110010000110010011000101000010001100011011111100000010010000000011000000000000000000110010101000000000000100100101011001000111'
T'0100001011010000000101000110011110110101111011010010010010100101000101010100100000011010000000011000000111000000001111100100001000000000000010011010001111110'
T'0100001011010000000101010011000100011110110110001011011101011110010101010111100011010110111110001000000010000010011001100000001000000000100001101000011000110'
T'0010001011110000001101000000101001001000010001010111100111110010110001100101000000010000000001000000000100000000001010101101001000000000100000110110001001010'
T'1000001011110000001001100000001010001110001000111010110111010111001010101101100110110111010001111100010110110010110111100100000000000010000000010110111011010'
T'1100001110010000000101010100011001000100001011010011101010101010100001111000100000000010000001001000000100100000000000000001000000000000110000001011100011110'
T'1000010111110000000001100001000000100011100010100011010010101101001101000011110110110110100010011101100101111111100000101001001000001000000000011111000111000'
T'1111100010100111010001100000010100000000100100010010111001100001000000001100010110101101100010001010011111110010100001110101000000100000100000010100011111001'
T'0100100011101111110001100000110100000000000011110111000000010001000000000001000010111011010010011011001001011111010010110101000000010000000000010000010110101'
T'1100001011100001110001100000110000000000100010001010100000110101000000001110001101100110111001110010100000010110011100110100001000000100100000101101001010100'
T'1111001111110000000001100001100110011110110101011010100100111010001100101110100111100001001011100011101101100101100100100100010000000000100000001010011100000'
T'1011011110100000100001100001000100000000000110000010100000000000000000000000000100000101000100101010110010010101010010111000011000000000100000101011000000111'
T'1000111010001001000001100000010100000000000110000000010000000001000000000101000011110111001000001101101101011101111111110101101000000000000000010000000101000'
T'0001000110101111000001100000000100000000000100000000000100000001000000000011000010011110010100010000010000001110100000110100001100000000100000010110010001000'
T'1010101011101101110001100001100100000000100100000010101000000101000000000000111101100001001101101110001001011001101100010101001010000000000000010110110101010'
T'0000000111010000000110001100111010110011100111101011110000110110000011010001110010110111111000001100000111111011110111111100000000000000000001111000001000011'
T'0000001010110000001101010010010000000111100001111100011000101110001100100001011010101100110111011010000001110111000001010001001000000000100010011011110101010'
T'0110001011110000001010011010010111101101101110110110001010011000101000010001000000000110101011001001000010101110101010110100000000000000100100001011011000111'
T'0000000011010000000000000100011111110111000101111010100000101010010110000010000000111100111110001000010111110101101100001100001000000000010000111001000011110'
T'0110000010010000001000001111000010100100001000100111011111101001001101011000010010011010101101001000001010111000011101011001001000000001100000111000010110011'
T'0111001111001100110001100001101110110101000100000010100000010010100101110010010011010000010001001001111010110001010010001101000000010100000000111010011010001'
T'0100000011100000110001100000010110111110100001000000111000111001011011101011011100100010101000101110011001100001101011100001001000110000000000100011000010011'
T'0011100111001000010001100001000101100011100000100000000100110101010100100111001010110111111011111010111001100000000010101100000001010000100000111001110011100'
T'1000101010000111110001100000010011000001101000001000111110010001000100001110111001000110111110011100101110100000100010100100000100010000100000110100010000110'
T'1011111010001011010001100000001100111011111000000000100110111011110101110001010010001100110100100110110010001000011110001001101000010000100000011001111000100'
T'0010000110010000000001100011100110001110111001111001011100001110001110000101011110111101101010010100111100101110010010110001001000000000100001000011011011011'
T'1100001111110000000001100100011011111111100011010111011111100111011010001110110001010110010000111001011110110111101011101101001000000000000010000010110011011'
T'1100001011110000000001101000111001101110100100011111011011101001101010101011010111000110101111100101101101001100110011000000001000000000101000110100111011101'
T'1110001011110000000001110000101110011011110011111100001001110101101110010000100001110000000101010001101110011100001111110001001000000001100000000010011101010'
T'0110000010110000000011100001011011000100011000000000011111011010100010100001001000101011101011010100111011111001100001011101001000000000100100100110011111011'
T'1110001111010000000101100001110110101010100110101000001111110110100010010000100111110010100110011100111010010111111011100101000000000000110000010110010110011'
T'1010001011110000010001100001110100000110110100111101001101010000000001010000010101110111000111000000010000111111101111010000001000000100000000000010100000101'
T'0000000011010000100001100000100111001111110000101110110010010111100101011011011010000010011101010110110010110100000111010101001000010000100000001000001011011'
T'0110001011110001000001100000111010111001110011010101010010010111101101110100101000101100000001100000111111010001111110011000000000100000000000111001101011101'
T'0100001111110010000001100000011000100100110010100111111000010000110001011110000110101111100111110101010110001101001000010000001001000000100000111100001011110'
T'0000000111010100000001100000000010100001010111100011111010001100100000101011010000101000011111000001010101111100011100111000000100000000100000111110100001001'
T'1000000111011000000001100000011100101110101010011011010011001011001111000110011000100010111011001111101110111101000111111101101000000000000000000110111110111'
T'0010100110110000000001100001111110000010001010010110011110010010001111110011110011000010111110010100110101100100011101010101001010000000000000011100011111000'
T'0000010111111001000101100111011100101101111111000100110100010010001101101001100110001111001100010101010000011001001000000010011000101101010110101000111101111'
T'0010011100001101011101110100111100001001101101111001100110111111100000111101010100010011100101011101110000101110001111101111011011101011110111101011111110010'
T'0011000100000011010101101111010111110001111010101111001011010000001011100110111100001111001101010001101101011110000111101011000011110010000100111011100101000'
T'1110100110101101001100111011111101111001011111000011010100011001001011000110101101110101110100011001001000110001010011100100010011001010100100101010001000001'
T'0011111110001000101110001100011011101100011100010100110111111110100100111000001000100000000001010100010010011000011010000110111000011111011011011011111111001'
T'1000001111010000000001001111001111001001011010010011100001100111101111110000001011110100111110101000000101011010000010100100001000000010100000011010100011000'
T'1100011110101010000001100000110110100100000010000000101010110101100000111011011100000010110010010111101100111110011010100000000000011000000000010100011100111'
T'1001000010000101000001100001111101110100001000000101110101110011100010001001001000101101000111010111110001000101110010100000010000010000000000010011011111110'
T'0100000111010000000010001000000011000111011000001110110010101110011001010000111111111001011001001100000101111100110100110100000000000000000000001011100101001'
T'0110000010110000000001011101001110011100111101010110011010110001111100010111010000011011100101001010000100010001110111101001000000000000100000011010100110110'
T'0110000111010000000101000111110100000011001101101111100101110110000100011101011001110000001100001001000001010110000101110100001000000000100000111010011011011'
T'0100001010110000001100000111111011010010111010001011001001100000001101100110110101111111101110011000100111001111011001110101001000000000000000001010100111010'
T'1110001011010000001001010001000110111000001110100001111101011011101101001110100100100010100001001000010101001101000100001001001000000000000000101010100111000'
T'0010000011010000001010001011010011101010010000100100111011111100111101100101010111010001100101011000001010101001110000111001001000000000100000001010101010001'
T'1100000010010000001010000110100001001110110101111110101011111111011101101111001011010101111000111000000010110110001101000100001000000000100000011011100101010'
T'1001111011001100010001100001100011101011101100000011100101111100011101111011111100111000001111010101110101101111101010000001001000010000000000010010011000100'
T'0011001011100111000001100000100100001001101010000011100000000111010001011110010111101100111011001000101101110010110010100000001000010000000000001011010101111'
T'1101100110100110000001100001010000100000010010000101000100011101101110010001000111010001111100100010111001001000110000111101001000000000000000011101010100000'
T'0110001110101110110001100001010001011011001001000011011001100111001111010101011010010111100011110010101011010000001011000100001000010000000000111010110100101'
T'1001001110100110100001100000100101000111100000100011111101110000110101100000001000100011001010111111110111001000001011000001000000010000000000011100000010100'
T'0010000111100110100001100000101100101000101000010000101001010000101010111111101010101101100100010101001000110110000010000001000000010000000000010011001001111'
T'1111010010000001000001100001100111111110101000001000000101000111111011001111011101011101010100110100000000010101011111001100000000010000000000001111100011111'
T'1101111110100110000001100000010101010000000000000100010011000000101100011001111100011100100010111100001111100010000111000100001000010000000000011011011110010'
T'0100001010001101010001100000000000110110110000000001101110010111101101110011001100000111101100111111100100111000100110001001000000010000000000010111010011001'
T'1111110101010001100001100010110000001001001010010110101011000100110111110110010011010110100011010101001011000100100110001011000110110100100100101011010000110'
T'0010000011110000000001100000110011110000001110111010011000011010110101100010101001010100010011010110010100100001000100000100000000000000001000111111010111111'
T'1100010101111110101000100000010111100111011110001111111100101110110001101001110100100100010110101001001010101110111100010001010110010001111010011000011101111'
T'0010100100101010000010101000010011101010110010111001101111101001000010001010100100100000000111101100011100110000001001010001011001001110111110101000110010100'
T'0101111111100100101010101110011001001001001011111010001010110000010000101010010010001101011000101001010101010110001010100101011010001101011111111010000001010'
T'1100111010000001110000110001010001101110001011100100001000011100001001101100110011011100000000001001010110110011000110100100011100001011010100011001100000011'
T'0111111111101011100100111111010111000001010011100000111010100111000000011101000101110111000000000001010111110110101001011000110011110100100000101010011110010'
T'1000100101001001101110010000001011111110011011000011111101010011011101111000111011000011001110001000010101100110100110001110010010110000100001000011011011010'
T'1000001111001011101110001011011001110010111110010010100111111001001001011011001000010100010000011101111110101110001110001110101000011111111110111000111011011'
T'1010100111011000100010111010010011111100000111110101010110001100101010001110101010111001110100000001111101010000000111000111111001001011010000101010110000001'
T'1100110100101101011010000110011110101001110110001101001001011100101000011001000001010000011010011001100011100100010100111000111110001001011101101010001110100'
T'0101011110011101000001000100110000001111011111100111010010100110001101100000110110011111100101010001000110111111100011000001111110001011111110101010111000111'
T'1110010110010011011100010100010011001011010111000000011010000101111011110000011010110010100111110001110000001010110011101001011001101011111100111010101001010'
T'0100111110001111011101110110110101011110100101101111011110001101110110111100101010101100101110100101011111101000000101110101010001011001010100111010000010011'
T'1100101111111011000000000110011101001101000011101111101110011110110101000001101011011101010011101001111010111000101001011111010110111000101100011001010010010'
T'1010000111010110000001111010011111000101000000011111011010101111110010001001111001010000110111110101101001111011110100111000000011110010011000101001101100001'
T'1010111100010011010000010111111010000111101001010111000011001110100111010111101101101001000111101001100001100100110011100001100111001011001100001000111001100'
T'1100000111110001001000110110111100101000001000011100110100111001000001001101000011011011010010101101110000010000110000011001000110011001101000011001111011011'
T'0101010101111101100101100001110000100111010100101000010011101101100000010000010001100010111001110001101011000000100101011100010011101101011000101011111101110'
T'0101100110101010011010101111110111000000001010000000000100000001001101001001101001011010111000100001101100101000110010000010010001111011001000011010001000000'
T'0010011100001011110011101100111010010110000110000110100000111011100100111010011000010101000010100101110011011000111010001000000001000110000010001000111100100'
T'0100101100100011110110110010110111100000001010101000101001110100100010010010101000010111000010101001011010110101111010100110110100000101100001111001010110111'
T'0100101100001101000110111101011011100111101100000011111100001100110000001000110011110010110010010001011010011000010100110000100001000110000001001001011101011'

#number of aborted faults = 41

#number of redundant faults = 88

#number of calling podem1 = 280

#total number of backtrace steps = 347797

#total number of backtracks = 28271

#FAULT COVERAGE RESULTS :
#number of test vectors = 151
#total number of gate faults (uncollapsed) = 5188
#total number of detected faults = 5010
#total gate fault coverage = 96.57%
#number of equivalent gate faults (collapsed) = 2595
#number of equivalent detected faults = 2466
#equivalent gate fault coverage = 95.03%

#atpg: cputime for test pattern generation artifacts\paper_v7_gae_20260831\inputs\c2670_binary.bench: 0.339000s 0.446000s
