
#Circuit Summary:
#---------------
#number of inputs = 178
#number of outputs = 123
#number of gates = 2973
#number of wires = 3151
#atpg: cputime for reading in circuit artifacts\paper_v7_gae_20260831\inputs\c5315_binary.bench: 0.158000s 0.158000s
#atpg: cputime for levelling circuit artifacts\paper_v7_gae_20260831\inputs\c5315_binary.bench: 0.010000s 0.168000s
#atpg: cputime for rearranging gate inputs artifacts\paper_v7_gae_20260831\inputs\c5315_binary.bench: 0.000000s 0.168000s
#atpg: cputime for creating dummy nodes artifacts\paper_v7_gae_20260831\inputs\c5315_binary.bench: 0.000000s 0.168000s
#number of equivalent faults = 5350
#atpg: cputime for generating fault list artifacts\paper_v7_gae_20260831\inputs\c5315_binary.bench: 0.016000s 0.184000s
T'1010111110101111000111011101011101001000000010010011111100101001000011110111110010000010100010110010111011101100101001101001001001111110111111110111110100101101000010000111100100'
T'0010000000110110001001010000010000011010001110101010111011001011110001010101101101110101010100110011000100010001111111001111000010000101101110000011000101010111000010000101001111'
T'1100011111101011010001001011101110110111001000001000101000000010001101000000101110111101101001100100010000000000111100011101010010010111011011011101110011001010011001011011111011'
T'1000101011001000000010110000011110011000000000001110001100011010101011101101111011011010110001000100111100000011011010010000001111101010111111110000010101010011010010000101000011'
T'0011111001010000101111100101100001111100100000111100101011000101011110100001001110111101100001100011100000000010011101000101011100100010111000101111110010000000000011001011001010'
T'1001011010010011001111000101111110011000000110001111001001111010001000001010110011110101100010000111010000000000000000010111101010001011111111011111000011111000110010000000011011'
T'1110011111111000011010001001011010101101001111111100100110010000100110000000110111011110011100000000000101101101001110110110000010001011001111000001101100100001000101111010100110'
T'1100111010011100001011111111001100010111010001111110100001101001010011110011011001110111110001011010011011101001001111010010011101100111100000100011001110101000100111100100110100'
T'1101011101011000110010001000011010100010110000111100000011001001010110001011110111011111111010110011111000111001111100101001110100010111111100111010000011100101100010111110101101'
T'1001001110111111100001100101000110100101100001100010110000011010001110001011011100001110111100011111101110101111101110000110111011100010100010000111010000010010100110110110010101'
T'0111010001111100101011001000000110010111110111011001000101111011111011101110111100001000101000001011010010001011111110000001100101110011101011100011110001011110101001111111101000'
T'0101011000110000011000100100010110100000000011001011011111101010110100010110111001001110110001000011101111110100111011111001101000011010110110000111011001001111111111110110100010'
T'1001011100101001010010111111001110001011000010100011011110110110011001111011010000001110010001110110001010000110110111101100101100001011001100111100110000001110101000111110001001'
T'1101110110001110010000011010000000010010111101111000000001000111111110010010100111100101100101000100010111011100000011010001001111101010010001100110000010101100101100001110110100'
T'1011110000111010100111001110100010110000001010100010101011101001011100010000110010110001011001011000101110101111000011100011001101001000110110011110111111000100100110100100001011'
T'1000100101111110010000101111101000011100010010111111000101111010111101111100010001111101000011011000110111010011000110011101011100111100011001011111111000001001001111111101111110'
T'0000011100001100001111110010010101011001000111111010111110011101101011011101100110100101011000110100000011010011110100011101010111000010000110110000000010011000010010100111011111'
T'0000011011101101010111011011100000001011011001101010111110000101111110010000111111011111110010000001000100001010101100000110111101001000111110001111011000100000100000110011011110'
T'1000101000010100011111110000110010111111011010100111000010001111110100001100100000011011010011110010110110101011000110010111110111100100011100100001110011011100001100010001111001'
T'1110001001100010000101100110111001101011000111101101000110000000001100010010100011101111111111111100001111111010111111000100111011110111111010010010001111111000011100001010110110'
T'1101011010111010110010000111100110110001011111110000100101110110010010110100010100001110101110100011010001100000011111000110100000011001000000000110111011001111000111110101111000'
T'0011000111101000011011111011010101100111011010010100100011101010110111110011110011010101100010001100110101011001111110101100010010101100000000001000001100101111000011001010101001'
T'0011100101000001011101111111011001110001010011010111100010010011011001011101111111100100111011000111110100100001111011110110111100011110100000001101011011010100101100100101010110'
T'0111100111101110001001001111100101001001101001100010101010001101101011000011101101110101000000110110110011001111101011101110111101000101010001110101100000110001001010001001101011'
T'0000101111001001110111000010100101011110010101110101110001100100110000011001110010111001111111111111001111111010111111000100111011110000110111000110010111110010010110110000001000'
T'0100111100000111011110111010100111101000010111001110001000101111111101011011110001110001100000101101111001000011110111011101000011100001000000001101100001000000010001000001001010'
T'0001101010001111100100111010101111010001111011010111010001100000001111101100101101110110011101101011001010111011111000011011010000000110011101111101110010001110101101010100011110'
T'1001100000111001100001001101101001100010111100101011001001001011000011101000001111011100110111011100111011101101100011111000101010101000100000001010010101101000110011111010010110'
T'0000011011000110000101100001100110100110001111000111001111111001001010001100011100100101000000100110110110000100010000010100000011110001000000001010100110111011110011001010100001'
T'0110111010111010010101111110001010010001100000001101011100101010010011111101000110110101000100110101011001100001011101000010000110101100000001110000110000010011101011001010101011'
T'0011100011111110001100111010011010101111011100110111001001011100111111110110010000001010010101011000111100011001100111001110111100011000000000001000111010010111001101010100011111'
T'1010110010100101111111111011001000100111110010001111110011101100101111100100001111000100100010101100010001100011101010100101001100101101000000001010010111011110001001001010001011'
T'0111011001110001101000101001000010110101011100111011001110110101100000001001101110011000011111110011001101101011110110001100010000000111100111110010000001010100100001101110101110'
T'1010010111011111000011111010101000111110100000000010110100101111010111100100010011111100011010111101111101110101011111100010100110101101011000001010100100110110101010011011110110'
T'0010011010111111111010100111010011000111010111000011010100011101010100111111010001011111111100010100111110101110010011100110111111100101000000000000001111111101011100110101000100'
T'0110101010100000010011111110001110111100100101101101111100110100011101011110111100100100001100011000011010101101000011111010010110010101000000001110110100000111111111111001010110'
T'1001100110010010110000101110111011101000000100110111101010100011100001011001000111110010011101000101110101101111010100011101111111000000000100100011011101110100101000111100010111'
T'1010100111100100011111101100111101010010000001000010010001100110000001010011111000011100011101101000011011101101111010110001000110101101000000001110001010001000001101100011010111'
T'0001111011010101000010100000100010111100010111000100000101111100101111000011011111011011000010011101010001010111111101100011000011111001000000000100010100111101101011000111011110'
T'1000100111010110111011110110000001111110101010011111000001101110001100010000011111101101000010011101000000010011010011011110000010001001000000001110000111101001000000101010011111'
T'0100110101001110001101101010110010100011001101101110001100011101001110111110101101101101011011110101110011110101000111000011111110001001000010001001100100011001010001011101001110'
T'0011110001010101101001001111011101011000010110100100011111111001010001011111110110111101000001001001111010110001100010100010000110101011010101111100010110101111000011000010110010'
T'0111011100111110111000101110010101010011101110111111111111101001001100001111001011110111000001111010101000111111101111100010011001100101100000101111110110110110011110110000001110'
T'1001100100111110111001111101000010101010101111000110111101111111110111001100101101000010000100111011001111101001111101110100100111011010111010010011101111101111100011000001011111'
T'1111000001110001001000111011000101011101001100110100011100011110101110001010000000000100110101001111110111000111010100000101100101010101111001000110000010000111110011010100000111'
T'1110010010100111111110000001111000111110110001001011110000001010111111100101000110101110101111010101011110101101010010001111101010101000000000000100110011011110111110100110000111'
T'1101110010101111001100010010011011110010101000011001001111001011101100101100100100111100010000001111111010011000110110011001000110100000000100110101001100000100100101010101011111'
T'0111110011011000111001100001001010111001000110011111100111111100100011010111110010111001101101111000111100110101110001101100110100001101100101000000001101110010111111110110111100'
T'0011011101010011110110100000101011000000101001000011100101100000100000010101000110111011101111001010111100010000101000100001110110001001001011010000000110010110111011001011101111'
T'0011000100010001010100111011010110101100011011110100011011101010001010110011001010100000100010100001011010111100111101011000010101111000011100000000011100001101010010101011011010'
T'0101100101000000110111001011101011001100000100101000101100000011010001111111111000000001011001111110011101100100000110001011000000000010000111100000000011010100010011001000010111'
T'1010010101101000001100101111001001100011110110000000110000110000010000001100010111000000100110011100101101100010101011010100010100011100100011101000110011101110011110101100011010'
T'0000000011101100010000110111100011111000010010101110000000010011101001000101100010111111111111111010001111111010111111000100111011110011011000011101111001110001101000010101000010'
T'1011101101110101000000110010000110011110110111010011001001000000111101101011000001100111111111111011101111111010111111000100111011110011111100001010111110111011001010011101110011'
T'0001000000010100001010010001100111110001100010110011111001100101011010110110010100001011111111111011011111111010111111000100111011110111000101100000101011010100010100111000101101'
T'1100110111100101011101101000000000100011100001111110010001011101010101110100100111110011111111111010001111111010111111000100111011110111001001100010100011100100011000110111111100'
T'1010000001100101101101100100011101010100101001001111011010111101101001001001010010100010000101000101010000000000111010111101011111001011111011110011000111110100101010010110010010'
T'0100011110110110001011011101011110010110101011110011010111111100010000100110011000011100000000000000110000000000011000110111100000010110111111010100100001001010101111001111011010'
T'0101110001100111010100101001011111110110001001010100101100010100011100010001110101101110101110010101011011001101101110100011111000101101100101101111001000010110111011010110110100'
T'0011010001100100010000101101001110101010101010000111100010001101001000000000101001110001111101000011111000000100001110001010001101001010110100011010000111101101101101000101101111'
T'1011001011111111000001010110011111000111000111110000101101001110010010010111011000111000100110101110111000100010100111111100101000011001000000101010101000111110010101101100011111'
T'1101110000111101110000000100100010000101110110100100110110010010111110100101011000100000101101011110010001011000110110100100101010001100100000001111100011011001101111101011100101'
T'0000001011001110010101110110100101010011111111100110011110110101101101010010011101100011001011101001111000010010111000111011011001011001001001001001010011100001101011110100101000'
T'0100111100000000000010000010100010010101011001001010101001011001111010111000000111100011100000100001100110010001010100001111011100100000110110110101110111111111101110010000000001'
T'0100000010001011110000010010000010100110000100111100101000100001010000001110100000101011010110010001000101000101111011111011010111010110000011110110000010011011110110111000100111'
T'0110011011000011100101101101010100000110011001100111010110011101011110101111000011011000001101000011100101101111110000111111101111011111110000110000010000110001110010111101100111'
T'0010000000111100001111100011000101110001100100001011010101100111011110011101110000010100111001111110110101001110111010110100101111011011011101100011000101001101100100101000100110'
T'1000000000110101011001010111010101011010010011011000111000001001000001000111111110111000101111010100000101010010110000010000000111100111110011111010110110000011101011010000111001'
T'0011000010000111100001010010000100010011101111110100100110101101000100110011010101101001011100001110101101111100010110011011100111011001111011101101010010100010000100101001011001'
T'0010010011010000010001001001111010110001010000111001110100110101001010000001100001100101101111101000011100010110010110111010110110100100001010100010111001100111100000111010110110'
T'1101000110000100110011100110100001100010110001110000001001101011010100100111001010110111111011111010111001010000000000111001111100111001110001000101000001111111001000111100000111'
T'1100111110010001000100001110111001000110111110011100101110100001010000101001110100010000110101101110001011010001100111011111001001101110111100101101000101001110001100101110100111'
T'0011011001000100001110010111011001111000100001010011001100011101111001111001011100001110001011000101011011110111101101010010100111100101110010000101100111000110110110011101111110'
T'1111001101111111110001101011101111110011101101000111011000101011001000011100101111011011011100011011101010101000000101100110011110101110001000111110011011100100100011111011011011'
T'0100110101010101101011100011010111110010110110100110011001100000111101001110111011111011000100110110011000111111001111110000010011101011001001111011100100000100001110000000101010'
T'1000110111001110000111111001110000100111010100110001101101100010001100000000001111101101010001010100010100100010100111011011010100011101111100110010000000101111111001110110011111'
T'0111111110111011010101010011010100000111111011010001001000010011111001010011001110011100110101110010111101111110111001101010110010110001001000001101101111101000001101101001111110'
T'1001101010000000001010000010101110111000111000000010000111111101111010001000001010000010100000110101010111001111110000101110110010010101000010001100101011011011010001110001001110'
T'1010110110010110100000111010111100100000101101101110110111010111001110011010101010010010111101110110111101001010001011000000011000001101000010001110100011111100110000111001101110'
T'1110101011110011000100100110010100111111000010000110001010111000011010111110011111010101011000110100100001000111111000010111100000011000000101000010100111100011111010001011001100'
T'0000101011010000101000011111000001001010111110001110011100011111101000010011000110001110010111010011010011011010011001001100111100011001100010001001110110011111011101111010010110'
T'1111111111110000110111110111000101011111110000010001010010110011111001001000111111001111001100001011111001010011010110010001110101011100111000111110000000010111110001000101100111'
T'0110010110111111100010011010001001000110110100110011001111001101101100000110010100000000100100011001101000111101111001000110000110101110111010011100000100110101011110001110011110'
T'1111111000001111101010001011100101111110010111000111111110101111101111011110111001000111000000000110101011011110011111000111101111001011010000001011100110111100000011110011010100'
T'1011010111100001111011000111100100001111110010100011101001010111010011001110110111011110010111001101010001100100101100011010110111010111010001100010001100010001001101000101100100'
T'1010010100010000010011111100010001011100011000101110110001100101011011111111010010011100000100010000000000111010001001100001100000110110010011011111101110011010011100101001011111'
T'1001111001001011010010011100001100111101111110000001011110100111111001010110100000101001011011010001101001100011101101000011011010010000000101010110010110000010111010110111000110'
T'0010110010010111101100111110011001000000101000111001111001000001001010011111011101000101110101110001111000100010010010000101101000111010111011000010001011100010100001100100110111'
T'1111110010011000100100000001100011101100000111011001010111001100101000011111111100101100101011111001101001101000000010101000100001101001011000101001000011110100101100111001111010'
T'1010110011010110001111100010111010000011011100101010001000111011110101010110100110110011011001010100111111010000000110011011011010110010111011000000010010001110101101101011100000'
T'0110000010101100001011101011111001101101101010011100001111110110100101110100010110010011000000011100101001101101000101110111101000111011110011110000000110011101110001010011101110'
T'1111010100110001000110111000001110100001111101011011101101001110100100100010100001010100110100001100010101101010100111000001001010100100000100001101001110101001000011101001001110'
T'1111110011110110010101011101000110010110101010011100001110111001010101000111000001010001101000001100111101101011111101010111111110111001000000011011110010110101011111101000101011'
T'0110001101000101101111001010101001111010110001110001110101111111001011111000111011110110101010110001011111111000001111010101110101101101000000011101000001100100100110001000011110'
T'0101101110001001000010011111100000000111010001011110010111101100111011001000101101110011001110010001011110101010001011010101111110110001000000100101100010100100100001010001000111'
T'1101101110010001000101101000111110010001011100100100011000111110011101010100000011000110111101110100010110110111011000000101000111001111010101011100101001011110001111001010101011'
T'0100000010100101011101011010010110010011010110100100101000111101111110111000011010110000000100010001100101011111111111000101010100001000001010001100011000111000000010100001000010'
T'1110110100101100101000110010100101000010101011111110101010110110010001010100100011011000001010001001000010000011001001111110110100000010110010111001100111110111011000001010001011'
T'1111011001111011101011101010100110100000000010101011110110000011111000111111101111101011000000100010100000001101000000000100011000000110110001111100011001111110001110010001011011'
T'1000011111000100001100101001101101111001001000010001101010000000110110100110111001011110000000100110110000000010011001100000011110110001111001111111110010011110001001001010001010'
T'1110100110011111110010100011000011000101000000100101010101011000100110111110110010011010110100011010100101100010001000001000000100111001101101011111111011010000111000100110110011'
T'1100000011101110100110000110101101011000101010010101000100110101100101001000010001000001000111111010111111110001010110111101010100010100010000001100010111101111001111111110111010'
T'1101101001110100100100010110101000101010111011110000010111010001111010001110111100101000010101000001010100000011110010001000010100001011100110111111111110100100001000101010100100'
T'0000011101100100110000010010100010100101111101000110010100010111111100100101010101110010100100100010111111010010010011110000100000101010010100010000001011100001010101110111000101'
T'0100101010100011111110000001010110011110000001110000110001000110111000111100010000111000010000110101100011100111111000000010010110110111010001110010101000100010010001011000000011'
T'1011111111101011100100111111011010011100000111010100111000011101000101110111000000000001011111011101011010101000111011110101101000111100101000100000000101001001101111100100000010'
T'1111111001001111101010011011101111000111011000011001110001000010101100110100101100100101100001000101011000011011010101010000011101010111011100010000000110100111001011111100101001'
T'1111100100100101101100100001010001000011111101011100011001110100111101100111011011101010011011000110010010111010000011110110010000011110101010110000000001100101010001011110101010'
T'1110011101000001101010000000110011111001000000101011000000111001100010110101101000011001110101001110110001101001000010001001011000010100001100101000110000101000010110101101011011'
T'0010001010011100011110000110110100011101000101011100111010000010001001000000111101111100111010010100110001101100000000101000011100101111110010111000100001101111101100010000111011'
T'1001111010101110001111110010100100110111000101000001100101101011000000011010000101111011110000011010110010100111100001110000001000010101100111001010101010011111010111010100101010'
T'0100111100011110111011101101010111010010110111101111000110111110111100101010101100101110100101111110100000011101001001110000010011000101010111001010110001001111010101111110110010'
T'0000000110011010100001110111110111001111011101000001101011011101010011101011101011100010101011110111011000101101001000100000010010010101000011011000110110000001101101001110100010'
T'0000111110110101011111101000100111100101000011011111011010011110111101011000000111001001110011011000011010111000100000101000011000100010111110101000100011110100110111000110011011'
T'0101110101111011011010010001111010100001100100110011000110111000110011000001110011001100000111100010010001101101101000000000000000000100111001111111100111001000110011010000110110'
T'1101001010111100000100001100001001001100100110100101111011011010101001111101100101100001100011010101010000101110101001111000000000000010000010001011101100010111010111001010110010'
T'0000100110110001011101010111011111101110010110010101010011010101111101110000010000001000010011110011010010110101101000000000000100000101100101001111010110000001010100111101100110'
T'0010000000010011000010111100111011001101001110001101000011101110010111010011000010101000010100111001101100011100001001010000000010100100011000001011011111001000110010100100011011'
T'1011011001010111100000010010001010111010010010010010101000010111000010101001101011010111100101101110000010110001100011011000000001010111010010101011010001101000111011110101011011'
T'1011000011111100110011000010001100111100101100100100011010011000010101000010001000110000000101110101101111001001001010101001000000000111000101001001011010000101100101000000101010'
T'0001010010110101101010110010101101000111010011111001000001110011011011011010001010010010011001111010010101010101000010000000000001000100101101101101111100010110111010100010101110'
T'1100011001010000010010000100110001011110011101010011001000011110001111110101101001111101110111110011011011101110000110100011100010110101000010101001101000111001010010101010111010'
T'0100110000010011010101010011001010001011101101000010010011111010010111100011100100100111011011110101110100000011100001110001011100110111001010101001100001100100011001010000001010'
T'0011000110000110001000001110110111001111000000111011010111110100100011001001111110001001010000100100010110110000101001110000000111101011110101111001110010000010011010111010001011'
T'0001111111010000100001100001010011001111110011110010111110001100111110000101001011000100010101100100110000111100000001010000010100010011100101111001111101010000110000100110101011'
T'1100100110011100011010101100110000101110010001101011101010101100011110010010001000100011100100000000011111110010000000000001010001010100110000100111111000100100111110111110011100'
T'1001001000100111101001101010000111000011101010110010010101010011010100111011010001101011001100010010011100011110001100110001010001011101100110100111110000011110011011111101101010'
T'0010111000000111001000110010001100010010110101110001100010110000011001111010100001110110000001100000110011110011111100101110001100100010011101100110101111010100001011001010010010'
T'0110011101011101000100110011101001111101111010111010101110101010011110100111101011110110000011011101111000101001000111010010000000101010110010011011001110110010000001111000000010'
T'1111001001001010100110001100111101111000010111111011111001000000101011001101101001010101000001101110001010101011110110101100111111101111110110011001110011000110100010110000000010'
T'1100010001100011011100011111010110111110111110000001100101000101100001111100000011000100000110101110111010000010110010000000000100111110001100011111100101010110110011100001010011'
T'1101001111010010100011011111011111011100101100111100101001110010111000010000111000100100000000000010000000000000001110101111011011110110111101110101101011101110110000100111101001'
T'0111011100111111111010000100000010100100110010000001111110011111000000001100001000110010000100000010000110000010110010010010000010101011100101111110010001101101000111110111001110'
T'1110111010111110000100111110010110011011011101110111101001100000110000101101111100111110000101000111010000111011110101000110010100000010111101111001101101011001111010110000111010'
T'1111011100010000010001101111000011110111111001011110011010011001110100001011100001001011000101000111000010101110111001010000110110111111111101111000110010101001110111001110110011'
T'0011110011101100101110010001100001011010001101010010100010111000000100011111110010001010000000000001010000000011101011110101000010110110110111111011001110011010001010010001000100'
T'0011101001001111011100011101010110000001111000110111100100011101010000000000100110111100010000000000000000000100101000100100011101011011110111111011111100011101111110110111111111'
T'0101010110111001110010111000011011100111100000111100110001001111111000000010011110111110000001100100000000000000000101111000010101110110110001110000100100011111010001010111001011'
T'1001011000010001101000111000111110111010100100001011110001010111110010001011011000011110000000000101100000000011100100010100111010010111101111111010001111011110101001110001011101'
T'1110100010001000101110010011111000001011100001110100000010000011011100100010010101010111010000000000100000111111011111100000010110111111101111110100000110011011101000110111110100'
T'0011010100000001010111101011011010011000000110111010001101011100100000001011010111000101000101010101000000000110001001001010100000000011101111110111100100101101111110000100001000'
T'1110000101100011001000111000010001110011101100010101000001101100001100011111011010000101010100100001110000010011100111101100010011011001101001111110010011011010010101111110110011'
T'1100010011000110100111001001110101010000010001111100000100001110101110110111001110101000010101100100000000001100001101101000110111001010101001111101110000001001100000001001111010'
T'0010111011011111110011010011010011100110010000001001001101011001001101011110001101001100000000100110010000000001001111101000101010100010101001111100000010111000111100011110111010'
T'0101111011011111011100101010000101011000101010100110100001100110101111000011010011011011010101000000000001011100111101000100010010011111011111110101001100011000111011101001111110'
T'0000100101101110011110100011100101010110000100101110101100100101001000000100101000100010000101000010000000110001110110011100100110101101011111111110110110001011111110011000101101'
T'1101110101001010111010011011010001111100010101100110000011001101101011111011110110111111010101010100000000100100110110110010110001100011011111110011001010111010010001011000010101'
T'1101100110010000001001011101100001000101001011111010011010011111001010101000111000100100010000100010000000100100110010000000110101001010011001110100100101101101101000110000110011'
T'0011110010010100010010111100011011010010101101000101001001000011000011111110110010010001010001100000000010111111101010010000010010001110011001110011001110010010101111100101101011'
T'1110010000110111000110110100010110100001011101101001000101000010001100101100111001101001000100110000010000001101100111110100100001111010011001111000010000000110111001101100000010'
T'1010010001000000010010110110011000000111010100001001110101101001100100111011011000011010000000000110100000000010000100011111000001111101111111110010110011111001000010000100101101'
T'0111111110001110110111100110100001101000011101111111100101011110100101101111001101011001111000100001100000000010101100111000011000010000111000101010110010111000101110010110000011'
T'1111110000110110000100101010010110000001010111100101011011000101101011000100010100000001100100010110101101001100101011110001000011010101011101011011111010101111011011011011000011'
T'1100100001000100000000111000111110110101010011101000011000101101110001010000010100100101000000010110110010100111101001010000011000110111111111110111010000011001001110001010111010'
T'1101011101100111111001000000010101110100001110111101111110001100010011110000101001111110000100100101000010101101110110100100011100010111111001110001001111000011111110010110101010'
T'0011011000001110010101100010110011010111110011111101110000101010011110110011110011011010100100010000000111011101001011010000010001000001000001011011111010000011101001101011001010'
T'0110110110001100110011001010010011001001101001110001001010111100011010110110011011110000000000000000100000000001110001010110000100011111111111110001010101100111111100011101100111'
T'1111110101100110010110010101011010001000110011101100100000011010001101010000000100100001100011011110100101110111001111100100101100101110010110001000011001011110101001101100111110'
T'0001110100101000010000101000001011100111001010010100000100110001101111111010011101010110000010011100011101111111101000010001000001011111110000000011111110111110010001010100111011'
T'1000111100000010000100101101111111000111011000000110101100011000011110011010001011101101111111111010111111111010111111100100111011110101010000111011110011110001011011101010110010'
T'0110101001001101000000110110110100101110110100110011111010111100111011101011111111110011010000001111110011010110100101000100111000101000100101011000001100000011011001011010001001'
T'0001000001101010111111111000000110101110100110101001110011111100011100011100101001110100111111111010001111111010111111000100111011110011111000001100101011111000000110111001000011'
T'0000010010111110111010001010110001001010011001100011110100110101111101011000110101101000111110111110000011111000001111000100000010001011001010001000111101100000101110010011100011'
T'0101011110001111110111010010110110100111111000101101011111010101001100100000110011011011011110010101001011111000100101010010011100001100101001010111111110110111100100100101101010'
T'1000111010001110111000000100111100010100011100110101001100000100011110101011001111001000011110000110101101110100110000000000100001011011111110110000100010001100000110110000001010'
T'0001001111010000100011111110010011011011001110011111101100001111100101001101100000100001001100001001110010110110110011001110001111100011011001000001010011111011100101010010111101'
T'0000011001111011101111100010100000100010100111001110000010011111000011101100101001010010011100000101000001011110011001100000100011000111111001001010110001110001101111111010101111'
T'1010110101010100111100101110111001011000110001101100101110101110010110000110001000000010100111101011111000000110100111100000000001110000011100111111110000101010100000001111001000'
T'1000001110111110010010001111001001010100110011110011001111000001001110010001011110001101011101000101001100001001101111010110010010001000011111000101101000000000111001010110010001'
T'1101001101100001101101011000101110010110010101001110010010111101010111101001110101001000111111100111101011001000110010110001000001101010010010010111110111111111010010000000011110'
T'0010011010111000100001010010011101111101000100010101010010111110101111100111001110000111001101100110011100000000011110000100100110000100011111001000100100000000011011110101110000'
T'0111011001000000100101010001110100100101001011000001110000010111011010100011010010111100101110100110010001010001000010100000000000111101110101000011110110001011110000011010100100'
T'0000011111100001110000110100000001111101010001000110111100011111011000000000111000100101111010111011100110010111010001001001010101101011001001111011110011111011011111110110100111'
T'0010111010111000010111111001001110101010100010100111011101111011011110100110111010111000001110010110100100101000110010010100100111011100011011110011010010100110100101101100011101'
T'1010100001101111001010010100101001110001111111101011001000101000000100011100101000110111000110000010010100000001110101000100001001111100011010111000110011101011011001111010110101'
T'1100010001111000011100001011001010010110000100110010001001001001111100001011101101111101111111111010101111111010111111010100111011110111100111100011000111111000110000010111100100'
T'0111100111111101000111111000100000011011010010000111010100000100101111100101010110000101111111111011011111111110111111000100111011110101001110100010011111110000110010001110001101'
T'0000011010011110000001011010001100011101100001111100001011000111111011101011100100101111000110110000001101011010101111101100111110111011111101111000000011010100101110010101110001'
T'1000100010100000011100011010000001010011000001111001101100010010110100101011101111010111111111111110001111111010111111000100111011110011110010001011001011111010011101101111100010'

#number of aborted faults = 13

#number of redundant faults = 84

#number of calling podem1 = 276

#total number of backtrace steps = 145759

#total number of backtracks = 10226

#FAULT COVERAGE RESULTS :
#number of test vectors = 179
#total number of gate faults (uncollapsed) = 10630
#total number of detected faults = 10454
#total gate fault coverage = 98.34%
#number of equivalent gate faults (collapsed) = 5350
#number of equivalent detected faults = 5254
#equivalent gate fault coverage = 98.21%

#atpg: cputime for test pattern generation artifacts\paper_v7_gae_20260831\inputs\c5315_binary.bench: 0.304000s 0.488000s
