
#Circuit Summary:
#---------------
#number of inputs = 50
#number of outputs = 22
#number of gates = 1983
#number of wires = 2033
#atpg: cputime for reading in circuit artifacts\paper_v7_gae_20260831\inputs\c3540_binary.bench: 0.105000s 0.105000s
#atpg: cputime for levelling circuit artifacts\paper_v7_gae_20260831\inputs\c3540_binary.bench: 0.002000s 0.107000s
#atpg: cputime for rearranging gate inputs artifacts\paper_v7_gae_20260831\inputs\c3540_binary.bench: 0.000000s 0.107000s
#atpg: cputime for creating dummy nodes artifacts\paper_v7_gae_20260831\inputs\c3540_binary.bench: 0.000000s 0.107000s
#number of equivalent faults = 3428
#atpg: cputime for generating fault list artifacts\paper_v7_gae_20260831\inputs\c3540_binary.bench: 0.010000s 0.117000s
T'11100111110001011111010011010000001110111111001011'
T'01101101110001111010110011100000001110111100101000'
T'00110001001100011111100000010100100001111011110100'
T'10101011110000010100010000011000000001000011101111'
T'10010110011110100110100000010010011111011111110101'
T'11111100011110100101100000100001010001111001001010'
T'01100000001111011011001001001010000000100000110100'
T'10001110101011011101101001011110001001011011010101'
T'01011010001010010100110000001100000000000001001010'
T'00001000101111111000000111110000100000110111000001'
T'00001001100010100100000111100001000010100111110001'
T'11101111110101110100011000101110111001101111000100'
T'01110000001000101000001000101000000110010000000100'
T'11110111101011110110101010111000000100010000111110'
T'01101000000011101010011000100100110010011101110000'
T'00001110001101001010011110000101010110011111110001'
T'01100100000101100100001000000101011000000111100001'
T'11001001000000000011100000000110001101010101110110'
T'01111110001011011010110000000101001111110110100010'
T'00000001110000111110100000001111100000101010100011'
T'01101101100100001010000000101111110010100001011111'
T'11011100101011000011110000100100010011110010101110'
T'11000010101001111010000000010011101111011000011101'
T'01111010011110010001010000011100000000000010001000'
T'01101011000000111111001000100000000000000000110001'
T'11010110010100010110100000010011001111100010111111'
T'00011001001100000000000000010100011110001001111010'
T'00001010010000010000010101100111101011000111101000'
T'00001010000001000000011110101000101101111100001111'
T'00001011000110011000000000000011111001111111100001'
T'00011011010001000000000011100110101010101001111111'
T'00001011100100110100000100001001100000001101110111'
T'00001011001110000000000001000010110110100111011011'
T'00001001000010000010000110001111000001101100100001'
T'00001010100101111000000100110110111010011100001011'
T'00011001111110000010001100000010111010000111111010'
T'00001011010011010000001010011110011011001110111110'
T'00011000010110000001100000110011101000100111101001'
T'00001010101110110000001111100000100011001110101000'
T'00001011111001111000001010100110011101011000110010'
T'00001011010100001100001011000101100001111000000110'
T'00001011110110010101001000101111011101111111101011'
T'11000001111110000000010000111001111100101001110100'
T'00001011101101111110100011110100000111001011000101'
T'00001011111111110110101001011101111111000011001010'
T'00000011000110100101101000000001100010011000000110'
T'00000010001010111000101111001110000000000001110101'
T'01111100100011111101111001010001111010110000110011'
T'11011011100010100010000000011101000001000101000110'
T'00011011110111111010100011111000100110010001010111'
T'00011000101011000001100100011110010110000010110010'
T'00011000101111110111101100101110111100000000010001'
T'00011001000001011010010000010111111100000000000001'
T'00011010010111101110011100010100110000100111000101'
T'00011011111011100011110011111100010000000010101110'
T'00011000000101110001001001001011010001000000000011'
T'00011000101011110111111000101010001000000101011011'
T'00011010010011110110001001000111011111100001001001'
T'00011011011111001101000001110101101110000000000111'
T'00000000000000110010011111100000000000000111111011'
T'11011010001011001011100101010000000011001011111100'
T'01011100010111110000101000110111101101100110011110'
T'00001011111101100000011100010001110110000101000011'
T'00011001111111101111010011100001011000000101100110'
T'11101111001000100000010000110101000111110100111101'
T'11111011000010111001000000000111000000001001011110'
T'11111110000100000010000000111111110010010100111110'
T'01001011001100010001000101110111000000110100010011'
T'11111101010000010001100000011000001010110010110000'
T'11111100101101100101110000100001011010011100111101'
T'11010010101110000001010000010001010101110100100110'
T'10010001011001011000101100101010000001000101110101'
T'00001011111111000011010001110011010010001101100111'
T'00001011111011111110000100010110100100001011100010'
T'01110101010010111001001000101110001100010101001011'
T'01101100010110001011111011100010010010011110100101'
T'00101110111110000100011100110100000000110110001101'
T'01011011001100011001110101110011111100011001011111'
T'01011110000000000001001010110000001110111011111110'
T'10110000011001000011000000001111110010010101010100'
T'11000111111010011111001110101000000011101110110011'
T'10100101011000011010000001101000000100011110100011'
T'11010101110000010000110110000000001000000100110010'
T'10101001101011111000001101110000100001101010111011'
T'11101110100000000101100000110011010101111100000101'
T'11111111011100100011111011011101000001111001001000'
T'01100100000001000010101010111000000010101111010010'
T'01101100010001001111101010011100011110101100011010'
T'01100110000110001100111010111101100110000010100010'
T'01100101000110111110001001100101111100110011010011'
T'00001000011111100001000111110100001101000000000001'
T'01101101100110100111101010101101000110011010100101'
T'01100001101101001011111010111110001000011100100000'
T'01101100100001101110011010010000100010111001110100'
T'00000100101000011000101010101010000010001001101111'
T'00000010011010010110001111111011000000000010001110'
T'00000000000001001100011000101010000000000111011111'
T'00000000000000001111101110100000000000000010011100'
T'00000001110100000111001000101010000010010110110110'
T'00000011010011010111011000100000110010000011110100'
T'01011011000110101111111000010010111011001001011010'
T'01110011000110100001111000111100000010000011000000'
T'00011011100101111000000000011010000000001101011011'
T'00011011111101100110001100000111010111110000011000'
T'00011011111111111010000000110111110110101101100111'
T'00001101101000100101011000110000011100101011010111'
T'00001111000101110011010110111010100001101100110111'
T'11101100010110110001001000101011010000011001011110'
T'11000011001101010100111010011110010100000101110111'
T'01110011101100011100011001001101010011110000100010'
T'01100011010001100101111101011111001101001001111011'
T'01110000001101101001001000001100100010000101111011'
T'00001111000001100011101111101000011110110110101110'
T'00001001111100110010010101100011110011011011100010'
T'01001001011111001010010011010011000101010100011011'
T'00011000101100000000100000110101101110010100011101'
T'00001011011111010111101011101111111010000110101100'
T'00011000011010010010100000100110110000000000101111'
T'00011000100111011100001000100101011110010000000101'
T'00011000111010001000101100000011001000110000011001'
T'00001011100101100100010010100001101110001100101001'
T'00001010101011011001000000000100001001111000001110'
T'00001011111110111000101010001111010000101110011100'
T'00001001110110001011001110111010110111100011100011'
T'00001010111010110110100010111011101110100001110001'
T'00011011001111100001000000000100000000010001001010'
T'00011000011101101000111100100100111010001001011110'
T'00011010001111101101011100010001100000000100001111'
T'00011010110011011011101100010111001011100010011000'
T'00011010110110010000100001100000001010101110010001'
T'00001011101011001000010101100011010011000001110011'
T'00001010100010011010000111010011000101111001010110'
T'00001011011001001001001101000111010000011110111001'
T'00001001111110111011000111011101101100011111000101'
T'00011001111111010100100011100001010110100100011001'
T'00011001011011101100000001101100011000001001100100'
T'00011010110101001100110101001100011111000100001110'
T'00011001111111001001010001011000111010010000100010'
T'00011010001010110010001001000010100010000001001111'
T'00011000110101100110111000111100110101000001000101'
T'00011010111010111010010100011111100010010010000010'
T'00011000110001000011010101110010101100100010001111'
T'00011011010101011011010100010110101101000010010111'
T'00011001000011000110101101000001101000000100101110'
T'00011010110010101011001100100011111110001000000110'
T'00011001110101011010101100110111001101101000010010'
T'00011001011111001111111101011001000001001001010000'
T'00011010101111010011001100100110010110011010001100'
T'00011010011011111010010001111100001100011001010100'
T'00011011011111101011001000100100011110110111110110'
T'00011001000100111110010000011111100111100000001100'
T'00011010111111001000011100100010010111100000000010'
T'00011001101111010101001000100110000100100011110100'
T'00011010111111110111100001101000010100100010110111'
T'00001011011111110011100011010001010010100010110101'
T'01100111110000100111011110011001010100110101011100'
T'01100100110000010011011111001001010110000011101111'
T'01100101110000111011000111100000001110100000001110'
T'00001011011000000100101011001000011011101010101001'
T'00001010111011100000111000011111010101000111110100'
T'00001011101000000101001101001011110101111001000100'
T'00001011111111000011001011011101101110101011111100'
T'00001010110100110011000110110101001001101101010100'
T'00001011101111000010000101011010111111111010100111'
T'00011000100110000100000100110010111000001101010001'
T'00001011101010101000001110111010001011111110000011'
T'00011010011001001000000011110100110110111110011000'
T'00011000001111011000101100010011101100100010001101'
T'00011000101010100000000000000100111110110001110111'
T'00001011011100100101101100111110011010000111010111'
T'00011011101110111100100001110000100100000001010000'
T'00011010111101111010010100100001011110001011010000'
T'00011001101101111111111000010100001000000011001100'
T'00001011010111010110000101110111011101000000010011'
T'00001001101111111010101000111000010110001000111110'
T'00001010011001110100000000010110111101010001110111'
T'00001010111111100000000111011101110100101000111100'
T'00001000101101000000010011110010001111110110011110'
T'00001001110100100000000001000010010001100110000001'
T'00001001101100111110000000111001011000101011110101'
T'00001001111010010001100100111111000101000100000110'
T'10111100101010101010001011111000000011001010101100'
T'10000101001000000001001010101000000101010100011001'
T'10101000001000100000101011111100001000100011111010'
T'11100011011111101101100101010100111111111011000011'
T'11000000010111111010100110010100111101101010111101'
T'11101111010011100010010000110101101110111101100000'
T'01100111110010110101011000001111100000100100001001'
T'01101101111000000110001000100000001000100111110011'
T'00011011000010101001011101100000110110110000010001'
T'01100001000001111000011000110101010100010000001010'
T'11001000101101110100101101101010001110001101101101'
T'11000110000001010001101000110110111000110001110100'
T'10011110000000011111011011100000001011011010111011'
T'01101111110000100001111110010000001010000111001001'
T'01101111100000111110001001111000000110001100110000'
T'00000011000100100011000011100010000000000100010100'

#number of aborted faults = 77

#number of redundant faults = 370

#number of calling podem1 = 644

#total number of backtrace steps = 931367

#total number of backtracks = 49000

#FAULT COVERAGE RESULTS :
#number of test vectors = 197
#total number of gate faults (uncollapsed) = 7080
#total number of detected faults = 6164
#total gate fault coverage = 87.06%
#number of equivalent gate faults (collapsed) = 3428
#number of equivalent detected faults = 2981
#equivalent gate fault coverage = 86.96%

#atpg: cputime for test pattern generation artifacts\paper_v7_gae_20260831\inputs\c3540_binary.bench: 1.083000s 1.200000s
