
#Circuit Summary:
#---------------
#number of inputs = 41
#number of outputs = 32
#number of gates = 590
#number of wires = 631
#atpg: cputime for reading in circuit artifacts\paper_v7_gae_20260831\inputs\c1355_binary.bench: 0.040000s 0.040000s
#atpg: cputime for levelling circuit artifacts\paper_v7_gae_20260831\inputs\c1355_binary.bench: 0.001000s 0.041000s
#atpg: cputime for rearranging gate inputs artifacts\paper_v7_gae_20260831\inputs\c1355_binary.bench: 0.000000s 0.041000s
#atpg: cputime for creating dummy nodes artifacts\paper_v7_gae_20260831\inputs\c1355_binary.bench: 0.001000s 0.042000s
#number of equivalent faults = 1574
#atpg: cputime for generating fault list artifacts\paper_v7_gae_20260831\inputs\c1355_binary.bench: 0.007000s 0.049000s
T'11101100110000000000001001010001011100101'
T'01101100110000000000001001010011010000011'
T'00000000000000000000000000000000100010101'
T'01000000000000000000000001000000011100001'
T'00001000010000000000000000000000000001101'
T'00000000010000000000000000000000000011001'
T'10000000000000000000000001000000101100001'
T'00000100000000000000000000000000000000001'
T'00000000000000000001000000000000100010111'
T'00010000000000000000000001000000001000001'
T'00000010010000000000000000000000000001101'
T'00000000000000000000000100000000100010111'
T'00000001010000000000000000000000000001101'
T'00000000000000000000000000000000100010011'
T'10000000010000000000000000000000000001011'
T'00000000010000000000000000000000000011111'
T'00001000000000000000000001000000101100001'
T'01000000000000000000000000000000000000111'
T'00000000000000000001000000000000100010001'
T'00000001000000000000000001000000001000001'
T'00100000010000000000000000000000000001011'
T'00000000000000000000000100000000100010001'
T'00000010000000000000000001000000000100001'
T'00010000010000000000000000000000000001011'
T'00000000000000000000000000000000100001101'
T'00000000010010000000000000000000000001101'
T'00000000000001000000000000000000000000111'
T'00000000100000000000000001000000101100001'
T'00000000001100110000000100101011010000111'
T'00000000000000000001000000000000100001111'
T'00000000000100000000000001000000001000001'
T'00000000010000100000000000000000000001101'
T'00000000000000000000000100000000100001111'
T'00000000001000000000000001000000000100001'
T'00000000010000010000000000000000000001101'
T'00000000000000000000000000000000100001011'
T'00000000010000000000000000000000000000111'
T'00000000000010000000000001000000101100001'
T'00000000000000000001000000000000100001001'
T'00000000000000010000000001000000001000001'
T'00000000000000000000000100000000100001001'
T'00000000000000100000000001000000000100001'
T'00000010010100001110110011000000001000000'
T'00000000000000000000000000000000101010001'
T'00000000010000000100000000000000000001111'
T'00000000000000000000100001000000011000001'
T'00000000000000000000000001000000110000001'
T'00000000010000001000000000000000000010111'
T'00000000000000000000010000000000000000000'
T'00010000000000000000000000000000101110001'
T'00000000000000000000001001000000011000001'
T'00000001000000000000000000000000101110001'
T'00000000010000000010000000000000000000011'
T'00000000000000000000000000000000100110001'
T'00000000000000001000000001000000010100001'
T'00000000000000000000000001000000111100001'
T'00000000010000000000100000000000000010111'
T'00000000000000000100000000000000001100001'
T'00010000000000000000000000000000100010001'
T'00000000000000000010000001000000010100001'
T'00000001000000000000000000000000100010001'
T'00000000000000000000000000000000011010001'
T'00000000000000000000000001001000011000001'
T'00000000000000000000000000000100001100001'
T'00000000010000000000000010000000000010111'
T'00010000000000000000000000000000011110001'
T'00000000010000000000000000010000000000101'
T'00000000000000000000000001000010011000001'
T'00000001000000000000000000000000011110001'
T'00000000010000000000000000100000000000011'
T'00000000000000000000000001000001011000001'
T'00000000000000000000000000000000010110001'
T'00000000000000000000000001000000001100001'
T'00000000010000000000000000001000000010111'
T'00000000010000000000000000000001000000101'
T'00000000010000000000000000000010000000011'
T'00000000010000000000000000000000100000010'
T'00000000000010000000000000000000011001000'
T'00000000010000000000000000000000111111100'
T'00000000010000000000000000000011000000000'
T'00000000010000000000000000001100000011111'
T'00000000000000000000000001010001000000001'
T'00000000000000000000000001100010000000000'
T'00000000010000000000000000110000000000001'
T'00000000000000000000000001000100011000001'
T'00000000000000000000000011001000000000000'
T'00000000010000000000001100000000000000000'
T'00000000010000000000110000000000000011111'
T'00000000000000000001000101000000000000001'
T'00000000000000000010001001000000000000000'
T'00000000010000000011000000000000000000000'
T'00000000000000000100010000000000011000001'
T'00000000000000001000100001000000000000000'
T'00000000010000001100000000000000000011111'
T'00000000000000110000000001000000000000000'
T'00000000000011000000000001000000111100001'
T'00000000010100010000000000000000000000001'
T'00000000011000100000000000000000000000001'
T'00000000001100000000000001000000000000001'
T'00000000010001000000000000000000000001101'
T'00000000110010000000000000000000000000001'
T'00000011000000000000000001000000000000000'
T'00001100000000000000000001000000111100001'
T'00010001010000000000000000000000000000001'
T'00100010010000000000000000000000000000001'
T'00110000000000000000000001000000000000001'
T'01000100000000000000000000000000000001101'
T'10001000010000000000000000000000000000001'
T'00000000000000000001000001010000001100001'
T'00000000010000000000000000001010000010011'
T'00000000000000000010000001100000001100001'
T'00000000000000000100000001000000010100001'
T'00000000000000001000000011000000001100001'
T'00000000010000000000101000000000000010011'
T'00000000010000001010000000000000000010011'
T'00010000010100000000000000000000000000111'
T'00000000000010100000000001000000100100001'
T'00100000011000000000000000000000000000111'
T'01000000010000000000000000000000000001011'
T'10000000110000000000000000000000000000111'
T'00001010000000000000000001000000100100001'
T'10100000000000000000000001000000100100001'
T'00000000000000000000001000000010010001011'
T'00000010000000100000000000000000010101001'
T'00000000010000000000000000000000000011101'
T'00000000010000000000000000000000000000101'
T'00000000000000000000000000000000010000101'
T'00000000000000000000000000000000010000011'
T'00000000000000000000000001000000111000001'
T'00000000000000000000000000000000001001001'
T'00000000000000000000000000000000000101001'
T'00000000000000000010000000010000010010001'
T'00000000000000000010000000010000010001001'
T'00000000000000000000000000110000100100001'
T'00000000000000000000000010100000100100001'
T'00000000000000000000000011000000010000101'
T'00000000000000000000000011000000010000011'
T'00000000001100000000000000000000000010011'
T'00100000000100000000000000000000100001001'
T'00100000000100000000000000000000010001001'
T'00000000101000000000000000000000000010011'
T'00000000110000000000000000000000001001001'
T'00000000110000000000000000000000000101001'
T'00000000000000110000000000000001001100001'
T'00000000001100000000000000000010001100001'
T'00000000000000000000000001000100011001001'
T'00000000000000000000000000001000000000001'
T'00000001000000000000000000010001010010001'
T'00010000000000000000000000100010010010001'
T'00000000000000000000000001000000000000001'
T'00000000000000000000000010001000010110001'
T'00000001000000000000000100010000011110001'
T'00010000000000000000001000100000011110001'
T'00000000000000000000100010000000011010001'
T'00000001000000000001000100000000100010001'
T'00010000000000000010001000000000100010001'
T'00000000000000000100010001000000111100001'
T'00000000000000001000100000000000100110001'
T'00000000000000010000000000000011000000111'
T'00000000000000100000000000110000000000111'
T'00000000010001000000000000000000010001101'
T'00000000000100010000000100000000100001001'
T'00000000001000100001000000000000100001001'
T'00000000100010000000000000000000100001011'
T'00000001000100000000000100000000100001111'
T'00000010001000000001000000000000100001111'
T'00001000100000000000000000000000100001101'
T'00010001000000000000000100000000100010001'
T'00100010000000000001000000000000100010001'
T'01000100010000000000000000000000000011111'
T'10001000000000000000000000000000100010011'

#number of aborted faults = 8

#number of redundant faults = 0

#number of calling podem1 = 179

#total number of backtrace steps = 132750

#total number of backtracks = 4266

#FAULT COVERAGE RESULTS :
#number of test vectors = 171
#total number of gate faults (uncollapsed) = 2710
#total number of detected faults = 2702
#total gate fault coverage = 99.70%
#number of equivalent gate faults (collapsed) = 1574
#number of equivalent detected faults = 1566
#equivalent gate fault coverage = 99.49%

#atpg: cputime for test pattern generation artifacts\paper_v7_gae_20260831\inputs\c1355_binary.bench: 0.086000s 0.135000s
