BC_RESULT best_accuracy=0.567941
VALIDATION {"aggregate": {"aborted": 0, "decisions": 4784, "detected": 30, "mean_backtrace_ratio": 2.088359722502998, "mean_backtrack_ratio": 7.425422929560861, "score": [-30, 0, 7.425422929560861, 2.088359722502998, 4784]}, "circuits": {"c1355": {"aborted": 0, "backtrace_steps": 1425, "backtracks": 34, "decisions": 284, "detected": 3, "episodes": 3, "pi_visits": 166, "redundant": 0}, "c1908": {"aborted": 0, "backtrace_steps": 948, "backtracks": 0, "decisions": 107, "detected": 3, "episodes": 3, "pi_visits": 60, "redundant": 0}, "c2670": {"aborted": 0, "backtrace_steps": 451, "backtracks": 4, "decisions": 71, "detected": 3, "episodes": 3, "pi_visits": 50, "redundant": 0}, "c3540": {"aborted": 0, "backtrace_steps": 566, "backtracks": 0, "decisions": 87, "detected": 3, "episodes": 3, "pi_visits": 43, "redundant": 0}, "c432": {"aborted": 0, "backtrace_steps": 206, "backtracks": 1, "decisions": 58, "detected": 3, "episodes": 3, "pi_visits": 35, "redundant": 0}, "c499": {"aborted": 0, "backtrace_steps": 1171, "backtracks": 0, "decisions": 177, "detected": 3, "episodes": 3, "pi_visits": 95, "redundant": 0}, "c5315": {"aborted": 0, "backtrace_steps": 474, "backtracks": 13, "decisions": 78, "detected": 3, "episodes": 3, "pi_visits": 69, "redundant": 0}, "c6288": {"aborted": 0, "backtrace_steps": 13704, "backtracks": 495, "decisions": 3695, "detected": 3, "episodes": 3, "pi_visits": 1069, "redundant": 0}, "c7552": {"aborted": 0, "backtrace_steps": 947, "backtracks": 7, "decisions": 173, "detected": 3, "episodes": 3, "pi_visits": 82, "redundant": 0}, "s38417_scan": {"aborted": 0, "backtrace_steps": 379, "backtracks": 1, "decisions": 54, "detected": 3, "episodes": 3, "pi_visits": 44, "redundant": 0}}, "label": "behavior_cloning"}
TRAIN_START stage=easy sweep=1/1 circuit=c432 difficulty=easy faults=1
TRAIN_RESULT {"circuit": "c432", "difficulty": "easy", "learning": {"combined_reward_sum": 85.54068673650532, "entropy_mean": 0.6811578273773193, "episodes": 1, "episodes_with_updates": 1, "extrinsic_reward_sum": 85.29411764705883, "intrinsic_reward_sum": 4.931381788929846, "policy_loss_mean": -85.73068237304688, "ratio_mean": 1.0064879655838013, "rnd_loss_mean": 0.03653612732887268, "scaled_intrinsic_reward_sum": 0.2465690894464923, "steps": 34, "total_loss_mean": 3504.19921875, "value_loss_mean": 7179.873046875}, "stage": 0, "stage_name": "easy", "summary": {"aborted": 0, "backtrace_steps": 126, "backtracks": 0, "decisions": 34, "detected": 1, "episodes": 1, "pi_visits": 13, "redundant": 0}, "sweep": 1}
TRAIN_START stage=easy sweep=1/1 circuit=c3540 difficulty=easy faults=1
TRAIN_RESULT {"circuit": "c3540", "difficulty": "easy", "learning": {"combined_reward_sum": 98.3686366164014, "entropy_mean": 0.6832605004310608, "episodes": 1, "episodes_with_updates": 1, "extrinsic_reward_sum": 98.21428571428571, "intrinsic_reward_sum": 3.0870180423138875, "policy_loss_mean": -99.04043579101562, "ratio_mean": 1.0154012441635132, "rnd_loss_mean": 0.03714701533317566, "scaled_intrinsic_reward_sum": 0.15435090211569438, "steps": 13, "total_loss_mean": 4603.8125, "value_loss_mean": 9405.7197265625}, "stage": 0, "stage_name": "easy", "summary": {"aborted": 0, "backtrace_steps": 33, "backtracks": 0, "decisions": 13, "detected": 1, "episodes": 1, "pi_visits": 10, "redundant": 0}, "sweep": 1}
TRAIN_START stage=easy sweep=1/1 circuit=s38417_scan difficulty=easy faults=1
TRAIN_RESULT {"circuit": "s38417_scan", "difficulty": "easy", "learning": {"combined_reward_sum": 100.01254730659421, "entropy_mean": 0.6782890558242798, "episodes": 1, "episodes_with_updates": 1, "extrinsic_reward_sum": 100.0, "intrinsic_reward_sum": 0.25094613188418, "policy_loss_mean": -102.87500762939453, "ratio_mean": 1.0428493022918701, "rnd_loss_mean": 0.03624655306339264, "scaled_intrinsic_reward_sum": 0.012547306594209003, "steps": 1, "total_loss_mean": 4709.0703125, "value_loss_mean": 9623.904296875}, "stage": 0, "stage_name": "easy", "summary": {"aborted": 0, "backtrace_steps": 4, "backtracks": 0, "decisions": 1, "detected": 1, "episodes": 1, "pi_visits": 2, "redundant": 0}, "sweep": 1}
TRAIN_START stage=easy sweep=1/1 circuit=c1355 difficulty=easy faults=1
TRAIN_RESULT {"circuit": "c1355", "difficulty": "easy", "learning": {"combined_reward_sum": 99.94586133072784, "entropy_mean": 0.6783390641212463, "episodes": 1, "episodes_with_updates": 1, "extrinsic_reward_sum": 99.57142857142857, "intrinsic_reward_sum": 7.488655185985455, "policy_loss_mean": -100.25804138183594, "ratio_mean": 1.0200493335723877, "rnd_loss_mean": 0.03529570624232292, "scaled_intrinsic_reward_sum": 0.3744327592992728, "steps": 27, "total_loss_mean": 4695.734375, "value_loss_mean": 9591.998046875}, "stage": 0, "stage_name": "easy", "summary": {"aborted": 0, "backtrace_steps": 146, "backtracks": 0, "decisions": 27, "detected": 1, "episodes": 1, "pi_visits": 13, "redundant": 0}, "sweep": 1}
TRAIN_START stage=easy sweep=1/1 circuit=c5315 difficulty=easy faults=1
TRAIN_RESULT {"circuit": "c5315", "difficulty": "easy", "learning": {"combined_reward_sum": 88.0228841080421, "entropy_mean": 0.6556036472320557, "episodes": 1, "episodes_with_updates": 1, "extrinsic_reward_sum": 87.89473684210526, "intrinsic_reward_sum": 2.5629453187369196, "policy_loss_mean": -85.95109558105469, "ratio_mean": 1.0026475191116333, "rnd_loss_mean": 0.03595405071973801, "scaled_intrinsic_reward_sum": 0.12814726593684597, "steps": 8, "total_loss_mean": 3555.552490234375, "value_loss_mean": 7283.0205078125}, "stage": 0, "stage_name": "easy", "summary": {"aborted": 0, "backtrace_steps": 42, "backtracks": 0, "decisions": 8, "detected": 1, "episodes": 1, "pi_visits": 7, "redundant": 0}, "sweep": 1}
TRAIN_START stage=easy sweep=1/1 circuit=c7552 difficulty=easy faults=1
TRAIN_RESULT {"circuit": "c7552", "difficulty": "easy", "learning": {"combined_reward_sum": 100.1185412756189, "entropy_mean": 0.6535435914993286, "episodes": 1, "episodes_with_updates": 1, "extrinsic_reward_sum": 99.8076923076923, "intrinsic_reward_sum": 6.216979358531797, "policy_loss_mean": -97.65560150146484, "ratio_mean": 1.0027133226394653, "rnd_loss_mean": 0.035948850214481354, "scaled_intrinsic_reward_sum": 0.3108489679265899, "steps": 18, "total_loss_mean": 4606.89697265625, "value_loss_mean": 9409.1181640625}, "stage": 0, "stage_name": "easy", "summary": {"aborted": 0, "backtrace_steps": 106, "backtracks": 0, "decisions": 18, "detected": 1, "episodes": 1, "pi_visits": 15, "redundant": 0}, "sweep": 1}
TRAIN_START stage=easy sweep=1/1 circuit=c499 difficulty=easy faults=1
TRAIN_RESULT {"circuit": "c499", "difficulty": "easy", "learning": {"combined_reward_sum": 101.81408244761472, "entropy_mean": 0.6604874134063721, "episodes": 1, "episodes_with_updates": 1, "extrinsic_reward_sum": 100.7981220657277, "intrinsic_reward_sum": 20.31920763774069, "policy_loss_mean": -98.52920532226562, "ratio_mean": 1.0000680685043335, "rnd_loss_mean": 0.03543306887149811, "scaled_intrinsic_reward_sum": 1.0159603818870344, "steps": 51, "total_loss_mean": 4712.740234375, "value_loss_mean": 9622.552734375}, "stage": 0, "stage_name": "easy", "summary": {"aborted": 0, "backtrace_steps": 392, "backtracks": 0, "decisions": 51, "detected": 1, "episodes": 1, "pi_visits": 27, "redundant": 0}, "sweep": 1}
TRAIN_START stage=easy sweep=1/1 circuit=c1908 difficulty=easy faults=1
TRAIN_RESULT {"circuit": "c1908", "difficulty": "easy", "learning": {"combined_reward_sum": 92.08360705367896, "entropy_mean": 0.6560832262039185, "episodes": 1, "episodes_with_updates": 1, "extrinsic_reward_sum": 91.48648648648648, "intrinsic_reward_sum": 11.94241134384949, "policy_loss_mean": -88.51171112060547, "ratio_mean": 1.000523328781128, "rnd_loss_mean": 0.035728372633457184, "scaled_intrinsic_reward_sum": 0.5971205671924745, "steps": 26, "total_loss_mean": 3786.410888671875, "value_loss_mean": 7749.8583984375}, "stage": 0, "stage_name": "easy", "summary": {"aborted": 0, "backtrace_steps": 137, "backtracks": 0, "decisions": 26, "detected": 1, "episodes": 1, "pi_visits": 14, "redundant": 0}, "sweep": 1}
TRAIN_START stage=easy sweep=1/1 circuit=c6288 difficulty=easy faults=1
TRAIN_RESULT {"circuit": "c6288", "difficulty": "easy", "learning": {"combined_reward_sum": 93.14917470792528, "entropy_mean": 0.6451400518417358, "episodes": 1, "episodes_with_updates": 1, "extrinsic_reward_sum": 91.60377358490567, "intrinsic_reward_sum": 30.908022460392303, "policy_loss_mean": -88.6223373413086, "ratio_mean": 1.001695990562439, "rnd_loss_mean": 0.03638778254389763, "scaled_intrinsic_reward_sum": 1.5454011230196152, "steps": 59, "total_loss_mean": 3789.52490234375, "value_loss_mean": 7756.3076171875}, "stage": 0, "stage_name": "easy", "summary": {"aborted": 0, "backtrace_steps": 195, "backtracks": 0, "decisions": 59, "detected": 1, "episodes": 1, "pi_visits": 24, "redundant": 0}, "sweep": 1}
TRAIN_START stage=easy sweep=1/1 circuit=c2670 difficulty=easy faults=1
TRAIN_RESULT {"circuit": "c2670", "difficulty": "easy", "learning": {"combined_reward_sum": 98.58509464858281, "entropy_mean": 0.6443371176719666, "episodes": 1, "episodes_with_updates": 1, "extrinsic_reward_sum": 98.08510638297872, "intrinsic_reward_sum": 9.999765312081745, "policy_loss_mean": -94.70777893066406, "ratio_mean": 1.0071998834609985, "rnd_loss_mean": 0.03540903329849243, "scaled_intrinsic_reward_sum": 0.49998826560408727, "steps": 18, "total_loss_mean": 4288.34130859375, "value_loss_mean": 8766.1103515625}, "stage": 0, "stage_name": "easy", "summary": {"aborted": 0, "backtrace_steps": 112, "backtracks": 0, "decisions": 18, "detected": 1, "episodes": 1, "pi_visits": 10, "redundant": 0}, "sweep": 1}

#Circuit Summary:
#---------------
#number of inputs = 36
#number of outputs = 7
#number of gates = 288
#number of wires = 324
#number of equivalent faults = 560

#Circuit Summary:
#---------------
#number of inputs = 41
#number of outputs = 32
#number of gates = 662
#number of wires = 703
#number of equivalent faults = 1158

#Circuit Summary:
#---------------
#number of inputs = 41
#number of outputs = 32
#number of gates = 590
#number of wires = 631
#number of equivalent faults = 1574

#Circuit Summary:
#---------------
#number of inputs = 33
#number of outputs = 25
#number of gates = 1056
#number of wires = 1089
#number of equivalent faults = 1876

#Circuit Summary:
#---------------
#number of inputs = 157
#number of outputs = 64
#number of gates = 1400
#number of wires = 1557
#number of equivalent faults = 2595

#Circuit Summary:
#---------------
#number of inputs = 50
#number of outputs = 22
#number of gates = 1983
#number of wires = 2033
#number of equivalent faults = 3428

#Circuit Summary:
#---------------
#number of inputs = 178
#number of outputs = 123
#number of gates = 2973
#number of wires = 3151
#number of equivalent faults = 5350

#Circuit Summary:
#---------------
#number of inputs = 207
#number of outputs = 108
#number of gates = 4042
#number of wires = 4249
#number of equivalent faults = 7550

#Circuit Summary:
#---------------
#number of inputs = 32
#number of outputs = 32
#number of gates = 2416
#number of wires = 2448
#number of equivalent faults = 7744

#Circuit Summary:
#---------------
#number of inputs = 1664
#number of outputs = 1742
#number of gates = 23319
#number of wires = 24983
#number of equivalent faults = 31180

#Circuit Summary:
#---------------
#number of inputs = 36
#number of outputs = 7
#number of gates = 288
#number of wires = 324
#number of equivalent faults = 560

#Circuit Summary:
#---------------
#number of inputs = 50
#number of outputs = 22
#number of gates = 1983
#number of wires = 2033
#number of equivalent faults = 3428

#Circuit Summary:
#---------------
#number of inputs = 1664
#number of outputs = 1742
#number of gates = 23319
#number of wires = 24983
#number of equivalent faults = 31180

#Circuit Summary:
#---------------
#number of inputs = 41
#number of outputs = 32
#number of gates = 590
#number of wires = 631
#number of equivalent faults = 1574

#Circuit Summary:
#---------------
#number of inputs = 178
#number of outputs = 123
#number of gates = 2973
#number of wires = 3151
#number of equivalent faults = 5350

#Circuit Summary:
#---------------
#number of inputs = 207
#number of outputs = 108
#number of gates = 4042
#number of wires = 4249
#number of equivalent faults = 7550

#Circuit Summary:
#---------------
#number of inputs = 41
#number of outputs = 32
#number of gates = 662
#number of wires = 703
#number of equivalent faults = 1158

#Circuit Summary:
#---------------
#number of inputs = 33
#number of outputs = 25
#number of gates = 1056
#number of wires = 1089
#number of equivalent faults = 1876

#Circuit Summary:
#---------------
#number of inputs = 32
#number of outputs = 32
#number of gates = 2416
#number of wires = 2448
#number of equivalent faults = 7744

#Circuit Summary:
#---------------
#number of inputs = 157
#number of outputs = 64
#number of gates = 1400
#number of wires = 1557
#number of equivalent faults = 2595

#Circuit Summary:
#---------------
#number of inputs = 36
#number of outputs = 7
#number of gates = 288
#number of wires = 324
#number of equivalent faults = 560

#Circuit Summary:
#---------------
#number of inputs = 41
#number of outputs = 32
#number of gates = 662
#number of wires = 703
#number of equivalent faults = 1158

#Circuit Summary:
#---------------
#number of inputs = 41
#number of outputs = 32
#number of gates = 590
#number of wires = 631
#number of equivalent faults = 1574

#Circuit Summary:
#---------------
#number of inputs = 33
#number of outputs = 25
#number of gates = 1056
#number of wires = 1089
#number of equivalent faults = 1876

#Circuit Summary:
#---------------
#number of inputs = 157
#number of outputs = 64
#numVALIDATION selection=kept {"aggregate": {"aborted": 0, "decisions": 4784, "detected": 30, "mean_backtrace_ratio": 2.088359722502998, "mean_backtrack_ratio": 7.425422929560861, "score": [-30, 0, 7.425422929560861, 2.088359722502998, 4784]}, "circuits": {"c1355": {"aborted": 0, "backtrace_steps": 1425, "backtracks": 34, "decisions": 284, "detected": 3, "episodes": 3, "pi_visits": 166, "redundant": 0}, "c1908": {"aborted": 0, "backtrace_steps": 948, "backtracks": 0, "decisions": 107, "detected": 3, "episodes": 3, "pi_visits": 60, "redundant": 0}, "c2670": {"aborted": 0, "backtrace_steps": 451, "backtracks": 4, "decisions": 71, "detected": 3, "episodes": 3, "pi_visits": 50, "redundant": 0}, "c3540": {"aborted": 0, "backtrace_steps": 566, "backtracks": 0, "decisions": 87, "detected": 3, "episodes": 3, "pi_visits": 43, "redundant": 0}, "c432": {"aborted": 0, "backtrace_steps": 206, "backtracks": 1, "decisions": 58, "detected": 3, "episodes": 3, "pi_visits": 35, "redundant": 0}, "c499": {"aborted": 0, "backtrace_steps": 1171, "backtracks": 0, "decisions": 177, "detected": 3, "episodes": 3, "pi_visits": 95, "redundant": 0}, "c5315": {"aborted": 0, "backtrace_steps": 474, "backtracks": 13, "decisions": 78, "detected": 3, "episodes": 3, "pi_visits": 69, "redundant": 0}, "c6288": {"aborted": 0, "backtrace_steps": 13704, "backtracks": 495, "decisions": 3695, "detected": 3, "episodes": 3, "pi_visits": 1069, "redundant": 0}, "c7552": {"aborted": 0, "backtrace_steps": 947, "backtracks": 7, "decisions": 173, "detected": 3, "episodes": 3, "pi_visits": 82, "redundant": 0}, "s38417_scan": {"aborted": 0, "backtrace_steps": 379, "backtracks": 1, "decisions": 54, "detected": 3, "episodes": 3, "pi_visits": 44, "redundant": 0}}, "label": "easy_sweep_1"}
TRAIN_START stage=medium sweep=1/1 circuit=c1355 difficulty=medium faults=1
TRAIN_RESULT {"circuit": "c1355", "difficulty": "medium", "learning": {"combined_reward_sum": 83.39476770003824, "entropy_mean": 0.6421573758125305, "episodes": 1, "episodes_with_updates": 1, "extrinsic_reward_sum": 82.51923076923077, "intrinsic_reward_sum": 43.776846540373754, "policy_loss_mean": -78.2826919555664, "ratio_mean": 1.000806450843811, "rnd_loss_mean": 0.034642815589904785, "scaled_intrinsic_reward_sum": 0.8755369308074751, "steps": 74, "total_loss_mean": 2950.837646484375, "value_loss_mean": 6058.2470703125}, "stage": 1, "stage_name": "medium", "summary": {"aborted": 0, "backtrace_steps": 389, "backtracks": 1, "decisions": 74, "detected": 1, "episodes": 1, "pi_visits": 35, "redundant": 0}, "sweep": 1}
TRAIN_START stage=medium sweep=1/1 circuit=c1908 difficulty=easy faults=1
TRAIN_RESULT {"circuit": "c1908", "difficulty": "easy", "learning": {"combined_reward_sum": 99.39595241501772, "entropy_mean": 0.6546633243560791, "episodes": 1, "episodes_with_updates": 1, "extrinsic_reward_sum": 99.1891891891892, "intrinsic_reward_sum": 10.338161291425656, "policy_loss_mean": -95.77493286132812, "ratio_mean": 1.0174527168273926, "rnd_loss_mean": 0.035197287797927856, "scaled_intrinsic_reward_sum": 0.20676322582851314, "steps": 16, "total_loss_mean": 4298.05810546875, "value_loss_mean": 8787.6728515625}, "stage": 1, "stage_name": "medium", "summary": {"aborted": 0, "backtrace_steps": 80, "backtracks": 0, "decisions": 16, "detected": 1, "episodes": 1, "pi_visits": 11, "redundant": 0}, "sweep": 1}
TRAIN_START stage=medium sweep=1/1 circuit=c3540 difficulty=easy faults=1
TRAIN_RESULT {"circuit": "c3540", "difficulty": "easy", "learning": {"combined_reward_sum": 99.8186711204764, "entropy_mean": 0.6006954312324524, "episodes": 1, "episodes_with_updates": 1, "extrinsic_reward_sum": 99.64285714285714, "intrinsic_reward_sum": 8.790698880963141, "policy_loss_mean": -94.27021789550781, "ratio_mean": 1.0035666227340698, "rnd_loss_mean": 0.03607524558901787, "scaled_intrinsic_reward_sum": 0.17581397761926285, "steps": 13, "total_loss_mean": 4282.7802734375, "value_loss_mean": 8754.1064453125}, "stage": 1, "stage_name": "medium", "summary": {"aborted": 0, "backtrace_steps": 29, "backtracks": 0, "decisions": 13, "detected": 1, "episodes": 1, "pi_visits": 10, "redundant": 0}, "sweep": 1}
TRAIN_START stage=medium sweep=1/1 circuit=c499 difficulty=easy faults=1
TRAIN_RESULT {"circuit": "c499", "difficulty": "easy", "learning": {"combined_reward_sum": 99.48218941004738, "entropy_mean": 0.6491125226020813, "episodes": 1, "episodes_with_updates": 1, "extrinsic_reward_sum": 98.66197183098592, "intrinsic_reward_sum": 41.01087895307318, "policy_loss_mean": -92.84428405761719, "ratio_mean": 0.9980660676956177, "rnd_loss_mean": 0.03471725806593895, "scaled_intrinsic_reward_sum": 0.8202175790614636, "steps": 60, "total_loss_mean": 4199.5869140625, "value_loss_mean": 8584.8671875}, "stage": 1, "stage_name": "medium", "summary": {"aborted": 0, "backtrace_steps": 483, "backtracks": 0, "decisions": 60, "detected": 1, "episodes": 1, "pi_visits": 29, "redundant": 0}, "sweep": 1}
TRAIN_START stage=medium sweep=1/1 circuit=c1908 difficulty=medium faults=1
TRAIN_RESULT {"circuit": "c1908", "difficulty": "medium", "learning": {"combined_reward_sum": 98.22427949341277, "entropy_mean": 0.6315551996231079, "episodes": 1, "episodes_with_updates": 1, "extrinsic_reward_sum": 97.97979797979798, "intrinsic_reward_sum": 12.224075680739665, "policy_loss_mean": -93.9835433959961, "ratio_mean": 1.0256335735321045, "rnd_loss_mean": 0.03482792526483536, "scaled_intrinsic_reward_sum": 0.2444815136147933, "steps": 17, "total_loss_mean": 4071.181640625, "value_loss_mean": 8330.3369140625}, "stage": 1, "stage_name": "medium", "summary": {"aborted": 0, "backtrace_steps": 119, "backtracks": 0, "decisions": 17, "detected": 1, "episodes": 1, "pi_visits": 15, "redundant": 0}, "sweep": 1}
TRAIN_START stage=medium sweep=1/1 circuit=c7552 difficulty=easy faults=1
TRAIN_RESULT {"circuit": "c7552", "difficulty": "easy", "learning": {"combined_reward_sum": 100.07206332386787, "entropy_mean": 0.6029003262519836, "episodes": 1, "episodes_with_updates": 1, "extrinsic_reward_sum": 99.8076923076923, "intrinsic_reward_sum": 13.21855080877811, "policy_loss_mean": -93.29691314697266, "ratio_mean": 1.0031617879867554, "rnd_loss_mean": 0.03486647084355354, "scaled_intrinsic_reward_sum": 0.2643710161755622, "steps": 18, "total_loss_mean": 4199.5390625, "value_loss_mean": 8585.6767578125}, "stage": 1, "stage_name": "medium", "summary": {"aborted": 0, "backtrace_steps": 106, "backtracks": 0, "decisions": 18, "detected": 1, "episodes": 1, "pi_visits": 15, "redundant": 0}, "sweep": 1}
TRAIN_START stage=medium sweep=1/1 circuit=c2670 difficulty=easy faults=1
TRAIN_RESULT {"circuit": "c2670", "difficulty": "easy", "learning": {"combined_reward_sum": 98.56667836274136, "entropy_mean": 0.5957930088043213, "episodes": 1, "episodes_with_updates": 1, "extrinsic_reward_sum": 98.29787234042553, "intrinsic_reward_sum": 13.440301115791826, "policy_loss_mean": -92.14807891845703, "ratio_mean": 1.0111932754516602, "rnd_loss_mean": 0.034752149134874344, "scaled_intrinsic_reward_sum": 0.2688060223158365, "steps": 18, "total_loss_mean": 4029.737548828125, "value_loss_mean": 8243.77734375}, "stage": 1, "stage_name": "medium", "summary": {"aborted": 0, "backtrace_steps": 110, "backtracks": 0, "decisions": 18, "detected": 1, "episodes": 1, "pi_visits": 10, "redundant": 0}, "sweep": 1}
TRAIN_START stage=medium sweep=1/1 circuit=s38417_scan difficulty=medium faults=1
TRAIN_RESULT {"circuit": "s38417_scan", "difficulty": "medium", "learning": {"combined_reward_sum": 99.54408048977427, "entropy_mean": 0.5923814177513123, "episodes": 1, "episodes_with_updates": 1, "extrinsic_reward_sum": 98.82096069868996, "intrinsic_reward_sum": 36.155989554215935, "policy_loss_mean": -91.42344665527344, "ratio_mean": 0.9993307590484619, "rnd_loss_mean": 0.03538443520665169, "scaled_intrinsic_reward_sum": 0.7231197910843187, "steps": 46, "total_loss_mean": 4063.851318359375, "value_loss_mean": 8310.5546875}, "stage": 1, "stage_name": "medium", "summary": {"aborted": 0, "backtrace_steps": 256, "backtracks": 0, "decisions": 46, "detected": 1, "episodes": 1, "pi_visits": 32, "redundant": 0}, "sweep": 1}
TRAIN_START stage=medium sweep=1/1 circuit=c6288 difficulty=easy faults=1
TRAIN_RESULT {"circuit": "c6288", "difficulty": "easy", "learning": {"combined_reward_sum": 75.64200193000724, "entropy_mean": 0.5499023199081421, "episodes": 1, "episodes_with_updates": 1, "extrinsic_reward_sum": 75.0, "intrinsic_reward_sum": 32.100096500361516, "policy_loss_mean": -67.74663543701172, "ratio_mean": 1.0074975490570068, "rnd_loss_mean": 0.03555728495121002, "scaled_intrinsic_reward_sum": 0.6420019300072304, "steps": 39, "total_loss_mean": 2173.58251953125, "value_loss_mean": 4482.66357421875}, "stage": 1, "stage_name": "medium", "summary": {"aborted": 0, "backtrace_steps": 159, "backtracks": 1, "decisions": 39, "detected": 1, "episodes": 1, "pi_visits": 26, "redundant": 0}, "sweep": 1}
TRAIN_START stage=medium sweep=1/1 circuit=c5315 difficulty=medium faults=1
TRAIN_RESULT {"circuit": "c5315", "difficulty": "medium", "learning": {"combined_reward_sum": 101.16405594205862, "entropy_mean": 0.5746135711669922, "episodes": 1, "episodes_with_updates": 1, "extrinsic_reward_sum": 100.78947368421052, "intrinsic_reward_sum": 18.72911289240554, "policy_loss_mean": -92.88928985595703, "ratio_mean": 1.0030899047851562, "rnd_loss_mean": 0.03420501947402954, "scaled_intrinsic_reward_sum": 0.3745822578481108, "steps": 23, "total_loss_mean": 4168.76318359375, "value_loss_mean": 8523.3115234375}, "stage": 1, "stage_name": "medium", "summary": {"aborted": 0, "backtrace_steps": 175, "backtracks": 0, "decisions": 23, "detected": 1, "episodes": 1, "pi_visits": 18, "redundant": 0}, "sweep": 1}
TRAIN_START stage=medium sweep=1/1 circuit=c1355 difficulty=easy faults=1
TRAIN_RESULT {"circuit": "c1355", "difficulty": "easy", "learning": {"combined_reward_sum": 98.63984521810835, "entropy_mean": 0.5895702838897705, "episodes": 1, "episodes_with_updates": 1, "extrinsic_reward_sum": 98.21428571428571, "intrinsic_reward_sum": 21.27797519113222, "policy_loss_mean": -90.02122497558594, "ratio_mean": 1.0030590295791626, "rnd_loss_mean": 0.033657897263765335, "scaled_intrinsic_reward_sum": 0.4255595038226444, "steps": 26, "total_loss_mean": 3910.801025390625, "value_loss_mean": 8001.650390625}, "stage": 1, "stage_name": "medium", "summary": {"aborted": 0, "backtrace_steps": 165, "backtracks": 0, "decisions": 26, "detected": 1, "episodes": 1, "pi_visits": 14, "redundant": 0}, "sweep": 1}
TRAIN_START stage=medium sweep=1/1 circuit=c3540 difficulty=medium faults=1
TRAIN_RESULT {"circuit": "c3540", "difficulty": "medium", "learning": {"combined_reward_sum": 98.69329521576678, "entropy_mean": 0.5700206756591797, "episodes": 1, "episodes_with_updates": 1, "extrinsic_reward_sum": 97.99107142857143, "intrinsic_reward_sum": 35.111189359767565, "policy_loss_mean": -89.328369140625, "ratio_mean": 1.0004827976226807, "rnd_loss_mean": 0.03427226096391678, "scaled_intrinsic_reward_sum": 0.7022237871953513, "steps": 41, "total_loss_mean": 3870.688232421875, "value_loss_mean": 7920.03955078125}, "stage": 1, "stage_name": "medium", "summary": {"aborted": 0, "backtrace_steps": 269, "backtracks": 1, "decisions": 41, "detected": 1, "episodes": 1, "pi_visits": 16, "redundant": 0}, "sweep": 1}
TRAIN_START stage=medium sweep=1/1 circuit=c499 difficulty=medium faults=1
TRAIN_RESULT {"circuit": "c499", "difficulty": "medium", "learning": {"combined_reward_sum": 102.07627491676516, "entropy_mean": 0.5684766173362732, "episodes": 1, "episodes_with_updates": 1, "extrinsic_reward_sum": 100.81593927893738, "intrinsic_reward_sum": 63.01678189138853, "policy_loss_mean": -92.16130065917969, "ratio_mean": 1.0008089542388916, "rnd_loss_mean": 0.0340309701859951, "scaled_intrinsic_reward_sum": 1.2603356378277706, "steps": 71, "total_loss_mean": 4121.1259765625, "value_loss_mean": 8426.580078125}, "stage": 1, "stage_name": "medium", "summary": {"aborted": 0, "backtrace_steps": 484, "backtracks": 0, "decisions": 71, "detected": 1, "episodes": 1, "pi_visits": 41, "redundant": 0}, "sweep": 1}
TRAIN_START stage=medium sweep=1/1 circuit=c432 difficulty=medium faults=1
TRAIN_RESULT {"circuit": "c432", "difficulty": "medium", "learning": {"combined_reward_sum": 98.45679914584932, "entropy_mean": 0.5771355032920837, "episodes": 1, "episodes_with_updates": 1, "extrinsic_reward_sum": 98.08510638297872, "intrinsic_reward_sum": 18.584638143529524, "policy_loss_mean": -88.61736297607422, "ratio_mean": 1.0005611181259155, "rnd_loss_mean": 0.03449355438351631, "scaled_intrinsic_reward_sum": 0.3716927628705905, "steps": 20, "total_loss_mean": 3808.046875, "value_loss_mean": 7793.33447265625}, "stage": 1, "stage_name": "medium", "summary": {"aborted": 0, "backtrace_steps": 112, "backtracks": 0, "decisions": 20, "detected": 1, "episodes": 1, "pi_visits": 15, "redundant": 0}, "sweep": 1}
TRAIN_START stage=medium sweep=1/1 circuit=c6288 difficulty=medium faults=1
TRAIN_RESULT {"circuit": "c6288", "difficulty": "medium", "learning": {"combined_reward_sum": 99.03128977015749, "entropy_mean": 0.5565339922904968, "episodes": 1, "episodes_with_updates": 1, "extrinsic_reward_sum": 97.43276283618582, "intrinsic_reward_sum": 79.92634669858339, "policy_loss_mean": -88.22429656982422, "ratio_mean": 1.0003198385238647, "rnd_loss_mean": 0.034982047975063324, "scaled_intrinsic_reward_sum": 1.5985269339716677, "steps": 82, "total_loss_mean": 3776.302490234375, "value_loss_mean": 7729.05908203125}, "stage": 1, "stage_name": "medium", "summary": {"aborted": 0, "backtrace_steps": 514, "backtracks": 0, "decisions": 82, "detected": 1, "episodes": 1, "pi_visits": 32, "redundant": 0}, "sweep": 1}
TRAIN_START stage=medium sweep=1/1 circuit=c5315 difficulty=easy faults=1
TRAIN_RESULT {"circuit": "c5315", "difficulty": "easy", "learning": {"combined_reward_sum": 100.07824636046084, "entropy_mean": 0.4979735314846039, "episodes": 1, "episodes_with_updates": 1, "extrinsic_reward_sum": 100.0, "intrinsic_reward_sum": 3.9123180230416033, "policy_loss_mean": -92.21475219726562, "ratio_mean": 1.0285300016403198, "rnd_loss_mean": 0.034169893711805344, "scaled_intrinsic_reward_sum": 0.07824636046083207, "steps": 4, "total_loss_mean": 3902.153564453125, "value_loss_mean": 7988.7412109375}, "stage": 1, "stage_name": "medium", "summary": {"aborted": 0, "backtrace_steps": 19, "backtracks": 0, "decisions": 4, "detected": 1, "episodes": 1, "pi_visits": 5, "redundant": 0}, "sweep": 1}
TRAIN_START stage=medium sweep=1/1 circuit=c432 difficulty=easy faults=1
TRAIN_RESULT {"circuit": "c432", "difficulty": "easy", "learning": {"combined_reward_sum": 100.6994680408558, "entropy_mean": 0.48434096574783325, "episodes": 1, "episodes_with_updates": 1, "extrinsic_reward_sum": 100.19607843137256, "intrinsic_reward_sum": 25.169480474162125, "policy_loss_mean": -89.51349639892578, "ratio_mean": 0.9971949458122253, "rnd_loss_mean": 0.034866560250520706, "scaled_intrinsic_reward_sum": 0.5033896094832425, "steps": 25, "total_loss_mean": 3914.6318359375, "value_loss_mean": 8008.2958984375}, "stage": 1, "stage_name": "medium", "summary": {"aborted": 0, "backtrace_steps": 50, "backtracks": 0, "decisions": 25, "detected": 1, "episodes": 1, "pi_visits": 12, "redundant": 0}, "sweep": 1}
TRAIN_START stage=medium sweep=1/1 circuit=s38417_scan difficulty=easy faults=1
TRAIN_RESULT {"circuit": "s38417_scan", "difficulty": "easy", "learning": {"combined_reward_sum": 100.01977191753146, "entropy_mean": 0.4029924273490906, "episodes": 1, "episodes_with_updates": 1, "extrinsic_reward_sum": 100.0, "intrinsic_reward_sum": 0.9885958765725881, "policy_loss_mean": -91.28023529052734, "ratio_mean": 1.0255244970321655, "rnd_loss_mean": 0.03397536277770996, "scaled_intrinsic_reward_sum": 0.01977191753145176, "steps": 1, "total_loss_mean": 3845.455322265625, "value_loss_mean": 7873.47509765625}, "stage": 1, "stage_name": "medium", "summary": {"aborted": 0, "backtrace_steps": 4, "backtracks": 0, "decisions": 1, "detected": 1, "episodes": 1, "pi_visits": 2, "redundant": 0}, "sweep": 1}
TRAIN_START stage=medium sweep=1/1 circuit=c2670 difficulty=medium faults=1
ber of gates = 1400
#number of wires = 1557
#number of equivalent faults = 2595

#Circuit Summary:
#---------------
#number of inputs = 50
#number of outputs = 22
#number of gates = 1983
#number of wires = 2033
#number of equivalent faults = 3428

#Circuit Summary:
#---------------
#number of inputs = 178
#number of outputs = 123
#number of gates = 2973
#number of wires = 3151
#number of equivalent faults = 5350

#Circuit Summary:
#---------------
#number of inputs = 207
#number of outputs = 108
#number of gates = 4042
#number of wires = 4249
#number of equivalent faults = 7550

#Circuit Summary:
#---------------
#number of inputs = 32
#number of outputs = 32
#number of gates = 2416
#number of wires = 2448
#number of equivalent faults = 7744

#Circuit Summary:
#---------------
#number of inputs = 1664
#number of outputs = 1742
#number of gates = 23319
#number of wires = 24983
#number of equivalent faults = 31180

#Circuit Summary:
#---------------
#number of inputs = 41
#number of outputs = 32
#number of gates = 590
#number of wires = 631
#number of equivalent faults = 1574

#Circuit Summary:
#---------------
#number of inputs = 33
#number of outputs = 25
#number of gates = 1056
#number of wires = 1089
#number of equivalent faults = 1876

#Circuit Summary:
#---------------
#number of inputs = 50
#number of outputs = 22
#number of gates = 1983
#number of wires = 2033
#number of equivalent faults = 3428

#Circuit Summary:
#---------------
#number of inputs = 41
#number of outputs = 32
#number of gates = 662
#number of wires = 703
#number of equivalent faults = 1158

#Circuit Summary:
#---------------
#number of inputs = 33
#number of outputs = 25
#number of gates = 1056
#number of wires = 1089
#number of equivalent faults = 1876

#Circuit Summary:
#---------------
#number of inputs = 207
#number of outputs = 108
#number of gates = 4042
#number of wires = 4249
#number of equivalent faults = 7550

#Circuit Summary:
#---------------
#number of inputs = 157
#number of outputs = 64
#number of gates = 1400
#number of wires = 1557
#number of equivalent faults = 2595

#Circuit Summary:
#---------------
#number of inputs = 1664
#number of outputs = 1742
#number of gates = 23319
#number of wires = 24983
#number of equivalent faults = 31180

#Circuit Summary:
#---------------
#number of inputs = 32
#number of outputs = 32
#number of gates = 2416
#number of wires = 2448
#number of equivalent faults = 7744

#Circuit Summary:
#---------------
#number of inputs = 178
#number of outputs = 123
#number of gates = 2973
#number of wires = 3151
#number of equivalent faults = 5350

#Circuit Summary:
#---------------
#number of inputs = 41
#number of outputs = 32
#number of gates = 590
#number of wires = 631
#number of equivalent faults = 1574

#Circuit Summary:
#---------------
#number of inputs = 50
#number of outputs = 22
#number of gates = 1983
#number of wires = 2033
#number of equivalent faults = 3428

#Circuit Summary:
#---------------
#number of inputs = 41
#number of outputs = 32
#number of gates = 662
#number of wires = 703
#number of equivalent faults = 1158

#Circuit Summary:
#---------------
#number of inputs = 36
#number of outputs = 7
#number of gates = 288
#number of wires = 324
#number of equivalent faults = 560

#Circuit Summary:
#---------------
#number of inputs = 32
#number of outputs = 32
#number of gates = 2416
#number of wires = 2448
#number of equivalent faults = 7744

#Circuit Summary:
#---------------
#number of inputs = 178
#number of outputs = 123
#number of gates = 2973
#number of wires = 3151
#number of equivalent faults = 5350

#Circuit Summary:
#---------------
#number of inputs = 36
#number of outputs = 7
#number of gates = 288
#number of wires = 324
#number of equivalent faults = 560

#Circuit Summary:
#---------------
#number of inputs = 1664
#number of outputs = 1742
#number of gates = 23319
#number of wires = 24983
#number of equivalent faults = 31180

#Circuit Summary:
#---------------
#number of inputs = 157
#number of outputs = 64
#number of gates = 1400
#number of wires = 1557
#number of equivalent faultTRAIN_RESULT {"circuit": "c2670", "difficulty": "medium", "learning": {"combined_reward_sum": 104.7612985941046, "entropy_mean": 0.4858763515949249, "episodes": 1, "episodes_with_updates": 1, "extrinsic_reward_sum": 104.43396226415095, "intrinsic_reward_sum": 16.366816497683242, "policy_loss_mean": -94.9416732788086, "ratio_mean": 1.0175713300704956, "rnd_loss_mean": 0.03291315585374832, "scaled_intrinsic_reward_sum": 0.32733632995366485, "steps": 17, "total_loss_mean": 4231.8662109375, "value_loss_mean": 8653.62109375}, "stage": 1, "stage_name": "medium", "summary": {"aborted": 0, "backtrace_steps": 59, "backtracks": 0, "decisions": 17, "detected": 1, "episodes": 1, "pi_visits": 4, "redundant": 0}, "sweep": 1}
TRAIN_START stage=medium sweep=1/1 circuit=c7552 difficulty=medium faults=1
TRAIN_RESULT {"circuit": "c7552", "difficulty": "medium", "learning": {"combined_reward_sum": 121.31694458588022, "entropy_mean": 0.4092382788658142, "episodes": 1, "episodes_with_updates": 1, "extrinsic_reward_sum": 120.64257028112449, "intrinsic_reward_sum": 33.71871523778614, "policy_loss_mean": -109.5323715209961, "ratio_mean": 1.0014770030975342, "rnd_loss_mean": 0.0334152914583683, "scaled_intrinsic_reward_sum": 0.6743743047557229, "steps": 34, "total_loss_mean": 5839.56201171875, "value_loss_mean": 11898.193359375}, "stage": 1, "stage_name": "medium", "summary": {"aborted": 0, "backtrace_steps": 233, "backtracks": 0, "decisions": 34, "detected": 1, "episodes": 1, "pi_visits": 20, "redundant": 0}, "sweep": 1}
VALIDATION selection=kept {"aggregate": {"aborted": 1, "decisions": 2872, "detected": 29, "mean_backtrace_ratio": 1.8741044353218883, "mean_backtrack_ratio": 3.4631804976632568, "score": [-29, 1, 3.4631804976632568, 1.8741044353218883, 2872]}, "circuits": {"c1355": {"aborted": 0, "backtrace_steps": 1302, "backtracks": 0, "decisions": 232, "detected": 3, "episodes": 3, "pi_visits": 123, "redundant": 0}, "c1908": {"aborted": 0, "backtrace_steps": 734, "backtracks": 0, "decisions": 88, "detected": 3, "episodes": 3, "pi_visits": 47, "redundant": 0}, "c2670": {"aborted": 1, "backtrace_steps": 6712, "backtracks": 500, "decisions": 594, "detected": 2, "episodes": 3, "pi_visits": 1026, "redundant": 0}, "c3540": {"aborted": 0, "backtrace_steps": 668, "backtracks": 17, "decisions": 101, "detected": 3, "episodes": 3, "pi_visits": 75, "redundant": 0}, "c432": {"aborted": 0, "backtrace_steps": 166, "backtracks": 1, "decisions": 47, "detected": 3, "episodes": 3, "pi_visits": 35, "redundant": 0}, "c499": {"aborted": 0, "backtrace_steps": 1209, "backtracks": 0, "decisions": 186, "detected": 3, "episodes": 3, "pi_visits": 104, "redundant": 0}, "c5315": {"aborted": 0, "backtrace_steps": 346, "backtracks": 0, "decisions": 57, "detected": 3, "episodes": 3, "pi_visits": 42, "redundant": 0}, "c6288": {"aborted": 0, "backtrace_steps": 7324, "backtracks": 258, "decisions": 1356, "detected": 3, "episodes": 3, "pi_visits": 584, "redundant": 0}, "c7552": {"aborted": 0, "backtrace_steps": 547, "backtracks": 2, "decisions": 89, "detected": 3, "episodes": 3, "pi_visits": 58, "redundant": 0}, "s38417_scan": {"aborted": 0, "backtrace_steps": 704, "backtracks": 0, "decisions": 122, "detected": 3, "episodes": 3, "pi_visits": 75, "redundant": 0}}, "label": "medium_sweep_1"}
TRAIN_START stage=hard sweep=1/1 circuit=s38417_scan difficulty=easy faults=1
TRAIN_RESULT {"circuit": "s38417_scan", "difficulty": "easy", "learning": {"combined_reward_sum": 100.0, "entropy_mean": 0.30618470907211304, "episodes": 1, "episodes_with_updates": 1, "extrinsic_reward_sum": 100.0, "intrinsic_reward_sum": 0.0, "policy_loss_mean": -89.25270080566406, "ratio_mean": 1.0139507055282593, "rnd_loss_mean": 0.0, "scaled_intrinsic_reward_sum": 0.0, "steps": 1, "total_loss_mean": 3759.631591796875, "value_loss_mean": 7697.76904296875}, "stage": 2, "stage_name": "hard", "summary": {"aborted": 0, "backtrace_steps": 4, "backtracks": 0, "decisions": 1, "detected": 1, "episodes": 1, "pi_visits": 2, "redundant": 0}, "sweep": 1}
TRAIN_START stage=hard sweep=1/1 circuit=c2670 difficulty=medium faults=1
TRAIN_RESULT {"circuit": "c2670", "difficulty": "medium", "learning": {"combined_reward_sum": 81.13207547169812, "entropy_mean": 0.3849642872810364, "episodes": 1, "episodes_with_updates": 1, "extrinsic_reward_sum": 81.13207547169812, "intrinsic_reward_sum": 0.0, "policy_loss_mean": -69.07305908203125, "ratio_mean": 1.0034326314926147, "rnd_loss_mean": 0.0, "scaled_intrinsic_reward_sum": 0.0, "steps": 37, "total_loss_mean": 2282.80126953125, "value_loss_mean": 4703.74951171875}, "stage": 2, "stage_name": "hard", "summary": {"aborted": 0, "backtrace_steps": 306, "backtracks": 0, "decisions": 37, "detected": 1, "episodes": 1, "pi_visits": 16, "redundant": 0}, "sweep": 1}
TRAIN_START stage=hard sweep=1/1 circuit=c6288 difficulty=hard faults=1
TRAIN_RESULT {"circuit": "c6288", "difficulty": "hard", "learning": {"combined_reward_sum": 129.61470717745487, "entropy_mean": 0.3178873658180237, "episodes": 1, "episodes_with_updates": 1, "extrinsic_reward_sum": 129.61470717745487, "intrinsic_reward_sum": 0.0, "policy_loss_mean": -117.14945220947266, "ratio_mean": 1.0009790658950806, "rnd_loss_mean": 0.0, "scaled_intrinsic_reward_sum": 0.0, "steps": 97, "total_loss_mean": 6699.96875, "value_loss_mean": 13634.23828125}, "stage": 2, "stage_name": "hard", "summary": {"aborted": 0, "backtrace_steps": 525, "backtracks": 0, "decisions": 97, "detected": 1, "episodes": 1, "pi_visits": 27, "redundant": 0}, "sweep": 1}
TRAIN_START stage=hard sweep=1/1 circuit=c499 difficulty=easy faults=1
TRAIN_RESULT {"circuit": "c499", "difficulty": "easy", "learning": {"combined_reward_sum": 105.02347417840376, "entropy_mean": 0.3506704568862915, "episodes": 1, "episodes_with_updates": 1, "extrinsic_reward_sum": 105.02347417840376, "intrinsic_reward_sum": 0.0, "policy_loss_mean": -92.58366394042969, "ratio_mean": 1.0046892166137695, "rnd_loss_mean": 0.0, "scaled_intrinsic_reward_sum": 0.0, "steps": 29, "total_loss_mean": 4127.328125, "value_loss_mean": 8439.82421875}, "stage": 2, "stage_name": "hard", "summary": {"aborted": 0, "backtrace_steps": 212, "backtracks": 0, "decisions": 29, "detected": 1, "episodes": 1, "pi_visits": 14, "redundant": 0}, "sweep": 1}
TRAIN_START stage=hard sweep=1/1 circuit=c1908 difficulty=medium faults=1
TRAIN_RESULT {"circuit": "c1908", "difficulty": "medium", "learning": {"combined_reward_sum": 99.39393939393939, "entropy_mean": 0.3591174781322479, "episodes": 1, "episodes_with_updates": 1, "extrinsic_reward_sum": 99.39393939393939, "intrinsic_reward_sum": 0.0, "policy_loss_mean": -86.15361785888672, "ratio_mean": 0.9993765354156494, "rnd_loss_mean": 0.0, "scaled_intrinsic_reward_sum": 0.0, "steps": 18, "total_loss_mean": 3606.689697265625, "value_loss_mean": 7385.6875}, "stage": 2, "stage_name": "hard", "summary": {"aborted": 0, "backtrace_steps": 105, "backtracks": 0, "decisions": 18, "detected": 1, "episodes": 1, "pi_visits": 13, "redundant": 0}, "sweep": 1}
TRAIN_START stage=hard sweep=1/1 circuit=c2670 difficulty=hard faults=1
TRAIN_RESULT {"circuit": "c2670", "difficulty": "hard", "learning": {"combined_reward_sum": 99.29230769230769, "entropy_mean": 0.3102729022502899, "episodes": 1, "episodes_with_updates": 1, "extrinsic_reward_sum": 99.29230769230769, "intrinsic_reward_sum": 0.0, "policy_loss_mean": -85.8331069946289, "ratio_mean": 1.0005313158035278, "rnd_loss_mean": 0.0, "scaled_intrinsic_reward_sum": 0.0, "steps": 51, "total_loss_mean": 3572.073974609375, "value_loss_mean": 7315.814453125}, "stage": 2, "stage_name": "hard", "summary": {"aborted": 0, "backtrace_steps": 348, "backtracks": 0, "decisions": 51, "detected": 1, "episodes": 1, "pi_visits": 37, "redundant": 0}, "sweep": 1}
TRAIN_START stage=hard sweep=1/1 circuit=c7552 difficulty=easy faults=1
TRAIN_RESULT {"circuit": "c7552", "difficulty": "easy", "learning": {"combined_reward_sum": 101.63461538461539, "entropy_mean": 0.3017835021018982, "episodes": 1, "episodes_with_updates": 1, "extrinsic_reward_sum": 101.63461538461539, "intrinsic_reward_sum": 0.0, "policy_loss_mean": -88.15718078613281, "ratio_mean": 1.0037007331848145, "rnd_loss_mean": 0.0, "scaled_intrinsic_reward_sum": 0.0, "steps": 16, "total_loss_mean": 3747.082275390625, "value_loss_mean": 7670.47998046875}, "stage": 2, "stage_name": "hard", "summary": {"aborted": 0, "backtrace_steps": 87, "backtracks": 0, "decisions": 16, "detected": 1, "episodes": 1, "pi_visits": 13, "redundant": 0}, "sweep": 1}
TRAIN_START stage=hard sweep=1/1 circuit=c7552 difficulty=medium faults=1
TRAIN_RESULT {"circuit": "c7552", "difficulty": "medium", "learning": {"combined_reward_sum": 120.04016064257029, "entropy_mean": 0.36419445276260376, "episodes": 1, "episodes_with_updates": 1, "extrinsic_reward_sum": 120.04016064257029, "intrinsic_reward_sum": 0.0, "policy_loss_mean": -106.0384750366211, "ratio_mean": 1.000763177871704, "rnd_loss_mean": 0.0, "scaled_intrinsic_reward_sum": 0.0, "steps": 40, "total_loss_mean": 5479.28369140625, "value_loss_mean": 11170.6435546875}, "stage": 2, "stage_name": "hard", "summary": {"aborted": 0, "backtrace_steps": 248, "backtracks": 0, "decisions": 40, "detected": 1, "episodes": 1, "pi_visits": 21, "redundant": 0}, "sweep": 1}
TRAIN_START stage=hard sweep=1/1 circuit=c432 difficulty=hard faults=1
TRAIN_RESULT {"circuit": "c432", "difficulty": "hard", "learning": {"combined_reward_sum": 100.13333333333334, "entropy_mean": 0.2845441997051239, "episodes": 1, "episodes_with_updates": 1, "extrinsic_reward_sum": 100.13333333333334, "intrinsic_reward_sum": 0.0, "policy_loss_mean": -85.8683853149414, "ratio_mean": 1.001582145690918, "rnd_loss_mean": 0.0, "scaled_intrinsic_reward_sum": 0.0, "steps": 19, "total_loss_mean": 3566.51806640625, "value_loss_mean": 7304.77294921875}, "stage": 2, "stage_name": "hard", "summary": {"aborted": 0, "backtrace_steps": 74, "backtracks": 1, "decisions": 19, "detected": 1, "episodes": 1, "pi_visits": 13, "redundant": 0}, "sweep": 1}
TRAIN_START stage=hard sweep=1/1 circuit=c1355 difficulty=hard faults=1
TRAIN_RESULT {"circuit": "c1355", "difficulty": "hard", "learning": {"combined_reward_sum": 40.0, "entropy_mean": 0.35224437713623047, "episodes": 1, "episodes_with_updates": 1, "extrinsic_reward_sum": 40.0, "intrinsic_reward_sum": 0.0, "policy_loss_mean": -25.317310333251953, "ratio_mean": 1.0000749826431274, "rnd_loss_mean": 0.0, "scaled_intrinsic_reward_sum": 0.0, "steps": 954, "total_loss_mean": 290.1546325683594, "value_loss_mean": 630.944580078125}, "stage": 2, "stage_name": "hard", "summary": {"aborted": 0, "backtrace_steps": 4244, "backtracks": 290, "decisions": 954, "detected": 1, "episodes": 1, "pi_visits": 609, "redundant": 0}, "sweep": 1}
TRAIN_START stage=hard sweep=1/1 circuit=c499 difficulty=medium faults=1
TRAIN_RESULT {"circuit": "c499", "difficulty": "medium", "learning": {"combined_reward_sum": 101.00569259962049, "entropy_mean": 0.35280510783195496, "episodes": 1, "episodes_with_updates": 1, "extrinsic_reward_sum": 101.00569259962049, "intrinsic_reward_sum": 0.0, "policy_loss_mean": -86.1312255859375, "ratio_mean": 1.0003459453582764, "rnd_loss_mean": 0.0, "scaled_intrinsic_reward_sum": 0.0, "steps": 70, "total_loss_mean": 3604.80517578125, "value_loss_mean": 7381.87353515625}, "stage": 2, "stage_name": "hard", "summary": {"aborted": 0, "backtrace_steps": 474, "backtracks": 0, "decisions": 70, "detected": 1, "episodes": 1, "pi_visits": 41, "redundant": 0}, "sweep": 1}
TRAIN_START stage=hard sweep=1/1 circuit=c7552 difficulty=hard faults=1
TRAIN_RESULT {"circuit": "c7552", "difficulty": "hard", "learning": {"combined_reward_sum": 102.21899083902863, "entropy_mean": 0.3392672836780548, "episodes": 1, "episodes_with_updates": 1, "extrinsic_reward_sum": 102.21899083902863, "intrinsic_reward_sum": 0.0, "policy_loss_mean": -87.08499145507812, "ratio_mean": 0.9999198317527771, "rnd_loss_mean": 0.0, "scaled_intrinsic_reward_sum": 0.0, "steps": 78, "total_loss_mean": 3686.345458984375, "value_loss_mean": 7546.86083984375}, "stage": 2, "stage_name": "hard", "summary": {"aborted": 0, "backtrace_steps": 493, "backtracks": 48, "decisions": 78, "detected": 1, "episodes": 1, "pi_visits": 115, "redundant": 0}, "sweep": 1}
TRAIN_START stage=hard sweep=1/1 circuit=c6288 difficulty=easy faults=1
TRAIN_RESULT {"circuit": "c6288", "difficulty": "easy", "learning": {"combined_reward_sum": 80.28301886792453, "entropy_mean": 0.30423086881637573, "episodes": 1, "episodes_with_updates": 1, "extrinsic_reward_sum": 80.28301886792453, "intrinsic_reward_sum": 0.0, "policy_loss_mean": -64.9006118774414, "ratio_mean": 1.000043272972107, "rnd_loss_mean": 0.0, "scaled_intrinsic_reward_sum": 0.0, "steps": 82, "total_loss_mean": 2027.036376953125, "value_loss_mean": 4183.87451171875}, "stage": 2, "stage_name": "hard", "summary": {"aborted": 0, "backtrace_steps": 315, "backtracks": 0, "decisions": 82, "detected": 1, "episodes": 1, "pi_visits": 32, "redundant": 0}, "sweep": 1}
TRAIN_START stage=hard sweep=1/1 circuit=c1908 difficulty=easy faults=1
s = 2595

#Circuit Summary:
#---------------
#number of inputs = 207
#number of outputs = 108
#number of gates = 4042
#number of wires = 4249
#number of equivalent faults = 7550

#Circuit Summary:
#---------------
#number of inputs = 36
#number of outputs = 7
#number of gates = 288
#number of wires = 324
#number of equivalent faults = 560

#Circuit Summary:
#---------------
#number of inputs = 41
#number of outputs = 32
#number of gates = 662
#number of wires = 703
#number of equivalent faults = 1158

#Circuit Summary:
#---------------
#number of inputs = 41
#number of outputs = 32
#number of gates = 590
#number of wires = 631
#number of equivalent faults = 1574

#Circuit Summary:
#---------------
#number of inputs = 33
#number of outputs = 25
#number of gates = 1056
#number of wires = 1089
#number of equivalent faults = 1876

#Circuit Summary:
#---------------
#number of inputs = 157
#number of outputs = 64
#number of gates = 1400
#number of wires = 1557
#number of equivalent faults = 2595

#Circuit Summary:
#---------------
#number of inputs = 50
#number of outputs = 22
#number of gates = 1983
#number of wires = 2033
#number of equivalent faults = 3428

#Circuit Summary:
#---------------
#number of inputs = 178
#number of outputs = 123
#number of gates = 2973
#number of wires = 3151
#number of equivalent faults = 5350

#Circuit Summary:
#---------------
#number of inputs = 207
#number of outputs = 108
#number of gates = 4042
#number of wires = 4249
#number of equivalent faults = 7550

#Circuit Summary:
#---------------
#number of inputs = 32
#number of outputs = 32
#number of gates = 2416
#number of wires = 2448
#number of equivalent faults = 7744

#Circuit Summary:
#---------------
#number of inputs = 1664
#number of outputs = 1742
#number of gates = 23319
#number of wires = 24983
#number of equivalent faults = 31180

#Circuit Summary:
#---------------
#number of inputs = 1664
#number of outputs = 1742
#number of gates = 23319
#number of wires = 24983
#number of equivalent faults = 31180

#Circuit Summary:
#---------------
#number of inputs = 157
#number of outputs = 64
#number of gates = 1400
#number of wires = 1557
#number of equivalent faults = 2595

#Circuit Summary:
#---------------
#number of inputs = 32
#number of outputs = 32
#number of gates = 2416
#number of wires = 2448
#number of equivalent faults = 7744

#Circuit Summary:
#---------------
#number of inputs = 41
#number of outputs = 32
#number of gates = 662
#number of wires = 703
#number of equivalent faults = 1158

#Circuit Summary:
#---------------
#number of inputs = 33
#number of outputs = 25
#number of gates = 1056
#number of wires = 1089
#number of equivalent faults = 1876

#Circuit Summary:
#---------------
#number of inputs = 157
#number of outputs = 64
#number of gates = 1400
#number of wires = 1557
#number of equivalent faults = 2595

#Circuit Summary:
#---------------
#number of inputs = 207
#number of outputs = 108
#number of gates = 4042
#number of wires = 4249
#number of equivalent faults = 7550

#Circuit Summary:
#---------------
#number of inputs = 207
#number of outputs = 108
#number of gates = 4042
#number of wires = 4249
#number of equivalent faults = 7550

#Circuit Summary:
#---------------
#number of inputs = 36
#number of outputs = 7
#number of gates = 288
#number of wires = 324
#number of equivalent faults = 560

#Circuit Summary:
#---------------
#number of inputs = 41
#number of outputs = 32
#number of gates = 590
#number of wires = 631
#number of equivalent faults = 1574

#Circuit Summary:
#---------------
#number of inputs = 41
#number of outputs = 32
#number of gates = 662
#number of wires = 703
#number of equivalent faults = 1158

#Circuit Summary:
#---------------
#number of inputs = 207
#number of outputs = 108
#number of gates = 4042
#number of wires = 4249
#number of equivalent faults = 7550

#Circuit Summary:
#---------------
#number of inputs = 32
#number of outputs = 32
#number of gates = 2416
#number of wires = 2448
#number of equivalent faults = 7744

#Circuit Summary:
#---------------
#number of inputs = 33
#number oTRAIN_RESULT {"circuit": "c1908", "difficulty": "easy", "learning": {"combined_reward_sum": 95.67567567567568, "entropy_mean": 0.3438088297843933, "episodes": 1, "episodes_with_updates": 1, "extrinsic_reward_sum": 95.67567567567568, "intrinsic_reward_sum": 0.0, "policy_loss_mean": -80.73761749267578, "ratio_mean": 1.0083520412445068, "rnd_loss_mean": 0.0, "scaled_intrinsic_reward_sum": 0.0, "steps": 15, "total_loss_mean": 3107.733154296875, "value_loss_mean": 6376.9423828125}, "stage": 2, "stage_name": "hard", "summary": {"aborted": 0, "backtrace_steps": 106, "backtracks": 0, "decisions": 15, "detected": 1, "episodes": 1, "pi_visits": 13, "redundant": 0}, "sweep": 1}
TRAIN_START stage=hard sweep=1/1 circuit=c5315 difficulty=hard faults=1
TRAIN_RESULT {"circuit": "c5315", "difficulty": "hard", "learning": {"combined_reward_sum": 121.87279151943463, "entropy_mean": 0.32265710830688477, "episodes": 1, "episodes_with_updates": 1, "extrinsic_reward_sum": 121.87279151943463, "intrinsic_reward_sum": 0.0, "policy_loss_mean": -106.6957015991211, "ratio_mean": 1.0064488649368286, "rnd_loss_mean": 0.0, "scaled_intrinsic_reward_sum": 0.0, "steps": 33, "total_loss_mean": 5486.58447265625, "value_loss_mean": 11186.560546875}, "stage": 2, "stage_name": "hard", "summary": {"aborted": 0, "backtrace_steps": 230, "backtracks": 0, "decisions": 33, "detected": 1, "episodes": 1, "pi_visits": 21, "redundant": 0}, "sweep": 1}
TRAIN_START stage=hard sweep=1/1 circuit=c2670 difficulty=easy faults=1
TRAIN_RESULT {"circuit": "c2670", "difficulty": "easy", "learning": {"combined_reward_sum": 98.51063829787235, "entropy_mean": 0.2880602180957794, "episodes": 1, "episodes_with_updates": 1, "extrinsic_reward_sum": 98.51063829787235, "intrinsic_reward_sum": 0.0, "policy_loss_mean": -82.6865234375, "ratio_mean": 1.0038713216781616, "rnd_loss_mean": 0.0, "scaled_intrinsic_reward_sum": 0.0, "steps": 18, "total_loss_mean": 3288.62109375, "value_loss_mean": 6742.61572265625}, "stage": 2, "stage_name": "hard", "summary": {"aborted": 0, "backtrace_steps": 108, "backtracks": 0, "decisions": 18, "detected": 1, "episodes": 1, "pi_visits": 10, "redundant": 0}, "sweep": 1}
TRAIN_START stage=hard sweep=1/1 circuit=c3540 difficulty=hard faults=1
TRAIN_RESULT {"circuit": "c3540", "difficulty": "hard", "learning": {"combined_reward_sum": 113.1875, "entropy_mean": 0.2786169648170471, "episodes": 1, "episodes_with_updates": 1, "extrinsic_reward_sum": 113.1875, "intrinsic_reward_sum": 0.0, "policy_loss_mean": -96.615234375, "ratio_mean": 0.998704195022583, "rnd_loss_mean": 0.0, "scaled_intrinsic_reward_sum": 0.0, "steps": 47, "total_loss_mean": 4558.17236328125, "value_loss_mean": 9309.5751953125}, "stage": 2, "stage_name": "hard", "summary": {"aborted": 0, "backtrace_steps": 378, "backtracks": 1, "decisions": 47, "detected": 1, "episodes": 1, "pi_visits": 23, "redundant": 0}, "sweep": 1}
TRAIN_START stage=hard sweep=1/1 circuit=c1908 difficulty=hard faults=1
TRAIN_RESULT {"circuit": "c1908", "difficulty": "hard", "learning": {"combined_reward_sum": 101.03092783505154, "entropy_mean": 0.2942875325679779, "episodes": 1, "episodes_with_updates": 1, "extrinsic_reward_sum": 101.03092783505154, "intrinsic_reward_sum": 0.0, "policy_loss_mean": -84.38163757324219, "ratio_mean": 1.0007703304290771, "rnd_loss_mean": 0.0, "scaled_intrinsic_reward_sum": 0.0, "steps": 36, "total_loss_mean": 3448.948486328125, "value_loss_mean": 7066.66064453125}, "stage": 2, "stage_name": "hard", "summary": {"aborted": 0, "backtrace_steps": 348, "backtracks": 0, "decisions": 36, "detected": 1, "episodes": 1, "pi_visits": 29, "redundant": 0}, "sweep": 1}
TRAIN_START stage=hard sweep=1/1 circuit=c6288 difficulty=medium faults=1
TRAIN_RESULT {"circuit": "c6288", "difficulty": "medium", "learning": {"combined_reward_sum": 98.75305623471883, "entropy_mean": 0.2743382751941681, "episodes": 1, "episodes_with_updates": 1, "extrinsic_reward_sum": 98.75305623471883, "intrinsic_reward_sum": 0.0, "policy_loss_mean": -81.96709442138672, "ratio_mean": 1.0028963088989258, "rnd_loss_mean": 0.0, "scaled_intrinsic_reward_sum": 0.0, "steps": 76, "total_loss_mean": 3238.244384765625, "value_loss_mean": 6640.42333984375}, "stage": 2, "stage_name": "hard", "summary": {"aborted": 0, "backtrace_steps": 460, "backtracks": 0, "decisions": 76, "detected": 1, "episodes": 1, "pi_visits": 32, "redundant": 0}, "sweep": 1}
TRAIN_START stage=hard sweep=1/1 circuit=c1355 difficulty=easy faults=1
TRAIN_RESULT {"circuit": "c1355", "difficulty": "easy", "learning": {"combined_reward_sum": 99.85714285714286, "entropy_mean": 0.26799073815345764, "episodes": 1, "episodes_with_updates": 1, "extrinsic_reward_sum": 99.85714285714286, "intrinsic_reward_sum": 0.0, "policy_loss_mean": -82.84712982177734, "ratio_mean": 1.0033010244369507, "rnd_loss_mean": 0.0, "scaled_intrinsic_reward_sum": 0.0, "steps": 26, "total_loss_mean": 3306.9677734375, "value_loss_mean": 6779.6298828125}, "stage": 2, "stage_name": "hard", "summary": {"aborted": 0, "backtrace_steps": 142, "backtracks": 0, "decisions": 26, "detected": 1, "episodes": 1, "pi_visits": 13, "redundant": 0}, "sweep": 1}
TRAIN_START stage=hard sweep=1/1 circuit=c1355 difficulty=medium faults=1
TRAIN_RESULT {"circuit": "c1355", "difficulty": "medium", "learning": {"combined_reward_sum": 61.61538461538461, "entropy_mean": 0.25007620453834534, "episodes": 1, "episodes_with_updates": 1, "extrinsic_reward_sum": 61.61538461538461, "intrinsic_reward_sum": 0.0, "policy_loss_mean": -44.139137268066406, "ratio_mean": 1.0017449855804443, "rnd_loss_mean": 0.0, "scaled_intrinsic_reward_sum": 0.0, "steps": 83, "total_loss_mean": 917.8472900390625, "value_loss_mean": 1923.973388671875}, "stage": 2, "stage_name": "hard", "summary": {"aborted": 0, "backtrace_steps": 436, "backtracks": 2, "decisions": 83, "detected": 1, "episodes": 1, "pi_visits": 44, "redundant": 0}, "sweep": 1}
TRAIN_START stage=hard sweep=1/1 circuit=c499 difficulty=hard faults=1
TRAIN_RESULT {"circuit": "c499", "difficulty": "hard", "learning": {"combined_reward_sum": 123.86243386243386, "entropy_mean": 0.24235916137695312, "episodes": 1, "episodes_with_updates": 1, "extrinsic_reward_sum": 123.86243386243386, "intrinsic_reward_sum": 0.0, "policy_loss_mean": -106.05113983154297, "ratio_mean": 0.9997025728225708, "rnd_loss_mean": 0.0, "scaled_intrinsic_reward_sum": 0.0, "steps": 65, "total_loss_mean": 5497.998046875, "value_loss_mean": 11208.0986328125}, "stage": 2, "stage_name": "hard", "summary": {"aborted": 0, "backtrace_steps": 464, "backtracks": 0, "decisions": 65, "detected": 1, "episodes": 1, "pi_visits": 34, "redundant": 0}, "sweep": 1}
TRAIN_START stage=hard sweep=1/1 circuit=s38417_scan difficulty=hard faults=1
TRAIN_RESULT {"circuit": "s38417_scan", "difficulty": "hard", "learning": {"combined_reward_sum": 109.16951080773606, "entropy_mean": 0.2285202592611313, "episodes": 1, "episodes_with_updates": 1, "extrinsic_reward_sum": 109.16951080773606, "intrinsic_reward_sum": 0.0, "policy_loss_mean": -91.40980529785156, "ratio_mean": 1.0030282735824585, "rnd_loss_mean": 0.0, "scaled_intrinsic_reward_sum": 0.0, "steps": 13, "total_loss_mean": 4038.7333984375, "value_loss_mean": 8260.2861328125}, "stage": 2, "stage_name": "hard", "summary": {"aborted": 0, "backtrace_steps": 73, "backtracks": 0, "decisions": 13, "detected": 1, "episodes": 1, "pi_visits": 7, "redundant": 0}, "sweep": 1}
TRAIN_START stage=hard sweep=1/1 circuit=c432 difficulty=medium faults=1
TRAIN_RESULT {"circuit": "c432", "difficulty": "medium", "learning": {"combined_reward_sum": 102.23404255319149, "entropy_mean": 0.21861839294433594, "episodes": 1, "episodes_with_updates": 1, "extrinsic_reward_sum": 102.23404255319149, "intrinsic_reward_sum": 0.0, "policy_loss_mean": -84.5206069946289, "ratio_mean": 1.0071702003479004, "rnd_loss_mean": 0.0, "scaled_intrinsic_reward_sum": 0.0, "steps": 16, "total_loss_mean": 3416.0908203125, "value_loss_mean": 7001.2236328125}, "stage": 2, "stage_name": "hard", "summary": {"aborted": 0, "backtrace_steps": 73, "backtracks": 0, "decisions": 16, "detected": 1, "episodes": 1, "pi_visits": 13, "redundant": 0}, "sweep": 1}
TRAIN_START stage=hard sweep=1/1 circuit=c432 difficulty=easy faults=1
TRAIN_RESULT {"circuit": "c432", "difficulty": "easy", "learning": {"combined_reward_sum": 100.0, "entropy_mean": 0.17930109798908234, "episodes": 1, "episodes_with_updates": 1, "extrinsic_reward_sum": 100.0, "intrinsic_reward_sum": 0.0, "policy_loss_mean": -81.87421417236328, "ratio_mean": 1.0058609247207642, "rnd_loss_mean": 0.0, "scaled_intrinsic_reward_sum": 0.0, "steps": 25, "total_loss_mean": 3211.5849609375, "value_loss_mean": 6586.91845703125}, "stage": 2, "stage_name": "hard", "summary": {"aborted": 0, "backtrace_steps": 51, "backtracks": 0, "decisions": 25, "detected": 1, "episodes": 1, "pi_visits": 12, "redundant": 0}, "sweep": 1}
TRAIN_START stage=hard sweep=1/1 circuit=c3540 difficulty=easy faults=1
TRAIN_RESULT {"circuit": "c3540", "difficulty": "easy", "learning": {"combined_reward_sum": 100.0, "entropy_mean": 0.13779282569885254, "episodes": 1, "episodes_with_updates": 1, "extrinsic_reward_sum": 100.0, "intrinsic_reward_sum": 0.0, "policy_loss_mean": -81.4272232055664, "ratio_mean": 1.003783941268921, "rnd_loss_mean": 0.0, "scaled_intrinsic_reward_sum": 0.0, "steps": 13, "total_loss_mean": 3190.04345703125, "value_loss_mean": 6542.94189453125}, "stage": 2, "stage_name": "hard", "summary": {"aborted": 0, "backtrace_steps": 28, "backtracks": 0, "decisions": 13, "detected": 1, "episodes": 1, "pi_visits": 10, "redundant": 0}, "sweep": 1}
TRAIN_START stage=hard sweep=1/1 circuit=c3540 difficulty=medium faults=1
TRAIN_RESULT {"circuit": "c3540", "difficulty": "medium", "learning": {"combined_reward_sum": 120.9375, "entropy_mean": 0.15204545855522156, "episodes": 1, "episodes_with_updates": 1, "extrinsic_reward_sum": 120.9375, "intrinsic_reward_sum": 0.0, "policy_loss_mean": -102.2179183959961, "ratio_mean": 1.004096508026123, "rnd_loss_mean": 0.0, "scaled_intrinsic_reward_sum": 0.0, "steps": 32, "total_loss_mean": 5054.298828125, "value_loss_mean": 10313.033203125}, "stage": 2, "stage_name": "hard", "summary": {"aborted": 0, "backtrace_steps": 203, "backtracks": 0, "decisions": 32, "detected": 1, "episodes": 1, "pi_visits": 12, "redundant": 0}, "sweep": 1}
TRAIN_START stage=hard sweep=1/1 circuit=s38417_scan difficulty=medium faults=1
TRAIN_RESULT {"circuit": "s38417_scan", "difficulty": "medium", "learning": {"combined_reward_sum": 93.23144104803494, "entropy_mean": 0.1488686054944992, "episodes": 1, "episodes_with_updates": 1, "extrinsic_reward_sum": 93.23144104803494, "intrinsic_reward_sum": 0.0, "policy_loss_mean": -73.8911361694336, "ratio_mean": 1.001124620437622, "rnd_loss_mean": 0.0, "scaled_intrinsic_reward_sum": 0.0, "steps": 80, "total_loss_mean": 2632.053955078125, "value_loss_mean": 5411.890625}, "stage": 2, "stage_name": "hard", "summary": {"aborted": 0, "backtrace_steps": 384, "backtracks": 0, "decisions": 80, "detected": 1, "episodes": 1, "pi_visits": 46, "redundant": 0}, "sweep": 1}
TRAIN_START stage=hard sweep=1/1 circuit=c5315 difficulty=easy faults=1
TRAIN_RESULT {"circuit": "c5315", "difficulty": "easy", "learning": {"combined_reward_sum": 100.0, "entropy_mean": 0.1200539618730545, "episodes": 1, "episodes_with_updates": 1, "extrinsic_reward_sum": 100.0, "intrinsic_reward_sum": 0.0, "policy_loss_mean": -80.45110321044922, "ratio_mean": 1.0019199848175049, "rnd_loss_mean": 0.0, "scaled_intrinsic_reward_sum": 0.0, "steps": 4, "total_loss_mean": 3125.0703125, "value_loss_mean": 6411.04296875}, "stage": 2, "stage_name": "hard", "summary": {"aborted": 0, "backtrace_steps": 19, "backtracks": 0, "decisions": 4, "detected": 1, "episodes": 1, "pi_visits": 5, "redundant": 0}, "sweep": 1}
TRAIN_START stage=hard sweep=1/1 circuit=c5315 difficulty=medium faults=1
TRAIN_RESULT {"circuit": "c5315", "difficulty": "medium", "learning": {"combined_reward_sum": 102.05263157894737, "entropy_mean": 0.13537782430648804, "episodes": 1, "episodes_with_updates": 1, "extrinsic_reward_sum": 102.05263157894737, "intrinsic_reward_sum": 0.0, "policy_loss_mean": -82.11988830566406, "ratio_mean": 1.0002145767211914, "rnd_loss_mean": 0.0, "scaled_intrinsic_reward_sum": 0.0, "steps": 22, "total_loss_mean": 3269.595703125, "value_loss_mean": 6703.4306640625}, "stage": 2, "stage_name": "hard", "summary": {"aborted": 0, "backtrace_steps": 151, "backtracks": 0, "decisions": 22, "detected": 1, "episodes": 1, "pi_visits": 19, "redundant": 0}, "sweep": 1}
f outputs = 25
#number of gates = 1056
#number of wires = 1089
#number of equivalent faults = 1876

#Circuit Summary:
#---------------
#number of inputs = 178
#number of outputs = 123
#number of gates = 2973
#number of wires = 3151
#number of equivalent faults = 5350

#Circuit Summary:
#---------------
#number of inputs = 157
#number of outputs = 64
#number of gates = 1400
#number of wires = 1557
#number of equivalent faults = 2595

#Circuit Summary:
#---------------
#number of inputs = 50
#number of outputs = 22
#number of gates = 1983
#number of wires = 2033
#number of equivalent faults = 3428

#Circuit Summary:
#---------------
#number of inputs = 33
#number of outputs = 25
#number of gates = 1056
#number of wires = 1089
#number of equivalent faults = 1876

#Circuit Summary:
#---------------
#number of inputs = 32
#number of outputs = 32
#number of gates = 2416
#number of wires = 2448
#number of equivalent faults = 7744

#Circuit Summary:
#---------------
#number of inputs = 41
#number of outputs = 32
#number of gates = 590
#number of wires = 631
#number of equivalent faults = 1574

#Circuit Summary:
#---------------
#number of inputs = 41
#number of outputs = 32
#number of gates = 590
#number of wires = 631
#number of equivalent faults = 1574

#Circuit Summary:
#---------------
#number of inputs = 41
#number of outputs = 32
#number of gates = 662
#number of wires = 703
#number of equivalent faults = 1158

#Circuit Summary:
#---------------
#number of inputs = 1664
#number of outputs = 1742
#number of gates = 23319
#number of wires = 24983
#number of equivalent faults = 31180

#Circuit Summary:
#---------------
#number of inputs = 36
#number of outputs = 7
#number of gates = 288
#number of wires = 324
#number of equivalent faults = 560

#Circuit Summary:
#---------------
#number of inputs = 36
#number of outputs = 7
#number of gates = 288
#number of wires = 324
#number of equivalent faults = 560

#Circuit Summary:
#---------------
#number of inputs = 50
#number of outputs = 22
#number of gates = 1983
#number of wires = 2033
#number of equivalent faults = 3428

#Circuit Summary:
#---------------
#number of inputs = 50
#number of outputs = 22
#number of gates = 1983
#number of wires = 2033
#number of equivalent faults = 3428

#Circuit Summary:
#---------------
#number of inputs = 1664
#number of outputs = 1742
#number of gates = 23319
#number of wires = 24983
#number of equivalent faults = 31180

#Circuit Summary:
#---------------
#number of inputs = 178
#number of outputs = 123
#number of gates = 2973
#number of wires = 3151
#number of equivalent faults = 5350

#Circuit Summary:
#---------------
#number of inputs = 178
#number of outputs = 123
#number of gates = 2973
#number of wires = 3151
#number of equivalent faults = 5350

#Circuit Summary:
#---------------
#number of inputs = 36
#number of outputs = 7
#number of gates = 288
#number of wires = 324
#number of equivalent faults = 560

#Circuit Summary:
#---------------
#number of inputs = 41
#number of outputs = 32
#number of gates = 662
#number of wires = 703
#number of equivalent faults = 1158

#Circuit Summary:
#---------------
#number of inputs = 41
#number of outputs = 32
#number of gates = 590
#number of wires = 631
#number of equivalent faults = 1574

#Circuit Summary:
#---------------
#number of inputs = 33
#number of outputs = 25
#number of gates = 1056
#number of wires = 1089
#number of equivalent faults = 1876

#Circuit Summary:
#---------------
#number of inputs = 157
#number of outputs = 64
#number of gates = 1400
#number of wires = 1557
#number of equivalent faults = 2595

#Circuit Summary:
#---------------
#number of inputs = 50
#number of outputs = 22
#number of gates = 1983
#number of wires = 2033
#number of equivalent faults = 3428

#Circuit Summary:
#---------------
#number of inputs = 178
#number of outputs = 123
#number of gates = 2973
#number of wires = 3151
#number of equivalent faults = 5350

#Circuit Summary:
#---------------
#number of inputs = 207
#number of outputs = 108
#number of gates = 4042
#number of wires = 4249
#number of equivalentVALIDATION selection=kept {"aggregate": {"aborted": 1, "decisions": 2872, "detected": 29, "mean_backtrace_ratio": 1.8741044353218883, "mean_backtrack_ratio": 3.4631804976632568, "score": [-29, 1, 3.4631804976632568, 1.8741044353218883, 2872]}, "circuits": {"c1355": {"aborted": 0, "backtrace_steps": 1302, "backtracks": 0, "decisions": 232, "detected": 3, "episodes": 3, "pi_visits": 123, "redundant": 0}, "c1908": {"aborted": 0, "backtrace_steps": 734, "backtracks": 0, "decisions": 88, "detected": 3, "episodes": 3, "pi_visits": 47, "redundant": 0}, "c2670": {"aborted": 1, "backtrace_steps": 6712, "backtracks": 500, "decisions": 594, "detected": 2, "episodes": 3, "pi_visits": 1026, "redundant": 0}, "c3540": {"aborted": 0, "backtrace_steps": 668, "backtracks": 17, "decisions": 101, "detected": 3, "episodes": 3, "pi_visits": 75, "redundant": 0}, "c432": {"aborted": 0, "backtrace_steps": 166, "backtracks": 1, "decisions": 47, "detected": 3, "episodes": 3, "pi_visits": 35, "redundant": 0}, "c499": {"aborted": 0, "backtrace_steps": 1209, "backtracks": 0, "decisions": 186, "detected": 3, "episodes": 3, "pi_visits": 104, "redundant": 0}, "c5315": {"aborted": 0, "backtrace_steps": 346, "backtracks": 0, "decisions": 57, "detected": 3, "episodes": 3, "pi_visits": 42, "redundant": 0}, "c6288": {"aborted": 0, "backtrace_steps": 7324, "backtracks": 258, "decisions": 1356, "detected": 3, "episodes": 3, "pi_visits": 584, "redundant": 0}, "c7552": {"aborted": 0, "backtrace_steps": 547, "backtracks": 2, "decisions": 89, "detected": 3, "episodes": 3, "pi_visits": 58, "redundant": 0}, "s38417_scan": {"aborted": 0, "backtrace_steps": 704, "backtracks": 0, "decisions": 122, "detected": 3, "episodes": 3, "pi_visits": 75, "redundant": 0}}, "label": "hard_sweep_1"}
TRAINING_COMPLETE best=behavior_cloning score=[-30, 0, 7.425422929560861, 2.088359722502998, 4784]
 faults = 7550

#Circuit Summary:
#---------------
#number of inputs = 32
#number of outputs = 32
#number of gates = 2416
#number of wires = 2448
#number of equivalent faults = 7744

#Circuit Summary:
#---------------
#number of inputs = 1664
#number of outputs = 1742
#number of gates = 23319
#number of wires = 24983
#number of equivalent faults = 31180
