PASS paper V3 reward, checkpoint, manifest, events, validation, and parity

#Circuit Summary:
#---------------
#number of inputs = 2
#number of outputs = 1
#number of gates = 1
#number of wires = 3
#number of equivalent faults = 4

#Circuit Summary:
#---------------
#number of inputs = 36
#number of outputs = 7
#number of gates = 288
#number of wires = 324
#number of equivalent faults = 560

#Circuit Summary:
#---------------
#number of inputs = 36
#number of outputs = 7
#number of gates = 288
#number of wires = 324
#number of equivalent faults = 560

#Circuit Summary:
#---------------
#number of inputs = 36
#number of outputs = 7
#number of gates = 288
#number of wires = 324
#number of equivalent faults = 560

#Circuit Summary:
#---------------
#number of inputs = 36
#number of outputs = 7
#number of gates = 288
#number of wires = 324
#number of equivalent faults = 560

#Circuit Summary:
#---------------
#number of inputs = 36
#number of outputs = 7
#number of gates = 288
#number of wires = 324
#number of equivalent faults = 560

#Circuit Summary:
#---------------
#number of inputs = 36
#number of outputs = 7
#number of gates = 288
#number of wires = 324
#number of equivalent faults = 560
