
#Circuit Summary:
#---------------
#number of inputs = 50
#number of outputs = 22
#number of gates = 1983
#number of wires = 2033
#atpg: cputime for reading in circuit sample_circuits\c3540_binary.bench: 0.120000s 0.120000s
#atpg: cputime for levelling circuit sample_circuits\c3540_binary.bench: 0.003000s 0.123000s
#atpg: cputime for rearranging gate inputs sample_circuits\c3540_binary.bench: 0.000000s 0.123000s
#atpg: cputime for creating dummy nodes sample_circuits\c3540_binary.bench: 0.000000s 0.123000s
#number of equivalent faults = 3428
#atpg: cputime for generating fault list sample_circuits\c3540_binary.bench: 0.009000s 0.132000s
T'10011111101011111010111111000101011110101110101011'
T'00011111101001000000011100100101011110111100101000'
T'01011100001110110111110010000010101010110110011011'
T'00111101110101110010100110100100101011111101110111'
T'10101111110001111101001110110110111000010000111110'
T'11111000010001000000011101100100010010100000100000'
T'01100111010000111010101010111011001001111100010010'
T'00001001101101101010001011010101001100110001000100'
T'00001001011111110000000111110000100000110111000001'
T'11101100010101101110001001000010100101111100010111'
T'00000011010101101011011100101101000001000101111011'
T'11010110001110110111001011101111000100000100011010'
T'01101000001000000010001011010110000000101110110111'
T'11000101101001110001000000000111100011101010010010'
T'10101001101001110111001110010110100110010110111111'
T'10101010110100101100101000000111001100000111100111'
T'01100000110000000000001111000101111000110101010011'
T'11011110101110111101101010101111010011010011111110'
T'11111101000000100000011111101001111111100000101101'
T'01100110010100101001001001010001001011101110011011'
T'11011000010000111110011011000011011111110010001001'
T'01111110010110011000101011110100011110100111011110'
T'01111100001101111010011101000101011110010000000101'
T'10101111001000000000000110010110010110101101000100'
T'00011011100111010000000001110111111001110000001100'
T'00001010111100110000001111110100010000010101100111'
T'00001011010110000000011111101000000000101111010100'
T'00011010101101001000101110100001111101001100100000'
T'00001001001111101000001111111111000011010001001011'
T'00001010101011000100000110111111100100110010000100'
T'00001011100000000010001010111011110011100000000000'
T'00001011101101101000000110110110110000010001011001'
T'00001011111100000101000101100100001000101111010011'
T'00001011011101110100000110110000101111111100110001'
T'11000111101000101000101011111101000011010010100111'
T'00001011111001101100001111101111100010110100110111'
T'00001001111100100111001010100100111011001111000001'
T'00001001111010110011100101010001001111001010100110'
T'11110011110101100011000010000100001101010001011000'
T'11110000011111000000110010010001010110001011110111'
T'01100000110111111101010010011101110001110011110110'
T'00000011010100100111011100001001011111110011100110'
T'00001100001110111001011100001011110111010110111110'
T'10000011101001110111111011000010001110010100011100'
T'10100001010100110000111000010001011000001101000001'
T'11100001011011100001110111100000000000111111011101'
T'10111110011100001101110111000000000001010001000011'
T'10100100001000010010101001101100101111010101110100'
T'10111001001011001000000110010000000001111101110110'
T'10001100010110011110111011101110000000000111010001'
T'11100001000010100000101101001000000000001011111110'
T'01100000001000011001011011100111010110000100011011'
T'00001011011110010111101001001111111101000001010110'
T'00011001101110000110001010101010010111000100000000'
T'00011001111111001011011111111101101011000100010111'
T'00011001111111001001110001111000110001000011101111'
T'00011011101001110111110001110100001110010000001101'
T'00011010110111001110110010110011111111100111101110'
T'00011010001011001011100111010101001101100001011100'
T'00011011111011001011000010110100101101010011101110'
T'00011011001111001111011010100000011111000000100011'
T'00011010110010101000011011110111101110000000101100'
T'00011000101101011001111010011000000111100000010100'
T'00011001111101001110111010110001110011000000000001'
T'11011111010100000000100010111111101111010000000001'
T'10001111111101010010100111100000000011011001010001'
T'01000010111111011100000011010001001111101010010001'
T'00001011011101110000010110011001011000001110110010'
T'11111000010110100111001110100000000101011000000101'
T'10100010101101110100101100010000001000001100101100'
T'01001011001000011000101110101111000011100011001101'
T'01000100011100011001111011111100010010110100100001'
T'11000111000110010111100000010000101111101000110100'
T'10100101111111000101111010111000010001011111000100'
T'10111111111000100001101100011011110110011000110011'
T'11010111010111100011001011111000100001110000010010'
T'10111111110111111000000111000001000000110000111111'
T'10111000110001001010101111001100101010111111010111'
T'11011110110001110101111011100010011001101001010011'
T'10001101100000011010011110100010000000111010101110'
T'10001010001101100000000100110100000000100101001110'
T'00001011111111110000001110011101101010111011011100'
T'10111000000000010110111010011100110110101111101000'
T'00101101111111110010001111111101111101110110010110'
T'01000000010001000010101011000001111011110100100011'
T'11110001110101100010001000001000010001001101111010'
T'10010100000101000111111100001000100001001011111101'
T'11010100011100001000111110100010000000011010000001'
T'01010110100010111100101101101010110001100101111101'
T'00001011100010000000001111001000011100110111001100'
T'10000011101000011110011011101010001010110001001010'
T'10100110011000101110011011010110101100010111011110'
T'00001010101111011001000001001100010010100001110111'
T'00001010010111111110110011001000111000000111000010'
T'00001010111011110110110111010111010110000010000111'
T'00001001001111011000101111111100001001000001110110'
T'00001001000101110100010101000111111100100000000011'
T'00001000000001111100011011000000110101010000001110'
T'11011110011011000111010111100000110010011110100000'
T'11011110001111111011010010110101111110110100101100'
T'00100011000000111010101111011100011101011110011011'
T'00100110110101100111101001111110101101000010010001'
T'00100111010011000011001010111100010011100101010001'
T'10000111001000101000001010111011101111111011001101'
T'00001100010111001101011111110001000010000110110110'
T'00001110111011111111111001100111011100000101001110'
T'01100000011000111011111010110111101000000111011010'
T'00011011110110110100001001101100110011101010001111'
T'00011011101011110110100001100100111111010101001001'
T'00011011111101001100001011010100011101101101100001'
T'00000111011111110110111001101000111111101101011111'
T'10011101111111011101111011101001110111010110001000'
T'11001101001001010001010000011011000010111100100111'
T'11000111011000010100100000101111001010111010111100'
T'11000110001001100000110000001110010111001100001110'
T'00011111111100011001010101100000011110101101101100'
T'01000001100001001111000001110111101110101001111010'
T'00001011110100010111000111100010001011111111010110'
T'00001011111100011001001000001100110110100111101110'
T'00001011111101000000101010100011101100001000000010'
T'00001011101000010010010010000011010100011111001001'
T'00001010111111010101101010010001111011010111010001'
T'00011010000101001111101010001011011111001000110101'
T'00011011001011111100001010011010000100000010010110'
T'00011011100100011101011000101010001110010001000011'
T'00001010000011101000000011100001001101101001100010'
T'00001011111001010100000011100100100101100001110100'
T'00001010100111101010001011001101110110011011101101'
T'00001011111000111110100001010101010100101001010110'
T'00001011111100011001010011001011000000110110001100'
T'00011001101111101100001011100111010011101000111100'
T'00011001111111100111111011100101010101010001100101'
T'00011011011011100101000011101011100101001000100100'
T'00011001010010000111100011101010011101000010110111'
T'00011010011010100001011001111010111011000000011010'
T'00011011111101001010010010011000000101100001010111'
T'00011000101010010011111001101000110111000010100101'
T'00011001101011101001011111010000100101100010010110'
T'00011000001110000010111010101100101101000010110011'
T'00011010001111111100011001001110100111001001001011'
T'00011011011110011011100001100101111001001010111111'
T'00011001111011010000001010110000110111001010011100'
T'00011011111111001110111101100011100101001011101100'
T'00011010111010110101010001001111011011010000010100'
T'00011010111111111111111010111001100011010011111100'
T'00011010001111110011101101001011111010110000000001'
T'00011011100011001011100011010011101101100000100101'
T'00011000111111100101111011110011011101110111000110'
T'00011001111110100010110110111011100111101000110100'
T'00001001111110100100010101011010101110011101100111'
T'00001001111110101100010010000100110111001100011101'
T'00001011111100111100111011001100010000000110010000'
T'00001010101010100010010001000110111010101010010111'
T'00011010111110000000010101111110101011000111110100'
T'00001011010000001001101011100101111010111100100010'
T'00001010111111000001001001101011101101110101011111'
T'00011011000101000001001111101011110101100100110110'
T'00001011010100110010001111110000100110101111111110'
T'00011011010011010010001001100110001111010111000011'
T'00011010101000010100101001101010100111111101000101'
T'00011011111110001000000011111001100101011100110111'
T'00011011111001110000000001100011111111101011101101'
T'00011000010100011010101011100000011001000101111110'
T'00011000111101110111100001110011011011010011111100'
T'00011011011101000111010111111101111101000010010101'
T'00011000100001001010000101111101010101000101001011'
T'00001011110111011010000011011111111111100101001001'
T'00001011010110110010010001110000101110011101110100'
T'00011001100111001001101111111011010101000111000010'
T'00011011010011100011111001101001111011000000001101'
T'00001001111011111010100010011101111111000000011011'
T'11111011011001010010101000111101000010010110101100'
T'00010011111100100011111010110011001010110101001010'
T'01111000000000100001001010001111010000001100001000'
T'10100100111111111000011011001011110000000001011011'
T'00011011110100110001000111101001111110000101000110'
T'00011000010110011000110110110000111100110101010100'
T'00001101011100000010001101111100000101011000100110'
T'11010001000101111100101101111100000110111110111011'
T'01100101010000010011110111111011010010000110001011'
T'11011110010011110101000101001111111110011010101110'
T'11011111100111100010011110101101110001110111101110'
T'11011000001111111110101101001111111000100001100111'
T'00010001110011000100001011111110010110001010100101'
T'01111100000100101001101111000001011011010111100001'
T'01111111100101100100001001010100110011101001101010'
T'01111101111100000110111010101100110000100011001101'
T'11011101010011111000111000011111110010010011101111'
T'01111111000011101011010110110101001111101111001001'
T'00000011101111101000111100100111111110110000101111'
T'01101111110000001100101001100101010101000010111110'
T'00001111101111001000111110100101010110010010011111'
T'00001111100010101110101111100001001000100101000111'
T'00001111111010000111111111100101011111001011111111'

#number of aborted faults = 62

#number of redundant faults = 377

#number of calling podem1 = 633

#total number of backtrace steps = 776309

#total number of backtracks = 41468

#FAULT COVERAGE RESULTS :
#number of test vectors = 194
#total number of gate faults (uncollapsed) = 7080
#total number of detected faults = 6203
#total gate fault coverage = 87.61%
#number of equivalent gate faults (collapsed) = 3428
#number of equivalent detected faults = 2989
#equivalent gate fault coverage = 87.19%

#atpg: cputime for test pattern generation sample_circuits\c3540_binary.bench: 0.997000s 1.129000s
