
#Circuit Summary:
#---------------
#number of inputs = 157
#number of outputs = 64
#number of gates = 1400
#number of wires = 1557
#atpg: cputime for reading in circuit sample_circuits\c2670_binary.bench: 0.121000s 0.121000s
#atpg: cputime for levelling circuit sample_circuits\c2670_binary.bench: 0.003000s 0.124000s
#atpg: cputime for rearranging gate inputs sample_circuits\c2670_binary.bench: 0.000000s 0.124000s
#atpg: cputime for creating dummy nodes sample_circuits\c2670_binary.bench: 0.000000s 0.124000s
#number of equivalent faults = 2595
#atpg: cputime for generating fault list sample_circuits\c2670_binary.bench: 0.010000s 0.134000s
T'0011011111010111100011101110101111010010001000010010101111110011010010000111110111110101000001011000101101010111011110110001010011010010010011111011111111011'
T'1011010010111010000100001111001000100000001101100010010100000100000110100011101010101110110010111100010101011011011101011010100110011000100010001111111001111'
T'1000001000001101110000011000101101011100001100001010101111100011111110101101100010010111101110111011100101000010001101000000001000110100000010111011110110100'
T'1110000010110000000000011110001110101001001011001011101110011001010011001001100000010111111100101011001000000010110000011111010000000000000000110100000000000'
T'1110000010110000001000011010101011101101111011011010110001010011111101101000100000010000001111101001111100000101010100110110000010000000100000000100101000101'
T'1110001010110000000100000101111100101100001111100100000111100101011000101001100000011101000010011101111011000011011101001111000000001000100000000101010111001'
T'0000001011101111000001100001000000000000000000001100101100101010110100100110011110001011111100110000001100011110010001111100001000000000000000001000001010110'
T'0111101001100001110001100001010000000000000000001011110101000101101111100001111100011001000000001111100111111110000101011000000000000000100000001011010101101'
T'0011111101100010010001100001000100000000000010011000000011011101111001110000000000010110110100111011011000001000101100011111001000000000000000000011011001000'
T'0110001011011010011011011101001110000101111111100110001011101000111111010000110100101001111001101100111011111000101101001110111010010011110100100111011001111'
T'0000000011010000000011000111010100010011110010101001100111010101000001000000100000011001000100001101010001011000011111010010000010000000000000110100100101011'
T'0000001011110000001101011011111111010110011111000111001111100101001110100001100000001111111001110100000111001011000101111110101000000000100000010110010111011'
T'1110001110010000000011000101000110100101100001100010110000011010001110001001100000010111000011101111000111111011101011111011001100000000100000000100110111011'
T'1000000110110000000001000001110100000100101001101101110101011101001110010100100000011001000000110010111110111011001000101111001001000000000000110111011101110'
T'1110001010010000000100001010000010110100100010111111100000011001011100111001100000001110001111000101111010001111111101000011000000100000100000010110000000110'
T'0010000011010000000010011010000000001100101101111110101010100010110111001000100000011101100010000111011111101001110111110011001000010000000000100100011010110'
T'1100000010110000001101010010011111111111011010001010010111001010101001011101100000011001110001011000010100011011110110110011001000000100000000010111101101000'
T'0001110011000011100000100001100000000000010100001101101111011001011000010110011001111001100000011101010001111101001101011111000000000000100000100011100100000'
T'1110000010000100100001000001110100000000011110000000010001111111100100101001111001011001010001000101110101100010010000010011001000000000001000101100100111110'
T'1010010100110011000001010110011011000011101100101111000010101001110110101111010001101011000000101010001010101110100110111000100011111111000110010101100010110'
T'0101100101011101011110000111000000011010011010010001101100111101111110001001011010010000101110001001011110010100001001111110110110000010111100011100101111110'
T'0010111101011110111110001000011111101000001101111011011000110111010011000110010011101011100111100011001011111111000010001001010111111011101111010111111000000'
T'1110000110000111111001001010101110010001110111010111111001110101111011101101011010010110110001110100000011101001111010100111010101110000100001101100000000100'
T'1100100101001110111110000011011101101010111001101110000000101101100110101011111000010111110010001111110111111100100010000100010000101010110000011011110100100'
T'0111110001111011000100010000011001101111010000101000010100011111110000110010111111011010100111000010001111101000011011000000011011010011110010110110101011000'
T'1100101111101111001000111001000101110011011110011000110001111000111100010011100010000110110011011110011011011000111101101000110000000001100010010110001110111'
T'1000111110100100100011100001110100010101101110110101110101110101110010000111110011011000010111111110000101010111011001100101101000101000011111110010000110000'
T'0011111100011010000001101011011110110011110001110101111000001100011111010000110111110011000011010110011101101001010011010011101010010100011111100001111001101'
T'0101101010011110011111101011000010010101101000001100101111000011010101001001110010100000101110111101011011111101100111000101001101011110001001001011011001011'
T'1011111111001001110110001010010100011110111110110111110001110111010110110101100101100110010101010011110010111011100010010011111001010010011010011010010101010'
T'0011011010110000111011011101010001110110101111010111011111110100011010110000011001001010001001101100001011110010011101110000101001010111100111010101110101110'
T'0011001001100000110011100101110011000011011100011001010010010110110000001000010011110000011101111011101010011110100001011100111000100010111011111111010110111'
T'1000111000110011011010011110111011101000011100011101100001000000010000001001010000110101000111110010011101010111101000111101101011101000111101000000011111011'
T'0010110111011010111001011111000011011010000000101101110010001110101101010100011010011000001110011000010011011010011000101111001010110010011110001011000011101'
T'0000011110111001101110110011001110110110001111100010101010100101001010110100011001010010110000001101110010110001001100001011000011001101001100011111100011100'
T'1111111001001010001100011100100101000101011001000100000101000000111100110101001101110111100110101010001011010110101110100101011111100010100100011110000000110'
T'1011100101010010011111101000110110101010110101101001011101000010001101011000001110000010111010110010101011001011000111111100011001110100110101011111101110011'
T'0111001100101110011111111011010101101000001010000101101001100111001110111100010110010001110100101110011010101000111100110110010010010111111101110110110010001'
T'0011111100100011111100111011010101110111111100100001111000100101110000100111010101010010100110010111101001011101111000011001010000101101110111010110011100011'
T'0100010100100001011010101110011111111010110011101101011000000010011011100110000111101110011110110001100010000000110001010000010010100100000111110101110101010'
T'1001011101111100001111101010110001111100011111010000000001011010010111101011110100100010011111100011010111011011101001011111110000101000111111100110111101010'
T'0100110110101010011011110000110011010111111111010100111010011000011111111110100111100001101010001110101010011111101010011011110111000000111111100101100100111'
T'0011011111110011000000111111110101111110101110110100010001101010101000000100110111111000111011110010010110110111110001110100010110101111111111010111100100100'
T'1001000100101000011111010010111001011111011010000011111111111100110110110011000010010011001001011000010111011101110110010000100011111101101011110101010100011'
T'1000000011010000000001100001110010001111100100111010000010110111110101000101100010111111100000001101110111010010100011111110000000000010000000100111010100111'
T'1001000111111101100111101010011000000100001001000110011000000101100110111101100000100111001011000101011110101100010010111010111011111110101100010101000100000'
T'1101100011010100011110110101010110011100001010000010001011110001011100010010000010101111100101111000011011111011011000110101010111111100001111110111101100011'
T'0000111110101000101001111011011010111011110100010011101011011100111111111110110000100000111111010101001111100000110111110001011111111100000010000100111111011'
T'0001010100101101001101111000010011011110001011110000111101001000000101010011110000110011010100111000110110101011001001010011110111111100001101100111100011000'
T'1110100111011111010110110110101101111000011110101000111000011111111000100110011001000110010100010111010010001111000110011011011010010011110111010110000101101'
T'0001000111111110010100010111111110110111101100100011111101100011100010100011000110101101110110010101101011110000110100011011001001110111001111101110001011100'
T'1010101001110111011111111111110100100110000111110010111101100000111011101000111111101111100010011001100101100001011111111011011011001111011000000101001100100'
T'1111101110011111010000101010101011111000110111101111111110111001100010110100001000111110001111101110100100111011000011111011111011111000110000010111111100000'
T'1110001010100001110100010000010000000000101110100110011010001110001111010111000101000000000010011010100101100000001101010011001000000000100000011101000001011'
T'0010101011001111000001100000000100000000100000100001111100110101000001111001001010011111111000000111100011111101100001010110001000000000100100111100000010101'
T'1111110011001000110001100000100100000000110111000101001010100100011111010101010001001100110111101111101100001111110101110011000000000000100010011111100110001'
T'0010011011101100100001100001010000000000000110010011110010111011001011001001001111000100000011101001100011011100110001010011001000000000000001101100001010011'
T'0000010011000101010000100000100100000000011101111100110110001110011000010010101110010001100111111001111111100100011001011111001000000000100000001110111001101'
T'1011110111100011010001100000110000000000101100110100011011001010011011100101111110110111100001101110101001111011101000010011000000000000110000011110000001010'
T'0100001111000101100001100000000000000000100000010101000110111011101111001111000100000000001101001001001011010111001001110111001000000000001000111100101110110'
T'0110000010110000000001000010101011101101011010110001101111010001100001011100100000010100010101100110010101000001000110110010000000000100100000010110101111001'
T'1100000111010000000101001111000011100000111000011010100101010110110101011000100000010100000011011100101110101100110010010110000000100000100000010100010110000'
T'0010001011010000000011011111111000000001011001111101101100100001100001100000100000000010000111100011010100010011000011001111001000010000000000100101010110100'
T'0000001110010000001011011001001100011110110000000110000110000010010000110000100000010111000000100110011100101101100011011111000000001000000000010110111001000'
T'1110000010110000001101011001110101100011000000000111011000100001101111100001100000011110000100101011100000000100111011010110000100000000000000100111000101111'
T'1000001101100001110111100001110100001010100001010111011011101010100100011010100001100011001011011011101001100100100010010111101101000010101000000011001101100'
T'1111100100101011111011001010011110111001100010000000101000010100100101100111110001110000001000110011111001100101011011011101100101000001000101010001110001011'
T'0000010110010001010011100010111011100110111100101011101101000000000110001110000111111001000101011000101010101111010011010111110010000000011100101001100010100'
T'0010001100011011111110010100000011001011011011001000111010101001010010011110111010111101010100100100101001010001010101001110101111001111100101000011000111111'
T'0010101001011001000100011110011011000101101110101111001010101011110011010111111100011011010110000100110101100001110000110001100011011110000001010000100100001'
T'0001010111101001111100010110000100000000100111010100101010111111101100010001100000001010010110001010001110001000111001011110001000000001100000100110111001010'
T'1011011010101011011111001000000100000000111100010110110010110111100100001001100000010111011010110110000110100011001000011010000000000000000100100111010011101'
T'0101010110100000111100001100010100000000010010000000001010011100011110100001100000011100000010001110001010001101001001011110001000000000000010010110100001111'
T'0110110111001000100111001110010000000000111111110000010101100111110001110000100000011111000010110100111001001001011100111010000000000000100001110100010110101'
T'1011000110000101001111011110010000000000100001101101010100011111001010010000000000011111110111000011110111000000010001010011000000000000000000000110111011010'
T'0100110111000100101001100001110100000000101001010110001000001011010111000010110001101101001001010100011011111000110101010111000000000010100000110011100101000'
T'0001011010101100101101011011010000000000010101001111111110011001111011010100100000011010100100111010001100101110100101111010000000000010000000100101011100011'
T'1011011010100110010010001100100000000000101001110000010111101001010010011101100000000000000000010000010100010010101001110011000000000000001000100110101001011'
T'0010011110110000000110000000111100011100000100001100110010001010100001111001100000011001000001101101101011101111111101110011000000001000000000000100010100000'
T'0101000011010000001111000000100100000101001100001001111001010001000001000000100000001110100000101011010110010001000101001011011000000000100000100111111011010'
T'1101101110000011110110000010010100000000011011100010010110011011000011100100100000011011010101000001100110011001110100111010011000000000100000100101111010111'
T'1000011001100000110100011100110110011111111000011111101111011111110001100001000100110001001110110010010000000111100000111111000011000101110100010110010000101'
T'1010101110001101110001100011000100000000110111000001010011101111101010100111011101011010010111101101101110110110001001010111000000000000000001010100001000100'
T'0000000111001010110001100100010000000000101110101010110100100110110001110000010000000100011111110111000101111010100000011011000000000000100010001011000001000'
T'0000111110001111100011100000110100000000110101101100001101011010000111100110000100001111000010100100001000100111011101111011000000000000000100100110101100001'
T'0010011011001011010101100000010000000000111000011101011011111000101100110111001110110011110111011010100101000000100100110011000000000000110000110010010011010'
T'0000100011000100110001110001100100000000011000101000011100111010011010001010000001100001100101101111101000111000111000110111000000000001100000110101101110010'
T'0010000110110000010001001110011001100001101011001101000110000100110011100101100000001000011000101100011100000010011010101011000000000100000000100101110010101'
T'1010001111110000101011011101011100110000000000111001111001110011100100010100100000000011111001001100000111001111100100010010001000010000000000000101110111001'
T'0000001110110001001111000111001011101000001000010100111010001000011010111101100000000010110100011001110111100100110111011111000000100000100000010111000101001'
T'0000001110010010001101000100110110010001000011100101110110011110001000010100100000001100110001110111001111001011100001110010001001000000100000100100010101111'
T'0110101110110000001010010010100111100101110010010110011100001101101101111001100000011100110111111111000110101110111111001111000010000000100000100110001110110'
T'0010000110110100001001000001110010111101101111010111011110000010110011011101100000001011011100110111010010001111101101110110000100000000100000100110101010110'
T'1010001110011000000110010111110010110110100110011001100000111101001110111001100000011110110101110011011110011111100001001111100000000000100000010110111001000'
T'0100001111000000000001101001010000000000100011011100111000011111100111000010011101010011000110110110001000110000000000011111001000000000101000011010100010100'
T'0010010100101011101011010100111101111100110000101111111001100111111110101111110010111011101101010101001101010000011111111011010010111100000100100100010011111'
T'0010100111001110011101001011111110111001101010110010110011101101111110111101000100011011010011110100110101000000000110110000010010111011100101000111100000001'
T'0000111111101011110100001000000100000000010000010100000100100111001111110000101110110010010111100101011001100100010101011010000000000000000100011100111010101'
T'1011001011100100000111001011110000000000010000010110110111011011101011100111001101010101001001011110110101101000010100011011000000000000000010011101100000001'
T'1000001111101101000111011100110000000000000111001101011101010111100110001001001100101001111110000100001100110000000100111111000000000000000001001111010111110'
T'0111110110100101100011001001000000000000010001111110000101111000001100000010100001010111100011111010001110100000001000010011000000000010100000011110100001010'
T'0001111110000001010101011110000100000000110011100011111101000010011000110001110010111010101001101101001100100000101001110011001000000001100000101100110011000'
T'1000101111001100111110011101110100000000010001111111110000110111110111001010111111100000100010100101100101100001011000110011000000000000010000011111111001111'
T'0011000011001111100101000110101100100011101010111001110001111100000010000000100000000001011111001000101100111011001011110111001001000000100000110110001001101'
T'0001001010001101101001010011001111001101011000001100101000000001000100000001100000000011001101000111101111001001100010111011000000100000100000110101110100111'
T'0000100111001011110011000110111111100000101000000011101010001011100101111101100000000101110001111111101011110111101111101111000000010000000000100100110000000'
T'0011010110101011110011011100011110111100101101000000101110011001010000001101100000000001111001101010010110101111000011111110001000001000100000000101111001000'
T'0111110011001000111010001010110100110011101111101111001011100101100000000100100000010001100100101100011010110111010111110110000000000100000000110100010001100'
T'0101001110100001011001001010010100010000010011111100010001011110000000000001100000010001011101100011001001101111111110110011100000000000000000110110000010001'
T'0000000010001101000100011000011000011011001011011111111100110001000000011100100000000010111100111100100101101001001111010010011000000000100000000111110111111'
T'0000001011101101001111010010101101000001010010110110100011000101000000100000100000011101101000011011010010000001010110111011000100000000100000100100001110110'
T'1110000010100110010010011110110011111001100100000010100011100101000001001100100000001000000010100111110111010001011110110111001010000000000000010111000100010'
T'0100100010110100011101011111010001111110100010111000100000010011011111110010010110001001000000011000111011000001110101010101000111001100011111100110000111111'
T'1110010111000101010001100011110100000000001101001101000001110010100101100010001111010011100111001111010101100110101100010111001000000000100000100010111010000'
T'0110111010100101000001100100100000000000011101111010101011010011011001101100101001111101000000110011011011111001011100111010000000000000000000100011101011001'
T'1100000011100000010011100000100100000000100001011101011111001101101101010011100001111110110100101110100010110010011000010010000000000000100000101100110110101'
T'1111111011101011110001101000010100000000110110011101110001010011101011110101001100010001101110000011101000011111010101011111000000000000100000101001110100100'
T'1000101010000101010101100000010100000000010001000010110101010011100000100101010010110100111010100100001001001110111101110011001000000000100000101100101010111'
T'0100011010100110100001110001010000000000011100001110111001010101000111000001010001101000010011101101011111101010111101111110001000000000100000101101111001011'
T'0101011111000010101001100001100100000000100011010001011011110010101010011110101100011100011101011111110010111110001101011111001000000000000000111111001110000'
T'0110001110110000010101011010110111110100000110010010011000100001100101101101100000000010010000100111111000000001110100010111001000000000100000000110111101100'
T'1110010111010000000100001011011100101100010001000101101010111111011001010101100000000010100100100001010001000111011011100110000000000000000000100100111010001'
T'1110001010110000100001001110010010001100011111001110101010000001100011011101100000001110100010110110111011001100111001111011000000000000100000010101101001011'
T'1100000011110001001100010101011010000001010010101110101101001011001001101001100000010100100101000111101111110111000011010111000000000000000000000100010001000'
T'1100000110110010000111011111011100100000101000100011100000010100001000011100100000011010010110010100011001010010100001010110001000000000100000110111101010101'
T'1010101010110000000001001010010001101100000000010001001100100111111110100000100000000010011001111111101100000101000111111011001000000000000000010111101110101'
T'1100001011010100001001010100000000010101011110110000011111000111111101111100100000010110000010101010000000001001100000010111000000000000000000010110011111000'
T'1111000011010000000010011110000111110001000011001010011011011110010010000100100000000110101000000011011010011011100101111011001000000000000000110110011001100'
T'0000001111111000000110001111111001001110001001001010001011101001100111111100100000001010001100001100010100000010010101010110001000000000100000000101001101111'
T'1011001100110101101000110101010100111111100010010010010110011011010110110100000111000100110110011110000001110111010001110000110010110101100111000110101001010'
T'1000100111010110010100100001010011010010000100011111101011111111000100111111100010101000100000001111011110111111111001111011011010111100001001110101001001000'
T'1011010110001010101110111100010011001011110100011110100011101111001010000110100010100000101010000001110101011001011100011101111011011100100100100100010001010'
T'1010010100000011101100100110010001001010001010010111111010110100011001010010100010111111100100101010101110010100100100001111110011101100100010100111000010000'
T'1010100101000110111000010101011011100010101001010101000111111100011111110000100110110011110000001110000110001000110111110001100110001000011111010111000100110'
T'1100110111111000000010101101110111001010101000100100100010110000001101111111110010101011100100111111011010011100000101110101001110011100000001110101000101110'
T'1110000100000001011111011010110101101100011011110101101001111001010001001010010100110111001000000101111111001001111100110100110011101111000100110101100001100'
T'1110001000010101100110100101110010010110000100001000011011011001011111111000000111100101110111000101101001110010111110011010010111110010001111010100101101100'
T'1000010100010000111111010111010001111110011101001111011001110110111010100111010010100010001011101000011111100000111100110101011011111100000011000110101000111'
T'0101010111100111010000011010110000011010001100111110010000001010110000001111000010110001011010110100001100111010100101110110001011111000100100100101011100101'
T'0000110101000001010000011010111010111001000101001110001111000011101110110110000010111010001010111001110100000100010011010000011011111000101011110110011101001'
T'0100110100110110000011011001111111001011000110111111101011110010000111110011110101010111000111111001010010011011100001001000000110010110100111110100000001101'
T'0000101111011110000011010110011010011110010001111000101011001110101010011111100000111101010010100100111100011110111011101011010011111000100111010100101101111'
T'0111100101101111101111001010110101100101110100101111110100000011101101010010100101010111000001001111001001110010111011110000000001010001001101011100001110111'
T'1101110101111011101000001101011101110101001110101110101110001010110111110111011000101101010100100101010010010010101011110000001111000010100011101110000000111'
T'1101101101011111101000100111110011010111000011011111011010011110111101011010000000101110010011100110110000110101110000110011010010111100000001010111110100011'
T'1101001011100011001110101110110101111111011011010010001111010100001100100111000010110001101110001100110000011100110001110000011011111001101000100101000110110'
T'1110000100100111001110111001010010011010000110110110100101011110100100100010110000100010010011001001101001011110110111011010100111010001100110010101100001100'
T'0110101010100001011101101100010001011110000100011000101110011100101011000010010000101101100010111010101110111111011100011011001011111000011010100101101010111'
T'1101110100001000000100001001111100110100101101011100010001011001010100110000000010000100111101100110001000000001001110010010111100010110011100110101001110001'
T'1010000111101110010111010011010001010100001010011100110110001110100110000010010000100110000011110010001001010010001111110110110010010000011111000100001001000'
T'1010111010010010010010101000011001111111000010101001101011010111100101101111000000100101100011010101101110100101000001110100011011111010001111010101011110110'
T'0001111111001100110000100011010111100101100100100011011010011000010101000010000110001100000001011101011011110010010101101100010110000101001010000100101101010'
T'0000010110000101001011010110110101100101011010001110101011011111001000001110010110110110110100010100100100110011110100001010100101001001000001100101001011011'
T'0110001101101101010001010111011100011001010000010010001011101001100010111100110110101001100100001111000111111010110100001111100111001111100011110101101110111'
T'0010011101110101000010101000111100110100010101010111001001100000100110101010100101100101000101110110100001001001111100110010110110000111001000100101110110111'
T'1010111101000000111001111010111100111010101000011001000100101000000100011000110100001100010000011101101110011110000000111101100101110110100101000101100100111'
T'1110001100101000010010001011011100111100011010110101111010111001000001001010110110100011000111111101000010000110000100110011000111110100111011100101011111000'
T'1100111110000101001011000100011010110010011101110000011110000000110100111110010000111111010100001000010011010111100110001100101111111100101000110101010110011'
T'0000101111001000110101110101011011000111100111001000100010001110010000000001110111110010110110100110000101000100100111101101110110001110010010000110001001111'
T'0100110110100001110000111010110110010010101101011001101010011101101010011011010010100110001001001110001111000110110111101011001101111100001000000101111001101'
T'1111101110100010111000000111010100011001000110111100010010110101110100110010100010110000011001111010100001110111000010101001111011111100000111110110010111001'
T'1001000110011001101011110101010001011001010100111001001100111010111101000110010010100111010011111011110101110101011110100101001101111100101010010111101011110'
T'1100111101111011010001110100010111110010101000001010101011001111011010000001111100000100111100110010010111111101100100011100110011011111101101111110100010000'
T'0011110111110000101111110111011100100000011010110011101101001001111100100101111101100110101011010011111111101101011011111111111011011111001101110110100010000'

#number of aborted faults = 53

#number of redundant faults = 76

#number of calling podem1 = 293

#total number of backtrace steps = 391513

#total number of backtracks = 31097

#FAULT COVERAGE RESULTS :
#number of test vectors = 164
#total number of gate faults (uncollapsed) = 5188
#total number of detected faults = 5010
#total gate fault coverage = 96.57%
#number of equivalent gate faults (collapsed) = 2595
#number of equivalent detected faults = 2466
#equivalent gate fault coverage = 95.03%

#atpg: cputime for test pattern generation sample_circuits\c2670_binary.bench: 0.400000s 0.534000s
