
#Circuit Summary:
#---------------
#number of inputs = 157
#number of outputs = 64
#number of gates = 1400
#number of wires = 1557
#atpg: cputime for reading in circuit sample_circuits\c2670_binary.bench: 0.003000s 0.003000s
#atpg: cputime for levelling circuit sample_circuits\c2670_binary.bench: 0.001000s 0.004000s
#atpg: cputime for rearranging gate inputs sample_circuits\c2670_binary.bench: 0.000000s 0.004000s
#atpg: cputime for creating dummy nodes sample_circuits\c2670_binary.bench: 0.000000s 0.004000s
#number of equivalent faults = 2595
#atpg: cputime for generating fault list sample_circuits\c2670_binary.bench: 0.008000s 0.012000s
T'0011011111010111100011101110101110100100000001001001111110010100100001111011111001000001010001011001011101110110010110000110100100100111110111111101011111010'
T'0010110100100100001111001000100000001101100010010100000100000110100011101010101110110010111100010101011011011101010101001110011000100010001111111001111000010'
T'1000001101110000011000101010111000010000101001111100011111101011010001001011101110110111001000001000101000000010001110010000000101110111101101001101000100001'
T'1110000010110000000001100001101010010010110010111011100110010100110010110111111100101011001000000010110000011110011000000010010000000000000000011100011000110'
T'1010000110110000000001100001101101111011011010110001010011111101101001000000111110100111110000010101010011010010000101000110001010000000100000111001010000101'
T'1110001010110000000001100000110000111110010000011110010101100010101111010000100111011110110000110111010011101000101011100110000000001000000000000101111110010'
T'0000000100011001011001010101101001000011001110010001011100111001100001000000110001111001001111010001000001011011001111110101100110010001111010001100000010111'
T'1010000110010000000001100000101101111100001111100011001000000001111100111111110000110100010010110101011010011111111001001100000000000000100000000010011000000'
T'0110000101110000000001100000111100111000000000001011011010011101101100000100010110011110000011011001000010001011110100110101000000000000100000110100111000010'
T'1110001101110000000001100001001100010111010001111110100001101001010011110011011001110111110001011010011011101001001111010011000000000000000000111011001111000'
T'0101000110001110101000100111100101010011001110101100011001000100001101010001011000011110000001100100101011000101111011101111111110101100111110001110011111001'
T'0100000111100000000001100000100010111111100111010000011100101100000001000010111110110110010111011111110000110010100011110110000010000000100000011000011000101'
T'1000000010110000000000100001010001110001011011100001110111100011111101110101111101110000110111011100010100010000111010000011000000000000000000101001101101110'
T'1010000111110000000001000000100111001010110010000001100101111101110110010001011110111101110111011110000100100010000101000010001000000000001000111101001000101'
T'1111110000000110010111001110100101100001111000001011101010000111011110101000010010110000000011000100010010100111010000000001101011010101100111111110101010100'
T'0101101011001001110110001000010110111110111010011101111100110100001101011011000011101100100111111111110110101001010001011110010111010101001011111111001110001'
T'0110000101000110111101101100110001111011010000001110010001110111000101000011101101111011001011000010110011100111100110000000111010100011111010011110111011000'
T'1110010000011100000000100101111011011000000001000111111110010010100111100101100101000100010111011100000011010001001101111010100100011001100000101011001011000'
T'0111011001011110000101010011100111001001011000000101010001010101110100101100010000110010110001011001011000101110101101110000111000110011010010001101100111101'
T'1111100010010110100100001011100010010011110010000101111101000111000100101111110001011110101111011111000100011111010000011101100011011101001100011001110101110'
T'0111100011001011111111000001001001111111011111110000000111000011000011111100100101010111001000111111101011111001110101111011101100110100101011000101010000001'
T'1010011110100011101010111000010100011011000000001001100100101000111011111001000110111011010101110110111001000001011011000110101011111000010111110011000111111'
T'0111111100100000010001000010101011000001101111010010001111100011110110000100010000011001101111010001010000101000111111111000011001011111101101010011100001000'
T'1111101000011010000001101101001111100101101101010110001100101111110111100100001110010000111001101110011001010001111001011100010011000100001011001110111001101'
T'0110001111011010001100000000001100010010100011101111000111110100100100011100010111100001110000101011011011010110101110101100100001111001101100010101111111000'
T'0100101110110010010110100010100001111111001000011000000111110001101000000110101010111011001111000111010111100000110001111010000110111110110101010110011101101'
T'0010100100011101010110111110001111001101010110101001111001111110101100010001101100100101101000001100101111000011010101001001110010100000101110110111111011001'
T'1100010100110101111000100100011011001011101111111100100111011000101001000011110111100110110111101111000111011010110110101001011001001010100011110000111101110'
T'0010010011111001010010011010011000101010101001101101101100001110110111010100011101101001111010111101111111010001101011100000110010010100010011011000001011110'
T'0100111011100001010010101111000101011101011100011001001100000110011100101110011000010110110010011100011001010010010110110000001000010011110000010011011110111'
T'0101001111010000101110011100001000101111111101011011110001110001100110110100111101110111010000010101111011000111011000010000000100000010010100001011010100011'
T'1110010011101010111101000111010110101110100011000000011111011001011011101101011100101111100001011011001001101000000010110111001000111010110101011000011010011'
T'0000011100110000100110110100011000101111001010110010010010110000111010000011110111001101110110011011101110110101101100011111000101010101001010011101011010001'
T'1001010010110000001101100011000001011000011001101001100011110001110011111111110101100010010101001100011100100101000101011001000100000101000000110111001101010'
T'0110111011110011010100001011001110101110100101011111100010100100011000000001101101111101011100101010010011111101000110110101010110101101001011100110000100011'
T'0101100000110000010111010110001010101100111000111111100011001110100110101001101100001110111010110111001001011100111111110110010000001010000101100110011001110'
T'0111011110001100100011101001001110011010101000111101011001010010111111111100101100101100100101001111100100011111100111011001011111001000011110000110010111000'
T'0100111010101001010011001011011010010111011110001001010001011011101100111000110100010100100001011010101101101100001001110110011101101011000000011100110111001'
T'1000111011100111101100011000010000000110010000001010100100001101110101010100101110111110000111110101011000101100100111110100000000010110100101111110101111001'
T'0001001111110001101011101101110101011111100010100110101111010100100110110101010001101111010001001101011111111101010011101001100011101011100001100110100011101'
T'0101001111110100010111111100000011001100100111001101111111001100000011111111010111011010001100001011001011010101010000001001111111000111011110011000101101101'
T'1111001101000111010111101111000100100100100000101000011111010010110010111111011010000011111111111100101000101101111001100110010010110000101110111110111010000'
T'0010011011110101010001110000010110010001111100100111010000010110111101010001110111111110000000110111011100101100101001010001111000101101010011111100100011111'
T'1011001111101010010000001000011001000011001100000001010001111100011011101110010110001010111101011000100011010101111111010010100001000001100111111100011010100'
T'0111101110101010000101000001010010110110001011010001000000101111111101001011110000110111110110110010101001110111111110111000110000011111010011101100101001111'
T'0110101001110111101000100111011011011010111101100000001111011010101000111111000001101110001100010000011111100111000110110100100110100110110111001100010001011'
T'1100001011101001000000101010010111010000101010100000111000100100110101001011001010001100110110111000110001110101001111011111100101101100111110101111011110000'
T'1111010010001110000111111100011011001100100011001010001011101000100011111110001010101101001001111011101011000100101110110010000111111110011101011100010111111'
T'1011011011010010001111101100010110001010000100011010010111011000010111100101110000110000101100100111011100110111101111010010110100101011011110011111011101111'
T'1111111111010010011000011110010111101100000111111010001111111011111111000001001100110010110000101111110110111011001111110110000111111000101001101101001111101'
T'1100111011010000101010101011110001101111011111111101110011001001101001110010001111100011111011101001001110111000011110111111010111111100011000001110111111100'
T'0001110000100100011101100010100111010011000110100010110001111001011101100010100000000001001101010011011100011110101010010010111111001010101011111100000110000'
T'0100001111100110101000001111100100101001111111100000011110001111101100010010111100000010101111111001010001101011101111001001010010101001000111110100101010001'
T'0011001101111011111011000011111011100101011111001100101001001101111001010100001100100111110010111101100101100100100111110001000000111010011000110101001100100'
T'0110000110010000000000001000100110000010010010101010101110111110011011000111001100001001010111001000110001100000011111001111001000000000100000111100100011010'
T'1110001110010000000001100001011100110110111101110011010110101100110100011011001010011011100101111110110111110000110111010110000000000010100000111110110100000'
T'1010101010000000000001100000101001000011100101100000100000010100100000001000110111011101111001111000100000000001101010110011000000000100000000101101011001011'
T'0110001011110000000001100000010111011001100010001000101010111011010111010110001101111010001101110101000101011001100110110110000000100000000000001000101000010'
T'1100001011110000000001100001100111001100101011110000111000001110100011010100101010110110010110010100000011011100101111011011001000000100000000011000001001010'
T'0010110000001101000111111111010000000010110011111011011001000011000011000000010001010110110010110001101010001001100001011110100101011010000011000010111100100'
T'1100011110110000000110000110000001000000110001011100000010011001110010110110001011100011011100111100010000011110001110111001110101100011000000001001110110001'
T'0000110111100011111000010010101110000000010011101001000101100010111110000010110100011101101100001101000010101000010101110110111010100000011001000000110011110'
T'1101110100110010010000001111011010110000011001101100111110000101011111011001011001110111000110001000000010100001010010001100111110001100010110010011110011001'
T'0101101011011001010000101010011100010110000010100100010100111000101101110011011110010101110110010101111000100000001000111000011111100100010111011001010111010'
T'0100111110010000110010011000010100001000110001101111111001010000001100101101101100101011010110011101010110010100100111101101011110110100100100100010010100010'
T'1010000110010000000001100001110101111001111100101001100011111100101010010110010001000111101101100010110111010111100101010110001000000000100001110011010111111'
T'1000000110010000000001100000010011001100001110000110001100011011110000001010010010000100010101111001111100101100011001110110001000000000000010010101011111110'
T'1100000011010000000001100000101010010110001010001110001000111010110111010111001010101101100110110111010001111100010110110011000000000000100100101111001000010'
T'1100001111010000000001100001101011011000011010001100100010000101101001110101010101010000111100010001101001000000000101001111000000000000010000011110100011110'
T'0000000011010000000001100000011100010100011010010101101001101000011110110110110100010011101100101111111100000101011001111110000000000001000000111000111110000'
T'1010001011010000000001100000111001001001011101100011100010110101101100010001010011111110010100001101101010100011111001010011000000010000000000011111110111000'
T'0110001110110000000001100001100000001001000100001011101101001001101100100101111101001010110001000001011010111000010110001110001001000000100000010010010101000'
T'1100001111110000000001100001000110110011011100111001010000001011001110010101110110100101010011111111100110011110110101011011000100000000100000001001110100011'
T'0010000111110000000001100000100111100001001011100011101101100101100100100100100101001110000010111101001010010011110000000010100000000000000000010000010100010'
T'0101010110010010101010010110011101011010000011110001110000001000011001100100010101000011110111001000001101101101011100101111111011100100000001010000001000101'
T'1110000010010000010100110000010011110010100010000010000001110100000101011010110010001111001100000101001011110111110110101101011000011110110000100001101101110'
T'0010010110011011000011100101101110101010001001100110101100111011011001110011111010111110000110111000001101100011100101101111110000111111011110111111100011000'
T'0100000010110000001011000001001110110010010000000111100001111100011000101110000000001100000000100000000000100000010110101011001000000000000100011110111100111'
T'0110001010010000000010010101110111110101010011101110101101001011110110110111000000011010000001000000000100100000010011000110001000000000000010001101000100000'
T'0000000111010000001010011010101011101010101101001001101100011100000100000001000011111110011100010011110100100000010000010110001000000000000001011101100000100'
T'0000000011110000001101001111100111110101101100001101011010000111100110000100000000000000000000010000000101000000010000101010001000000000000000000100010011101'
T'1110001110110000001001100000010011010110000100100110101011010010111000011101011011111000101100110111001110110011110111011011000000000010100000001010000001001'
T'0100000110110000001110001001001101000001000100100111101011000101000011100101100000000100000000011000000001100000000010100010000000000010000000111100001100101'
T'1010001111110000000100010111000111001011011101011011100100010101000101110011000000001100000000001000000100100000010110011011000000000001000000011110000100110'
T'0110001010110000001101000001100010110001110000001001101010101001001110010101100000001110000001110000000101100000011101011110000000000000110000101100000000011'
T'1000011111110000000001100000011100111001000101000011111001001100000111001111100100010001000011101110010001101111100111001011001000001000100000010000010000101'
T'0011110110000100000001100000000000000000110100011111000000101100000000001000110011101111001001101110111101011100010100110010001000001000100000001101001001101'
T'1001000110000011110001100000010000000000101100000010100000000101000000001100010000101001100110001110111001111001011100010111001001000000000000001110000101011'
T'1101111011100101100001100000100100000000001110100101110000100100000000001100111000011011011011110111100110111111111000111011000000100000100000110111111001110'
T'1101000111100110100001100000100100000000011001000011100010111100000000001101111010111011110000010110011011110101101110011110001000010000100000101001000111110'
T'1101110110001101010001100001010000000000101010010111000000110100000000001111100101101101001100110011000001111010011101111011001000000100100000110110101110011'
T'0111001110010000000001100001111110000100111010110111001000010000111000000010101000110111001110000111111001110000100111010110010000000000100000100011011011000'
T'1000110010001000000001100000110100000000101010000010010000000100000000000010100001001000101011101011010100111011111001110010100000000000100000011111110011001'
T'1111101111101111010001100001100100000000100100000010010000000100000000000110101000001111110110100010010000100111110010110011011000000000000000011100111010010'
T'1111110111100101100001100001010000000000101000000010011000000000000000001110110111110100000110110100111101001101010000010010000100000000100000010000010101110'
T'1110000010110000000001100011100000001000011111110111101000100000101000001010000010010011100111111000010111011001001011110011000000000000100001011011011010000'
T'0100000111110000000001100100101011011001011010000011101011110010000010110110111011011101011100111001101010101001001011110111000000000000100010110100101000101'
T'1000000010010000000011100000110000011111101000111111001100001110011010111010101111001100010010011001010011111100001000011010000000000000100100011110000110101'
T'1110001010110000000101100001111010101011000110100100001000111111000010111100000110000001010000101011110001111101000110010010000000000000010000101011010000101'
T'0000000111110000000001110001100000101010111110001110011100011111101000010011000110001110010111010101001101101001100101100111001000000001100000000110011000100'
T'0100001111010000100001100001100111110111011110100011111111100001101111101110010101111111000001000101001011001111001001000111001000010000100000110011110011000'
T'0100001111110001000001100001001010011010110010001110101011100111000111110000000010111110010001011001110110010110111111100011000000100000000000110100010010001'
T'1010001011010010000001100000110011001111001101011000001100101000000010010001100110100011110111100100110000110101110111010011001001000000100000000010011010111'
T'1000001110010100000001100001101111111000001111101010001011100101111110010111000111111110101111011110111111100100011000000010000100000000100000101010110111100'
T'1110001110011000000001100000111101111001011010000001011100110111100001111001101010010110101111000011110110001111001000011111101000000000000000010100011101001'
T'0100001110110000000001101000011001110111110111100101110011010100011001001011000110101101110101110100011000100011000101001110001000000000001000001011001010100'
T'1010000010110000010001100000000010011111100010001011100011000101110110001100100110111111110100100111000001000100000000001110001000000100000000001001100001100'
T'0010101011110000000001100000010110111111111001100111000010111100111100100101101001001110000110011110111111000000101111010011001010000000100000110010101101000'
T'0010100110110110100011000110010111011010000110110100100000010101011110110101100000111011011100000010110010010101111011110011110100110010000101001110100011100'
T'1111001000000001010011111011110100010111010111001110001000100100110001110110100011101011111000100010111010010000100010110011011011111100101001001111000100100'
T'0000000011110000000001011011000001110110010101110011001010000111111111001011001010111110011010011010000001100100011001010011000000000000100100101100100011110'
T'1000001111010000000111000111101010110011010110001111100010111010000011011100101010001000111011110101010101101000001001101110000000000000100010101111001010011'
T'1110000110010000000000011001101101111100101110110000100011101011001110000001100000101011000010111010111101110000000110110111000000000000100001011100111000011'
T'1110001011110000000100010111010001011001001100000001101100110110101111111101110111100111101100111011100011100000001001110110001000000010100000111101010011000'
T'1000000111010000001110000001110100001111101011011101101001110100100100010100001010100110100010000101101001100000101001110010000000000001000000101101010100101'
T'1010000011110000001010010010000100100111011111100111101100101010111010001100101101010100111000011101110001100001001010100011001000000000110000001100010100011'
T'0100001010101101100001100001011111101010111111110111011011110001000010000110101011110001010110110001101000101101111010110110001001000000000000100111101011000'
T'1110001111001011110001100001110010111110001110111101111110011100000100000000111101010111010110111110100000110010010011110010001000100000000000000110010110111'
T'0001001010000100110001100001111000000001101000000001000101111001011110110011101100100010110111001011000100010001011011001011001000010000100000111011001010110'
T'0010100110001000010001100000100010001110110111001000100011101000010000000111110010001011100100100011000111110011101011011010000000001000000000001100011011110'
T'1110100011001101100001100001110110011001110011110101010110100110000000001111000111100101010110100000010100101011101011110110100000000000100000011001001101011'
T'0100100110100001110001100001011111101110000110101100000001000100000000010011001010111111110111001000001010001000111010010010011000000000000000100001000011101'
T'1010010111000101000001100000110010100101000010101011111110101001000000100110110010001010100100011011000000000100010011110011000100000000000000111111110100000'
T'0010000011110000000001100010011111111011000001010001111110110011110111010111010101001101000000000101010111101100000111110010001000000000100000111110111110101'
T'1000000010110000000001100100101010000000001001100000010110001100111110001110010001011110000111110001000011001010011011011111000000000000000000100100001000110'
T'1010000010010000000011100000001101101001101110010111101101110011001100000111101100111111100100111000100100101000101110100111000000000000000000111111100101000'
T'1100000010110000000001101001000101000000100101010101011000100110111110110010011010110100011010100101100010010010010110011011001000000000000000101101101000011'
T'0000001010110000000101100001011001111000000111011101001100001101011010110001010100101010001001101011001010010000100010000011000000000000000000011111101011111'
T'1110000010110000000001110000011111101010001000000011110111101111111110111011011010011101001001000101101010001010101110111110000000000000000000001011101000111'
T'1010000010110000001001100001101111001010000101010000010101000000111010101100101110011011111010010000100010101010010000000111001000000000000000110010011000001'
T'0010000110010000010001100000101001011111010001100101000101111111001001010101011100101001001001111110100101011000010000101011000000000000000000101000110111000'
T'0100011011010000000001100001011100010101001010101000111111100000010101100111100000011100001100010001101110001111000100001111000000000000000000010011011001101'
T'1110001010010000100001100000000101011011011001010100010010010001011000000110111111111010111001001111110110100111000001110110001000000000000000011100001110100'
T'0100001111010001000001100001110000000000010111110110101010100011011110101101001111001010001001010010011011100100000010111111001000000000100000001001111101010'
T'0110000111110010000001100000111100011101100001100111000100001010110011010010110010010110000100001000011011011010100000111010001000000000000000111011100010110'
T'1000101111010000000001100000101111001010011111100100100101101100100001010001000011111101011100011001110100111101100111011011001000000000100000010100110110001'
T'0000001011110100000001100001010000111111000001111010101011000110010101000111010101011100111010000011010100000001100111110011000000000000000000000010101100000'
T'0111001010110000000001100001000101101011010000110011101010011101100011010010010111001010000110010000010100000110101101011110000000000000100000000101001110001'
T'1110000010011000000001100001101101000111010001010111001110100000100010010000001111011111001110100101001100011011000001101110000000000000100000111110010110001'
T'1010001111110000000001100001100010000111110011110101011100011111100101001001101110001010000011001011010110000000110100001011001000000000101000101111000001101'
T'0110010110011110010000010101100111000101001111010011101010001010010100011110001111011101110110101011101001011101111011111100011010111111110111101101010101011'
T'0010111001001011111101000000110110101010001010010100101110000001001111101001011111101100000000011001101010000101110111111101010100111101111111011100000110101'
T'1011101001001110101110101110010010101000101110110010011000100001101011000100100101010000110101100000011110100101110110010000010011110110011110101111111101000'
T'1001111100101000011011111011010011110011110101010000001110001001110101011011000011010111000100110100000101111110100011111101001000111111000110011111010111010'
T'1111011101101001000111101010010011000100110010100011011100001100111011110000011100110011000001111000100100010110110111110000000100111001110110011111001000100'
T'1101000001101101101001010111110000010000110000100100110010011001001011111110110110101010011111011001011000010110001110110101010000010110101101101111000001000'
T'0010001110001011100111001010111000000010011001100010101101010111001111110111000101100101001010011001010111110100111100000100001001000100000100111111001101001'
T'0110101011000100010110010100011100000000100010001111001100011000010000000001000110000101011100111001100111010000111100011010001011110000001110011101110100110'
T'0001010010000101001110011011010011100010000000100011000001111001100010001010010001111011011001010111100010000100101010011010111110100000001001001110010101000'
T'0101110100010101001101011010111110001011011100000101100001101010110111110111010010100001101000110111101010110111011010010111110100110011000111001110001100111'
T'1001011000100100011010011000011010100001000100011000000010111010011011111100100101111100011100010100101010000100111011011000001010101000000001011100101101011'
T'0101011100101011010001110100111110000010000010001100110100010110110000100010100100100110011110100101010101011001000010010010110111011011000101101111010100010'
T'1011101110001100101000001001010001001100010111100111010100110010000111100001110110100101010010001101101001110010111110011011011110110100010100111101110101000'
T'0101010000111001000101010101111000100110000001001101001010100110001011100010111011010000100100111110100110110110100011111001001011001001101011011111101011101'
T'0000001111001111010111001010110000110010001001010000001000110001110000110001000001110110111001111000000111100110101011111110101010000001101001001111111100010'
T'0101000001001000101101100001110100110101111001011100100000010010010111110100011000111111101000010000110010010010100111010111111011001000111100101111111000110'
T'0111110100010100101100010001011011001001100001111000000011010011100101111101010000100001001101011110010011000110010001101010111001100000011011101101000110101'
T'1101010110110001111001001000110001000111001000000000111111100101110110100110000101000100100111110111110011110000110011010100011001110000110100111101010000111'
T'0000111001010110010010101010011100101001110011010001100101100110000101101001110001111000110110111101100111010000100010111110011011011010101110111101000101110'
T'0000011110010001100100011000110010011010111000110001011000000110010111110101000011101110000011001111001111110100101111010110010000100110011010011111101010000'
T'1011001101001001001100111010111101000010011001110100111011011110110110111010101110101010011110100111101011110101100111110111100110100011101001011100000010100'
T'1011001111011010000001111000010001011100100100101010011000011001110111110111100001011111101111100100000010100111001110111010010010101010110011001111111111011'
T'0101101111111101111001110011010110010001011000000000110000100011001111100110111000111110101101111101111100000100110011011000100110000111110111001100001100010'
T'0100110111110010110010000000010100011110111101001010110101100111001110001010111010011110100101000110111110110111101111010101100011110010100101111100101110000'
T'1000011110001001001000000011101011110110111101001011010111011011000101101001111010010111011100111111111010001010000010110100100011111110010000001111111100111'
T'1100000100011000010001100100100100001000001011001001001000010101011010011100100011010100011111011100111011101111010111111100001000111111110010111100110110111'
T'0111011110101001100000110000010110110111001111010011111010110101111101100110101000110101000000101001101100111111101011010011110111110011111111111100110000100'

#number of aborted faults = 41

#number of redundant faults = 88

#number of calling podem1 = 296

#total number of backtrace steps = 358282

#total number of backtracks = 29167

#FAULT COVERAGE RESULTS :
#number of test vectors = 167
#total number of gate faults (uncollapsed) = 5188
#total number of detected faults = 5010
#total gate fault coverage = 96.57%
#number of equivalent gate faults (collapsed) = 2595
#number of equivalent detected faults = 2466
#equivalent gate fault coverage = 95.03%

#atpg: cputime for test pattern generation sample_circuits\c2670_binary.bench: 0.326000s 0.338000s
