
#Circuit Summary:
#---------------
#number of inputs = 178
#number of outputs = 123
#number of gates = 2973
#number of wires = 3151
#atpg: cputime for reading in circuit sample_circuits\c5315_binary.bench: 0.224000s 0.224000s
#atpg: cputime for levelling circuit sample_circuits\c5315_binary.bench: 0.015000s 0.239000s
#atpg: cputime for rearranging gate inputs sample_circuits\c5315_binary.bench: 0.000000s 0.239000s
#atpg: cputime for creating dummy nodes sample_circuits\c5315_binary.bench: 0.000000s 0.239000s
#number of equivalent faults = 5350
#atpg: cputime for generating fault list sample_circuits\c5315_binary.bench: 0.020000s 0.259000s
T'1010111110101111000111011101011101001000000010010011111100101001000011110111110010000010100010110010111011101100101001101001001001111110111111110111110100101101000010000111100100'
T'0010000000110110001001010000010000011010001110101010111011001011110001010101101101110101010100110011000100010001111111001111000010000101101110000011000101010111000010000101001111'
T'1100011111101011010001001011101110110111001000001000101000000010001101000000101110111101101001110001000001101011000111010100010010110011111011101110011001010011001011011111110010'
T'1001011001000000010110000011110011000000000001110001100011010101011101101111011011010110001010011111101011001000100000011110101001111110111000010101010011010010000101000101111011'
T'0001010000101111100101100001111100100000111100101011000101011110100001001110111101100001101110101011101000000010101110010000000101111111111010100000000000110010110010101011010010'
T'1000110011110001011111100110000001100011110010011110100010000010101100111101011000111101000000000001011010100010100010110110111000011111111111000110010000000011111001111111100010'
T'0111010001001011010101101001111111100100110010000100110000000110111011110011100000000000101101101001110110110000010001011001111000001101100100001000101111010011011011101000111100'
T'0001011111111001100010111010001111110100001101001010011110011011001110111110001011010011011101001001111010010011101100111100000100011001110101000100111100101010011001110100111000'
T'1100010001000011010100010110000111100000011001001010110001011110111011111111010110011111000111001111100101001110100010111111100111010000011100101100010111110110110010111010111111'
T'1000001100101000110100101100001100010110000011010001110001011011100001110111100011111101110101111101110000110111011100010100010000111010000010010100110110111010101110100110010010'
T'1011000100000011001011111011101100100010111101111011101110111100001000101000001011010010001011111110000001100101110011101011100011110001011110100011111111010000101011000000000110'
T'0010010000111011010000000001100101101111110101010100010110111001010111011000100001110111111010011101111100110100001101011011000011101100100111111111110110100010101010111001010101'
T'0010111111010011100010110000101100011011110110110011001111011010000001110010001110110001010000110110111101100101100001011001100111100110000001110101000111110100110101110110001110'
T'0100000111000000000100101111011110000000010001111111100100101001111001011001010001000101110111000000110100010011111010100100011001100000101011001011000011101100101111000010101010'
T'0111001110100101100000001010100010101011101001011000100001100101100010110010110001011101011110000111000110011010010001101100111101111110001001011010010000101110001001011110000100'
T'0010111110111000111000100100111111000101111010111101111100010001111110100001101100011011101001100011001110101110011110001100101111111100000100100111111101111110001000111000011000'
T'0111111001110010101011001000101111101011111001110101110111011001110100101011000110100000011010011110100011101010111000010000110110000000010011001001010011101111100000011011101101'
T'0101110110111110000000101101100110010101111100001011111001000111111011111110010000001000100001010101100000110111101001000111110001111011000100010000011001101111011000101000010100'
T'0111111100001100101111110110101001110000010001111101000011010001000110110100111100101101101010110001100101111101111001000111001000011100110111001100010001111010011110001001100001'
T'0000101100110111001101011000111101101000110000000001100001001010001110111100011111010010010001110000111000010101101101101011010111010110010000111100110110001011111110000101001010'
T'1101100100101101000101000011111110010000110000001111100011010001000011010110111011001111000111010111100000110001111010000110111110110101011001110110100101001000001110101011011111'
T'0011110011010101101010011110011111101011000100101011010000011001101110100001101010100100111001010000010111011111110110011100010100110101111000100100110110010001110111111110010011'
T'1011000101001000011110111101101111000111011010110110101001011001100101010001011100111101110001001001111100101001001101001100010101010001101101011000011101101001101010001110110101'
T'1110101110111111101000110101100000110010010100010011011000010111110010011101101000010100101011110010101110101110001100100110000011001110010111001100001101110100011001010010010110'
T'1100000010000100111100000111011110111010100111101000010111001111000100010111110111010110111100011100011001101101001111011101110100001110001110110000100000001000000001001010000110'
T'1010001111100100111010101111010001111011010111010001100000001111101100101101110110101110011111111000100111111110111111111000111011110111111000011011010011110000010110111001000111'
T'0101101010100011010011000001110011000010011011010011000101111001010110010010010110000111100010000000000101010101110011011101100110111001011111111011000111110001010101010010100111'
T'0101101000110010100101100000011011000110000101100001100110100110001111000111001111111001100000100100000101001001110010010100010101100100111111110010000010100000011110000011010100'
T'1101110111100110101000010110111010111010010101111110001010010001100000001101011100101011000010000010000101011110100011011010101011010101011111110100101110100001000110101100000111'
T'1000001011101011001010101100111000111111100011001110100110101011110111001101110010010110110101111111010111110101100100000010100001011011111111110011001110011101111000110010001111'
T'1010010111001101010100011110101100101001011111111110110010001001111100100011111100111010011111111110010111111110111111111000111011110010111100100001111011110010010111000010011101'
T'0101001010011001011110100101110111100010010100010110111011001110001101000101001000010111001000100110100001010101100111011010110000000110011111110110111001100011101110000111101100'
T'0110001000000011001000000101010010000110111010101010010111011111000011111010101000111111001000000000001000000001011010010111101011110011011101110001001111110001101011101101110111'
T'0101111110001010011010111101010010011011010101001101111000010011010111111111010100111011000010100000010101000101110000110101000111010110101111111001111110100010111111100000110110'
T'1100100111001101111111001100000011111111010111011010001000110101010100000010011111110001101010001110100011000010110110111110011010001111101111110101111011110010010010000010000010'
T'1000011111010010110010111110110100000111111111111001010010011001100100101100001011101111001010100100000010000001001101111010101000111010101111110010110010001111100100111010000110'
T'1101101111010100011101111111000000011011101110100101000111100010110101001111001000111111101111001011110111001000100000010000010010001110100111110110000001010011111000011100101100'
T'0101011110101100010001101011111100010100010000011011000110101000111101101010100001010000001100001010111111000001011100010000001011111000100111111011110000110011111011011001010011'
T'0011111111101100011000011111010100010100111101101010111011110100010011101011011101111011100000000000110101010101010100111110000011011110110111110011000100000111111010100001010100'
T'1011010011011110000010001011110000111101001000000101010011101001101010011100011011010101101000001000100000010100110110111000110001110110100111110111011111010110110110101101111110'
T'0001111010100011100001111111000101100110010001100101000101110100100011110001010101101001100000101110010101100101100001011010010001111111110111111100101000101111111011000011110100'
T'1000111110110001100010100010001101010111011000101101011100001100001011001001110111001111101000101010000000100101110010101010011101110111100111111111111111101001001100001111001110'
T'1011101100000111111010001111111011111000100110011001011000010111111011011011001111011000000101001100100111111010111001111100100001010110110010111100011011110111111111011100110010'
T'1011010000100011111000111110111010010011101100001110111110111110001100000101111111000001101010000010000100000011101100010101110100110011111011111010001110001111010110100001010000'
T'0000001001101010011011100011101010000010110010101010111100000110000010000111110011010101000000001010110000010001010011111111000000111100011010110011111011000100101111000000101110'
T'1111111001010001101011101110001010010101001000111110101010100010011001101111011111011001000011101110010101000010101111001100010010011011111011111110010101000011001001000111001011'
T'1011001011001001001111000100000011101001100011011001100100011010000010100110000010010011001001100010000001000111011111001101100011100101011010110000100101011100100011001111110110'
T'1111111001000110101111100101110011011011110111001101011010110011010001101100101001101111010110011111010111110011011110000110111010100111111111111101101000001010110000001010010110'
T'0011100101100000100000010101000110111011101111001111000100000000001101001001001011010111000010001100110100010100101110110011000100010010111101111010101110110101101010100001101111'
T'0100011011101010001010110011001010100000100010100001011010111100111001100101011110000111100000010010110000000011010100101010110110010111111101110010100000011011100101000110101100'
T'1100000100101000101100000011010001111111111000000001011001111101101100100001100001100001000000110000000001010110001101010001001100001011111101111110100101011010000011001011110110'
T'1001100011110110000000110000110000010000001100010111000000100110011100101101100010111000011111001111011010111000111000111011100111010111111111110001100000000011101100010000110111'
T'1110001111100001001010111000000001001110100100010110001011111000001011000011101111000011100100001001010011000000101011101100111010100010011101110011001000011100111101101110100011'
T'1001001000000111101101011000001100110110011111000010101111101100101001110111001100010001000000001010000000010010010001100111110001100011111111010110011111001100101010100101101100'
T'1010000101010111000101100000101001000101001110001011011100110111100101011101101000000001001000000110100000000111111001000101110101010111111111101010010011111001000010100010011000'
T'1010000100011000110111111100101000000110010110110110010001110101010010100100111101101011111010011111000110100100100101001010001010101010111111111110101111001111100101001100011111'
T'1110010101001011001000100011110110110001011011101011110010101010111100110101111111000100001001100010100001110000011000001100011011110000001010010100100001000101011110011111001110'
T'1100011001110101001010101111111011000100101010010110001010001110001000111010110111010111001010101110011001101101010100010000101010110001011011001101111011011110010000010011011101'
T'1010110110000110100011001000100001011010011101010101010100001111000100011010010000000001010011100011110100011110010100000101001010011100010100010100111010010101110100110100001011'
T'1101101101101000100111011001011111111000001010110011111000111000111110000101101001110010010010111000001100011100000100010101011010011000100010101011010111111100101000011011010111'
T'0100011111001010010001111111011100001111011100000001001000100001011101101001001101100100101111101101001010110001001010001010101001101110000101101110110011011010010010101000110111'
T'1111000110110011011100111001010000001011001110010101110110100101010011111111100110011110110101011010100100111010010110100100010011111010011110001110000100101110000111011011001010'
T'1100100100100100101001110000010111101001010010011110000000000001000001010001001010101100011111111011000111111110111111111000111011110101101010010110011101110101100000011110001110'
T'0000100001100110010001010100001111011100100000110110110101110111111110111001000000010100011111111010000111111110111111111000111011110011000101111000001010110100000101001100001001'
T'1110010100010000010000001110100000101011010110010001000101001011110111110110101101011000011111111010110111111110111111111000111011110111011000010011011011011110001001011001101100'
T'0011100101101101010100000110011001100111010110011100111101011110000110110000011010001110011111111010100111111110111111111000111011110111011111100001111111101011110111111100011000'
T'0100001100010011101100100100000001111001000111110001100010111000110010000101101010110011011110011101110000010100111011111010101001110111010110100101111011011011101101100010101001'
T'1000101000010001000000000110101011001001011101010101101001001101110001110000011000000010001111111011100010111101010000010101001011000001000000011110011111001110111010110110000101'
T'0101101000011110011000010000111100001010010000100010011101111111010010011010110000100100110101011010010111000001110101101111100001011001100111001110111001111110111010100101001110'
T'1000000100101001011100100100110100000100010010011110101100010100001110011101001101000101001000000001100100001010010110111110010001110010100111111110010110111101011011100100010011'
T'0100010111001100110000110101100110100011000010011001110011010000110001011000111000000100110101010011000100111001000110010101101111110111110101111001110000000000111001111001110110'
T'1110010001010000111110010011000001110011111001000100010000111011100100011011111001110010111010000000110000101001011100010000100100001101011111001011010101101000110011101111001110'
T'0110111011110101110001010010001100110100100110110010001000011100101110110011110001000010100110011000010111011100110101010001001110100001110001111011000000101011110111101101010110'
T'1010011110010111001001011001110000110110110111101111001101111111110001101011101111110011101101000110110110001010010100000100000110110010111101101111111111010111011110010000101100'
T'1101111010110111001101110100100011111011011101001101010101011010111000110101111100101101101001100110100011000001010101000100111010011101111101101111011011100110111100111111000110'
T'1001110101101110010000100001110000000101010001101110011100001111110011100001001110101001100011011000111000100011100000000000010000111110110101001011010101000010010001010111010111'
T'1010100111011111001100001011111110011001111101111111101110110101010100110101000001111110110100010100100001001111010000010010011010001110011101001111111011111101110011010101011001'
T'0110011101101111101000001101101001111010011010100000000010100000101011101110001110000000100001111011011101111010101011001000011101100000101000001100110100111001111110000101110111'
T'1001001011110010101101101101000001001110101011011001011010000011101011110010000010110111001010100010111001010101011100111001101010101010011101111001011110110111010010100010110110'
T'0000011000001111110100011111100110000111001101011101010111100110001001001100101001111110010101011101001000011100010111100001101011111010110111111111101010101100011010010000100110'
T'1111110000101111000001100000010100001010111100011111010001100100000101011010000101000011101110110101000010110010101111100011100111000111111111011111010000100110001100011100101111'
T'1010101100110110110100110010110011110001100110001000101110110011111101110111101000111111111000011011111011100101011111110000010001010010110011110010010001111110010111001100001011'
T'1110010100111101011001000111001101011100111000111110000000010111111001000101100111011001011011111110001001101000100100011011010011001100111100110101100000110010100000000100100011'
T'0011010001111011110010011000011010111011101001110000100110101111100110011011111011000001111101010001101110010111111001011100011110111101011110111101111111001001001100000000011110'
T'1010110111100111110001111011110010110100000010111001101111000011111001101010010110101111000011110111000111100010000111110010100010110110010101101001100111011110110111100010111110'
T'0110101000110010010110001101011011101011101000110001000110001011001101000101100101010010100001000000100111111000100001011100011000101110110001110001001101111110111010010001110110'
T'0001000100000000001101000100110000110000110110010110111111111001110011100001011110011011001001011010010011100001100111100111111000000101111010011101100101011100100000010100101111'
T'0110100011000110001110110100001101101001000000101010110101100001011101101110000000101100100101101101100111110011001000000101000111001111001000000001010011111000111010000101110111'
T'0111001110001000100100100010110100011101011111000100010111000101000001001101111111000100110001001000000001100011101100000011101100101011100110010010000111111101110010110010101111'
T'1110011010011010000011100101001011000100011110100111001110011111010101100011010111000111110001011101000001101110010101000100011101111010101011010011011001101001001010011111010000'
T'0011001101101111100101110110000100011101011001110000001100000101101100001011101011111001101101101011001110000011111101101001011100100011011001001100000001101011001101100101111111'
T'1110111011110011110110011101110001010011101011110101001100010001101110000011101000011111010110111011010011101001010010000100110011100001010100110011110100010000100110101010011011'
T'0000010010101001011010011101010010000100100111011111100111101100101010111010001100101101100010001000110100000001110111001010101000111010110111110001010001101000010011010101101011'
T'1111010101111111101110110111100101101010111100010101101100011010001011011110010101010011101010001100100100000011100011101011111110010111101111111110001110111101111110011100000111'
T'1110101011101011011111010000011001001001100010000110010110111000100100001001111110000001000010101010000001000111100101111011001110110011111101110001011011100101100011000001000101'
T'1010101111110110010101100010100100100001010001000111011011100100010001110100011111001001001000101110000001000010001100011111001110101011111011110000001100011011110111010001011110'
T'1101110110011001110011110101010110100101111000111100101010110100000010100101011101011010010110010011010110100100110110000000011111010111111011100110110001101011010000001000100010'
T'1100101011111111011100100000101000100011100000010100001000011101101001011001010001100101001001001100001101110110111111101010010110110001111111110001010100101001101100000000010010'
T'0100110010011111111010000000100110011111111011000001010001111110110011110111010111010101001101000000000101010111110110100000000000111111000111110111101101111101011100000101010011'
T'0000000001001100000010110001100111110001110010001011110000111110001000011001010011011011011100001100100000001000011010100000000110110100111111110110111001011111011011100110011010'
T'0000111101100111111110010011100010010010100010111010011001111111001010001100001100010100000010010101010101100010001010111001010100111001001101011111110100011010100101100010010010'
T'1001011001101101011011010000110001001101100111100000011101110100110000110101101011000101010010101000100110101100110110000001000000101000100000100111110011111101011111111100010010'
T'1111110101000100000001111011110111111111011101101101001110100100100010110101000101010111011110000010111010001111011101010001110110111110010100001101111010100000100101000000111010'
T'1010110010111001101111101001000010001010101001000000011101100100110000010010100010100101111101000110010100010111111110110000110010110101010111001101111010010010001111110100101010'
T'1100001000010101001010001101110000101010101110001010100101010100011111110000001010110011110000001110000110001000111000101001000000011110001000011111111100010011011001101111100000'
T'0010101101101100101010001001001000101100000011011111111101011100100111111011010011100000111010100111000011101000110011101100010101000000000000101011111111101101001010100011011011'
T'1010110100111100101000100101001001101110010000001011111110010011111010100110111011110001011100011100001111010011100010000100101100110100111111110101100100101110000100001000011010'
T'1101101010000011100101110111000101101001110010111100101001111110010010010110110010000101000100001111011110101110000011110001101001100111101100111111111011011101010011010100010001'
T'0111010000111111000001111010101011000110010101000111010101011100111010000011010100000001100111110010000001010110010100000101011110001100010110101110111101000011000111010100111010'
T'1100011010010010111001010000110010000010100000110101101011100100010100111000111100001101101000111010001010111001010100010010000000100010010000001111111111011111001110100101001100'
T'0110110000011011001111110010110001101111111000100001111100111101010111000111111001010010011011100010100000110010111100100001010000000000110100000110111011110111110000011010110010'
T'1010011110010000010101100111001010011111001110101001010010011110001111011101110110101011101001011011110111100011011110101101000111011001010101011110111001011101000101111110100010'
T'0001110101010010100101010111000001001111001011111101100000000011001101010000111011111011100111101110100000110101110110101100010001000111010111011110110111000101001011110111011010'
T'0010110101010010010101000011010110000001111010011101000000011111011010101111110100010011110010100000011101111101110001000011101000111101011000001011110111001001110011010100001101'
T'0111000100110100000101111101000111101001011100011001110101110101111011011010010001111010100001100010010110011000110100010110000010100110000011100111110110011000001111000010010001'
T'1011011100000010011100111011100100010011010000110110110100101011110000010000110000100100110010011010010111101101100010001000010010011111011001011111111000011000110101010100001011'
T'1011011000001000001000110001011100111001010110000001001101100010111010101110111111011100101100101010100110101011111110001001010000000010000001000111100010011110011101001011010011'
T'1100010001011001010001100000010010011110110011000100000000100110000101111001110110011010011100011010000111011100110110101100010000011000010101001111100010100111000110110001110010'
T'0100000001000110000011111001000100101001000111101101100101011110000001001000101011101001001001001010100001011100000111001100010000011010110101111111101001011011100000101100011010'
T'1011011101001010000110100011011110101011110110000111111001100110000100011001111001011001001000110100110000101010010100100100001110000110000000101111111110101101101100100101111011'
T'0001110001010010100001011010100000010100001010010110101101010110010101101000111010011111001000001110011011011011001000000001001100001001001100111111111101001010101010100100001001'
T'0010110110110001011011010100010101110110001100101000001001000010011000101111001110101001100100001111000111111010111100100000010111111011101111100111010110110111011110010011011011'
T'0101000010101000111001000101010101110010011000001001101010101001100101000101110110100001001001111101001011110001111100001000000100001110110111100111011011101000010011100111101010'
T'1110010101000011001000100101000000100011000110000110001000001110110111001111000000111011010111110100100011001001111110101100000011100101000010011111010001011011000001101011010011'
T'1110101110010000010010101110100011000111111101000010000110000101001100111111001111001011111000110011111000010100110110100100000100000101011001001111011100001111000000001101001011'
T'1001011111010100001000010011010111100100110011100011010101100110000101110010001101011101010101100011110010010001000000100100000101010010000000001111111111111001011011010011000010'
T'1000100100111110111110011100100100100010011110100110101000011100001110101011001001010101001101010011101101000110110110100000111100000100100111000101110111100011011101111011001011'
T'0100000011110011011111101101000101110000001110010001100100011000100101101011100011000101100000110011110101000011110110101000001000001100111100110101111111001011110011001000100011'
T'1001101011110101000010110010100100100110011101011101000100110011101001111101111010111010101110101010011110100111110110001001010110111001110111100101111101000111011001000000101010'
T'0101100111011010000001111000000011110010010010101001100011001111011110000101111110111110010000001010110011011010011100100001000100010110001111110101111101101011011111111011110010'
T'1110011001101000101100000000110001000110001101110001111101011011111011111000000110010100010110000111110000001100001000011000000101001111001011001111111000000000100111101111100101'
T'0111011001110000101011101001111010010100011011111011111011100101100111100101001110010111000010000111000100100100000001000001010100010111101101111111111010010110101110110110000100'
T'1111010010111011100111111111101000010000001010010011001000000111111001111100000000110000100011001001001000010000010110110000010000010010000101010111110110011100100011010100011011'
T'1101110011101110111010111110000100111110010110011011011101110111101001100000110000101101010101110011111001111101110111101010000110101000000111100100110110101001111010110000111010'
T'1111011100010000010001101111000011110111111001011110011010011001110100001011100001001011100101111110011110100011100101000110011011111110111111100011001010000111011100111011001011'
T'0011110011101100101110010001100001011010001101010010100010111000000100011111110010001010000110111101011110101000010110101010100111001010001011010010001000100001110100100111101110'
T'0011101010110000001111000110111100100011101010000000000100110111100100000000000101000100010000111101011011011111100011011110110110111111111101011010101101110011100101110000110111'
T'0011110000011110011000100111111100000001001111011111110000000001011110001010111010000010100100101011110110000001010111001110001011000011111111010001101000110100011111011101010010'
T'1000010111100010101111100100010110110000111110110111001000101001110100101110100011110111100100010001110101001001110111101000010001000110111101111110010011111100000101110000111010'
T'1000000100000110111001000100101010101111000001011111011111100000101101111110100000110010110101000100011000111011101000011010010000000110111101111011110101101110100110000001101011'
T'1010001101011100100000001011010111000101011110100010001001001011000000000101111001001010110101010110000010000100100011100000101100011010111101111000111000011000111001110110001010'
T'1010000011011000011000111110110100001011100001110011100111101100100110110111100100110101000001000101111010110011011100010010100011010011111111111100100111010101000001000111110000'
T'0100001110101110110111001110101000111010000100001101101001101110010011011100000000110000100000010001111000000110111011011110111001101010110111111101001110011100100000010010011010'
T'1011001001101011110001101001100110010100111110100101010100001100000010110001111000111101011100001101111000101101111101110010010100001011110111110110001010100100110100001100110011'
T'0111110000110100110110111110000000111001111010001001001001111110101001100010001110111010101111011111000000001000101101110010111010001111110111110010101011000010010111010110010010'
T'1001000000100101000100010011001000010001110110011101001101011011110110110000111111100110000001000110111001101010101001010110101001101110111111111000111110001010110011000001100110'
T'1101011111011110110111111111110000010001101101100111000110001001100101011010010001011000100100010011101010010011001000000100010111011010101111110010001010011011111010011010011011'
T'1100101010100011100010010010000100001000110010000001101010010001001001011010110100011000100101000100111010000110010100010010011110001110101111111101001010111010001010010010000011'
T'1000011111110110010010001101000000111111010100100001001000110001100111001010101111100101011001011111001000000001101110001100110100010111101111110100001011101110100100010100001010'
T'0011001011001110011010010101000010010110011111010100001111001000010000001101110011011000001000011010010000011000000001001010101100110000101111110001110101000001001110101101001011'
T'0010011101101100001101110101000010001111100000111111001011001111001000010000100101101011011101011100011010001110111100110100000110100010101111111110111111110001010111101001011010'
T'1111100110101100111100010011010101100111000011000010000010101011001011100010111001011000011111111000011000101000001001010100010110000010101110101111001010110110001011010110001010'
T'0010100000001100100010110101101001100111110110101011101011010101111010110110110001110010000000010000100100000000011100011110101101010110111111110111010000110001011011100010100000'
T'1010010010100011101111011101001010000110001101101110100000100100111000101011101011010111100101000011111010010010000000101010110100001111011111110111101111111000110001001111000010'
T'1010011111100100101001110111011010010011100010110001001111000111111100101101010001101100100000010110010010001110001011001100101111100111011111111111011100001101010011110110011011'
T'1001101101010010001000000011101110101100010100001000001011010000011110011010110010011011001101001001100010110101100101001000110010011011011111110011100010010010111100011010110011'
T'1001101111000000100111000101011000010001111000101010110011111110001110110011111111101011000001010001010000100110101101000100001100111011111111111001000000110100011010100000001001'
T'0000110001101111010010111011101110001001110010110001001011110101001101100111110000111010010100001000010100000101111100001001010010010100101000000111111001100011011111111010011011'
T'0101011000001001110001110111111111001001111111100000011101111100000101010011111000111100000010000100101101111111010100101101000111000000011010111111110001100001101100110100010011'
T'1101100011100100001110111100000101101110101011001001101010010011010000011011011010010111100101000100110000101011101011110010110111010111111111111111111100111010000001111110011010'
T'1011010000010010001001010111000000110110010110100010010001000001101010111111111000000110011001011101001010001101001110011110110001110010111111111110010100110101000000111100000011'
T'1001010100000011011100100001100000100101111101110000101011000100101001100110001111010011010111110101100011010110100000001001010101001111100000111111111110000110000000101100101000'
T'1101100000101110010011100011010101111000111111011010010110110100111111000101101011111010101001100100000110011011011111001001010100001010100101111111111100001110000100011001010010'
T'1011110110111100100100101101010100111010001110111000000100111100010100011100110101001100000100011110101011001111101001000010101101011010101000110101110000000001000001011010000011'
T'0001000110000011011000000101000100111101000010001111111001001101101100111001111110110000010101010100101000001010110000010000010100001111111111110110101100110011100111110001000101'
T'0011111011100101010010111101000011001111011101111100010100000100010100111001110000010011110101000000111100111000101001010010011001010000111101110011001100110000010001100011101010'
T'1100011100011011111111010101111101011010101010011110101110111001011000110001101100101110101110010110000110001000000100011000010000111110101111101111110000011010110110000011100110'
T'0001010101000000011110010001000011101111100100100011110010010101001100111100110011110000010011100100010111100011011111101101000110101101101111011111110110100100011000101101000010'
T'0000011100101011001000111010011011000011011101100010111001011001010100111001001011110100011111111110110111111110111111111000111011100111010011101010010011110111111100111101011001'
T'0001011110101001001000101111111110100100000000111100100110101110001000010100100111011111010001000101010100101111100111001101111111100111001110001111110111011110011000011110000101'
T'0011000010100010010000000001101111010111000001110110010000001001101000111010010010100100011111111111000111111100111111111000111011110001011100000101110111111010100011010010111100'
T'1101110100110010001010001110011101110101000110001011110000011010100100000001111110000111101010011101000101010101111101010000100011011111111111110001111101100000000011100010010111'
T'1010111011100110010111100001111101011001001110011111011011111110110100111010111010111000010111111001001110101010100101001100110010011101110111101111111101111010011011101011100001'
T'0111010001100110010011010100111011100011010010100110100101101100011101110100001101111001010010100101001110001111101111100101001111000100010100001111110010001110010100011011101001'
T'0101000111010100010001001111101000110011101011011001111010110101110001000111100001110000111011011001010100110011000010011000100010010011111111110011111000010111011011111000101110'
T'0011110001100011000110000010111100100011110011111110100011111100010000001101101001000011111011001100000111000110111110010100101100001010111111111011000111010001001110000110010001'
T'1100011010000011010011111000001011010001100011101100001111100001011000111111011101011100100101111000110110000001100111011101101110011111011011011111111111101110011010100101110010'
T'1011100011000100010100000011100011010000001010011000001111001101100010010110100101011101110111000101110100010011100100010110001010100101111001111011011111000010011100110100111011'
T'1101100110100001001110110111110110110001100010110010011110101001110001101010110010101110110111100010101000001011101100011100101010011110001111111011111010111101010110100111010101'
T'1100100001110110101001111100011001010111100101011110100110000100001101000011101110000110010101101110110101010011110111000000001100100111111011011100001001101111110010001011001101'
T'1101000110101111001010000010011101001110111001111000101101110101101010000011100111010011111000011001011000000010010010011000010100011000101101101111100101100111111110111110010111'
T'0110010110011010000000011100111101001011011000100101100100100100010000010100010000111111011111000001110010000000101011110010000000011011110011110100111101001010111111101010011001'
T'0110011001110111001111101010001000111111000011011101101001101000111111010010111100010100110110010011111000001000010010100100111111110010110011110010011110100011011101110010011111'
T'0110000000101100011011110110010010101100110000011111110001011111111011001011001001000000011111110111010111111110111111111000111011110101111011001101111111110000000110000111100010'
T'1011010001011101011011101101011101000010101100101001100011000111001010101100101100001111010011001011111001000010001101101101111011010010001000011111110010101100101100000000100010'
T'0101011001101101101000010111010111010010010111101110111101001000001011100110101000011100101010011110110111111010001100010010111100110011111111111000101001100000101101100111010101'

#number of aborted faults = 12

#number of redundant faults = 87

#number of calling podem1 = 285

#total number of backtrace steps = 127289

#total number of backtracks = 9564

#FAULT COVERAGE RESULTS :
#number of test vectors = 186
#total number of gate faults (uncollapsed) = 10630
#total number of detected faults = 10452
#total gate fault coverage = 98.33%
#number of equivalent gate faults (collapsed) = 5350
#number of equivalent detected faults = 5252
#equivalent gate fault coverage = 98.17%

#atpg: cputime for test pattern generation sample_circuits\c5315_binary.bench: 0.362000s 0.621000s
