
#Circuit Summary:
#---------------
#number of inputs = 32
#number of outputs = 32
#number of gates = 2416
#number of wires = 2448
#number of equivalent faults = 7744

#Circuit Summary:
#---------------
#number of inputs = 1664
#number of outputs = 1742
#number of gates = 23319
#number of wires = 24983
#number of equivalent faults = 31180
VALIDATION {"circuits": [{"circuit": "c6288", "summary": {"aborted": 4, "backtrace_steps": 76181, "backtracks": 2353, "decisions": 15070, "detected": 46, "episodes": 50, "pi_visits": 6195, "redundant": 0}}, {"circuit": "s38417_scan", "summary": {"aborted": 25, "backtrace_steps": 212706, "backtracks": 12851, "decisions": 18566, "detected": 25, "episodes": 50, "pi_visits": 27532, "redundant": 0}}], "score": [-71, 29, 15204, 288887, 33636], "summary": {"aborted": 29, "backtrace_steps": 288887, "backtracks": 15204, "decisions": 33636, "detected": 71, "episodes": 100, "pi_visits": 33727, "redundant": 0}, "sweep": 0}
TRAIN_START sweep=1/5 circuit=s38417_scan faults=100

#Circuit Summary:
#---------------
#number of inputs = 1664
#number of outputs = 1742
#number of gates = 23319
#number of wires = 24983
#number of equivalent faults = 31180
TRAIN_RESULT {"circuit": "s38417_scan", "learning": {"combined_reward_sum": -1.1841199352470656e+50, "entropy_mean": 0.5749379080533982, "episodes": 100, "episodes_with_updates": 100, "extrinsic_reward_sum": -1.1841199352470656e+50, "intrinsic_reward_sum": 146229.38589733175, "policy_loss_mean": -0.000977516352722887, "ratio_mean": 1.0001540863513947, "rnd_loss_mean": 0.03151501551270485, "scaled_intrinsic_reward_sum": 7311.469294866589, "steps": 38606, "total_loss_mean": 0.4835237991809845, "value_loss_mean": 0.980501400232315}, "summary": {"aborted": 48, "backtrace_steps": 379875, "backtracks": 24864, "decisions": 38606, "detected": 52, "episodes": 100, "pi_visits": 52298, "redundant": 0}, "sweep": 1}
TRAIN_START sweep=1/5 circuit=c6288 faults=100

#Circuit Summary:
#---------------
#number of inputs = 32
#number of outputs = 32
#number of gates = 2416
#number of wires = 2448
#number of equivalent faults = 7744
TRAIN_RESULT {"circuit": "c6288", "learning": {"combined_reward_sum": -3.8840427068249e+48, "entropy_mean": 0.50752396941185, "episodes": 100, "episodes_with_updates": 100, "extrinsic_reward_sum": -3.8840427068249e+48, "intrinsic_reward_sum": 84785.62193048533, "policy_loss_mean": -0.006048083211062476, "ratio_mean": 0.9999046951532364, "rnd_loss_mean": 0.02026759406551719, "scaled_intrinsic_reward_sum": 4239.281096524262, "steps": 25913, "total_loss_mean": 0.3578657623846084, "value_loss_mean": 0.73797817081213}, "summary": {"aborted": 4, "backtrace_steps": 150942, "backtracks": 2469, "decisions": 25913, "detected": 96, "episodes": 100, "pi_visits": 7819, "redundant": 0}, "sweep": 1}

#Circuit Summary:
#---------------
#number of inputs = 32
#number of outputs = 32
#number of gates = 2416
#number of wires = 2448
#number of equivalent faults = 7744

#Circuit Summary:
#---------------
#number of inputs = 1664
#number of outputs = 1742
#number of gates = 23319
#number of wires = 24983
#number of equivalent faults = 31180
VALIDATION selection=kept {"circuits": [{"circuit": "c6288", "summary": {"aborted": 7, "backtrace_steps": 119381, "backtracks": 3820, "decisions": 22547, "detected": 43, "episodes": 50, "pi_visits": 8998, "redundant": 0}}, {"circuit": "s38417_scan", "summary": {"aborted": 24, "backtrace_steps": 221471, "backtracks": 12384, "decisions": 17960, "detected": 26, "episodes": 50, "pi_visits": 26668, "redundant": 0}}], "score": [-69, 31, 16204, 340852, 40507], "summary": {"aborted": 31, "backtrace_steps": 340852, "backtracks": 16204, "decisions": 40507, "detected": 69, "episodes": 100, "pi_visits": 35666, "redundant": 0}, "sweep": 1}
TRAIN_START sweep=2/5 circuit=c6288 faults=100

#Circuit Summary:
#---------------
#number of inputs = 32
#number of outputs = 32
#number of gates = 2416
#number of wires = 2448
#number of equivalent faults = 7744
TRAIN_RESULT {"circuit": "c6288", "learning": {"combined_reward_sum": -3.309924322077799e+48, "entropy_mean": 0.354700468480587, "episodes": 100, "episodes_with_updates": 100, "extrinsic_reward_sum": -3.309924322077799e+48, "intrinsic_reward_sum": 17230.348281316645, "policy_loss_mean": -0.008052921124326531, "ratio_mean": 1.0000317299365997, "rnd_loss_mean": 0.0080253601889126, "scaled_intrinsic_reward_sum": 861.5174140658329, "steps": 20808, "total_loss_mean": 0.3448916810884839, "value_loss_mean": 0.7129832044243812}, "summary": {"aborted": 3, "backtrace_steps": 147395, "backtracks": 2287, "decisions": 20808, "detected": 97, "episodes": 100, "pi_visits": 7492, "redundant": 0}, "sweep": 2}
TRAIN_START sweep=2/5 circuit=s38417_scan faults=100

#Circuit Summary:
#---------------
#number of inputs = 1664
#number of outputs = 1742
#number of gates = 23319
#number of wires = 24983
#number of equivalent faults = 31180
TRAIN_RESULT {"circuit": "s38417_scan", "learning": {"combined_reward_sum": -2.2683557479649493e+50, "entropy_mean": 0.2658227062225342, "episodes": 100, "episodes_with_updates": 100, "extrinsic_reward_sum": -2.2683557479649493e+50, "intrinsic_reward_sum": 17691.634005547807, "policy_loss_mean": -0.01527927134593483, "ratio_mean": 1.000341735482216, "rnd_loss_mean": 0.00516988372663036, "scaled_intrinsic_reward_sum": 884.5817002773905, "steps": 36016, "total_loss_mean": 0.4813550904393196, "value_loss_mean": 0.9985851883888245}, "summary": {"aborted": 43, "backtrace_steps": 387020, "backtracks": 22554, "decisions": 36016, "detected": 57, "episodes": 100, "pi_visits": 48347, "redundant": 0}, "sweep": 2}

#Circuit Summary:
#---------------
#number of inputs = 32
#number of outputs = 32
#number of gates = 2416
#number of wires = 2448
#number of equivalent faults = 7744

#Circuit Summary:
#---------------
#number of inputs = 1664
#number of outputs = 1742
#number of gates = 23319
#number of wires = 24983
#number of equivalent faults = 31180
VALIDATION selection=kept {"circuits": [{"circuit": "c6288", "summary": {"aborted": 7, "backtrace_steps": 119381, "backtracks": 3820, "decisions": 22547, "detected": 43, "episodes": 50, "pi_visits": 8998, "redundant": 0}}, {"circuit": "s38417_scan", "summary": {"aborted": 24, "backtrace_steps": 221471, "backtracks": 12384, "decisions": 17960, "detected": 26, "episodes": 50, "pi_visits": 26668, "redundant": 0}}], "score": [-69, 31, 16204, 340852, 40507], "summary": {"aborted": 31, "backtrace_steps": 340852, "backtracks": 16204, "decisions": 40507, "detected": 69, "episodes": 100, "pi_visits": 35666, "redundant": 0}, "sweep": 2}
TRAIN_START sweep=3/5 circuit=c6288 faults=100

#Circuit Summary:
#---------------
#number of inputs = 32
#number of outputs = 32
#number of gates = 2416
#number of wires = 2448
#number of equivalent faults = 7744
TRAIN_RESULT {"circuit": "c6288", "learning": {"combined_reward_sum": -3.4459594180213083e+48, "entropy_mean": 0.402670865803957, "episodes": 100, "episodes_with_updates": 100, "extrinsic_reward_sum": -3.4459594180213083e+48, "intrinsic_reward_sum": 2461.6576194823656, "policy_loss_mean": -0.003552132833356154, "ratio_mean": 1.0002178102731705, "rnd_loss_mean": 0.0011294177226955071, "scaled_intrinsic_reward_sum": 123.08288097411828, "steps": 32638, "total_loss_mean": 0.3530019373446703, "value_loss_mean": 0.7211615508794784}, "summary": {"aborted": 4, "backtrace_steps": 162275, "backtracks": 2428, "decisions": 32638, "detected": 96, "episodes": 100, "pi_visits": 7718, "redundant": 0}, "sweep": 3}
TRAIN_START sweep=3/5 circuit=s38417_scan faults=100

#Circuit Summary:
#---------------
#number of inputs = 1664
#number of outputs = 1742
#number of gates = 23319
#number of wires = 24983
#number of equivalent faults = 31180
TRAIN_RESULT {"circuit": "s38417_scan", "learning": {"combined_reward_sum": -1.7919062005499133e+50, "entropy_mean": 0.5400512152910233, "episodes": 100, "episodes_with_updates": 100, "extrinsic_reward_sum": -1.7919062005499133e+50, "intrinsic_reward_sum": 6034.220958934371, "policy_loss_mean": -0.014987988734792452, "ratio_mean": 1.0008036196231842, "rnd_loss_mean": 0.0018023145606275647, "scaled_intrinsic_reward_sum": 301.7110479467184, "steps": 37964, "total_loss_mean": 0.47461727283895017, "value_loss_mean": 0.9900115406513215}, "summary": {"aborted": 46, "backtrace_steps": 390403, "backtracks": 24111, "decisions": 37964, "detected": 54, "episodes": 100, "pi_visits": 51089, "redundant": 0}, "sweep": 3}

#Circuit Summary:
#---------------
#number of inputs = 32
#number of outputs = 32
#number of gates = 2416
#number of wires = 2448
#number of equivalent faults = 7744

#Circuit Summary:
#---------------
#number of inputs = 1664
#number of outputs = 1742
#number of gates = 23319
#number of wires = 24983
#number of equivalent faults = 31180
VALIDATION selection=best {"circuits": [{"circuit": "c6288", "summary": {"aborted": 7, "backtrace_steps": 129905, "backtracks": 3816, "decisions": 25425, "detected": 43, "episodes": 50, "pi_visits": 9006, "redundant": 0}}, {"circuit": "s38417_scan", "summary": {"aborted": 22, "backtrace_steps": 161772, "backtracks": 11281, "decisions": 16701, "detected": 28, "episodes": 50, "pi_visits": 24094, "redundant": 0}}], "score": [-71, 29, 15097, 291677, 42126], "summary": {"aborted": 29, "backtrace_steps": 291677, "backtracks": 15097, "decisions": 42126, "detected": 71, "episodes": 100, "pi_visits": 33100, "redundant": 0}, "sweep": 3}
TRAIN_START sweep=4/5 circuit=c6288 faults=100

#Circuit Summary:
#---------------
#number of inputs = 32
#number of outputs = 32
#number of gates = 2416
#number of wires = 2448
#number of equivalent faults = 7744
TRAIN_RESULT {"circuit": "c6288", "learning": {"combined_reward_sum": -4.4925412523915347e+48, "entropy_mean": 0.6067273718118668, "episodes": 100, "episodes_with_updates": 100, "extrinsic_reward_sum": -4.492541252391535e+48, "intrinsic_reward_sum": 1686.122291972542, "policy_loss_mean": -0.000416122613241896, "ratio_mean": 0.9998158448934555, "rnd_loss_mean": 0.0005451656805234961, "scaled_intrinsic_reward_sum": 84.3061145986271, "steps": 29454, "total_loss_mean": 0.3131579324230552, "value_loss_mean": 0.6392826631665229}, "summary": {"aborted": 4, "backtrace_steps": 149944, "backtracks": 2289, "decisions": 29454, "detected": 96, "episodes": 100, "pi_visits": 7449, "redundant": 0}, "sweep": 4}
TRAIN_START sweep=4/5 circuit=s38417_scan faults=100

#Circuit Summary:
#---------------
#number of inputs = 1664
#number of outputs = 1742
#number of gates = 23319
#number of wires = 24983
#number of equivalent faults = 31180
TRAIN_RESULT {"circuit": "s38417_scan", "learning": {"combined_reward_sum": -6.739467984312093e+49, "entropy_mean": 0.5944245457649231, "episodes": 100, "episodes_with_updates": 100, "extrinsic_reward_sum": -6.739467984312094e+49, "intrinsic_reward_sum": 3790.7631382611958, "policy_loss_mean": -0.01569734693308419, "ratio_mean": 0.9995797866582871, "rnd_loss_mean": 0.0011112982081249356, "scaled_intrinsic_reward_sum": 189.5381569130597, "steps": 35920, "total_loss_mean": 0.47225557811558244, "value_loss_mean": 0.9877943354845047}, "summary": {"aborted": 40, "backtrace_steps": 333578, "backtracks": 22076, "decisions": 35920, "detected": 60, "episodes": 100, "pi_visits": 46614, "redundant": 0}, "sweep": 4}

#Circuit Summary:
#---------------
#number of inputs = 32
#number of outputs = 32
#number of gates = 2416
#number of wires = 2448
#number of equivalent faults = 7744

#Circuit Summary:
#---------------
#number of inputs = 1664
#number of outputs = 1742
#number of gates = 23319
#number of wires = 24983
#number of equivalent faults = 31180
VALIDATION selection=kept {"circuits": [{"circuit": "c6288", "summary": {"aborted": 7, "backtrace_steps": 119381, "backtracks": 3820, "decisions": 22547, "detected": 43, "episodes": 50, "pi_visits": 8998, "redundant": 0}}, {"circuit": "s38417_scan", "summary": {"aborted": 24, "backtrace_steps": 221471, "backtracks": 12384, "decisions": 17960, "detected": 26, "episodes": 50, "pi_visits": 26668, "redundant": 0}}], "score": [-69, 31, 16204, 340852, 40507], "summary": {"aborted": 31, "backtrace_steps": 340852, "backtracks": 16204, "decisions": 40507, "detected": 69, "episodes": 100, "pi_visits": 35666, "redundant": 0}, "sweep": 4}
TRAIN_START sweep=5/5 circuit=s38417_scan faults=100

#Circuit Summary:
#---------------
#number of inputs = 1664
#number of outputs = 1742
#number of gates = 23319
#number of wires = 24983
#number of equivalent faults = 31180
TRAIN_RESULT {"circuit": "s38417_scan", "learning": {"combined_reward_sum": -1.188377976635672e+50, "entropy_mean": 0.5065430811047554, "episodes": 100, "episodes_with_updates": 100, "extrinsic_reward_sum": -1.1883779766356722e+50, "intrinsic_reward_sum": 2239.5556028669444, "policy_loss_mean": -0.0018498800018642214, "ratio_mean": 0.9998280245065689, "rnd_loss_mean": 0.0006951541692251339, "scaled_intrinsic_reward_sum": 111.9777801433473, "steps": 34464, "total_loss_mean": 0.48454880505800246, "value_loss_mean": 0.9829282146692276}, "summary": {"aborted": 42, "backtrace_steps": 353905, "backtracks": 21291, "decisions": 34464, "detected": 58, "episodes": 100, "pi_visits": 45462, "redundant": 0}, "sweep": 5}
TRAIN_START sweep=5/5 circuit=c6288 faults=100

#Circuit Summary:
#---------------
#number of inputs = 32
#number of outputs = 32
#number of gates = 2416
#number of wires = 2448
#number of equivalent faults = 7744
TRAIN_RESULT {"circuit": "c6288", "learning": {"combined_reward_sum": -4.5833904558516943e+48, "entropy_mean": 0.6190963298082351, "episodes": 100, "episodes_with_updates": 100, "extrinsic_reward_sum": -4.5833904558516943e+48, "intrinsic_reward_sum": 873.5800189614725, "policy_loss_mean": 0.0035861531994305553, "ratio_mean": 0.9999200946092606, "rnd_loss_mean": 0.0003296028493787162, "scaled_intrinsic_reward_sum": 43.67900094807361, "steps": 33913, "total_loss_mean": 0.36581453775055706, "value_loss_mean": 0.7368386985361576}, "summary": {"aborted": 4, "backtrace_steps": 158865, "backtracks": 2508, "decisions": 33913, "detected": 96, "episodes": 100, "pi_visits": 7875, "redundant": 0}, "sweep": 5}

#Circuit Summary:
#---------------
#number of inputs = 32
#number of outputs = 32
#number of gates = 2416
#number of wires = 2448
#number of equivalent faults = 7744

#Circuit Summary:
#---------------
#number of inputs = 1664
#number of outputs = 1742
#number of gates = 23319
#number of wires = 24983
#number of equivalent faults = 31180
VALIDATION selection=best {"circuits": [{"circuit": "c6288", "summary": {"aborted": 5, "backtrace_steps": 100892, "backtracks": 2559, "decisions": 16170, "detected": 45, "episodes": 50, "pi_visits": 6569, "redundant": 0}}, {"circuit": "s38417_scan", "summary": {"aborted": 14, "backtrace_steps": 143788, "backtracks": 9612, "decisions": 14055, "detected": 32, "episodes": 50, "pi_visits": 20203, "redundant": 4}}], "score": [-77, 19, 12171, 244680, 30225], "summary": {"aborted": 19, "backtrace_steps": 244680, "backtracks": 12171, "decisions": 30225, "detected": 77, "episodes": 100, "pi_visits": 26772, "redundant": 4}, "sweep": 5}
TRAINING_COMPLETE runs=10 updates=1000 best_sweep=5 best_score=[-77, 19, 12171, 244680, 30225]
